03-01 17:24:38.647  1272 16341 I ExynosCameraFactoryPlugIn: [CAM(1)][ExynosCameraFactoryPlugIn]-(m_findPlugInIndexByPipeId[99]):libexynoscamera_cnr_plugin.so plugIn is found(250)!!
03-01 17:24:38.648  1272 16341 I ExynosCameraPlugIn: init(36)
03-01 17:24:38.648  1272 16341 I ExynosCameraPlugIn: [CAM(1)][]-(init[46]):done
03-01 17:24:38.648  1272 16341 I ExynosCameraPlugInConverter: init(35)
03-01 17:24:38.648  1272 16341 I ExynosCameraPlugInConverter: [CAM(1)][]-(init[43]):done
03-01 17:24:38.648  1272 16341 I ExynosCameraFactoryPlugIn: [CAM(1)][ExynosCameraFactoryPlugIn]-(create[248]):createSymbol success!!(libexynoscamera_cnr_plugin.so, 250, 0x2f3655ef56dd8577, 0xb400007ee2262be8, 1)
03-01 17:24:38.648  1272 16341 I ExynosCameraPlugIn: [CAM(1)][CNRPlugIn]-(create[90]):pipeId(250)
03-01 17:24:38.648  1272 16341 I swcnr   : SWCNR CREATE
03-01 17:24:38.648  1272 16341 I ExynosCameraPlugIn: [CAM(1)][CNR_PLUGIN]-(create[116]):done, pipeId(250)
03-01 17:24:38.648  1272 16341 I swcnr   : SWCNR QUERY
03-01 17:24:38.648  1272 16341 I ExynosCameraPipePlugIn: [CAM(1)][PIPE_CNR_REPROCESSING]-(create[75]):Info[v0.0, libname:(null), build time:(null) (null), buf(src:1, dst:0)]
03-01 17:24:38.648  1272 16341 I ExynosCameraPlugInConverter: [CAM(1)][ConverterCNR]-(create[74]):pipeId(250)
03-01 17:24:38.648  1272 16341 I ExynosCameraPlugInConverter: [CAM(1)][ConverterCNR]-(m_create[176]):pipeId(250), bufCount(cur[1, 0], max[1, 0])  spclSrcBufStartIdx = -1
03-01 17:24:38.648  1272 16341 I ExynosCameraPlugInConverter: [CAM(1)][ConverterCNR]-(create[88]):done, pipeId(250)
03-01 17:24:38.648  1272 16341 I ExynosCameraFrameFactoryBaseVendor: [CAM(1)][Front_0]-(create[75]):PIPE_CNR_REPROCESSING(50) created
03-01 17:24:38.648  1272 16341 I ExynosCameraPipePPSec: [CAM(1)][PIPE_PP_UNI_REPROCESSING]-(create[44]):m_nodeNum(500)
03-01 17:24:38.648  1272 16341 I ExynosCameraPipePPSec: [CAM(1)][PIPE_PP_UNI_REPROCESSING]-(create[81]):create() is succeed. pipeId(251), m_nodeNum(500), m_cameraId(1) m_cntCreated[1](1)
03-01 17:24:38.648  1272 16341 I ExynosCameraFrameFactoryBaseVendor: [CAM(1)][Front_0]-(create[75]):PIPE_PP_UNI_REPROCESSING(51) created
03-01 17:24:38.648  1272 16341 I ExynosCameraPipePPSec: [CAM(1)][PIPE_PP_UNI_REPROCESSING2]-(create[44]):m_nodeNum(500)
03-01 17:24:38.648  1272 16341 I ExynosCameraPipePPSec: [CAM(1)][PIPE_PP_UNI_REPROCESSING2]-(create[81]):create() is succeed. pipeId(252), m_nodeNum(500), m_cameraId(1) m_cntCreated[1](1)
03-01 17:24:38.648  1272 16341 I ExynosCameraFrameFactoryBaseVendor: [CAM(1)][Front_0]-(create[75]):PIPE_PP_UNI_REPROCESSING2(52) created
03-01 17:24:38.648  1272 16341 I ExynosCameraPipePPSec: [CAM(1)][PIPE_PP_UNI_RAW_REPROCESSING]-(create[44]):m_nodeNum(500)
03-01 17:24:38.648  1272 16341 I ExynosCameraPipePPSec: [CAM(1)][PIPE_PP_UNI_RAW_REPROCESSING]-(create[81]):create() is succeed. pipeId(253), m_nodeNum(500), m_cameraId(1) m_cntCreated[1](1)
03-01 17:24:38.648  1272 16341 I ExynosCameraFrameFactoryBaseVendor: [CAM(1)][Front_0]-(create[75]):PIPE_PP_UNI_RAW_REPROCESSING(53) created
03-01 17:24:38.648  1272 16341 I ExynosCameraSec: DEBUG:duration time(  130 msec):(m_frameFactoryCreateThreadFunc)
03-01 17:24:38.648  1272  1616 I ExynosCameraVendorOps: [CAM(1)][Front_0]-(configureStreams[3189]):m_framefactoryCreateThread joined
03-01 17:24:38.649  1272  1616 I ExynosCameraVendorOps: [CAM(1)][Front_0]-(configureStreams[3309]):MaxYuvSize:320x240 ratio:1
03-01 17:24:38.649  1272  1616 I ExynosCameraSec: [CAM(1)][Front_0]-(m_setBuffers[19012]):alloc buffer - camera ID: 1
03-01 17:24:38.649  1272  1616 I ExynosCameraSec: [CAM(1)][Front_0]-(m_setBuffers[19068]):HW Sensor MAX width x height = 3264x2448
03-01 17:24:38.649  1272  1616 I ExynosCameraSec: [CAM(1)][Front_0]-(m_setBuffers[19069]):Preview BDS width x height = 3264x2448
03-01 17:24:38.649  1272  1616 I ExynosCameraSec: [CAM(1)][Front_0]-(m_setBuffers[19085]):PreviewSize(Max) width x height = 3264x2448
03-01 17:24:38.649  1272  1616 I ExynosCameraSec: [CAM(1)][Front_0]-(m_setBuffers[19090]):DS width x height = 640x480
03-01 17:24:38.649  1272  1616 I ExynosCameraBufferSupplierVendor: [CAM(1)][BufferSupplier]-(createBufferManager[108]):[FLITE_BUF]Created. P 7,-1,-1,-1,-1, T 0
03-01 17:24:38.649  1272  1616 I ExynosCameraBufferSupplierVendor: [CAM(1)][BufferSupplier]-(createBufferManager[108]):[3AA_IN_BUF]Created. P 0,6,-1,-1,-1, T 0
03-01 17:24:38.649  1272  1616 I ExynosCameraSec: [CAM(1)][Front_0]-(m_setBuffers[19494]):planeCount = 2, planeSize[0] = 4096, bytesPerLine[0] = 0 size = 32x64
03-01 17:24:38.650  1272  1616 I ExynosCameraBufferManagerVendor: [CAM(1)][3AA_IN_BUF]-(m_defaultAlloc[725]):duration time (    0 msec) alloc=8, total=8, type=0, size=4096, batchSize=1, reserved count=0, non-cache => 0 0 0 0 0 0 0 0 
03-01 17:24:38.650  1272  1616 I ExynosCameraBufferManagerVendor: [CAM(1)][3AA_IN_BUF]-(alloc[1126]):Allocate the buffer succeeded (m_allocatedBufCount=8, m_reqBufCount=8, m_allowedMaxBufCount=8) --- dumpBufferInfo ---
03-01 17:24:38.650  1272  1616 I ExynosCameraBufferManagerVendor: DEBUG:duration time(    1 msec):(alloc)
03-01 17:24:38.650  1272  1616 I ExynosCameraBufferSupplierVendor: [CAM(1)][BufferSupplier]-(createBufferManager[108]):[ISP_BUF]Created. P 8,12,-1,-1,-1, T 0
03-01 17:24:38.650  1272  1616 I ExynosCameraBufferSupplierVendor: [CAM(1)][BufferSupplier]-(createBufferManager[108]):[DRC_BUF]Created. P 73,75,-1,-1,-1, T 0
03-01 17:24:38.650  1272  1616 I ExynosCameraSec: [CAM(1)][Front_0]-(m_setBuffers[19705]):planeCount = 2, planeSize[0] = 262144, bytesPerLine[0] = 1024 size = 262144
03-01 17:24:38.652  1272  1616 I ExynosCameraBufferManagerVendor: [CAM(1)][DRC_BUF]-(m_defaultAlloc[725]):duration time (    1 msec) alloc=8, total=8, type=1, size=262144, batchSize=1, reserved count=0, cache => 0 0 0 0 0 0 0 1 
03-01 17:24:38.652  1272  1616 I ExynosCameraBufferManagerVendor: [CAM(1)][DRC_BUF]-(alloc[1126]):Allocate the buffer succeeded (m_allocatedBufCount=8, m_reqBufCount=8, m_allowedMaxBufCount=12) --- dumpBufferInfo ---
03-01 17:24:38.652  1272  1616 I ExynosCameraBufferManagerVendor: DEBUG:duration time(    2 msec):(alloc)
03-01 17:24:38.652  1272  1616 I ExynosCameraBufferSupplierVendor: [CAM(1)][BufferSupplier]-(createBufferManager[108]):[DRC_RE_BUF]Created. P 254,255,84,-1,-1, T 0
03-01 17:24:38.652  1272  1616 I ExynosCameraSec: [CAM(1)][Front_0]-(m_setBuffers[19735]):planeCount = 2, planeSize[0] = 262144, bytesPerLine[0] = 1024 size = 262144
03-01 17:24:38.653  1272  1616 I ExynosCameraBufferManagerVendor: [CAM(1)][DRC_RE_BUF]-(m_defaultAlloc[725]):duration time (    0 msec) alloc=8, total=8, type=1, size=262144, batchSize=1, reserved count=0, cache => 0 0 0 0 0 0 0 0 
03-01 17:24:38.654  1272  1616 I ExynosCameraBufferManagerVendor: [CAM(1)][DRC_RE_BUF]-(alloc[1126]):Allocate the buffer succeeded (m_allocatedBufCount=8, m_reqBufCount=8, m_allowedMaxBufCount=12) --- dumpBufferInfo ---
03-01 17:24:38.654  1272  1616 I ExynosCameraBufferManagerVendor: DEBUG:duration time(    2 msec):(alloc)
03-01 17:24:38.654  1272  1616 I ExynosCameraBufferSupplierVendor: [CAM(1)][BufferSupplier]-(createBufferManager[108]):[LME_BUF]Created. P 11,-1,-1,-1,-1, T 0
03-01 17:24:38.654  1272  1616 I ExynosCameraSec: [CAM(1)][Front_0]-(m_setBuffers[19966]):LME_BUFs are allocated
03-01 17:24:38.654  1272  1616 I ExynosCameraBufferSupplierVendor: [CAM(1)][BufferSupplier]-(createBufferManager[108]):[ME_BUF]Created. P 49,-1,-1,-1,-1, T 0
03-01 17:24:38.654  1272  1616 I ExynosCameraSec: [CAM(1)][Front_0]-(m_setBuffers[20016]):ME_BUFs are allocated
03-01 17:24:38.654  1272  1616 I ExynosCameraBufferSupplierVendor: [CAM(1)][BufferSupplier]-(createBufferManager[108]):[LME_SW_BUF]Created. P 50,-1,-1,-1,-1, T 0
03-01 17:24:38.654  1272  1616 I ExynosCameraSec: [CAM(1)][Front_0]-(m_setBuffers[20060]):LME_SW_BUFs are allocated
03-01 17:24:38.654  1272  1616 I ExynosCameraBufferSupplierVendor: [CAM(1)][BufferSupplier]-(createBufferManager[108]):[MERTA_BUF]Created. P 88,-1,-1,-1,-1, T 0
03-01 17:24:38.654  1272  1616 I ExynosCameraSec: [CAM(1)][Front_0]-(m_setBuffers[20106]):MERTA_BUFs are allocated
03-01 17:24:38.654  1272  1616 I ExynosCameraBufferSupplierVendor: [CAM(1)][BufferSupplier]-(createBufferManager[108]):[VRA_BUF]Created. P 9,206,45,234,-1, T 0
03-01 17:24:38.654  1272  1616 E ExynosCameraUtils: ERR(getYuvPlaneCount[1270]): BAD_VALUE
03-01 17:24:38.654  1272  1616 I ExynosCameraSec: [CAM(1)][Front_0]-(m_setBuffers[20716]):alloc buffer done - camera ID: 1
03-01 17:24:38.654  1272  1616 I ExynosCameraSec: DEBUG:duration time(    5 msec):(m_setBuffers)
03-01 17:24:38.654  1272  1616 I ExynosCameraVendorCapture: [CAM(1)][Front_0]-(m_setReprocessingBuffer[15740]):alloc buffer - camera ID: 1
03-01 17:24:38.654  1272  1616 I ExynosCameraVendorCapture: [CAM(1)][Front_0]-(m_setReprocessingBuffer[15753]):maxSensor (3264, 2448)
03-01 17:24:38.654  1272  1616 I ExynosCameraVendorCapture: [CAM(1)][Front_0]-(m_setReprocessingBuffer[15838]):Max Picture size 3264x2448 format 3132564e
03-01 17:24:38.654  1272  1616 I ExynosCameraVendorCapture: [CAM(1)][Front_0]-(m_setReprocessingBuffer[15840]):MAX Thumbnail size 512x384
03-01 17:24:38.654  1272  1616 I ExynosCameraBufferSupplierVendor: [CAM(1)][BufferSupplier]-(createBufferManager[108]):[MCFP_RE_BAYER_BUF]Created. P 242,243,-1,-1,-1, T 0
03-01 17:24:38.654  1272  1616 I ExynosCameraVendorCapture: [CAM(1)][Front_0]-(m_setReprocessingBuffer[16061]):MCFP_RE_BAYER_BUFs are allocated
03-01 17:24:38.654  1272  1616 I ExynosCameraBufferSupplierVendor: [CAM(1)][BufferSupplier]-(createBufferManager[108]):[ME_RE_BUF]Created. P 240,-1,-1,-1,-1, T 0
03-01 17:24:38.654  1272  1616 I ExynosCameraVendorCapture: [CAM(1)][Front_0]-(m_setReprocessingBuffer[16111]):ME_RE_BUFs are allocated
03-01 17:24:38.654  1272  1616 I ExynosCameraBufferSupplierVendor: [CAM(1)][BufferSupplier]-(createBufferManager[108]):[LME_SW_RE_BUF]Created. P 241,-1,-1,-1,-1, T 0
03-01 17:24:38.654  1272  1616 I ExynosCameraVendorCapture: [CAM(1)][Front_0]-(m_setReprocessingBuffer[16155]):LME_SW_RE_BUFs are allocated
03-01 17:24:38.655  1272  1616 I ExynosCameraBufferSupplierVendor: [CAM(1)][BufferSupplier]-(createBufferManager[108]):[MERTA_DST_BUF]Created. P 247,-1,-1,-1,-1, T 0
03-01 17:24:38.655  1272  1616 I ExynosCameraVendorCapture: [CAM(1)][Front_0]-(m_setReprocessingBuffer[16197]):MERTA_DST_BUFs are allocated
03-01 17:24:38.655  1272  1616 I ExynosCameraBufferSupplierVendor: [CAM(1)][BufferSupplier]-(createBufferManager[108]):[LME_CPU_BUF]Created. P 245,-1,-1,-1,-1, T 0
03-01 17:24:38.657  1272  1616 I ExynosCameraBufferManagerVendor: [CAM(1)][LME_CPU_BUF]-(m_defaultAlloc[725]):duration time (    2 msec) alloc=7, total=7, type=1, size=236672, batchSize=1, reserved count=0, cache => 0 1 0 0 0 0 1 
03-01 17:24:38.657  1272  1616 I ExynosCameraBufferManagerVendor: [CAM(1)][LME_CPU_BUF]-(alloc[1126]):Allocate the buffer succeeded (m_allocatedBufCount=7, m_reqBufCount=7, m_allowedMaxBufCount=7) --- dumpBufferInfo ---
03-01 17:24:38.657  1272  1616 I ExynosCameraBufferManagerVendor: DEBUG:duration time(    2 msec):(alloc)
03-01 17:24:38.657  1272  1616 I ExynosCameraVendorCapture: [CAM(1)][Front_0]-(m_setReprocessingBuffer[16237]):LME_CPU_BUFs are allocated
03-01 17:24:38.657  1272  1616 I ExynosCameraBufferSupplierVendor: [CAM(1)][BufferSupplier]-(createBufferManager[108]):[CAPTURE_CB_BUF]Created. P 215,216,217,-1,-1, T 0
03-01 17:24:38.657  1272  1616 I ExynosCameraVendorCapture: [CAM(1)][Front_0]-(m_setReprocessingBuffer[16462]):minBufferCount(1), maxBufferCount(8) For special shotmode(0)
03-01 17:24:38.657  1272  1616 I ExynosCameraVendorCapture: [CAM(1)][Front_0]-(m_setReprocessingBuffer[16517]):Allocate CAPTURE_CB(NV21)_BUF (minBufferCount=1, maxBufferCount=8)
03-01 17:24:38.657  1272  1616 I ExynosCameraBufferSupplierVendor: [CAM(1)][BufferSupplier]-(createBufferManager[108]):[YUV_CAP_BUF]Created. P 218,228,22,36,-1, T 0
03-01 17:24:38.657  1272  1616 I ExynosCameraVendorCapture: DEBUG:duration time(    3 msec):(m_setReprocessingBuffer)
03-01 17:24:38.657  1272  1616 I ExynosCameraSec: [CAM(1)][Front_0]-(m_setAdaptiveReservedBuffers[23014]):BufferName          , Pri,      Size, MaxCnt,   MaxSize, ReqCnt,   ReqSize, RsvCnt,   RsvSize
03-01 17:24:38.657  1272  1616 I ExynosCameraSec: [CAM(1)][Front_0]-(m_setAdaptiveReservedBuffers[23034]):ISP_BUF             ,   1,  13041664,      8, 104333312,      8, 104333312,      8, 104333312
03-01 17:24:38.657  1272  1616 I ExynosCameraSec: [CAM(1)][Front_0]-(m_setAdaptiveReservedBuffers[23034]):LME_BUF             ,   6,   6160384,     13,  80084992,      8,  49283072,      8,  49283072
03-01 17:24:38.657  1272  1616 I ExynosCameraSec: [CAM(1)][Front_0]-(m_setAdaptiveReservedBuffers[23034]):LME_SW_BUF          ,   7,     65536,      8,    524288,      8,    524288,      0,         0
03-01 17:24:38.657  1272  1616 I ExynosCameraSec: [CAM(1)][Front_0]-(m_setAdaptiveReservedBuffers[23034]):MERTA_BUF           ,   8,     65536,      8,    524288,      8,    524288,      0,         0
03-01 17:24:38.657  1272  1616 I ExynosCameraSec: [CAM(1)][Front_0]-(m_setAdaptiveReservedBuffers[23034]):ME_BUF              ,   9,   6160384,      8,  49283072,      8,  49283072,      8,  49283072
03-01 17:24:38.657  1272  1616 I ExynosCameraSec: [CAM(1)][Front_0]-(m_setAdaptiveReservedBuffers[23034]):CAPTURE_CB_BUF      ,  10,  11993088,      8,  95944704,      1,  11993088,      1,  11993088
03-01 17:24:38.657  1272  1616 I ExynosCameraSec: [CAM(1)][Front_0]-(m_setAdaptiveReservedBuffers[23034]):YUV_CAP_BUF         ,  11,  11993088,      7,  83951616,      1,  11993088,      1,  11993088
03-01 17:24:38.657  1272  1616 I ExynosCameraSec: [CAM(1)][Front_0]-(m_setAdaptiveReservedBuffers[23034]):VRA_BUF             ,  14,    983040,      8,   7864320,      6,   5898240,      6,   5898240
03-01 17:24:38.657  1272  1616 I ExynosCameraSec: [CAM(1)][Front_0]-(m_setAdaptiveReservedBuffers[23034]):MCFP_RE_BAYER_BUF   ,  23,  13041664,      2,  26083328,      1,  13041664,      1,  13041664
03-01 17:24:38.657  1272  1616 I ExynosCameraSec: [CAM(1)][Front_0]-(m_setAdaptiveReservedBuffers[23034]):LME_SW_RE_BUF       ,  25,     65536,      7,    458752,      7,    458752,      0,         0
03-01 17:24:38.657  1272  1616 I ExynosCameraSec: [CAM(1)][Front_0]-(m_setAdaptiveReservedBuffers[23034]):ME_RE_BUF           ,  27,    196608,      7,   1376256,      7,   1376256,      7,   1376256
03-01 17:24:38.657  1272  1616 I ExynosCameraSec: [CAM(1)][Front_0]-(m_setAdaptiveReservedBuffers[23039]):max_total=450428928, req_total=248709120, reserved_total=247201792, remaining reserved=125042688
03-01 17:24:38.657  1272  1616 I ExynosCameraSec: DEBUG:duration time(    8 msec):(m_setupAdaptiveBuffer)
03-01 17:24:38.658  1272  1616 I ExynosCameraParametersSec: [CAM(1)][Front_0]-(checkExtSensorMode[16976]):m_ExtendSensorMode 0
03-01 17:24:38.658  1272  1616 I ExynosCameraVendorOps: [CAM(1)][Front_0]-(configureStreams[3523]):Out
03-01 17:24:38.658  1272 16355 I ExynosCameraSec: [CAM(1)][Front_0]-(m_setBuffersThreadFunc[4924]):[CAMSYSKPI] E
03-01 17:24:38.658  1272  1616 I ExynosCameraInterface: [CAM(-1)][]-(HAL3_camera_device_configure_streams[595]):[CAMSYSKPI] out =====
03-01 17:24:38.658  1272  1616 I ExynosCameraInterface: DEBUG:duration time(  142 msec):(HAL3_camera_device_configure_streams)
03-01 17:24:38.658  1272 16355 I ExynosCameraBufferManagerVendor: [CAM(1)][FLITE_BUF]-(alloc[1126]):Allocate the buffer succeeded (m_allocatedBufCount=0, m_reqBufCount=0, m_allowedMaxBufCount=0) --- dumpBufferInfo ---
03-01 17:24:38.658  1272 16355 I ExynosCameraBufferManagerVendor: DEBUG:duration time(    0 msec):(alloc)
03-01 17:24:38.658  1272  1616 I Unihal  : UniState.cpp: transitState: 101: Transiting to state 4
03-01 17:24:38.658  1272  1616 I SehCamDevSession@5.0-impl: [CAMKPI] camera3->configure_streams : X
03-01 17:24:38.658  1438  1438 D HidlCamera3-Device: configureStreams : stream[0] : format = 0x23(YUV_420_888), data_space = 146931712, color_space = -1 usage flag = 0x20003 max_buffers = 12, physical_camera_id = 
03-01 17:24:38.659  1438  1438 D Camera3-Device: CameraPerf: Connect Streams E
03-01 17:24:38.659  1438  1438 I Camera3-Status: addComponent: Adding new component 2 - streamId = 0, format = 0x23(YUV_420_888), width = 320, height = 240, option = 0x0, type = OUTPUT
03-01 17:24:38.660  1438  1438 D Camera3-OutputStream: configureConsumerQueueLocked: Consumer wants 2 buffers, HAL wants 12
03-01 17:24:38.660  1438  1438 I Camera3-OutputStream: configureConsumerQueueLocked: [VSYNC] allowPreviewRespace : true, mSyncToDisplay : false, mPreviewFrameSpacer : false
03-01 17:24:38.661  1438  1438 D Camera3-Device: CameraPerf: Connect Streams X (2ms)
03-01 17:24:38.661  1438  1438 D Camera3-Device: Set real time priority for request queue thread (tid 16332)
03-01 17:24:38.662  1438  1438 D Camera3-Device: CameraPerf: configureStreamsLocked: Camera 1: Stream configuration X (146ms)
03-01 17:24:38.662  1438  1438 D Camera3-Utils: Set regular priority for thread (tid 1438)
03-01 17:24:38.662 14569 16311 I CameraV2Controller: onConfigured
03-01 17:24:38.664  1438  1438 D Camera3-Device: setStreamingRequestList: Enter: calling submitRequestsHelper: repeating = true
03-01 17:24:38.664  1438  1438 D Camera3-Device: submitRequestsHelper: mInterfaceLock.lock()
03-01 17:24:38.664  1438  1438 E VendorTagDescriptor: lookupTag: Tag name 'requestHint' does not exist.
03-01 17:24:38.664  1438  1438 D Camera3-Device: setRepeatingRequests: lastFrameNumber 0.
03-01 17:24:38.664  1438  1438 I Camera3-Status: markComponent: Component 1 is now active - RequestThread
03-01 17:24:38.664  1438  1438 D Camera3-Device: submitRequestsHelper: mInterfaceLock.unlock()
03-01 17:24:38.664  1438 16332 D Camera3-Device: CameraPerf: PrepareHALRequests E
03-01 17:24:38.664  1438 16331 I CameraService: startCameraStreamingOps: Start camera streaming ops, package name = com.samsung.android.smartface, client UID = 1000
03-01 17:24:38.665  1438 16331 D CameraService: startCameraStreamingOps: Start data delivery for uid 1000
03-01 17:24:38.665   614   614 I hwservicemanager: getTransport: Cannot find entry vendor.samsung.hardware.biometrics.face@3.0::ISehBiometricsFace/default in either framework or device VINTF manifest.
03-01 17:24:38.666  1250  9908 I sec_fr_SehFace: SehFace::getServicePid
03-01 17:24:38.667  1250  9908 I sec_fr_SehFace: FaceServicePID : 1250
03-01 17:24:38.668  1438 16357 E cameraserver: isBiometricsFaceService : face AIDL HAL Pid(1250) is not same with callingPid(14569)
03-01 17:24:38.669  1658  4448 I EDMNativeHelperService: isCameraEnabled
03-01 17:24:38.670  1658  4448 D EDMNativeHelper: isCameraEnabled
03-01 17:24:38.670  1658  4448 D EDMNativeHelper: checking for camera in EnterpriseDeviceManagerService
03-01 17:24:38.670  1438 16331 I CameraServiceProxyWrapper: updateProxyDeviceState: notifyCameraState for Camera ID 1, newState 1, facing 1, clientName com.samsung.android.smartface, apiLevel 2
03-01 17:24:38.670  1438 16332 I Camera3-Status: markComponent: Component 2 is now active - streamId = 0, format = 0x23(YUV_420_888), width = 320, height = 240, option = 0x0, type = OUTPUT
03-01 17:24:38.670  1658  4448 D EnterpriseDeviceManagerService: isCameraEnabledNative
03-01 17:24:38.670  1658  4448 D EnterpriseDeviceManagerService: checking for camera in restriction policy
03-01 17:24:38.671  1658  4448 D RestrictionPolicy: isCameraEnabled ret(true) userId(0) cxtInfo.mCallerUid(1000) cxtInfo.mContainerId(0)
03-01 17:24:38.671  1438 16332 I Camera3-Status: markComponent: Component 0 is now active - InflightRequests
03-01 17:24:38.671  1438 16332 D Camera3-Device: CameraPerf: PrepareHALRequests X (6ms)
03-01 17:24:38.671  1438 16332 D Camera3-Device: CameraPerf: sendRequestsBatch E
03-01 17:24:38.672  5190  5314 I CameraManagerGlobal: Camera 1 facing CAMERA_FACING_FRONT state now CAMERA_STATE_ACTIVE for client com.samsung.android.smartface API Level 2 User Id 0Device Id 0
03-01 17:24:38.672  1658  1713 D SensorPrivacyService: onOpNoted  com.samsung.android.smartface  code=26  uid=1000
03-01 17:24:38.672  2593  2606 I CameraManagerGlobal: Camera 1 facing CAMERA_FACING_FRONT state now CAMERA_STATE_ACTIVE for client com.samsung.android.smartface API Level 2 User Id 0Device Id 0
03-01 17:24:38.672  4356 14438 I CameraManagerGlobal: Camera 1 facing CAMERA_FACING_FRONT state now CAMERA_STATE_ACTIVE for client com.samsung.android.smartface API Level 2 User Id 0Device Id 0
03-01 17:24:38.672  4356 14438 I CameraManagerGlobal: onCameraDeviceStateChangedLocked: post device state update
03-01 17:24:38.673  4356 14438 I CameraManagerGlobal: onCameraDeviceStateChangedLocked: post device state update
03-01 17:24:38.673 14569 16311 I CameraV2Controller: onActive
03-01 17:24:38.672 15570 15579 I CameraManagerGlobal: Camera 1 facing CAMERA_FACING_FRONT state now CAMERA_STATE_ACTIVE for client com.samsung.android.smartface API Level 2 User Id 0Device Id 0
03-01 17:24:38.673  6611 15011 I CameraManagerGlobal: Camera 1 facing CAMERA_FACING_FRONT state now CAMERA_STATE_ACTIVE for client com.samsung.android.smartface API Level 2 User Id 0Device Id 0
03-01 17:24:38.674  1272  1612 I SehCamDevSession@5.0-impl: [CAMKPI] camera3->process_capture_request : E
03-01 17:24:38.674  1272  1612 I ExynosCameraMetadataConverter: [CAM(1)][]-(translateColorControlData[84]):ANDROID_COLOR_CORRECTION_MODE(1)
03-01 17:24:38.674  1658  3203 I CameraManagerGlobal: Camera 1 facing CAMERA_FACING_FRONT state now CAMERA_STATE_ACTIVE for client com.samsung.android.smartface API Level 2 User Id 0Device Id 0
03-01 17:24:38.674  1272  1612 I ExynosCameraMetadataConverter: [CAM(1)][]-(translateColorControlData[120]):ANDROID_COLOR_CORRECTION_ABERRATION_MODE(0)
03-01 17:24:38.674  1272  1612 I ExynosCameraMetadataConverterVendor: [CAM(1)][]-(translatePreVendorControlControlData[2267]):SAMSUNG_ANDROID_CONTROL_SHOOTING_MODE(0)
03-01 17:24:38.674  1272  1612 I ExynosCameraMetadataConverterVendor: [CAM(1)][]-(translatePreVendorControlControlData[2268]):CONFIGURATION_ALWAYS_FD_ON_MODE(1)
03-01 17:24:38.674  1272  1612 I ExynosCameraMetadataConverterVendor: [CAM(1)][]-(translateControlControlData[1430]):ANDROID_CONTROL_AE_ANTIBANDING_MODE(3), m_defaultAntibanding(100)
03-01 17:24:38.674  1272  1612 I ExynosCameraMetadataConverterVendor: [CAM(1)][]-(translateControlControlData[1447]):ANDROID_CONTROL_AE_EXPOSURE_COMPENSATION(0)
03-01 17:24:38.674  1272  1612 I ExynosCameraMetadataConverterVendor: [CAM(1)][]-(translateControlControlData[1533]):ANDROID_CONTROL_AE_MODE(1)
03-01 17:24:38.674  1272  1612 I ExynosCameraMetadataConverterVendor: [CAM(1)][]-(translateControlControlData[1549]):ANDROID_CONTROL_AE_LOCK(0)
03-01 17:24:38.674  1272  1612 I ExynosCameraMetadataConverterVendor: [CAM(1)][]-(translateControlControlData[1741]):ANDROID_CONTROL_AE_TARGET_FPS_RANGE(15-30)
03-01 17:24:38.674  1272  1612 I ExynosCameraMetadataConverterVendor: [CAM(1)][]-(translateControlControlData[1758]):ANDROID_CONTROL_AE_PRECAPTURE_TRIGGER(0)
03-01 17:24:38.675  1272  1612 I ExynosCameraMetadataConverterVendor: [CAM(1)][]-(translateControlControlData[1869]):ANDROID_CONTROL_AF_MODE(0)
03-01 17:24:38.675  1272  1612 I ExynosCameraMetadataConverterVendor: [CAM(1)][]-(translateControlControlData[1886]):[R0] ANDROID_CONTROL_AF_TRIGGER(0)
03-01 17:24:38.675  1272  1612 I ExynosCameraMetadataConverterVendor: [CAM(1)][]-(translateControlControlData[1907]):ANDROID_CONTROL_AWB_LOCK(0)
03-01 17:24:38.675  1272  1612 I ExynosCameraMetadataConverterVendor: [CAM(1)][]-(translateControlControlData[1923]):ANDROID_CONTROL_AWB_MODE(1)
03-01 17:24:38.675  1272  1612 I ExynosCameraMetadataConverterVendor: [CAM(1)][]-(translateControlControlData[1939]):ANDROID_CONTROL_EFFECT_MODE(0)
03-01 17:24:38.675  1272  1612 I ExynosCameraMetadataConverterVendor: [CAM(1)][]-(translateControlControlData[1955]):ANDROID_CONTROL_MODE(1)
03-01 17:24:38.675  1272  1612 I ExynosCameraMetadataConverterVendor: [CAM(1)][]-(translateControlControlData[1987]):ANDROID_CONTROL_SCENE_MODE(1)
03-01 17:24:38.675  1272  1612 I ExynosCameraMetadataConverterVendor: [CAM(1)][]-(translateControlControlData[2004]):ANDROID_CONTROL_VIDEO_STABILIZATION_MODE(0)
03-01 17:24:38.675  1272  1612 I ExynosCameraMetadataConverterVendor: [CAM(1)][]-(translateControlControlData[2079]):[R0] ANDROID_CONTROL_CAPTURE_INTENT(1)
03-01 17:24:38.675  1272  1612 I ExynosCameraMetadataConverterVendor: [CAM(1)][]-(translateVendorControlControlData[2525]):SAMSUNG_ANDROID_CONTROL_METERING_MODE(0, aeMode = 100)
03-01 17:24:38.675  1272  1612 I ExynosCameraMetadataConverterVendor: [CAM(1)][]-(translateVendorControlControlData[2614]):SAMSUNG_ANDROID_CONTROL_LIVE_HDR_MODE(2)
03-01 17:24:38.675  1272  1612 I ExynosCameraMetadataConverterVendor: [CAM(1)][]-(translateVendorControlControlData[2680]):SAMSUNG_ANDROID_CONTROL_LIGHT_CONDITION_ENABLE_MODE(0)
03-01 17:24:38.675  1272  1612 I ExynosCameraMetadataConverterVendor: [CAM(1)][]-(translateVendorControlControlData[2702]):ANDROID_CONTROL_AWB_MODE(1)
03-01 17:24:38.675  1272  1612 I ExynosCameraMetadataConverterVendor: [CAM(1)][]-(translateVendorControlControlData[3012]):SAMSUNG_ANDROID_CONTROL_DUAL_CAMERA_DISABLE(0)
03-01 17:24:38.675  1272  1612 I ExynosCameraMetadataConverterVendor: [CAM(1)][]-(translateVendorControlControlData[3202]):SAMSUNG_ANDROID_CONTROL_CAPTURE_HINT(0)
03-01 17:24:38.675  1272  1612 I ExynosCameraMetadataConverterVendor: [CAM(1)][]-(translateVendorControlControlData[3320]):SAMSUNG_ANDROID_CONTROL_LENS_DISTORTION_CORRECTION_MODE(0)
03-01 17:24:38.675  1272  1612 I ExynosCameraMetadataConverterVendor: [CAM(1)][]-(translateVendorControlControlData[3340]):SAMSUNG_ANDROID_CONTROL_SSRM_HINT(0)
03-01 17:24:38.675  1272  1612 I ExynosCameraMetadataConverterVendor: [CAM(1)][]-(translateVendorControlControlData[3388]):CONFIGURATION_OVERHEAT_HINT_TIME_THRESHOLD(0x0)
03-01 17:24:38.675  1272  1612 I ExynosCameraMetadataConverterVendor: [CAM(1)][]-(translateVendorControlControlData[3393]):CONFIGURATION_OVERHEAT_HINT(0x0)
03-01 17:24:38.675  1272  1612 I ExynosCameraMetadataConverterVendor: [CAM(1)][]-(translateVendorControlControlData[3526]):SAMSUNG_ANDROID_CONTROL_HYPERLAPSE_TRIGGER(0)
03-01 17:24:38.675  1272  1612 I ExynosCameraMetadataConverter: [CAM(1)][]-(translateDemosaicControlData[153]):ANDROID_DEMOSAIC_MODE(0)
03-01 17:24:38.675  1272  1612 I ExynosCameraMetadataConverterVendor: [CAM(1)][]-(translateEdgeControlData[10364]):ANDROID_EDGE_MODE(1)
03-01 17:24:38.675  1272  1612 I ExynosCameraConfigurationsSec: [CAM(1)][Front_0]-(checkAdjustTorchPower[5590]):setTorchPower(0)
03-01 17:24:38.675  1272  1612 I ExynosCameraMetadataConverterVendor: [CAM(1)][]-(translateFlashControlData[10451]):ANDROID_FLASH_MODE(0)
03-01 17:24:38.675  1272  1612 I ExynosCameraMetadataConverter: [CAM(1)][]-(translateHotPixelControlData[186]):ANDROID_HOT_PIXEL_MODE(1)
03-01 17:24:38.675  1272  1612 I ExynosCameraMetadataConverterVendor: [CAM(1)][]-(translateJpegControlData[10561]):ANDROID_JPEG_QUALITY(95)
03-01 17:24:38.675 14569 16200 I CameraController: openCamera E
03-01 17:24:38.675  1272  1612 I ExynosCameraMetadataConverterVendor: [CAM(1)][]-(translateVendorScalerControlData[5327]):SAMSUNG_ANDROID_SCALER_FLIP_MODE(0)
03-01 17:24:38.675  1272  1612 I ExynosCameraMetadataConverterVendor: [CAM(1)][]-(translateLensControlData[10659]):ANDROID_LENS_FILTER_DENSITY(0.000000)
03-01 17:24:38.675  1272  1612 I ExynosCameraMetadataConverterVendor: [CAM(1)][]-(translateLensControlData[10675]):ANDROID_LENS_FOCAL_LENGTH(2.670000)
03-01 17:24:38.675  1272  1612 I ExynosCameraMetadataConverterVendor: [CAM(1)][]-(translateLensControlData[10709]):ANDROID_LENS_FOCUS_DISTANCE(-1.000000)
03-01 17:24:38.675  1272  1612 I ExynosCameraMetadataConverterVendor: [CAM(1)][]-(translateLensControlData[10726]):ANDROID_LENS_OPTICAL_STABILIZATION_MODE(1)
03-01 17:24:38.675  1272  1612 I ExynosCameraMetadataConverterVendor: [CAM(1)][]-(translateVendorLensControlData[3974]):SAMSUNG_ANDROID_LENS_OPTICAL_STABILIZATION_OPERATION_MODE(0)
03-01 17:24:38.675  1272  1612 I ExynosCameraMetadataConverterVendor: [CAM(1)][]-(translateVendorLensControlData[4099]):ANDROID_LENS_APERTURE(220)
03-01 17:24:38.675  1272  1612 I ExynosCameraMetadataConverter: [CAM(1)][]-(translateNoiseControlData[235]):ANDROID_NOISE_REDUCTION_MODE(1)
03-01 17:24:38.675  1272  1612 I ExynosCameraMetadataConverter: [CAM(1)][]-(translateRequestControlData[282]):ANDROID_REQUEST_ID(0)
03-01 17:24:38.675  1272  1612 I ExynosCameraMetadataConverter: [CAM(1)][]-(translateRequestControlData[301]):ANDROID_REQUEST_METADATA_MODE(1)
03-01 17:24:38.675  1272  1612 I ExynosCameraMetadataConverterVendor: [CAM(1)][]-(translateSensorControlData[11205]):ANDROID_SENSOR_TEST_PATTERN_MODE(0)
03-01 17:24:38.675  1272  1612 I ExynosCameraMetadataConverter: [CAM(1)][]-(translateShadingControlData[334]):ANDROID_SHADING_MODE(1)
03-01 17:24:38.675  1272  1612 I ExynosCameraMetadataConverterVendor: [CAM(1)][]-(translateStatisticsControlData[11302]):ANDROID_STATISTICS_FACE_DETECT_MODE(0)
03-01 17:24:38.675  1658  3203 I CameraManagerGlobal: onCameraDeviceStateChangedLocked: post device state update
03-01 17:24:38.675  1272  1612 I ExynosCameraMetadataConverterVendor: [CAM(1)][]-(translateStatisticsControlData[11350]):ANDROID_STATISTICS_HOT_PIXEL_MAP_MODE(0)
03-01 17:24:38.675  1272  1612 I ExynosCameraMetadataConverterVendor: [CAM(1)][]-(translateStatisticsControlData[11366]):ANDROID_STATISTICS_LENS_SHADING_MAP_MODE(0)
03-01 17:24:38.675  1272  1612 I ExynosCameraMetadataConverterVendor: [CAM(1)][]-(translateTonemapControlData[11399]):ANDROID_TONEMAP_MODE(1)
03-01 17:24:38.675  1272  1612 I ExynosCameraMetadataConverter: [CAM(1)][]-(translateBlackLevelControlData[424]):ANDROID_BLACK_LEVEL_LOCK(0)
03-01 17:24:38.676  1658  3203 I CameraManagerGlobal: onCameraDeviceStateChangedLocked: post device state update
03-01 17:24:38.676 27746 28503 I CameraManagerGlobal: Camera 1 facing CAMERA_FACING_FRONT state now CAMERA_STATE_ACTIVE for client com.samsung.android.smartface API Level 2 User Id 0Device Id 0
03-01 17:24:38.676  1272 16355 I ExynosCameraBufferManagerVendor: [CAM(1)][ISP_BUF]-(m_defaultAlloc[725]):duration time (   15 msec) alloc=8, total=8, type=2, size=13003776, batchSize=1, reserved count=8, non-cache => 2 2 2 2 1 2 2 2 
03-01 17:24:38.676  1272 16355 I ExynosCameraBufferManagerVendor: [CAM(1)][ISP_BUF]-(alloc[1126]):Allocate the buffer succeeded (m_allocatedBufCount=8, m_reqBufCount=8, m_allowedMaxBufCount=8) --- dumpBufferInfo ---
03-01 17:24:38.676  1272 16355 I ExynosCameraBufferManagerVendor: DEBUG:duration time(   18 msec):(alloc)
03-01 17:24:38.676  1658  1826 I RequestInjectorService: Samsung Camera is opened. ignore VT Camera Setting.
03-01 17:24:38.676  8129  8143 I CameraManagerGlobal: Camera 1 facing CAMERA_FACING_FRONT state now CAMERA_STATE_ACTIVE for client com.samsung.android.smartface API Level 2 User Id 0Device Id 0
03-01 17:24:38.676  8129  8143 I CameraManagerGlobal: onCameraDeviceStateChangedLocked: post device state update
03-01 17:24:38.677  1272  1612 I ExynosCameraVendorOps: [CAM(1)][Front_0]-(processCaptureRequest[3931]):[CAMSYSKPI] first frame: [R0] Start FrameFactory. state 3 
03-01 17:24:38.677  1272  1612 I ExynosCameraVendorOps: [CAM(1)][Front_0]-(processCaptureRequest[3948]):[CAMSYSKPI] m_framefactoryCreateThread joined
03-01 17:24:38.677  1272  1612 I ExynosCameraSec: [CAM(1)][Front_0]-(m_readAllDualCalData[25847]):Read DualCal i0 supportSetCal0
03-01 17:24:38.677  1272  1612 E SecCameraUtil: [CAM(-1)][]-(getDualCalFileName[1217]):Invalid Scenario! fail
03-01 17:24:38.677  1272  1612 I ExynosCameraSec: [CAM(1)][Front_0]-(m_readDualCalDataFromEEROM[25991]):failed getDualCalFileName.(-22/0)
03-01 17:24:38.677  1272  1612 E ExynosCameraSec: [CAM(1)][Front_0]-(m_readAllDualCalData[25860]):Fail Read DualCal(0 0)(-1)!!
03-01 17:24:38.677  1272  1612 I ExynosCameraSec: [CAM(1)][Front_0]-(m_readAllDualCalData[25863]):DualCalData[1]=0
03-01 17:24:38.677  1272  1612 I ExynosCameraSec: [CAM(1)][Front_0]-(m_readAllDualCalData[25863]):DualCalData[2]=1
03-01 17:24:38.677  1272  1612 I ExynosCameraSec: [CAM(1)][Front_0]-(m_readAllDualCalData[25863]):DualCalData[3]=1
03-01 17:24:38.677  8129  8143 I CameraManagerGlobal: onCameraDeviceStateChangedLocked: post device state update
03-01 17:24:38.677  1658  3374 E SmartFaceManager: Listener does not implements SmartFaceInfoListener2
03-01 17:24:38.677 14569 14600 I CameraManagerGlobal: Camera 1 facing CAMERA_FACING_FRONT state now CAMERA_STATE_ACTIVE for client com.samsung.android.smartface API Level 2 User Id 0Device Id 0
03-01 17:24:38.685  1272 16355 I ExynosCameraBufferManagerVendor: [CAM(1)][LME_BUF]-(m_defaultAlloc[725]):duration time (    6 msec) alloc=8, total=8, type=3, size=6096384, batchSize=1, reserved count=8, cache => 1 0 0 1 1 1 1 1 
03-01 17:24:38.685  1272 16355 I ExynosCameraBufferManagerVendor: [CAM(1)][LME_BUF]-(alloc[1126]):Allocate the buffer succeeded (m_allocatedBufCount=8, m_reqBufCount=8, m_allowedMaxBufCount=13) --- dumpBufferInfo ---
03-01 17:24:38.685  1272 16355 I ExynosCameraBufferManagerVendor: DEBUG:duration time(    9 msec):(alloc)
03-01 17:24:38.686  1272 16355 I ExynosCameraBufferManagerVendor: [CAM(1)][LME_SW_BUF]-(m_defaultAlloc[725]):duration time (    1 msec) alloc=8, total=8, type=1, size=65536, batchSize=1, reserved count=0, cache => 0 0 0 0 1 0 0 0 
03-01 17:24:38.686  1272 16355 I ExynosCameraBufferManagerVendor: [CAM(1)][LME_SW_BUF]-(alloc[1126]):Allocate the buffer succeeded (m_allocatedBufCount=8, m_reqBufCount=8, m_allowedMaxBufCount=8) --- dumpBufferInfo ---
03-01 17:24:38.686  1272 16355 I ExynosCameraBufferManagerVendor: DEBUG:duration time(    1 msec):(alloc)
03-01 17:24:38.687  1272 16355 I ExynosCameraBufferManagerVendor: [CAM(1)][MERTA_BUF]-(m_defaultAlloc[725]):duration time (    1 msec) alloc=8, total=8, type=1, size=65536, batchSize=1, reserved count=0, cache => 0 0 1 0 0 0 0 0 
03-01 17:24:38.687  1272 16355 I ExynosCameraBufferManagerVendor: [CAM(1)][MERTA_BUF]-(alloc[1126]):Allocate the buffer succeeded (m_allocatedBufCount=8, m_reqBufCount=8, m_allowedMaxBufCount=8) --- dumpBufferInfo ---
03-01 17:24:38.687  1272 16355 I ExynosCameraBufferManagerVendor: DEBUG:duration time(    1 msec):(alloc)
03-01 17:24:38.694  1272 16355 I ExynosCameraBufferManagerVendor: [CAM(1)][ME_BUF]-(m_defaultAlloc[725]):duration time (    6 msec) alloc=8, total=8, type=3, size=6096384, batchSize=1, reserved count=8, cache => 1 1 0 1 1 1 1 0 
03-01 17:24:38.694  1272 16355 I ExynosCameraBufferManagerVendor: [CAM(1)][ME_BUF]-(alloc[1126]):Allocate the buffer succeeded (m_allocatedBufCount=8, m_reqBufCount=8, m_allowedMaxBufCount=8) --- dumpBufferInfo ---
03-01 17:24:38.695  1272 16355 I ExynosCameraBufferManagerVendor: DEBUG:duration time(    8 msec):(alloc)
03-01 17:24:38.696  1272 16355 I ExynosCameraBufferManagerVendor: [CAM(1)][VRA_BUF]-(m_defaultAlloc[725]):duration time (    1 msec) alloc=6, total=6, type=3, size=921600, batchSize=1, reserved count=6, cache => 0 1 0 0 0 0 
03-01 17:24:38.696  1272 16355 I ExynosCameraBufferManagerVendor: [CAM(1)][VRA_BUF]-(alloc[1126]):Allocate the buffer succeeded (m_allocatedBufCount=6, m_reqBufCount=6, m_allowedMaxBufCount=8) --- dumpBufferInfo ---
03-01 17:24:38.696  1272 16355 I ExynosCameraBufferManagerVendor: DEBUG:duration time(    1 msec):(alloc)
03-01 17:24:38.696  1272 16355 I ExynosCameraSec: [CAM(1)][Front_0]-(m_setBuffersThreadFunc[4951]):[CAMSYSKPI] X
03-01 17:24:38.696  1272 16355 I ExynosCameraSec: DEBUG:duration time(   38 msec):(m_setBuffersThreadFunc)
03-01 17:24:38.697  1272  1612 I ExynosCameraVendorPreview: [CAM(1)][Front_0]-(m_waitFastenPreviewFactoryThreadEnd[11271]):
03-01 17:24:38.697  1272  1612 I ExynosCameraVendorPreview: [CAM(1)][Front_0]-(m_waitFastenPreviewFactoryThreadEnd[11284]):fastenPreviewFactoryThread waiting time : duration time(    0 msec)
03-01 17:24:38.697  1272  1612 I ExynosCameraVendorPreview: [CAM(1)][Front_0]-(m_waitFastenPreviewFactoryThreadEnd[11285]):fastenPreviewFactoryThread join
03-01 17:24:38.697  1272  1612 I ExynosCameraSec: [CAM(1)][Front_0]-(m_waitReadRomThreadEnd[27572]):
03-01 17:24:38.697  1272  1612 I SecCameraUtil: [CAM(-1)][]-(isEEprom[285]):INFO : SAMSUNG_EEPROM_FRONT is not defined
03-01 17:24:38.697  1272  1612 I ExynosCameraSec: [CAM(1)][Front_0]-(m_waitReadRomThreadEnd[27584]):m_readRomThread waiting time : duration time(    0 msec)
03-01 17:24:38.697  1272  1612 I ExynosCameraSec: [CAM(1)][Front_0]-(m_waitReadRomThreadEnd[27586]):m_readRomThread join
03-01 17:24:38.697  1272  1612 I ExynosCameraBufferSupplierVendor: [CAM(1)][BufferSupplier]-(createBufferManager[108]):[SKIP_BUF]Created. P 6,-1,-1,-1,-1, T 1
03-01 17:24:38.697  1272  1612 I ExynosCameraQoSManager: [CAM(1)][]-(dynamicQoSControl[30]):scenario 16, 0 ms
03-01 17:24:38.697  1272  1612 I ExynosCameraQoSManager: [CAM(1)][]-(m_setQoSControl[123]):[EPIC HAL] EPIC_HAL_CAMERA_SUBMODE(0)
03-01 17:24:38.698  1272  1612 I ExynosCameraQoSManager: [CAM(1)][]-(m_setQoSControl[137]):V4L2_CID_IS_DVFS_CLUSTER2 setControl min_lock (0x8f0)
03-01 17:24:38.698  1272  1612 I ExynosCameraQoSManager: [CAM(1)][]-(m_setQoSControl[155]):V4L2_CID_IS_DVFS_CLUSTER0 setControl min_lock (0x780)
03-01 17:24:38.698  1272  1612 I ExynosCameraSec: [CAM(1)][Front_0]-(m_fastenAeStable[11164]):planeSize[0] = 4096, bytesPerLine[0] = 0 size = 32x64
03-01 17:24:38.699  1272  1612 I ExynosCameraBufferManagerVendor: [CAM(1)][SKIP_BUF]-(m_defaultAlloc[725]):duration time (    0 msec) alloc=7, total=7, type=0, size=4096, batchSize=1, reserved count=0, non-cache => 0 0 0 0 0 0 0 
03-01 17:24:38.699  1272  1612 I ExynosCameraBufferManagerVendor: [CAM(1)][SKIP_BUF]-(alloc[1126]):Allocate the buffer succeeded (m_allocatedBufCount=7, m_reqBufCount=7, m_allowedMaxBufCount=7) --- dumpBufferInfo ---
03-01 17:24:38.699  1272  1612 I ExynosCameraBufferManagerVendor: DEBUG:duration time(    1 msec):(alloc)
03-01 17:24:38.699  1272  1612 I ExynosCameraParameters: [CAM(1)][Front_0]-(setFastenAeStableOn[371]):m_cameraId(1) : m_fastenAeStableOn(1)
03-01 17:24:38.699  1272  1612 I ExynosCameraFrameFactoryPreviewSec: [CAM(1)][Front_0]-(fastenAeStable[65]): Start
03-01 17:24:38.699  1272  1612 I ExynosCameraFrameFactoryPreviewSec: [CAM(1)][Front_0]-(fastenAeStable[123]):bayerCropSize 780x586 is smaller than BDSSize 800x600. Force bayerCropSize
03-01 17:24:38.699  1272  1612 I ExynosCameraFrameFactoryPreviewSec: [CAM(1)][Front_0]-(fastenAeStable[130]):numFrames = 7 hwSensorW = 800 hwSensorH = 600 sensorFrameRate = 115
03-01 17:24:38.699  1272  1612 I ExynosCameraFrameFactoryPreviewSec: [CAM(1)][Front_0]-(m_setupConfig[5792]):
03-01 17:24:38.699  1272  1612 I ExynosCameraFrameFactoryPreviewSec: [CAM(1)][Front_0]-(m_setupConfig[5816]):m_flagFlite3aaOTF = 1 m_useBDSOff: 0 m_useVideoHQISP: 0 m_flag3aaVraOTF: 0 m_useSTR : 0
03-01 17:24:38.699  1272  1612 I ExynosCameraFrameFactoryPreviewSec: [CAM(1)][Front_0]-(m_setDeviceInfo[702]):
03-01 17:24:38.699  1272  1612 I ExynosCameraFrameFactoryPreviewSec: [CAM(1)][Front_0]-(m_setDeviceInfo[773]):CamID-1, PIP_MODE (0, 0) numberOf3AAResources (3)
03-01 17:24:38.700  1272  1612 I ExynosCameraFrameFactoryPreviewSec: [CAM(1)][Front_0]-(m_initPipesFastenAeStable[3256]):Set framerate (denominator=115)
03-01 17:24:38.700  1272  1612 I ExynosCameraFrameFactoryBase: [CAM(1)][Front_0]-(m_setSensorSize[582]):setControl(V4L2_CID_IS_S_SENSOR_SIZE, (800 x 600)) succeed
03-01 17:24:38.700  1272  1612 I ExynosCameraMCPipeSec: [CAM(1)][PIPE_3AA]-(setupPipe[146]):set new sensorIds
03-01 17:24:38.700  1272  1612 I ExynosCameraMCPipeSec: [CAM(1)][PIPE_3AA]-(m_setInput[2247]): setInput(sensorIds : 66048) [src nodeNum : 102][nodeNums : 214][otf : 0][leader : 0][reprocessing : 0][unique sensorId : 1]
03-01 17:24:38.700  1272  1612 I ExynosCameraMCPipeSec: [CAM(1)][PIPE_3AA]-(m_setInput[2247]): setInput(sensorIds : 68112) [src nodeNum : 110][nodeNums : 111][otf : 1][leader : 0][reprocessing : 0][unique sensorId : 1]
03-01 17:24:38.700  1272  1612 I ExynosCameraMCPipeSec: [CAM(1)][PIPE_3AA]-(m_setInput[2247]): setInput(sensorIds : 68112) [src nodeNum : 110][nodeNums : 112][otf : 1][leader : 0][reprocessing : 0][unique sensorId : 1]
03-01 17:24:38.700  1272  1612 I ExynosCameraMCPipeSec: [CAM(1)][PIPE_3AA]-(m_setInput[2247]): setInput(sensorIds : 68112) [src nodeNum : 110][nodeNums : 113][otf : 1][leader : 0][reprocessing : 0][unique sensorId : 1]
03-01 17:24:38.700  1272  1612 I ExynosCameraMCPipeSec: [CAM(1)][PIPE_3AA]-(m_setInput[2247]): setInput(sensorIds : 68112) [src nodeNum : 110][nodeNums : 115][otf : 1][leader : 0][reprocessing : 0][unique sensorId : 1]
03-01 17:24:38.700  1272  1612 I ExynosCameraMCPipeSec: [CAM(1)][PIPE_3AA]-(m_setInput[2247]): setInput(sensorIds : 68112) [src nodeNum : 110][nodeNums : 255][otf : 1][leader : 0][reprocessing : 0][unique sensorId : 1]
03-01 17:24:38.700  1272  1612 I ExynosCameraMCPipeSec: [CAM(1)][PIPE_3AA]-(m_setInput[2247]): setInput(sensorIds : 94736) [src nodeNum : 214][nodeNums : 240][otf : 1][leader : 0][reprocessing : 0][unique sensorId : 1]
03-01 17:24:38.700  1272  1612 I ExynosCameraMCPipeSec: [CAM(1)][PIPE_3AA]-(m_setInput[2247]): setInput(sensorIds : 101392) [src nodeNum : 240][nodeNums : 110][otf : 1][leader : 0][reprocessing : 0][unique sensorId : 1]
03-01 17:24:38.700  1272  1612 I ExynosCameraMCPipeSec: [CAM(1)][PIPE_3AA]-(m_setNodeInfo[2479]):set pipeInfos on FLITE, setFormat(32, 64) and reqBuffers(7), yuvRange(0) pixelSize(0) pixelCompInfo(0)
03-01 17:24:38.700  1272  1612 I ExynosCameraNode: [CAM(1)][FLITE]-(setSize[580]):w (32) h (64)
03-01 17:24:38.700  1272  1612 I ExynosCameraNode: [CAM(1)][FLITE]-(setColorFormat[525]):fmt.pix_mp.flags (0) (0 , 0)
03-01 17:24:38.700  1272  1612 W ExynosCameraNode: [CAM(1)][FLITE]-(setFormat[415]):name(FLITE) fd 16, bytesperline(0) < width(32), height(64)
03-01 17:24:38.700  1272  1612 I ExynosCameraNodeVendor: [CAM(1)][FLITE]-(m_setFmt[262]):[nodeNum:102] [fd:16] [type:10], [32 x 64], [format:1094795888:p B A A], [pixelSizeIdx:0], [yuvRange:7]
03-01 17:24:38.700  1272  1612 I ExynosCameraMCPipeSec: [CAM(1)][PIPE_3AA]-(m_setNodeInfo[2479]):set pipeInfos on BAYER, setFormat(800, 600) and reqBuffers(7), yuvRange(0) pixelSize(0) pixelCompInfo(0)
03-01 17:24:38.700  1272  1612 I ExynosCameraNode: [CAM(1)][BAYER]-(setSize[580]):w (800) h (600)
03-01 17:24:38.700  1272  1612 I ExynosCameraNode: [CAM(1)][BAYER]-(setColorFormat[525]):fmt.pix_mp.flags (0) (0 , 0)
03-01 17:24:38.700  1272  1612 I ExynosCameraNodeVendor: [CAM(1)][BAYER]-(m_setFmt[262]):[nodeNum:214] [fd:85] [type:9], [800 x 600], [format:1094795888:p B A A], [pixelSizeIdx:0], [yuvRange:7]
03-01 17:24:38.701  1272  1612 I ExynosCameraMCPipeSec: [CAM(1)][PIPE_3AA]-(m_setNodeInfo[2479]):set pipeInfos on 3AA_CAPTURE, setFormat(800, 600) and reqBuffers(7), yuvRange(0) pixelSize(0) pixelCompInfo(0)
03-01 17:24:38.701  1272  1612 I ExynosCameraNode: [CAM(1)][3AA_CAPTURE]-(setSize[580]):w (800) h (600)
03-01 17:24:38.701  1272  1612 I ExynosCameraNode: [CAM(1)][3AA_CAPTURE]-(setColorFormat[525]):fmt.pix_mp.flags (0) (0 , 0)
03-01 17:24:38.701  1272  1612 W ExynosCameraNode: [CAM(1)][3AA_CAPTURE]-(setFormat[415]):name(3AA_CAPTURE) fd -1, bytesperline(0) < width(800), height(600)
03-01 17:24:38.701  1272  1612 I ExynosCameraNodeVendor: [CAM(1)][3AA_CAPTURE]-(m_setFmt[262]):[nodeNum:111] [fd:-1] [type:9], [800 x 600], [format:1128481392:p B C C], [pixelSizeIdx:0], [yuvRange:7]
03-01 17:24:38.701  1272  1612 I ExynosCameraMCPipeSec: [CAM(1)][PIPE_3AA]-(m_setNodeInfo[2479]):set pipeInfos on 3AA_PREVIEW, setFormat(800, 600) and reqBuffers(7), yuvRange(0) pixelSize(0) pixelCompInfo(0)
03-01 17:24:38.701  1272  1612 I ExynosCameraNode: [CAM(1)][3AA_PREVIEW]-(setSize[580]):w (800) h (600)
03-01 17:24:38.701  1272  1612 I ExynosCameraNode: [CAM(1)][3AA_PREVIEW]-(setColorFormat[525]):fmt.pix_mp.flags (0) (0 , 0)
03-01 17:24:38.701  1272  1612 W ExynosCameraNode: [CAM(1)][3AA_PREVIEW]-(setFormat[415]):name(3AA_PREVIEW) fd -1, bytesperline(0) < width(800), height(600)
03-01 17:24:38.701  1272  1612 I ExynosCameraNodeVendor: [CAM(1)][3AA_PREVIEW]-(m_setFmt[262]):[nodeNum:112] [fd:-1] [type:9], [800 x 600], [format:1128481392:p B C C], [pixelSizeIdx:0], [yuvRange:7]
03-01 17:24:38.701  1272  1612 I ExynosCameraMCPipeSec: [CAM(1)][PIPE_3AA]-(m_setNodeInfo[2479]):set pipeInfos on 3AA_FD, setFormat(800, 600) and reqBuffers(7), yuvRange(0) pixelSize(0) pixelCompInfo(0)
03-01 17:24:38.701  1272  1612 I ExynosCameraNode: [CAM(1)][3AA_FD]-(setSize[580]):w (800) h (600)
03-01 17:24:38.701  1272  1612 I ExynosCameraNode: [CAM(1)][3AA_FD]-(setColorFormat[525]):fmt.pix_mp.flags (0) (0 , 0)
03-01 17:24:38.701  1272  1612 W ExynosCameraNode: [CAM(1)][3AA_FD]-(setFormat[415]):name(3AA_FD) fd -1, bytesperline(0) < width(800), height(600)
03-01 17:24:38.701  1272  1612 I ExynosCameraNodeVendor: [CAM(1)][3AA_FD]-(m_setFmt[262]):[nodeNum:113] [fd:-1] [type:9], [800 x 600], [format:861030210:B G R 3], [pixelSizeIdx:0], [yuvRange:7]
03-01 17:24:38.701  1272  1612 I ExynosCameraMCPipeSec: [CAM(1)][PIPE_3AA]-(m_setNodeInfo[2479]):set pipeInfos on 3AA_ORBC, setFormat(2016, 1512) and reqBuffers(7), yuvRange(0) pixelSize(0) pixelCompInfo(0)
03-01 17:24:38.701  1272  1612 I ExynosCameraNode: [CAM(1)][3AA_ORBC]-(setSize[580]):w (2016) h (1512)
03-01 17:24:38.701  1272  1612 I ExynosCameraNode: [CAM(1)][3AA_ORBC]-(setColorFormat[525]):fmt.pix_mp.flags (0) (0 , 0)
03-01 17:24:38.701  1272  1612 W ExynosCameraNode: [CAM(1)][3AA_ORBC]-(setFormat[415]):name(3AA_ORBC) fd -1, bytesperline(0) < width(2016), height(1512)
03-01 17:24:38.701  1272  1612 I ExynosCameraNodeVendor: [CAM(1)][3AA_ORBC]-(m_setFmt[262]):[nodeNum:115] [fd:-1] [type:9], [2016 x 1512], [format:541669465:Y 8 I  ], [pixelSizeIdx:0], [yuvRange:7]
03-01 17:24:38.701  1272  1612 I ExynosCameraMCPipeSec: [CAM(1)][PIPE_3AA]-(m_setNodeInfo[2479]):set pipeInfos on 3AA_DRC, setFormat(1024, 256) and reqBuffers(7), yuvRange(0) pixelSize(0) pixelCompInfo(0)
03-01 17:24:38.701  1272  1612 I ExynosCameraNode: [CAM(1)][3AA_DRC]-(setSize[580]):w (1024) h (256)
03-01 17:24:38.701  1272  1612 I ExynosCameraNode: [CAM(1)][3AA_DRC]-(setColorFormat[525]):fmt.pix_mp.flags (0) (0 , 0)
03-01 17:24:38.701  1272  1612 W ExynosCameraNode: [CAM(1)][3AA_DRC]-(setFormat[415]):name(3AA_DRC) fd -1, bytesperline(0) < width(1024), height(256)
03-01 17:24:38.701  1272  1612 I ExynosCameraNodeVendor: [CAM(1)][3AA_DRC]-(m_setFmt[262]):[nodeNum:255] [fd:-1] [type:9], [1024 x 256], [format:1497715271:G R E Y], [pixelSizeIdx:0], [yuvRange:7]
03-01 17:24:38.701  1272  1612 I ExynosCameraMCPipeSec: [CAM(1)][PIPE_3AA]-(m_setPipeInfo[2308]):skip PAF setNodeInfo, setFormat(0, 0)
03-01 17:24:38.701  1272  1612 I ExynosCameraMCPipeSec: [CAM(1)][PIPE_3AA]-(m_setNodeInfo[2479]):set pipeInfos on 3AA_OUTPUT, setFormat(32, 64) and reqBuffers(0), yuvRange(0) pixelSize(0) pixelCompInfo(0)
03-01 17:24:38.701  1272  1612 I ExynosCameraNode: [CAM(1)][3AA_OUTPUT]-(setSize[580]):w (32) h (64)
03-01 17:24:38.701  1272  1612 I ExynosCameraNode: [CAM(1)][3AA_OUTPUT]-(setColorFormat[525]):fmt.pix_mp.flags (0) (0 , 0)
03-01 17:24:38.701  1272  1612 W ExynosCameraNode: [CAM(1)][3AA_OUTPUT]-(setFormat[415]):name(3AA_OUTPUT) fd 89, bytesperline(0) < width(32), height(64)
03-01 17:24:38.701  1272  1612 I ExynosCameraNodeVendor: [CAM(1)][3AA_OUTPUT]-(m_setFmt[262]):[nodeNum:110] [fd:89] [type:10], [32 x 64], [format:1094795888:p B A A], [pixelSizeIdx:0], [yuvRange:7]
03-01 17:24:38.701  1272  1612 W ExynosCameraMCPipeSec: [CAM(1)][PIPE_3AA]-(m_setNodeInfo[2538]):Invalid currentBufferCount(0), skip reqBuffers()
03-01 17:24:38.701  1272  1612 I ExynosCameraMCPipeSec: [CAM(1)][PIPE_3AA]-(setupPipe[198]):setupPipe() is succeed, Pipe(6), prepare(4)
03-01 17:24:38.701  1272  1612 I ExynosCameraMCPipeSec: [CAM(1)][PIPE_LME_SRC_IMAGE]-(setupPipe[146]):set new sensorIds
03-01 17:24:38.701  1272  1612 I ExynosCameraMCPipeSec: [CAM(1)][PIPE_LME_SRC_IMAGE]-(m_setInput[2247]): setInput(sensorIds : 69376) [src nodeNum : 115][nodeNums : 196][otf : 0][leader : 0][reprocessing : 0][unique sensorId : 1]
03-01 17:24:38.701  1272  1612 I ExynosCameraMCPipeSec: [CAM(1)][PIPE_LME_SRC_IMAGE]-(m_setInput[2247]): setInput(sensorIds : 90128) [src nodeNum : 196][nodeNums : 291][otf : 1][leader : 0][reprocessing : 0][unique sensorId : 1]
03-01 17:24:38.701  1272  1612 I ExynosCameraMCPipeSec: [CAM(1)][PIPE_LME_SRC_IMAGE]-(m_setInput[2247]): setInput(sensorIds : 90128) [src nodeNum : 196][nodeNums : 290][otf : 1][leader : 0][reprocessing : 0][unique sensorId : 1]
03-01 17:24:38.701  1272  1612 I ExynosCameraMCPipeSec: [CAM(1)][PIPE_LME_SRC_IMAGE]-(m_setNodeInfo[2479]):set pipeInfos on LME_SRC_IMAGE, setFormat(1664, 1248) and reqBuffers(7), yuvRange(0) pixelSize(0) pixelCompInfo(0)
03-01 17:24:38.701  1272  1612 I ExynosCameraNode: [CAM(1)][LME_SRC_IMAGE]-(setSize[580]):w (1664) h (1248)
03-01 17:24:38.701  1272  1612 I ExynosCameraNode: [CAM(1)][LME_SRC_IMAGE]-(setColorFormat[525]):fmt.pix_mp.flags (0) (0 , 0)
03-01 17:24:38.701  1272  1612 W ExynosCameraNode: [CAM(1)][LME_SRC_IMAGE]-(setFormat[415]):name(LME_SRC_IMAGE) fd 95, bytesperline(0) < width(1664), height(1248)
03-01 17:24:38.701  1272  1612 I ExynosCameraNodeVendor: [CAM(1)][LME_SRC_IMAGE]-(m_setFmt[262]):[nodeNum:196] [fd:95] [type:10], [1664 x 1248], [format:541669465:Y 8 I  ], [pixelSizeIdx:0], [yuvRange:7]
03-01 17:24:38.702  1272  1612 I ExynosCameraMCPipeSec: [CAM(1)][PIPE_LME_SRC_IMAGE]-(m_setPipeInfo[2308]):skip LME_SW_DST setNodeInfo, setFormat(0, 0)
03-01 17:24:38.702  1272  1612 I ExynosCameraMCPipeSec: [CAM(1)][PIPE_LME_SRC_IMAGE]-(m_setNodeInfo[2479]):set pipeInfos on LME_DST, setFormat(1664, 1248) and reqBuffers(7), yuvRange(0) pixelSize(0) pixelCompInfo(0)
03-01 17:24:38.702  1272  1612 I ExynosCameraNode: [CAM(1)][LME_DST]-(setSize[580]):w (1664) h (1248)
