03-01 17:24:38.979  1272 16384 I ExynosCameraFrame: [CAM(1)][]-(printNotDoneEntity[121]):[Req:0] sibling id(34), state(1)
03-01 17:24:38.979  1272 16384 I ExynosCameraFrameVendor: [CAM(1)][]-(dump[162]):pipeId(88)'s request is true
03-01 17:24:38.979  1272 16384 I ExynosCameraFrameVendor: [CAM(1)][]-(dump[162]):pipeId(87)'s request is true
03-01 17:24:38.979  1272 16384 I ExynosCameraFrameVendor: [CAM(1)][]-(dump[162]):pipeId(75)'s request is true
03-01 17:24:38.979  1272 16384 I ExynosCameraFrameVendor: [CAM(1)][]-(dump[162]):pipeId(73)'s request is true
03-01 17:24:38.979  1272 16382 I EDEN    : [Exynos][EDEN][v1.6.23][RT::EdenRuntime] ExecuteReq:358: (+) modelId=127202171, mode=0 req=0xb400007e421ef200
03-01 17:24:38.979  1272 16384 I ExynosCameraFrameVendor: [CAM(1)][]-(dump[162]):pipeId(51)'s request is true
03-01 17:24:38.979  1272 16384 I ExynosCameraFrameVendor: [CAM(1)][]-(dump[162]):pipeId(50)'s request is true
03-01 17:24:38.979  1272 16384 I ExynosCameraFrameVendor: [CAM(1)][]-(dump[162]):pipeId(49)'s request is true
03-01 17:24:38.979  1272 16384 I ExynosCameraFrameVendor: [CAM(1)][]-(dump[162]):pipeId(47)'s request is true
03-01 17:24:38.979  1272 16384 I ExynosCameraFrameVendor: [CAM(1)][]-(dump[162]):pipeId(45)'s request is true
03-01 17:24:38.979  1272 16384 I ExynosCameraFrameVendor: [CAM(1)][]-(dump[162]):pipeId(19)'s request is true
03-01 17:24:38.979  1272 16384 I ExynosCameraFrameVendor: [CAM(1)][]-(dump[162]):pipeId(12)'s request is true
03-01 17:24:38.979  1272 16384 I ExynosCameraFrameVendor: [CAM(1)][]-(dump[162]):pipeId(11)'s request is true
03-01 17:24:38.979  1272 16384 I ExynosCameraFrameVendor: [CAM(1)][]-(dump[162]):pipeId(9)'s request is true
03-01 17:24:38.979  1272 16384 I ExynosCameraFrameVendor: [CAM(1)][]-(dump[162]):pipeId(8)'s request is true
03-01 17:24:38.979  1272 16384 I ExynosCameraFrameVendor: [CAM(1)][]-(dump[162]):pipeId(7)'s request is true
03-01 17:24:38.979  1272 16384 I ExynosCameraFrameVendor: [CAM(1)][]-(dump[162]):pipeId(6)'s request is true
03-01 17:24:38.988  1272 16405 I vpl     : INFO(execute[305]):[Result][F0][MetaF8]m_vplHandle(0xb400007e822b6c40), faceNumber(1)
03-01 17:24:39.037  1272 16398 W ExynosCameraSec: [CAM(1)][Front_0]-(m_previewStreamMERTAPipeThreadFunc[4883]):wait timeout
03-01 17:24:39.037  1272 16394 E ExynosCameraSec: [CAM(1)][Front_0]-(handleBayerBuffer[12735]):[F2 FT7 CAM1 B-1 ORBB1]Handling bayer buffer failed. Bayer buffer will be put. isServiceBayer 0, bufDirection 1 pipeId 6 ret -38
03-01 17:24:39.038  1272 16384 E ExynosCameraBufferManagerVendor: [CAM(1)][FLITE_BUF]-(getBuffer[317]):m_allocatedBufCount equals zero
03-01 17:24:39.038  1272 16384 E ExynosCameraBufferSupplierVendor: [CAM(1)][BufferSupplier]-(getBuffer[185]):[FLITE_BUF][P7 T0 B-1 A0x7c365915a8]Failed to getBuffer. ret -38
03-01 17:24:39.038  1272 16384 E ExynosCameraMCPipeSec: [CAM(1)][PIPE_3AA]-(m_putBuffer[855]):[F7 FT2][3AA_CAPTURE]Failed to getBuffer from BufferSupplier. ret -38 FrameQ_size (0, 3) size(4)
03-01 17:24:39.038  1272 16384 I ExynosCameraFrame: [CAM(1)][]-(printEntity[77]): FrameCount(7(0)), type(2), state(0), request(5), complete(0)
03-01 17:24:39.038  1272 16384 I ExynosCameraFrame: [CAM(1)][]-(printEntity[86]):[Req1] sibling id(6), state(2)
03-01 17:24:39.038  1272 16384 I ExynosCameraFrame: [CAM(1)][]-(printEntity[86]):[Req1] sibling id(47), state(1)
03-01 17:24:39.038  1272 16384 I ExynosCameraFrame: [CAM(1)][]-(printEntity[86]):[Req1] sibling id(12), state(1)
03-01 17:24:39.038  1272 16384 I ExynosCameraFrame: [CAM(1)][]-(printEntity[86]):[Req1] sibling id(45), state(1)
03-01 17:24:39.038  1272 16384 I ExynosCameraFrame: [CAM(1)][]-(printEntity[86]):[Req1] sibling id(87), state(1)
03-01 17:24:39.038  1272 16384 I ExynosCameraFrame: [CAM(1)][]-(printEntity[86]):[Req0] sibling id(33), state(1)
03-01 17:24:39.038  1272 16384 I ExynosCameraFrame: [CAM(1)][]-(printEntity[86]):[Req0] sibling id(34), state(1)
03-01 17:24:39.038  1272 16384 I ExynosCameraFrame: [CAM(1)][]-(m_dumpStatusForResultUpdate[1955]):[F7 T2]ResultType  0 PipeId   6 ResultUpdateStatus  1
03-01 17:24:39.038  1272 16384 I ExynosCameraFrame: [CAM(1)][]-(m_dumpStatusForResultUpdate[1955]):[F7 T2]ResultType  1 PipeId  12 ResultUpdateStatus  1
03-01 17:24:39.038  1272 16384 I ExynosCameraFrame: [CAM(1)][]-(m_dumpStatusForResultUpdate[1955]):[F7 T2]ResultType  2 PipeId  12 ResultUpdateStatus  1
03-01 17:24:39.038  1272 16384 I ExynosCameraFrame: [CAM(1)][]-(printNotDoneEntity[111]): FrameCount(7(0)), type(2), state(0), request(5), complete(0)
03-01 17:24:39.038  1272 16384 I ExynosCameraFrame: [CAM(1)][]-(printNotDoneEntity[121]):[Req:1] sibling id(6), state(2)
03-01 17:24:39.038  1272 16384 I ExynosCameraFrame: [CAM(1)][]-(printNotDoneEntity[121]):[Req:1] sibling id(47), state(1)
03-01 17:24:39.038  1272 16384 I ExynosCameraFrame: [CAM(1)][]-(printNotDoneEntity[121]):[Req:1] sibling id(12), state(1)
03-01 17:24:39.038  1272 16384 I ExynosCameraFrame: [CAM(1)][]-(printNotDoneEntity[121]):[Req:1] sibling id(45), state(1)
03-01 17:24:39.038  1272 16384 I ExynosCameraFrame: [CAM(1)][]-(printNotDoneEntity[121]):[Req:1] sibling id(87), state(1)
03-01 17:24:39.038  1272 16384 I ExynosCameraFrame: [CAM(1)][]-(printNotDoneEntity[121]):[Req:0] sibling id(33), state(1)
03-01 17:24:39.038  1272 16384 I ExynosCameraFrame: [CAM(1)][]-(printNotDoneEntity[121]):[Req:0] sibling id(34), state(1)
03-01 17:24:39.038  1272 16384 I ExynosCameraFrameVendor: [CAM(1)][]-(dump[162]):pipeId(88)'s request is true
03-01 17:24:39.038  1272 16384 I ExynosCameraFrameVendor: [CAM(1)][]-(dump[162]):pipeId(87)'s request is true
03-01 17:24:39.038  1272 16384 I ExynosCameraFrameVendor: [CAM(1)][]-(dump[162]):pipeId(75)'s request is true
03-01 17:24:39.038  1272 16384 I ExynosCameraFrameVendor: [CAM(1)][]-(dump[162]):pipeId(73)'s request is true
03-01 17:24:39.038  1272 16384 I ExynosCameraFrameVendor: [CAM(1)][]-(dump[162]):pipeId(51)'s request is true
03-01 17:24:39.038  1272 16384 I ExynosCameraFrameVendor: [CAM(1)][]-(dump[162]):pipeId(50)'s request is true
03-01 17:24:39.038  1272 16384 I ExynosCameraFrameVendor: [CAM(1)][]-(dump[162]):pipeId(49)'s request is true
03-01 17:24:39.038  1272 16384 I ExynosCameraFrameVendor: [CAM(1)][]-(dump[162]):pipeId(47)'s request is true
03-01 17:24:39.038  1272 16384 I ExynosCameraFrameVendor: [CAM(1)][]-(dump[162]):pipeId(45)'s request is true
03-01 17:24:39.038  1272 16384 I ExynosCameraFrameVendor: [CAM(1)][]-(dump[162]):pipeId(19)'s request is true
03-01 17:24:39.038  1272 16384 I ExynosCameraFrameVendor: [CAM(1)][]-(dump[162]):pipeId(12)'s request is true
03-01 17:24:39.038  1272 16384 I ExynosCameraFrameVendor: [CAM(1)][]-(dump[162]):pipeId(11)'s request is true
03-01 17:24:39.038  1272 16384 I ExynosCameraFrameVendor: [CAM(1)][]-(dump[162]):pipeId(9)'s request is true
03-01 17:24:39.038  1272 16384 I ExynosCameraFrameVendor: [CAM(1)][]-(dump[162]):pipeId(8)'s request is true
03-01 17:24:39.038  1272 16384 I ExynosCameraFrameVendor: [CAM(1)][]-(dump[162]):pipeId(7)'s request is true
03-01 17:24:39.038  1272 16384 I ExynosCameraFrameVendor: [CAM(1)][]-(dump[162]):pipeId(6)'s request is true
03-01 17:24:39.090  1272 16402 I ExynosCameraSec: [CAM(1)][Front_0]-(m_monitorThreadFunc[6731]):@FIMC_IS_SYNC 1084
03-01 17:24:39.090  1272 16402 I ExynosCameraMCPipe: [CAM(1)][PIPE_3AA]-(syncLog[1019]):
03-01 17:24:39.096 15905 15922 I elis    : (REDACTED) Running synclets: %s
03-01 17:24:39.097  1272 16394 E ExynosCameraSec: [CAM(1)][Front_0]-(handleBayerBuffer[12735]):[F3 FT7 CAM1 B-1 ORBB2]Handling bayer buffer failed. Bayer buffer will be put. isServiceBayer 0, bufDirection 1 pipeId 6 ret -38
03-01 17:24:39.099  1272 16384 E ExynosCameraBufferManagerVendor: [CAM(1)][FLITE_BUF]-(getBuffer[317]):m_allocatedBufCount equals zero
03-01 17:24:39.099  1272 16384 E ExynosCameraBufferSupplierVendor: [CAM(1)][BufferSupplier]-(getBuffer[185]):[FLITE_BUF][P7 T0 B-1 A0x7c365915a8]Failed to getBuffer. ret -38
03-01 17:24:39.099  1272 16384 E ExynosCameraMCPipeSec: [CAM(1)][PIPE_3AA]-(m_putBuffer[855]):[F8 FT2][3AA_CAPTURE]Failed to getBuffer from BufferSupplier. ret -38 FrameQ_size (0, 3) size(4)
03-01 17:24:39.099  1272 16384 I ExynosCameraFrame: [CAM(1)][]-(printEntity[77]): FrameCount(8(0)), type(2), state(0), request(5), complete(0)
03-01 17:24:39.099  1272 16384 I ExynosCameraFrame: [CAM(1)][]-(printEntity[86]):[Req1] sibling id(6), state(2)
03-01 17:24:39.099  1272 16384 I ExynosCameraFrame: [CAM(1)][]-(printEntity[86]):[Req1] sibling id(47), state(1)
03-01 17:24:39.099  1272 16384 I ExynosCameraFrame: [CAM(1)][]-(printEntity[86]):[Req1] sibling id(12), state(1)
03-01 17:24:39.099  1272 16384 I ExynosCameraFrame: [CAM(1)][]-(printEntity[86]):[Req1] sibling id(45), state(1)
03-01 17:24:39.099  1272 16384 I ExynosCameraFrame: [CAM(1)][]-(printEntity[86]):[Req1] sibling id(87), state(1)
03-01 17:24:39.099  1272 16384 I ExynosCameraFrame: [CAM(1)][]-(printEntity[86]):[Req0] sibling id(33), state(1)
03-01 17:24:39.099  1272 16384 I ExynosCameraFrame: [CAM(1)][]-(printEntity[86]):[Req0] sibling id(34), state(1)
03-01 17:24:39.099  1272 16384 I ExynosCameraFrame: [CAM(1)][]-(m_dumpStatusForResultUpdate[1955]):[F8 T2]ResultType  0 PipeId   6 ResultUpdateStatus  1
03-01 17:24:39.099  1272 16384 I ExynosCameraFrame: [CAM(1)][]-(m_dumpStatusForResultUpdate[1955]):[F8 T2]ResultType  1 PipeId  12 ResultUpdateStatus  1
03-01 17:24:39.099  1272 16384 I ExynosCameraFrame: [CAM(1)][]-(m_dumpStatusForResultUpdate[1955]):[F8 T2]ResultType  2 PipeId  12 ResultUpdateStatus  1
03-01 17:24:39.099  1272 16384 I ExynosCameraFrame: [CAM(1)][]-(printNotDoneEntity[111]): FrameCount(8(0)), type(2), state(0), request(5), complete(0)
03-01 17:24:39.099  1272 16384 I ExynosCameraFrame: [CAM(1)][]-(printNotDoneEntity[121]):[Req:1] sibling id(6), state(2)
03-01 17:24:39.099  1272 16384 I ExynosCameraFrame: [CAM(1)][]-(printNotDoneEntity[121]):[Req:1] sibling id(47), state(1)
03-01 17:24:39.099  1272 16384 I ExynosCameraFrame: [CAM(1)][]-(printNotDoneEntity[121]):[Req:1] sibling id(12), state(1)
03-01 17:24:39.099  1272 16384 I ExynosCameraFrame: [CAM(1)][]-(printNotDoneEntity[121]):[Req:1] sibling id(45), state(1)
03-01 17:24:39.099  1272 16384 I ExynosCameraFrame: [CAM(1)][]-(printNotDoneEntity[121]):[Req:1] sibling id(87), state(1)
03-01 17:24:39.099  1272 16384 I ExynosCameraFrame: [CAM(1)][]-(printNotDoneEntity[121]):[Req:0] sibling id(33), state(1)
03-01 17:24:39.099  1272 16384 I ExynosCameraFrame: [CAM(1)][]-(printNotDoneEntity[121]):[Req:0] sibling id(34), state(1)
03-01 17:24:39.099  1272 16384 I ExynosCameraFrameVendor: [CAM(1)][]-(dump[162]):pipeId(88)'s request is true
03-01 17:24:39.099  1272 16384 I ExynosCameraFrameVendor: [CAM(1)][]-(dump[162]):pipeId(87)'s request is true
03-01 17:24:39.099  1272 16384 I ExynosCameraFrameVendor: [CAM(1)][]-(dump[162]):pipeId(75)'s request is true
03-01 17:24:39.099  1272 16384 I ExynosCameraFrameVendor: [CAM(1)][]-(dump[162]):pipeId(73)'s request is true
03-01 17:24:39.099  1272 16384 I ExynosCameraFrameVendor: [CAM(1)][]-(dump[162]):pipeId(51)'s request is true
03-01 17:24:39.099  1272 16384 I ExynosCameraFrameVendor: [CAM(1)][]-(dump[162]):pipeId(50)'s request is true
03-01 17:24:39.099  1272 16384 I ExynosCameraFrameVendor: [CAM(1)][]-(dump[162]):pipeId(49)'s request is true
03-01 17:24:39.099  1272 16384 I ExynosCameraFrameVendor: [CAM(1)][]-(dump[162]):pipeId(47)'s request is true
03-01 17:24:39.099  1272 16384 I ExynosCameraFrameVendor: [CAM(1)][]-(dump[162]):pipeId(45)'s request is true
03-01 17:24:39.099  1272 16384 I ExynosCameraFrameVendor: [CAM(1)][]-(dump[162]):pipeId(19)'s request is true
03-01 17:24:39.099  1272 16384 I ExynosCameraFrameVendor: [CAM(1)][]-(dump[162]):pipeId(12)'s request is true
03-01 17:24:39.099  1272 16384 I ExynosCameraFrameVendor: [CAM(1)][]-(dump[162]):pipeId(11)'s request is true
03-01 17:24:39.099  1272 16384 I ExynosCameraFrameVendor: [CAM(1)][]-(dump[162]):pipeId(9)'s request is true
03-01 17:24:39.099  1272 16384 I ExynosCameraFrameVendor: [CAM(1)][]-(dump[162]):pipeId(8)'s request is true
03-01 17:24:39.099  1272 16384 I ExynosCameraFrameVendor: [CAM(1)][]-(dump[162]):pipeId(7)'s request is true
03-01 17:24:39.099  1272 16384 I ExynosCameraFrameVendor: [CAM(1)][]-(dump[162]):pipeId(6)'s request is true
03-01 17:24:39.110 15905 15937 I elis    : (REDACTED) Starting synclet: %s
03-01 17:24:39.146  1658  2098 D BackgroundInstallControlService: Package event received: 0
03-01 17:24:39.148  6611  6611 D BoundBrokerSvc: onBind: Intent { act=com.google.android.gms.audit.service.START xflg=0x4 pkg=com.google.android.gms }
03-01 17:24:39.148  6611  6611 D BoundBrokerSvc: Loading bound service for intent: Intent { act=com.google.android.gms.audit.service.START xflg=0x4 pkg=com.google.android.gms }
03-01 17:24:39.157  1272 16394 E ExynosCameraSec: [CAM(1)][Front_0]-(handleBayerBuffer[12735]):[F4 FT2 CAM1 B-1 ORBB3]Handling bayer buffer failed. Bayer buffer will be put. isServiceBayer 0, bufDirection 1 pipeId 6 ret -38
03-01 17:24:39.157  1272 16394 I ExynosCameraFramePipeHandlerPreview: [CAM(1)][ExynosCameraFramePipeHandlerPreview]-(m_previewHandler3AA[641]):[CAM1][F4 FT2 MetaFrameCount=11] 3AA first frame is DONE
03-01 17:24:39.158  1272 16382 I EDEN    : [Exynos][EDEN][v1.6.23][RT::EdenRuntime] ExecuteReq:358: (+) modelId=127202171, mode=0 req=0xb400007e421ef200
03-01 17:24:39.159  1272 16386 I ExynosCameraMCPipeSec: [CAM(1)][PIPE_LME_SRC_IMAGE]-(m_checkNodeGroupInfo[2803]):[REQ:0,F:4,DRV:11,T:2] (LME_SRC_IMAGE):vid(0), request(0 -> 1), oldCropSize(0, 0, 0, 0 / 0, 0, 0, 0) -> newCropSize(0, 0, 2016, 1512 / 0, 0, 2016, 1512)
03-01 17:24:39.159  1272 16386 I ExynosCameraMCPipeSec: [CAM(1)][PIPE_LME_SRC_IMAGE]-(m_checkNodeGroupInfo[2803]):[REQ:0,F:4,DRV:11,T:2] (LME_DST):vid(190), request(0 -> 1), oldCropSize(0, 0, 0, 0 / 0, 0, 0, 0) -> newCropSize(0, 0, 624, 312 / 0, 0, 624, 312)
03-01 17:24:39.159  1272 16386 I ExynosCameraMCPipeSec: [CAM(1)][PIPE_LME_SRC_IMAGE]-(m_checkNodeGroupInfo[2803]):[REQ:0,F:4,DRV:11,T:2] (LME_SW_DST):vid(191), request(0 -> 1), oldCropSize(0, 0, 0, 0 / 0, 0, 0, 0) -> newCropSize(0, 0, 128, 96 / 0, 0, 128, 96)
03-01 17:24:39.159  1272 16384 E ExynosCameraBufferManagerVendor: [CAM(1)][FLITE_BUF]-(getBuffer[317]):m_allocatedBufCount equals zero
03-01 17:24:39.159  1272 16384 E ExynosCameraBufferSupplierVendor: [CAM(1)][BufferSupplier]-(getBuffer[185]):[FLITE_BUF][P7 T0 B-1 A0x7c365915a8]Failed to getBuffer. ret -38
03-01 17:24:39.159  1272 16384 E ExynosCameraMCPipeSec: [CAM(1)][PIPE_3AA]-(m_putBuffer[855]):[F9 FT2][3AA_CAPTURE]Failed to getBuffer from BufferSupplier. ret -38 FrameQ_size (0, 3) size(4)
03-01 17:24:39.159  1272 16384 I ExynosCameraFrame: [CAM(1)][]-(printEntity[77]): FrameCount(9(0)), type(2), state(0), request(5), complete(0)
03-01 17:24:39.159  1272 16384 I ExynosCameraFrame: [CAM(1)][]-(printEntity[86]):[Req1] sibling id(6), state(2)
03-01 17:24:39.159  1272 16384 I ExynosCameraFrame: [CAM(1)][]-(printEntity[86]):[Req1] sibling id(47), state(1)
03-01 17:24:39.159  1272 16384 I ExynosCameraFrame: [CAM(1)][]-(printEntity[86]):[Req1] sibling id(12), state(1)
03-01 17:24:39.159  1272 16384 I ExynosCameraFrame: [CAM(1)][]-(printEntity[86]):[Req1] sibling id(45), state(1)
03-01 17:24:39.159  1272 16384 I ExynosCameraFrame: [CAM(1)][]-(printEntity[86]):[Req1] sibling id(87), state(1)
03-01 17:24:39.159  1272 16384 I ExynosCameraFrame: [CAM(1)][]-(printEntity[86]):[Req0] sibling id(33), state(1)
03-01 17:24:39.159  1272 16384 I ExynosCameraFrame: [CAM(1)][]-(printEntity[86]):[Req0] sibling id(34), state(1)
03-01 17:24:39.159  1272 16384 I ExynosCameraFrame: [CAM(1)][]-(m_dumpStatusForResultUpdate[1955]):[F9 T2]ResultType  0 PipeId   6 ResultUpdateStatus  1
03-01 17:24:39.159  1272 16384 I ExynosCameraFrame: [CAM(1)][]-(m_dumpStatusForResultUpdate[1955]):[F9 T2]ResultType  1 PipeId  12 ResultUpdateStatus  1
03-01 17:24:39.159  1272 16384 I ExynosCameraFrame: [CAM(1)][]-(m_dumpStatusForResultUpdate[1955]):[F9 T2]ResultType  2 PipeId  12 ResultUpdateStatus  1
03-01 17:24:39.159  1272 16384 I ExynosCameraFrame: [CAM(1)][]-(printNotDoneEntity[111]): FrameCount(9(0)), type(2), state(0), request(5), complete(0)
03-01 17:24:39.159  1272 16384 I ExynosCameraFrame: [CAM(1)][]-(printNotDoneEntity[121]):[Req:1] sibling id(6), state(2)
03-01 17:24:39.159  1272 16384 I ExynosCameraFrame: [CAM(1)][]-(printNotDoneEntity[121]):[Req:1] sibling id(47), state(1)
03-01 17:24:39.159  1272 16384 I ExynosCameraFrame: [CAM(1)][]-(printNotDoneEntity[121]):[Req:1] sibling id(12), state(1)
03-01 17:24:39.159  1272 16384 I ExynosCameraFrame: [CAM(1)][]-(printNotDoneEntity[121]):[Req:1] sibling id(45), state(1)
03-01 17:24:39.159  1272 16384 I ExynosCameraFrame: [CAM(1)][]-(printNotDoneEntity[121]):[Req:1] sibling id(87), state(1)
03-01 17:24:39.159  1272 16384 I ExynosCameraFrame: [CAM(1)][]-(printNotDoneEntity[121]):[Req:0] sibling id(33), state(1)
03-01 17:24:39.159  1272 16384 I ExynosCameraFrame: [CAM(1)][]-(printNotDoneEntity[121]):[Req:0] sibling id(34), state(1)
03-01 17:24:39.159  1272 16384 I ExynosCameraFrameVendor: [CAM(1)][]-(dump[162]):pipeId(88)'s request is true
03-01 17:24:39.159  1272 16384 I ExynosCameraFrameVendor: [CAM(1)][]-(dump[162]):pipeId(87)'s request is true
03-01 17:24:39.159  1272 16384 I ExynosCameraFrameVendor: [CAM(1)][]-(dump[162]):pipeId(75)'s request is true
03-01 17:24:39.159  1272 16384 I ExynosCameraFrameVendor: [CAM(1)][]-(dump[162]):pipeId(73)'s request is true
03-01 17:24:39.159  1272 16384 I ExynosCameraFrameVendor: [CAM(1)][]-(dump[162]):pipeId(51)'s request is true
03-01 17:24:39.159  1272 16384 I ExynosCameraFrameVendor: [CAM(1)][]-(dump[162]):pipeId(50)'s request is true
03-01 17:24:39.159  1272 16384 I ExynosCameraFrameVendor: [CAM(1)][]-(dump[162]):pipeId(49)'s request is true
03-01 17:24:39.159  1272 16384 I ExynosCameraFrameVendor: [CAM(1)][]-(dump[162]):pipeId(47)'s request is true
03-01 17:24:39.159  1272 16384 I ExynosCameraFrameVendor: [CAM(1)][]-(dump[162]):pipeId(45)'s request is true
03-01 17:24:39.159  1272 16384 I ExynosCameraFrameVendor: [CAM(1)][]-(dump[162]):pipeId(19)'s request is true
03-01 17:24:39.159  1272 16384 I ExynosCameraFrameVendor: [CAM(1)][]-(dump[162]):pipeId(12)'s request is true
03-01 17:24:39.159  1272 16384 I ExynosCameraFrameVendor: [CAM(1)][]-(dump[162]):pipeId(11)'s request is true
03-01 17:24:39.159  1272 16384 I ExynosCameraFrameVendor: [CAM(1)][]-(dump[162]):pipeId(9)'s request is true
03-01 17:24:39.159  1272 16384 I ExynosCameraFrameVendor: [CAM(1)][]-(dump[162]):pipeId(8)'s request is true
03-01 17:24:39.159  1272 16384 I ExynosCameraFrameVendor: [CAM(1)][]-(dump[162]):pipeId(7)'s request is true
03-01 17:24:39.159  1272 16384 I ExynosCameraFrameVendor: [CAM(1)][]-(dump[162]):pipeId(6)'s request is true
03-01 17:24:39.165  1272 16395 I ExynosCameraFrameFactoryBaseVendor: [CAM(1)][Front_0]-(startThread[186]):pipeId=87
03-01 17:24:39.165  1272 16395 I ExynosCameraSWPipe: [CAM(1)][PIPE_MERTA]-(startThread[83]):startThread is succeed (87)
03-01 17:24:39.166  1272 16408 I MERTA   : mcfp w: 3184, h: 2388, meDsInput w: 3184, h: 2388
03-01 17:24:39.166  1272 16408 I MERTA   : lv0 w: 796, h: 597, lv1 w: 396, h: 298
03-01 17:24:39.166  1272 16408 I MERTA   : Setfile(/system/vendor/firmware/setfile_imx355.bin) Load Success
03-01 17:24:39.166  1272 16408 I MERTA   : Scenario index is changed(-1 -> 70)
03-01 17:24:39.167 27863 12635 W PhBaseOp: Phenotype API error. Event: # ipwm@96460830, EventCode: COMMIT_CONFIG [CONTEXT service_id=51 ]
03-01 17:24:39.167 27863 12635 W PhBaseOp: euhl: 29544: Stale snapshot for com.google.android.apps.search.readaloud#com.google.android.googlequicksearchbox(new configuration available)
03-01 17:24:39.167 27863 12635 W PhBaseOp: 	at eujj.d(:com.google.android.gms@260834035@26.08.34 (260400-876566425):441)
03-01 17:24:39.167 27863 12635 W PhBaseOp: 	at eujj.b(:com.google.android.gms@260834035@26.08.34 (260400-876566425):44)
03-01 17:24:39.167 27863 12635 W PhBaseOp: 	at euji.i(:com.google.android.gms@260834035@26.08.34 (260400-876566425):3)
03-01 17:24:39.167 27863 12635 W PhBaseOp: 	at euje.h(:com.google.android.gms@260834035@26.08.34 (260400-876566425):31)
03-01 17:24:39.167 27863 12635 W PhBaseOp: 	at euje.f(:com.google.android.gms@260834035@26.08.34 (260400-876566425):13)
03-01 17:24:39.167 27863 12635 W PhBaseOp: 	at ctkl.fx(:com.google.android.gms@260834035@26.08.34 (260400-876566425):1)
03-01 17:24:39.167 27863 12635 W PhBaseOp: 	at ctkp.run(:com.google.android.gms@260834035@26.08.34 (260400-876566425):118)
03-01 17:24:39.167 27863 12635 W PhBaseOp: 	at gsnm.run(:com.google.android.gms@260834035@26.08.34 (260400-876566425):19)
03-01 17:24:39.167 27863 12635 W PhBaseOp: 	at bgyz.c(:com.google.android.gms@260834035@26.08.34 (260400-876566425):50)
03-01 17:24:39.167 27863 12635 W PhBaseOp: 	at bgyz.run(:com.google.android.gms@260834035@26.08.34 (260400-876566425):73)
03-01 17:24:39.167 27863 12635 W PhBaseOp: 	at java.util.concurrent.ThreadPoolExecutor.runWorker(ThreadPoolExecutor.java:1154)
03-01 17:24:39.167 27863 12635 W PhBaseOp: 	at java.util.concurrent.ThreadPoolExecutor$Worker.run(ThreadPoolExecutor.java:652)
03-01 17:24:39.167 27863 12635 W PhBaseOp: 	at bher.run(:com.google.android.gms@260834035@26.08.34 (260400-876566425):8)
03-01 17:24:39.167 27863 12635 W PhBaseOp: 	at java.lang.Thread.run(Thread.java:1564)
03-01 17:24:39.168 27863 12635 W AsyncOperation: operation=CommitToConfigurationOperationCall, opStatusCode=29544 [CONTEXT service_id=51 ]
03-01 17:24:39.168 27863 12635 W AsyncOperation: OperationException[Status{statusCode=Stale snapshot for com.google.android.apps.search.readaloud#com.google.android.googlequicksearchbox(new configuration available), resolution=null}]
03-01 17:24:39.168 27863 12635 W AsyncOperation: 	at euje.h(:com.google.android.gms@260834035@26.08.34 (260400-876566425):61)
03-01 17:24:39.168 27863 12635 W AsyncOperation: 	at euje.f(:com.google.android.gms@260834035@26.08.34 (260400-876566425):13)
03-01 17:24:39.168 27863 12635 W AsyncOperation: 	at ctkl.fx(:com.google.android.gms@260834035@26.08.34 (260400-876566425):1)
03-01 17:24:39.168 27863 12635 W AsyncOperation: 	at ctkp.run(:com.google.android.gms@260834035@26.08.34 (260400-876566425):118)
03-01 17:24:39.168 27863 12635 W AsyncOperation: 	at gsnm.run(:com.google.android.gms@260834035@26.08.34 (260400-876566425):19)
03-01 17:24:39.168 27863 12635 W AsyncOperation: 	at bgyz.c(:com.google.android.gms@260834035@26.08.34 (260400-876566425):50)
03-01 17:24:39.168 27863 12635 W AsyncOperation: 	at bgyz.run(:com.google.android.gms@260834035@26.08.34 (260400-876566425):73)
03-01 17:24:39.168 27863 12635 W AsyncOperation: 	at java.util.concurrent.ThreadPoolExecutor.runWorker(ThreadPoolExecutor.java:1154)
03-01 17:24:39.168 27863 12635 W AsyncOperation: 	at java.util.concurrent.ThreadPoolExecutor$Worker.run(ThreadPoolExecutor.java:652)
03-01 17:24:39.168 27863 12635 W AsyncOperation: 	at bher.run(:com.google.android.gms@260834035@26.08.34 (260400-876566425):8)
03-01 17:24:39.168 27863 12635 W AsyncOperation: 	at java.lang.Thread.run(Thread.java:1564)
03-01 17:24:39.171  1272 16408 I MERTA   : SetZeroLmcGrid!
03-01 17:24:39.171  1272 16390 I ExynosCameraMCPipeSec: [CAM(1)][PIPE_ISP]-(m_checkNodeGroupInfo[2803]):[REQ:0,F:4,DRV:11,T:2] (ISP_OUTPUT):vid(0), request(0 -> 1), oldCropSize(0, 0, 0, 0 / 0, 0, 0, 0) -> newCropSize(0, 0, 3184, 2388 / 0, 0, 3184, 2388)
03-01 17:24:39.171  1272 16390 I ExynosCameraMCPipeSec: [CAM(1)][PIPE_ISP]-(m_checkNodeGroupInfo[2803]):[REQ:0,F:4,DRV:11,T:2] (ISP_DRC_GRID):vid(166), request(0 -> 1), oldCropSize(0, 0, 0, 0 / 0, 0, 0, 0) -> newCropSize(0, 0, 1024, 256 / 0, 0, 1024, 256)
03-01 17:24:39.171  1272 16390 I ExynosCameraMCPipeSec: [CAM(1)][PIPE_ISP]-(m_checkNodeGroupInfo[2803]):[REQ:0,F:4,DRV:11,T:2] (ISP_LME):vid(163), request(0 -> 1), oldCropSize(0, 0, 0, 0 / 0, 0, 0, 0) -> newCropSize(0, 0, 128, 96 / 0, 0, 128, 96)
03-01 17:24:39.171  1272 16390 I ExynosCameraMCPipeSec: [CAM(1)][PIPE_ISP]-(m_checkNodeGroupInfo[2803]):[REQ:0,F:4,DRV:11,T:2] (MCSC_PREVIEW):vid(70), request(0 -> 1), oldCropSize(0, 0, 0, 0 / 0, 0, 0, 0) -> newCropSize(0, 0, 3184, 2388 / 0, 0, 320, 240)
03-01 17:24:39.194  1272 16396 I ExynosCameraFramePipeHandlerPreview: [CAM(1)][ExynosCameraFramePipeHandlerPreview]-(m_previewHandlerISP[903]):[CAM1][F4 FT2 MetaFrameCount 11] ISP first frame is DONE
03-01 17:24:39.194  1272 16396 I ExynosCameraVendorPreview: [CAM(1)][Front_0]-(updatePreviewTimerStatus[11369]):[CAMSYSKPI] = pipeId =12 HAL3_camera_device_configure_streams ~ first frame  : 678 msec
03-01 17:24:39.194  1272 16396 I ExynosCameraActivityAutofocus: [CAM(1)][]-(displayAFInfo[73]):(CMGEFL):0x0 0x0 0x0 0x0 0x0 0x0 0x0 0x0 0x0 0x0
03-01 17:24:39.194  1272 16396 I ExynosCameraMetadataConverterVendor: [CAM(1)][]-(translateVendorControlMetaData[4770]):[R0] SAMSUNG_ANDROID_CONTROL_LIGHT_CONDITION(0)
03-01 17:24:39.194  1272 16396 I ExynosCameraMetadataConverterVendor: [CAM(1)][]-(translateVendorControlMetaData[4789]):[R0] ANDROID_REQUEST_ID(0)
03-01 17:24:39.194  1438  5111 D Camera3-OutputStream: returnBufferCheckedLocked: First frame for stream 0, width 320, height 240, format 35
03-01 17:24:39.195  1272 16396 I SecCameraUtil: [CAM(-1)][]-(getSensorFWFromFile[942]):DEBUG :Sensor fw(len:24) is T08ESOHF1MM T08ESOHF1MM
03-01 17:24:39.195  1272 16361 I SehCamDevSession@5.0-impl: [CAMKPI] camera3->process_capture_result : E
03-01 17:24:39.196  1272 16361 I SehCamDevSession@5.0-impl: [CAMKPI] camera3->process_capture_result : X
03-01 17:24:39.196 14569 16311 I CameraV2Controller: onImageAvailable width :320 height 240
03-01 17:24:39.196 14569 16311 I SmartFaceService: Calling onPreviewFrame: Thread[Stay/Rotation Worker,5,main]/447911161
03-01 17:24:39.197 14569 16312 E SmartScreen_JNI: processImage start : prev time [ 101945 ]
03-01 17:24:39.200 15905 15922 D nativeloader: Load libgeller_jni_lib_split.so using class loader ns clns-10 (caller=/data/app/~~MR04iD9HQB7CFJKjpz6pGg==/com.google.android.googlequicksearchbox-OqxrHrRTbGVZ9r_EWgAdxA==/base.apk!classes2.dex): dlopen failed: library "libgeller_jni_lib_split.so" not found
03-01 17:24:39.206 14569 16312 E SmartScreen_JNI: processImage end : function time [ 8589 ] [90] 
03-01 17:24:39.206 14569 16312 I Stay/Rotation Worker: processSmartStay[9ms], ret: 90 needToStay: yes mFrameCount: 0 mFixed: false
03-01 17:24:39.207  1658  3374 E SmartFaceManager: checkForSmartStay onInfo: 100: 1
03-01 17:24:39.218  1272 16394 E ExynosCameraSec: [CAM(1)][Front_0]-(handleBayerBuffer[12735]):[F5 FT2 CAM1 B-1 ORBB4]Handling bayer buffer failed. Bayer buffer will be put. isServiceBayer 0, bufDirection 1 pipeId 6 ret -38
03-01 17:24:39.218  1272 16384 E ExynosCameraBufferManagerVendor: [CAM(1)][FLITE_BUF]-(getBuffer[317]):m_allocatedBufCount equals zero
03-01 17:24:39.219  1272 16384 E ExynosCameraBufferSupplierVendor: [CAM(1)][BufferSupplier]-(getBuffer[185]):[FLITE_BUF][P7 T0 B-1 A0x7c365915a8]Failed to getBuffer. ret -38
03-01 17:24:39.219  1272 16384 E ExynosCameraMCPipeSec: [CAM(1)][PIPE_3AA]-(m_putBuffer[855]):[F10 FT2][3AA_CAPTURE]Failed to getBuffer from BufferSupplier. ret -38 FrameQ_size (0, 3) size(4)
03-01 17:24:39.219  1272 16384 I ExynosCameraFrame: [CAM(1)][]-(printEntity[77]): FrameCount(10(0)), type(2), state(0), request(5), complete(0)
03-01 17:24:39.219  1272 16384 I ExynosCameraFrame: [CAM(1)][]-(printEntity[86]):[Req1] sibling id(6), state(2)
03-01 17:24:39.219  1272 16384 I ExynosCameraFrame: [CAM(1)][]-(printEntity[86]):[Req1] sibling id(47), state(1)
03-01 17:24:39.219  1272 16384 I ExynosCameraFrame: [CAM(1)][]-(printEntity[86]):[Req1] sibling id(12), state(1)
03-01 17:24:39.219  1272 16384 I ExynosCameraFrame: [CAM(1)][]-(printEntity[86]):[Req1] sibling id(45), state(1)
03-01 17:24:39.219  1272 16384 I ExynosCameraFrame: [CAM(1)][]-(printEntity[86]):[Req1] sibling id(87), state(1)
03-01 17:24:39.219  1272 16384 I ExynosCameraFrame: [CAM(1)][]-(printEntity[86]):[Req0] sibling id(33), state(1)
03-01 17:24:39.219  1272 16384 I ExynosCameraFrame: [CAM(1)][]-(printEntity[86]):[Req0] sibling id(34), state(1)
03-01 17:24:39.219  1272 16384 I ExynosCameraFrame: [CAM(1)][]-(m_dumpStatusForResultUpdate[1955]):[F10 T2]ResultType  0 PipeId   6 ResultUpdateStatus  1
03-01 17:24:39.219  1272 16384 I ExynosCameraFrame: [CAM(1)][]-(m_dumpStatusForResultUpdate[1955]):[F10 T2]ResultType  1 PipeId  12 ResultUpdateStatus  1
03-01 17:24:39.219  1272 16384 I ExynosCameraFrame: [CAM(1)][]-(m_dumpStatusForResultUpdate[1955]):[F10 T2]ResultType  2 PipeId  12 ResultUpdateStatus  1
03-01 17:24:39.219  1272 16384 I ExynosCameraFrame: [CAM(1)][]-(printNotDoneEntity[111]): FrameCount(10(0)), type(2), state(0), request(5), complete(0)
03-01 17:24:39.219  1272 16384 I ExynosCameraFrame: [CAM(1)][]-(printNotDoneEntity[121]):[Req:1] sibling id(6), state(2)
03-01 17:24:39.219  1272 16384 I ExynosCameraFrame: [CAM(1)][]-(printNotDoneEntity[121]):[Req:1] sibling id(47), state(1)
03-01 17:24:39.219  1272 16384 I ExynosCameraFrame: [CAM(1)][]-(printNotDoneEntity[121]):[Req:1] sibling id(12), state(1)
03-01 17:24:39.219  1272 16384 I ExynosCameraFrame: [CAM(1)][]-(printNotDoneEntity[121]):[Req:1] sibling id(45), state(1)
03-01 17:24:39.219  1272 16384 I ExynosCameraFrame: [CAM(1)][]-(printNotDoneEntity[121]):[Req:1] sibling id(87), state(1)
03-01 17:24:39.219  1272 16384 I ExynosCameraFrame: [CAM(1)][]-(printNotDoneEntity[121]):[Req:0] sibling id(33), state(1)
03-01 17:24:39.219  1272 16384 I ExynosCameraFrame: [CAM(1)][]-(printNotDoneEntity[121]):[Req:0] sibling id(34), state(1)
03-01 17:24:39.219  1272 16384 I ExynosCameraFrameVendor: [CAM(1)][]-(dump[162]):pipeId(88)'s request is true
03-01 17:24:39.219  1272 16384 I ExynosCameraFrameVendor: [CAM(1)][]-(dump[162]):pipeId(87)'s request is true
03-01 17:24:39.219  1272 16384 I ExynosCameraFrameVendor: [CAM(1)][]-(dump[162]):pipeId(75)'s request is true
03-01 17:24:39.219  1272 16384 I ExynosCameraFrameVendor: [CAM(1)][]-(dump[162]):pipeId(73)'s request is true
03-01 17:24:39.219  1272 16384 I ExynosCameraFrameVendor: [CAM(1)][]-(dump[162]):pipeId(51)'s request is true
03-01 17:24:39.219  1272 16384 I ExynosCameraFrameVendor: [CAM(1)][]-(dump[162]):pipeId(50)'s request is true
03-01 17:24:39.219  1272 16384 I ExynosCameraFrameVendor: [CAM(1)][]-(dump[162]):pipeId(49)'s request is true
03-01 17:24:39.219  1272 16384 I ExynosCameraFrameVendor: [CAM(1)][]-(dump[162]):pipeId(47)'s request is true
03-01 17:24:39.219  1272 16384 I ExynosCameraFrameVendor: [CAM(1)][]-(dump[162]):pipeId(45)'s request is true
03-01 17:24:39.219  1272 16384 I ExynosCameraFrameVendor: [CAM(1)][]-(dump[162]):pipeId(19)'s request is true
03-01 17:24:39.219  1272 16384 I ExynosCameraFrameVendor: [CAM(1)][]-(dump[162]):pipeId(12)'s request is true
03-01 17:24:39.219  1272 16384 I ExynosCameraFrameVendor: [CAM(1)][]-(dump[162]):pipeId(11)'s request is true
03-01 17:24:39.219  1272 16384 I ExynosCameraFrameVendor: [CAM(1)][]-(dump[162]):pipeId(9)'s request is true
03-01 17:24:39.219  1272 16384 I ExynosCameraFrameVendor: [CAM(1)][]-(dump[162]):pipeId(8)'s request is true
03-01 17:24:39.219  1272 16384 I ExynosCameraFrameVendor: [CAM(1)][]-(dump[162]):pipeId(7)'s request is true
03-01 17:24:39.219  1272 16384 I ExynosCameraFrameVendor: [CAM(1)][]-(dump[162]):pipeId(6)'s request is true
03-01 17:24:39.223 15905 15922 D nativeloader: Load /data/app/~~MR04iD9HQB7CFJKjpz6pGg==/com.google.android.googlequicksearchbox-OqxrHrRTbGVZ9r_EWgAdxA==/base.apk!/lib/arm64-v8a/libgeller_jni_lib.so using class loader ns clns-10 (caller=/data/app/~~MR04iD9HQB7CFJKjpz6pGg==/com.google.android.googlequicksearchbox-OqxrHrRTbGVZ9r_EWgAdxA==/base.apk!classes2.dex): ok
03-01 17:24:39.240 14569 16311 I CameraV2Controller: onImageAvailable width :320 height 240
03-01 17:24:39.240 14569 16311 I SmartFaceService: Calling onPreviewFrame: Thread[Stay/Rotation Worker,5,main]/447911205
03-01 17:24:39.241 14569 16312 E SmartScreen_JNI: processImage start : prev time [ 11767 ]
03-01 17:24:39.247 14569 16312 E SmartScreen_JNI: processImage end : function time [ 6068 ] [90] 
03-01 17:24:39.247 14569 16312 I Stay/Rotation Worker: processSmartStay[6ms], ret: 90 needToStay: yes mFrameCount: 1 mFixed: false
03-01 17:24:39.247  1658  3374 E SmartFaceManager: checkForSmartStay onInfo: 100: 1
03-01 17:24:39.248 14569 14600 I SmartFaceService: unregister:447911213
03-01 17:24:39.248 14569 14600 I SmartFaceService: unregister
03-01 17:24:39.248 14569 14600 I SmartFaceService: unregister client found. pid 1658 service type: 100
03-01 17:24:39.248 14569 14600 I SmartFaceService: Service Type to Worker: 0
03-01 17:24:39.248 14569 14600 I SmartFaceService: Last Active clients:1 Current Active clients: 0
03-01 17:24:39.248 14569 14600 I SmartFaceService: No active clients. close camera
03-01 17:24:39.248 14569 14600 I CameraController: closeCamera S
03-01 17:24:39.248 14569 16310 I CameraV2Controller: handleMessage(0) { when=0 what=0 obj=java.util.concurrent.CountDownLatch@c739d5a[Count = 1] target=a.h }
03-01 17:24:39.248  1438  1438 D Camera3-Device: clearStreamingRequest
03-01 17:24:39.248  1438  1438 I Camera3-Device: clearStreamingRequest - Camera 1: Clearing repeating request
03-01 17:24:39.249  1438  1438 D Camera2ClientBase: Camera 1: start to disconnect
03-01 17:24:39.249  1438  1438 D Camera2ClientBase: Camera 1: serializationLock acquired
03-01 17:24:39.249  1438  1438 D Camera2ClientBase: Camera 1: Shutting down
03-01 17:24:39.249  1438  1438 D Camera2ClientBase: Camera 1: start to cacheDump
03-01 17:24:39.249  1438  1438 I CameraDeviceClient: dumpClient E [1]
03-01 17:24:39.249  1438  1438 I camera_metadata: dump_indented_camera_metadata E
03-01 17:24:39.250  1438  1438 I camera_metadata: dump_indented_camera_metadata X
03-01 17:24:39.250  1438  1438 I camera_metadata: dump_indented_camera_metadata E
03-01 17:24:39.251  1438  1438 I camera_metadata: dump_indented_camera_metadata X
03-01 17:24:39.251  1438  1438 I CameraDeviceClient: dumpClient X
03-01 17:24:39.251  1438  1438 E Camera2-FrameProcessorBase: removeListener: 
03-01 17:24:39.258 15905 15933 I csbu    : (REDACTED) Setting isLegacySQLite mode to %s.
03-01 17:24:39.260  1438  1438 D Camera3-Device: flush: mInterfaceLock.lock()
03-01 17:24:39.261  1438  1438 I Camera3-Device: CameraServiceWatchDog::watchThread for flush with cycles=550, cycleLength=100ms, timer=55000ms
03-01 17:24:39.261  1438  1438 D HidlCamera3-Device: CameraPerf: flush E
03-01 17:24:39.261  1272  1616 I Unihal  : UniHal3InterfaceEntry.cpp: uni_flush: 405: E
03-01 17:24:39.261  1272  1616 I Unihal  : UniState.cpp: SetIsAlreadyCreated: 182: isAlreadyCreated=0, val=0
03-01 17:24:39.261  1272  1616 I Unihal  : UniState.cpp: transitState: 101: Transiting to state 5
03-01 17:24:39.261  1272  1616 I Unihal  : CameraHalUnit.cpp: Flush: 545: HAL flush - Start
03-01 17:24:39.261  1272  1616 I ExynosCameraInterface: [CAM(-1)][]-(HAL3_camera_device_flush[657]):INFO :in =====
03-01 17:24:39.261  1272  1616 I ExynosCameraVendorOps: [CAM(1)][Front_0]-(flush[4315]):IN+++
03-01 17:24:39.261  1438 16332 I Camera3-Status: markComponent: Component 1 is now idle - RequestThread
03-01 17:24:39.265  1272 16402 I ExynosCameraSec: [CAM(1)][Front_0]-(m_monitorThreadFunc[6628]):Flush is in progress
03-01 17:24:39.265  1272 16400 W ExynosCamera: [CAM(1)][Front_0]-(m_waitShotDone[75]):wait timeout
03-01 17:24:39.265  1272  1616 I ExynosCameraSec: [CAM(1)][Front_0]-(m_stopFrameFactory[3102]):
03-01 17:24:39.265  1272  1616 I ExynosCameraMCPipe: [CAM(1)][PIPE_3AA]-(stopThread[179]):
03-01 17:24:39.265  1272  1616 I ExynosCameraMCPipeSec: [CAM(1)][PIPE_3AA]-(m_dumpRunningFrameList[2874]):last fcount(HAL_DQ:1, DRV:8, HAL_Q:10)
03-01 17:24:39.265  1272  1616 I ExynosCameraMCPipeSec: [CAM(1)][PIPE_3AA]-(m_dumpRunningFrameList[2874]):last fcount(HAL_DQ:2, DRV:9, HAL_Q:10)
03-01 17:24:39.265  1272  1616 I ExynosCameraMCPipeSec: [CAM(1)][PIPE_3AA]-(m_dumpRunningFrameList[2874]):last fcount(HAL_DQ:3, DRV:10, HAL_Q:10)
03-01 17:24:39.265  1272  1616 I ExynosCameraMCPipeSec: [CAM(1)][PIPE_3AA]-(m_dumpRunningFrameList[2874]):last fcount(HAL_DQ:4, DRV:11, HAL_Q:10)
03-01 17:24:39.265  1272  1616 I ExynosCameraMCPipeSec: [CAM(1)][PIPE_3AA]-(m_dumpRunningFrameList[2874]):last fcount(HAL_DQ:5, DRV:12, HAL_Q:10)
03-01 17:24:39.265  1272  1616 I ExynosCameraMCPipeSec: [CAM(1)][PIPE_3AA]-(m_dumpRunningFrameList[2874]):last fcount(HAL_DQ:0, DRV:0, HAL_Q:10)
03-01 17:24:39.265  1272 16384 W ExynosCameraMCPipeSec: [CAM(1)][PIPE_3AA]-(m_putBuffer[703]):HAL(10, 5, gbt(1) size(5)) inputFrameQ wait timeout,Duration(1),LogCnt(1) FrameQ_size (0, 4)
03-01 17:24:39.265  1272  1616 I ExynosCameraMCPipeSec: [CAM(1)][PIPE_3AA]-(m_dumpRunningFrameList[2889]):[FLITE] runningFrameList[0][0]: fcount = 9
03-01 17:24:39.265  1272  1616 I ExynosCameraMCPipeSec: [CAM(1)][PIPE_3AA]-(m_dumpRunningFrameList[2889]):[FLITE] runningFrameList[0][1]: fcount = 10
03-01 17:24:39.265  1272  1616 I ExynosCameraMCPipeSec: [CAM(1)][PIPE_3AA]-(m_dumpRunningFrameList[2889]):[FLITE] runningFrameList[0][5]: fcount = 6
03-01 17:24:39.265  1272  1616 I ExynosCameraMCPipeSec: [CAM(1)][PIPE_3AA]-(m_dumpRunningFrameList[2889]):[FLITE] runningFrameList[0][6]: fcount = 7
03-01 17:24:39.265  1272  1616 I ExynosCameraMCPipeSec: [CAM(1)][PIPE_3AA]-(m_dumpRunningFrameList[2889]):[FLITE] runningFrameList[0][7]: fcount = 8
03-01 17:24:39.265  1272  1616 I ExynosCameraMCPipeSec: [CAM(1)][PIPE_3AA]-(m_dumpRunningFrameList[2889]):[3AA_PREVIEW] runningFrameList[6][2]: fcount = 6
03-01 17:24:39.265  1272  1616 I ExynosCameraMCPipeSec: [CAM(1)][PIPE_3AA]-(m_dumpRunningFrameList[2889]):[3AA_PREVIEW] runningFrameList[6][3]: fcount = 7
03-01 17:24:39.265  1272  1616 I ExynosCameraMCPipeSec: [CAM(1)][PIPE_3AA]-(m_dumpRunningFrameList[2889]):[3AA_PREVIEW] runningFrameList[6][4]: fcount = 8
03-01 17:24:39.265  1272  1616 I ExynosCameraMCPipeSec: [CAM(1)][PIPE_3AA]-(m_dumpRunningFrameList[2889]):[3AA_PREVIEW] runningFrameList[6][5]: fcount = 9
03-01 17:24:39.265  1272  1616 I ExynosCameraMCPipeSec: [CAM(1)][PIPE_3AA]-(m_dumpRunningFrameList[2889]):[3AA_PREVIEW] runningFrameList[6][6]: fcount = 10
03-01 17:24:39.265  1272  1616 I ExynosCameraMCPipeSec: [CAM(1)][PIPE_3AA]-(m_dumpRunningFrameList[2889]):[3AA_FD] runningFrameList[26][0]: fcount = 7
03-01 17:24:39.265  1272  1616 I ExynosCameraMCPipeSec: [CAM(1)][PIPE_3AA]-(m_dumpRunningFrameList[2889]):[3AA_FD] runningFrameList[26][1]: fcount = 8
03-01 17:24:39.265  1272  1616 I ExynosCameraMCPipeSec: [CAM(1)][PIPE_3AA]-(m_dumpRunningFrameList[2889]):[3AA_FD] runningFrameList[26][2]: fcount = 9
03-01 17:24:39.265  1272  1616 I ExynosCameraMCPipeSec: [CAM(1)][PIPE_3AA]-(m_dumpRunningFrameList[2889]):[3AA_FD] runningFrameList[26][3]: fcount = 10
03-01 17:24:39.265  1272  1616 I ExynosCameraMCPipeSec: [CAM(1)][PIPE_3AA]-(m_dumpRunningFrameList[2889]):[3AA_FD] runningFrameList[26][5]: fcount = 6
03-01 17:24:39.265  1272  1616 I ExynosCameraMCPipeSec: [CAM(1)][PIPE_3AA]-(m_dumpRunningFrameList[2889]):[3AA_ORBC] runningFrameList[29][0]: fcount = 9
03-01 17:24:39.265  1272  1616 I ExynosCameraMCPipeSec: [CAM(1)][PIPE_3AA]-(m_dumpRunningFrameList[2889]):[3AA_ORBC] runningFrameList[29][1]: fcount = 10
03-01 17:24:39.265  1272  1616 I ExynosCameraMCPipeSec: [CAM(1)][PIPE_3AA]-(m_dumpRunningFrameList[2889]):[3AA_ORBC] runningFrameList[29][5]: fcount = 6
03-01 17:24:39.265  1272  1616 I ExynosCameraMCPipeSec: [CAM(1)][PIPE_3AA]-(m_dumpRunningFrameList[2889]):[3AA_ORBC] runningFrameList[29][6]: fcount = 7
03-01 17:24:39.265  1272  1616 I ExynosCameraMCPipeSec: [CAM(1)][PIPE_3AA]-(m_dumpRunningFrameList[2889]):[3AA_ORBC] runningFrameList[29][7]: fcount = 8
03-01 17:24:39.265  1272  1616 I ExynosCameraMCPipeSec: [CAM(1)][PIPE_3AA]-(m_dumpRunningFrameList[2889]):[3AA_DRC] runningFrameList[30][0]: fcount = 9
03-01 17:24:39.265  1272  1616 I ExynosCameraMCPipeSec: [CAM(1)][PIPE_3AA]-(m_dumpRunningFrameList[2889]):[3AA_DRC] runningFrameList[30][1]: fcount = 10
03-01 17:24:39.265  1272  1616 I ExynosCameraMCPipeSec: [CAM(1)][PIPE_3AA]-(m_dumpRunningFrameList[2889]):[3AA_DRC] runningFrameList[30][5]: fcount = 6
03-01 17:24:39.265  1272  1616 I ExynosCameraMCPipeSec: [CAM(1)][PIPE_3AA]-(m_dumpRunningFrameList[2889]):[3AA_DRC] runningFrameList[30][6]: fcount = 7
03-01 17:24:39.265  1272  1616 I ExynosCameraMCPipeSec: [CAM(1)][PIPE_3AA]-(m_dumpRunningFrameList[2889]):[3AA_DRC] runningFrameList[30][7]: fcount = 8
03-01 17:24:39.265  1272  1616 I ExynosCameraMCPipe: [CAM(1)][PIPE_3AA]-(stopThread[201]):stopThread is succeed, Pipe(6)
03-01 17:24:39.265  1272  1616 I ExynosCameraMCPipe: [CAM(1)][PIPE_LME_SRC_IMAGE]-(stopThread[179]):
03-01 17:24:39.265  1272  1616 I ExynosCameraMCPipeSec: [CAM(1)][PIPE_LME_SRC_IMAGE]-(m_dumpRunningFrameList[2874]):last fcount(HAL_DQ:4, DRV:11, HAL_Q:5)
03-01 17:24:39.265  1272 16386 W ExynosCameraMCPipeSec: [CAM(1)][PIPE_LME_SRC_IMAGE]-(m_putBuffer[703]):HAL(5, 5, gbt(1) size(0)) inputFrameQ wait timeout,Duration(1),LogCnt(1) FrameQ_size (0, 0)
03-01 17:24:39.265  1272 16389 W ExynosCameraMCPipeSec: [CAM(1)][PIPE_LME_SRC_IMAGE]-(m_getBuffer[1255]):HAL(5, 5, pbt(1) size(0)) requestFrameQ wait timeout,Duration(1),LogCnt(1) FrameQ_size(0, 0)
03-01 17:24:39.266  1272  1616 I ExynosCameraMCPipeSec: [CAM(1)][PIPE_LME_SRC_IMAGE]-(m_dumpRunningFrameList[2874]):last fcount(HAL_DQ:5, DRV:12, HAL_Q:5)
03-01 17:24:39.266  1272  1616 I ExynosCameraMCPipeSec: [CAM(1)][PIPE_LME_SRC_IMAGE]-(m_dumpRunningFrameList[2874]):last fcount(HAL_DQ:0, DRV:0, HAL_Q:5)
03-01 17:24:39.266  1272  1616 I ExynosCameraMCPipe: [CAM(1)][PIPE_LME_SRC_IMAGE]-(stopThread[201]):stopThread is succeed, Pipe(47)
03-01 17:24:39.266  1272  1616 I ExynosCameraMCPipe: [CAM(1)][PIPE_ISP]-(stopThread[179]):
03-01 17:24:39.266  1272 16390 W ExynosCameraMCPipeSec: [CAM(1)][PIPE_ISP]-(m_putBuffer[703]):HAL(5, 5, gbt(1) size(0)) inputFrameQ wait timeout,Duration(1),LogCnt(1) FrameQ_size (0, 0)
03-01 17:24:39.266  1272  1616 I ExynosCameraMCPipeSec: [CAM(1)][PIPE_ISP]-(m_dumpRunningFrameList[2874]):last fcount(HAL_DQ:4, DRV:11, HAL_Q:5)
03-01 17:24:39.266  1272  1616 I ExynosCameraMCPipeSec: [CAM(1)][PIPE_ISP]-(m_dumpRunningFrameList[2874]):last fcount(HAL_DQ:5, DRV:12, HAL_Q:5)
03-01 17:24:39.266  1272  1616 I ExynosCameraMCPipeSec: [CAM(1)][PIPE_ISP]-(m_dumpRunningFrameList[2874]):last fcount(HAL_DQ:0, DRV:0, HAL_Q:5)
03-01 17:24:39.266  1272  1616 I ExynosCameraMCPipe: [CAM(1)][PIPE_ISP]-(stopThread[201]):stopThread is succeed, Pipe(12)
03-01 17:24:39.266  1272  1616 I ExynosCameraPipe: [CAM(1)][PIPE_NFD]-(m_dumpRunningFrameList[393]):last fcount(HAL:1, DRV:8)
03-01 17:24:39.266  1272  1616 I ExynosCameraPipe: [CAM(1)][PIPE_NFD]-(m_dumpRunningFrameList[393]):last fcount(HAL:2, DRV:9)
03-01 17:24:39.266  1272  1616 I ExynosCameraPipe: [CAM(1)][PIPE_NFD]-(m_dumpRunningFrameList[393]):last fcount(HAL:3, DRV:10)
03-01 17:24:39.266  1272  1616 I ExynosCameraPipe: [CAM(1)][PIPE_NFD]-(m_dumpRunningFrameList[393]):last fcount(HAL:4, DRV:11)
03-01 17:24:39.266  1272  1616 I ExynosCameraPipe: [CAM(1)][PIPE_NFD]-(m_dumpRunningFrameList[393]):last fcount(HAL:5, DRV:12)
03-01 17:24:39.266  1272  1616 I ExynosCameraPipe: [CAM(1)][PIPE_NFD]-(m_dumpRunningFrameList[393]):last fcount(HAL:0, DRV:0)
03-01 17:24:39.266  1272  1616 I ExynosCameraPipe: [CAM(1)][PIPE_NFD]-(m_dumpRunningFrameList[397]):*********runningFrameList dump***********
03-01 17:24:39.266  1272  1616 I ExynosCameraPipe: [CAM(1)][PIPE_NFD]-(m_dumpRunningFrameList[398]):m_numBuffers : 0
03-01 17:24:39.266  1272 16391 W ExynosCameraMCPipeSec: [CAM(1)][PIPE_ISP]-(m_getBuffer[1255]):HAL(5, 5, pbt(0) size(0)) requestFrameQ wait timeout,Duration(1),LogCnt(1) FrameQ_size(0, 0)
03-01 17:24:39.266  1272  1616 I ExynosCameraPipe: [CAM(1)][PIPE_MERTA]-(m_dumpRunningFrameList[393]):last fcount(HAL:4, DRV:11)
03-01 17:24:39.266  1272  1616 I ExynosCameraPipe: [CAM(1)][PIPE_MERTA]-(m_dumpRunningFrameList[393]):last fcount(HAL:5, DRV:12)
03-01 17:24:39.266  1272  1616 I ExynosCameraPipe: [CAM(1)][PIPE_MERTA]-(m_dumpRunningFrameList[393]):last fcount(HAL:0, DRV:0)
03-01 17:24:39.266  1272  1616 I ExynosCameraPipe: [CAM(1)][PIPE_MERTA]-(m_dumpRunningFrameList[397]):*********runningFrameList dump***********
03-01 17:24:39.266  1272  1616 I ExynosCameraPipe: [CAM(1)][PIPE_MERTA]-(m_dumpRunningFrameList[398]):m_numBuffers : 0
03-01 17:24:39.266  1272  1616 I ExynosCameraMCPipeSec: [CAM(1)][PIPE_3AA]-(sensorStream[350]):
03-01 17:24:39.273 15905 15931 I csbu    : (REDACTED) Setting isLegacySQLite mode to %s.
03-01 17:24:39.282  1272  1616 I ExynosCameraMCPipe: [CAM(1)][PIPE_3AA]-(m_forceDone[1234]):
03-01 17:24:39.283  1272 16394 I ExynosCameraVendorPreview: [CAM(1)][Front_0]-(m_previewStreamFunc[6790]):[F6 P6]Flush is in progress.
03-01 17:24:39.283  1272  1616 I ExynosCameraMCPipe: [CAM(1)][PIPE_3AA]-(forceDone[335]):forceDone() is succeed, Pipe(6)
03-01 17:24:39.283  1272  1616 I ExynosCameraMCPipe: [CAM(1)][PIPE_3AA]-(m_stopNode[1382]):
03-01 17:24:39.283 15905 15925 I csbu    : (REDACTED) Setting isLegacySQLite mode to %s.
03-01 17:24:39.292 15905 15922 I csbu    : (REDACTED) Setting isLegacySQLite mode to %s.
03-01 17:24:39.313  1272  1616 I ExynosCameraMCPipe: [CAM(1)][PIPE_3AA]-(stop[136]):Thread exited
03-01 17:24:39.313  1272  1616 I ExynosCameraMCPipe: [CAM(1)][PIPE_3AA]-(stop[169]):stop() is succeed, Pipe(6)
03-01 17:24:39.313  1272  1616 I ExynosCameraMCPipe: [CAM(1)][PIPE_LME_SRC_IMAGE]-(m_forceDone[1234]):
03-01 17:24:39.313  1272  1616 I ExynosCameraMCPipe: [CAM(1)][PIPE_LME_SRC_IMAGE]-(forceDone[335]):forceDone() is succeed, Pipe(47)
03-01 17:24:39.313  1272  1616 I ExynosCameraMCPipe: [CAM(1)][PIPE_LME_SRC_IMAGE]-(m_stopNode[1382]):
03-01 17:24:39.314  1272  1616 I ExynosCameraMCPipe: [CAM(1)][PIPE_LME_SRC_IMAGE]-(stop[136]):Thread exited
03-01 17:24:39.314  1272  1616 I ExynosCameraMCPipe: [CAM(1)][PIPE_LME_SRC_IMAGE]-(stop[169]):stop() is succeed, Pipe(47)
03-01 17:24:39.314  1272  1616 I ExynosCameraMCPipe: [CAM(1)][PIPE_ISP]-(m_forceDone[1234]):
03-01 17:24:39.314  1272  1616 I ExynosCameraMCPipe: [CAM(1)][PIPE_ISP]-(forceDone[335]):forceDone() is succeed, Pipe(12)
03-01 17:24:39.314  1272  1616 I ExynosCameraMCPipe: [CAM(1)][PIPE_ISP]-(m_stopNode[1382]):
03-01 17:24:39.321  1272  1616 I ExynosCameraNode: [CAM(1)][ISP_SVHIST]-(stop[477]):skip node stop. request buffer is zeor
03-01 17:24:39.321  1272  1616 I ExynosCameraNode: [CAM(1)][ISP_SVHIST]-(m_clrBuffers[1029]):not yet requested. so, just return 0(fd:-1, count:0)
03-01 17:24:39.321  1272  1616 I ExynosCameraNode: [CAM(1)][ISP_DRC_GAIN]-(stop[477]):skip node stop. request buffer is zeor
03-01 17:24:39.321  1272  1616 I ExynosCameraNode: [CAM(1)][ISP_DRC_GAIN]-(m_clrBuffers[1029]):not yet requested. so, just return 0(fd:-1, count:0)
03-01 17:24:39.321  1272  1616 I ExynosCameraNode: [CAM(1)][MCSC_PREVIEW_CALLBACK]-(stop[477]):skip node stop. request buffer is zeor
03-01 17:24:39.321  1272  1616 I ExynosCameraNode: [CAM(1)][MCSC_PREVIEW_CALLBACK]-(m_clrBuffers[1029]):not yet requested. so, just return 0(fd:-1, count:0)
03-01 17:24:39.321  1272  1616 I ExynosCameraNode: [CAM(1)][MCSC_RECORDING]-(stop[477]):skip node stop. request buffer is zeor
03-01 17:24:39.321  1272  1616 I ExynosCameraNode: [CAM(1)][MCSC_RECORDING]-(m_clrBuffers[1029]):not yet requested. so, just return 0(fd:-1, count:0)
03-01 17:24:39.321  1272  1616 I ExynosCameraNode: [CAM(1)][ISP_NRDS]-(stop[477]):skip node stop. request buffer is zeor
03-01 17:24:39.321  1272  1616 I ExynosCameraNode: [CAM(1)][ISP_NRDS]-(m_clrBuffers[1029]):not yet requested. so, just return 0(fd:-1, count:0)
03-01 17:24:39.321  1272  1616 I ExynosCameraNode: [CAM(1)][ISP_NOISE]-(stop[477]):skip node stop. request buffer is zeor
03-01 17:24:39.321  1272  1616 I ExynosCameraNode: [CAM(1)][ISP_NOISE]-(m_clrBuffers[1029]):not yet requested. so, just return 0(fd:-1, count:0)
03-01 17:24:39.321  1272  1616 I ExynosCameraMCPipe: [CAM(1)][PIPE_ISP]-(stop[136]):Thread exited
03-01 17:24:39.321  1272  1616 I ExynosCameraMCPipe: [CAM(1)][PIPE_ISP]-(stop[169]):stop() is succeed, Pipe(12)
03-01 17:24:39.321  1272  1616 I ExynosCameraPipePlugIn: [CAM(1)][PIPE_NFD]-(stop[142]):
03-01 17:24:39.321  1272  1616 I VPL_Library: Destroying VPL handle 0xb400007e822b6c40
03-01 17:24:39.322  1272  1616 I VPL_Library: Destroyed VPL handle - successfully.
03-01 17:24:39.322  1272  1616 I ExynosCameraSWPipe: [CAM(1)][PIPE_NFD]-(stop[43]):
03-01 17:24:39.322  1272  1616 I ExynosCameraSWPipe: [CAM(1)][PIPE_NFD]-(stop[51]):thead exited
03-01 17:24:39.322  1272  1616 I ExynosCameraPipe: [CAM(1)][PIPE_NFD]-(m_dumpRunningFrameList[393]):last fcount(HAL:1, DRV:8)
03-01 17:24:39.322  1272  1616 I ExynosCameraPipe: [CAM(1)][PIPE_NFD]-(m_dumpRunningFrameList[393]):last fcount(HAL:2, DRV:9)
03-01 17:24:39.322  1272  1616 I ExynosCameraPipe: [CAM(1)][PIPE_NFD]-(m_dumpRunningFrameList[393]):last fcount(HAL:3, DRV:10)
03-01 17:24:39.322  1272  1616 I ExynosCameraPipe: [CAM(1)][PIPE_NFD]-(m_dumpRunningFrameList[393]):last fcount(HAL:4, DRV:11)
03-01 17:24:39.322  1272  1616 I ExynosCameraPipe: [CAM(1)][PIPE_NFD]-(m_dumpRunningFrameList[393]):last fcount(HAL:5, DRV:12)
03-01 17:24:39.322  1272  1616 I ExynosCameraPipe: [CAM(1)][PIPE_NFD]-(m_dumpRunningFrameList[393]):last fcount(HAL:0, DRV:0)
03-01 17:24:39.322  1272  1616 I ExynosCameraPipe: [CAM(1)][PIPE_NFD]-(m_dumpRunningFrameList[397]):*********runningFrameList dump***********
03-01 17:24:39.322  1272  1616 I ExynosCameraPipe: [CAM(1)][PIPE_NFD]-(m_dumpRunningFrameList[398]):m_numBuffers : 0
03-01 17:24:39.322  1272  1616 I ExynosCameraPipePlugIn: [CAM(1)][PIPE_MERTA]-(stop[142]):
03-01 17:24:39.322  1272  1616 I MERTA_Plugin: INFO(stop[115]):stop[115]
03-01 17:24:39.322  1272  1616 I ExynosCameraSWPipe: [CAM(1)][PIPE_MERTA]-(stop[43]):
03-01 17:24:39.322  1272  1616 I ExynosCameraSWPipe: [CAM(1)][PIPE_MERTA]-(stop[51]):thead exited
