03-01 17:24:38.516  1272  1616 I Unihal  : ScenarioManager.cpp: IsSupported3rdPartyVideoHdr: 1205: SAMSUNG_ANDROID_UNIHAL_VIDEO_MODE doesn't exist.
03-01 17:24:38.516  1272  1616 I Unihal  : ScenarioManager.cpp: IsSupported3rdPartySdkVdis: 1271: SAMSUNG_ANDROID_UNIHAL_VIDEO_MODE doesn't exist.
03-01 17:24:38.516  1272  1616 I Unihal  : ScenarioManager.cpp: IsAllowed3rdParty: 2037: 3rd-party bypass is applied to this application.
03-01 17:24:38.516  1272  1616 I Unihal  : ScenarioManager.cpp: FindScenarioInfo: 2115: Current shootingMode=0x0001000c(UNI_SHOOTING_MODE_3RD_PARTY_BYPASS), cameraId=1(UNI_FWK_CAMERA_ID_FRONT)
03-01 17:24:38.516  1272  1616 I Unihal  : ScenarioManager.cpp: FindScenarioInfo: 2123: No Scenario is found for shootingMode(UNI_SHOOTING_MODE_3RD_PARTY_BYPASS)
03-01 17:24:38.516  1272  1616 I Unihal  : ScenarioManager.cpp: CheckEnableCondition: 2265: Unihal is disabled. : isSamsungCamera=false, isFactoryTest=false, isGalaxyRaw = false, isAllowed3rdParty=true, foundScenario=false, isValidStreamConfiguration=false, isSamsungVdisEnabled=false, isTestPatternMode=false, shootingMode=UNI_SHOOTING_MODE_3RD_PARTY_BYPASS
03-01 17:24:38.516  1272  1616 I Unihal  : FwkCaptureManager.cpp: Release: 173: Already released.
03-01 17:24:38.516  1272  1616 I Unihal  : CameraHalUnit.cpp: ConfigureStreams: 260: Unihal is bypass mode in current scenario.
03-01 17:24:38.516  1272  1616 I ExynosCameraInterface: [CAM(-1)][]-(HAL3_camera_device_configure_streams[578]):[CAMSYSKPI] in =====
03-01 17:24:38.516  1272  1616 I ExynosCameraVendorOps: [CAM(1)][Front_0]-(configureStreams[87]):In
03-01 17:24:38.516  1272  1616 I ExynosCameraVendorOps: [CAM(1)][Front_0]-(configureStreams[134]):m_firstPreviewTimer start
03-01 17:24:38.516  1272  1616 I ExynosCameraMetadataConverterVendor: [CAM(1)][]-(setVendorPreSessionParams[8072]):UNI_HAL_MODE (0)
03-01 17:24:38.516  1272  1616 I ExynosCameraConfigurationsSec: [CAM(1)][Front_0]-(m_checkCameraClient[2483]):Camera Client 0
03-01 17:24:38.516  1272  1616 I ExynosCameraMetadataConverterVendor: [CAM(1)][]-(setVendorPreSessionParams[8091]):SHOT_MODE(0)
03-01 17:24:38.516  1272  1616 I ExynosCameraSec: [CAM(1)][Front_0]-(m_frameManagerStart[32303]):IN
03-01 17:24:38.516  1272  1616 I ExynosCameraParametersSec: [CAM(1)][Front_0]-(setUseSensorPackedBayer[4202]):PackedBayer ENABLE
03-01 17:24:38.516  1272  1616 I ExynosCameraParametersSec: [CAM(1)][Front_0]-(m_setLensPos[12973]):[DOF]position: 0
03-01 17:24:38.517  1272  1616 I SecCameraUtil: [CAM(-1)][]-(setMetaCtlLensPos[367]):[DOF] lens pos : 0
03-01 17:24:38.517  1272  1616 I ExynosCameraParametersSec: [CAM(1)][Front_0]-(check12BitImageFormat[17159]):m_12BitImageFormat 0
03-01 17:24:38.517  1272  1616 I ExynosCameraParametersSec: [CAM(1)][Front_0]-(checkExtSensorMode[16976]):m_ExtendSensorMode 0
03-01 17:24:38.517  1272  1616 I ExynosCameraVendorOps: [CAM(1)][Front_0]-(configureStreams[422]):[LCAM] it's 3rd party logical camera = 0  samsungSDK =0
03-01 17:24:38.517  1272  1616 I ExynosCameraSec: [CAM(1)][Front_0]-(m_setStreamInfo[13382]):In
03-01 17:24:38.517  1272  1616 I ExynosCameraConfigurationsSec: [CAM(1)][Front_0]-(setMode[1343]):YSUM Recording OFF
03-01 17:24:38.517  1272  1616 I ExynosCameraSec: [CAM(1)][Front_0]-(m_setStreamInfo[13430]):Stream(0xb400007d622490f8), ID(0), type(0), usage(0x3) format(0x23) w(320),h(240), option(0), physical_camera_id()
03-01 17:24:38.517  1272  1616 I ExynosCameraSec: [CAM(1)][Front_0]-(m_enumStreamInfo[13730]):config_mode[0] shot_mode[0] previewCache[1] videoCache[1]
03-01 17:24:38.517  1272  1616 I ExynosCameraSec: [CAM(1)][Front_0]-(m_setStreamInfo[13622]):out
03-01 17:24:38.517  1272  1616 I ExynosCameraParametersSec: [CAM(1)][Front_0]-(m_checkCaptureTNR[14623]):[TnrCapture] isCaptureTNR(1)
03-01 17:24:38.517  1272  1616 I ExynosCameraVendorOps: [CAM(1)][Front_0]-(configureStreams[479]):CONFIG_MODE::NORMAL_TNR
03-01 17:24:38.517  1272  1616 I ExynosCameraConfigurationsSec: [CAM(1)][Front_0]-(checkAndSetupVideoTNR[2852]):[VideoTNR] Mode = 1
03-01 17:24:38.517  1272  1616 I ExynosCameraSec: [CAM(1)][Front_0]-(m_constructFrameFactory[9056]):-IN-
03-01 17:24:38.517  1272  1616 I ExynosCameraSec: [CAM(1)][Front_0]-(m_constructFrameFactory[9283]):-OUT-
03-01 17:24:38.517  1272  1616 I ExynosCameraSec: DEBUG:duration time(    0 msec):(m_constructFrameFactory)
03-01 17:24:38.517  1272  1616 I ExynosCameraSec: [CAM(1)][Front_0]-(m_checkVideoStreamPriority[28616]):m_flagVideoStreamPriority(0), m_flagUseOnePort(0)
03-01 17:24:38.518  1272  1616 I ExynosCameraSec: [CAM(1)][Front_0]-(m_setExtraStreamInfo[13629]):In
03-01 17:24:38.518  1272  1616 I ExynosCameraSec: [CAM(1)][Front_0]-(m_enumExtraStreamInfo[14452]):HAL_PIXEL_FORMAT_YCbCr_420_888 format(0x23) usage(0x3) stream_type(0), option(0)
03-01 17:24:38.518  1272  1616 I ExynosCameraStreamManagerSec: [CAM(-1)][]-(m_insert[420]):INFO :inserted stream and id is (4)
03-01 17:24:38.518  1272  1616 I ExynosCameraStreamManagerSec: [CAM(-1)][]-(m_insert[451]):INFO :m_increaseYuvStreamCount(4)
03-01 17:24:38.518  1272  1616 I ExynosCameraStreamManagerSec: [CAM(-1)][]-(setExtInfo[313]):Set extInfos (HQ_YUV_CB, 1)
03-01 17:24:38.518  1272  1616 I ExynosCameraSec: [CAM(1)][Front_0]-(m_setExtraStreamInfo[13692]):out
03-01 17:24:38.518  1272 16341 I ExynosCameraSec: [CAM(1)][Front_0]-(m_frameFactoryCreateThreadFunc[2950]):
03-01 17:24:38.518  1272  1616 I ExynosCameraVendorOps: [CAM(1)][Front_0]-(configureStreams[788]):list_index 0 streamId 4, stream_type 0, size 320x240, format 23, usage 0x20003
03-01 17:24:38.518  1272 16341 I ExynosCameraSec: [CAM(1)][Front_0]-(m_frameFactoryCreateThreadFunc[2970]):framefactory create
03-01 17:24:38.518  1272  1616 I ExynosCameraVendorOps: [CAM(1)][Front_0]-(configureStreams[790]):max_buffers 12, needMmap 1, physCamID -1, optionPhysCamId 0, remoteStreamOption 0, slaveCallbac, kStreamOption 0/0
03-01 17:24:38.518  1272  1616 I ExynosCameraVendorOps: [CAM(1)][Front_0]-(configureStreams[816]):registerStream 2 registerbuffer 17
03-01 17:24:38.518  1272  1616 I ExynosCameraParametersSec: [CAM(1)][Front_0]-(checkYuvSize[10446]):camType(0) curYuvSize(0x0) newYuvSize(320x240) outputPortId(0) curRatio(1)
03-01 17:24:38.518  1272  1616 I ExynosCameraParametersSec: [CAM(1)][Front_0]-(checkHwYuvSize[10523]):curHwYuvSize 0x0 newHwYuvSize 320x240 outputPortId 0
03-01 17:24:38.518  1272  1616 I ExynosCameraParametersSec: [CAM(1)][Front_0]-(checkYuvSize[10446]):camType(0) curYuvSize(0x0) newYuvSize(320x240) outputPortId(3) curRatio(1)
03-01 17:24:38.518  1272  1616 I ExynosCameraParametersSec: [CAM(1)][Front_0]-(checkHwYuvSize[10523]):curHwYuvSize 0x0 newHwYuvSize 320x240 outputPortId 3
03-01 17:24:38.518  1272  1616 I ExynosCameraVendorOps: [CAM(1)][Front_0]-(configureStreams[2149]):Create buffer manager(PREVIEW_CB)
03-01 17:24:38.518  1272  1616 I ExynosCameraBufferSupplierVendor: [CAM(1)][BufferSupplier]-(createBufferManager[108]):[PREVIEW_CB_STREAM_BUF]Created. P 19,215,-1,-1,-1, T 3
03-01 17:24:38.518  1272  1616 I ExynosCameraVendorOps: [CAM(1)][Front_0]-(configureStreams[2172]):planeCount = 2, planeSize[0] = 115200, bytesPerLine[0] = 0, outputPortId = 0 size = 320x240
03-01 17:24:38.523  1272  1616 I ExynosCameraBufferManagerVendor: [CAM(1)][PREVIEW_CB_STREAM_BUF]-(alloc[1609]):Allocate the buffer succeeded (m_allocatedBufCount=64, m_reqBufCount=64, m_allowedMaxBufCount=64) --- dumpBufferInfo ---
03-01 17:24:38.523  1272  1616 I ExynosCameraBufferManagerVendor: DEBUG:duration time(    5 msec):(alloc)
03-01 17:24:38.529  1272 16325 I EDEN    : [Exynos][EDEN][v1.6.23][UD::NPU::LINK] link_open_model:1362: opened device_fd: 15, mode: 0 model_id:127202171
03-01 17:24:38.533  1272 16325 I EDEN    : [Exynos][EDEN][v1.6.23][UD::NPU::LINK] link_open_model:1450: device fd(15) unique_id(0)
03-01 17:24:38.534  1272 16325 I EDEN    : [Exynos][EDEN][v1.6.23][UD::NPU::LINK] _apply_performance_mode:414: NPU_S_PARAM_PERF_MODE : 0
03-01 17:24:38.534  1272 16325 I EDEN    : [Exynos][EDEN][v1.6.23][UD::NPU::LINK] _apply_performance_mode:415: NPU_S_PARAM_PRIORITY : 0
03-01 17:24:38.534  1272 16325 I EDEN    : [Exynos][EDEN][v1.6.23][UD::NPU::LINK] _apply_performance_mode:416: NPU_S_PARAM_LATENCY : 25000
03-01 17:24:38.534  1272 16325 I EDEN    : [Exynos][EDEN][v1.6.23][UD::NPU] _open_thread_main:843: open ret=0, ncp->state: 0
03-01 17:24:38.534  1272 16325 I EDEN    : [Exynos][EDEN][v1.6.23][UD::NPU] _open_thread_main:839: open [0xb400007df2240590], ncp->id=127202171, state=1, name=OD_V2.1.6_01_26_QVGA_ncp.bin
03-01 17:24:38.534  1272 16325 I EDEN    : [Exynos][EDEN][v1.6.23][UD::NPU] _open_thread_main:908: g_cond_open. dev_state(4)
03-01 17:24:38.534  1272 16325 I EDEN    : [Exynos][EDEN][v1.6.23][UD::NPU] _open_thread_main:922: # opened model[0xb400007df2240590], ncp->id=127202171, state=1, name=OD_V2.1.6_01_26_QVGA_ncp.bin
03-01 17:24:38.534  1272 16315 I EDEN    : [Exynos][EDEN][v1.6.23][RT::EdenManager] addModelInformation:2990: Opened Models: NPU(1), CPU(0), GPU(0)
03-01 17:24:38.534  1272 16315 I EDEN    : [Exynos][EDEN][v1.6.23][RT::EdenRuntime] OpenModelFromFile:252: (-)
03-01 17:24:38.534  1272 16315 I VPL_Library: Allocated 1 EDEN input buffers
03-01 17:24:38.534  1272 16315 I VPL_Library: Input buffer 0: addr=0x7c5ddd1000, size=230400 bytes
03-01 17:24:38.535  1272 16315 I EDEN    : [Exynos][EDEN][v1.6.23][NN::EdenMemoryManager] AllocateBuffersForOutputOperands:221: ========Dump Output Buffers Info========
03-01 17:24:38.535  1272 16315 I EDEN    : [Exynos][EDEN][v1.6.23][NN::EdenMemoryManager] AllocateBuffersForOutputOperands:222: Model Id : [127202171]
03-01 17:24:38.535  1272 16315 I EDEN    : [Exynos][EDEN][v1.6.23][NN::EdenMemoryManager] AllocateBuffersForOutputOperands:223: output memInfo->buffers=[0xb400007d62240b70]
03-01 17:24:38.535  1272 16315 I EDEN    : [Exynos][EDEN][v1.6.23][NN::EdenMemoryManager] AllocateBuffersForOutputOperands:229: 	 output[0] addr=[0x7c44c18000], size=[384000]
03-01 17:24:38.535  1272 16315 I EDEN    : [Exynos][EDEN][v1.6.23][NN::EdenMemoryManager] AllocateBuffersForOutputOperands:229: 	 output[1] addr=[0x7c44c76000], size=[115200]
03-01 17:24:38.535  1272 16315 I EDEN    : [Exynos][EDEN][v1.6.23][NN::EdenMemoryManager] AllocateBuffersForOutputOperands:229: 	 output[2] addr=[0x7c44c93000], size=[96000]
03-01 17:24:38.535  1272 16315 I EDEN    : [Exynos][EDEN][v1.6.23][NN::EdenMemoryManager] AllocateBuffersForOutputOperands:229: 	 output[3] addr=[0x7c44cab000], size=[28800]
03-01 17:24:38.535  1272 16315 I EDEN    : [Exynos][EDEN][v1.6.23][NN::EdenMemoryManager] AllocateBuffersForOutputOperands:229: 	 output[4] addr=[0x7c44cb3000], size=[25600]
03-01 17:24:38.535  1272 16315 I EDEN    : [Exynos][EDEN][v1.6.23][NN::EdenMemoryManager] AllocateBuffersForOutputOperands:229: 	 output[5] addr=[0x7c44cba000], size=[7680]
03-01 17:24:38.535  1272 16315 I EDEN    : [Exynos][EDEN][v1.6.23][NN::EdenMemoryManager] AllocateBuffersForOutputOperands:229: 	 output[6] addr=[0x7c44cbc000], size=[6400]
03-01 17:24:38.535  1272 16315 I EDEN    : [Exynos][EDEN][v1.6.23][NN::EdenMemoryManager] AllocateBuffersForOutputOperands:229: 	 output[7] addr=[0x7c44cbe000], size=[1920]
03-01 17:24:38.535  1272 16315 I EDEN    : [Exynos][EDEN][v1.6.23][NN::EdenMemoryManager] AllocateBuffersForOutputOperands:229: 	 output[8] addr=[0x7c44cbf000], size=[1920]
03-01 17:24:38.535  1272 16315 I EDEN    : [Exynos][EDEN][v1.6.23][NN::EdenMemoryManager] AllocateBuffersForOutputOperands:229: 	 output[9] addr=[0x7c44cc0000], size=[576]
03-01 17:24:38.535  1272 16315 I EDEN    : [Exynos][EDEN][v1.6.23][NN::EdenMemoryManager] AllocateBuffersForOutputOperands:231: ========================================
03-01 17:24:38.535  1272 16315 I VPL_Library: Allocated 10 EDEN output buffers
03-01 17:24:38.535  1272 16315 I VPL_Library: Output buffer 0 size: 384000 bytes
03-01 17:24:38.535  1272 16315 I VPL_Library: Output buffer 1 size: 115200 bytes
03-01 17:24:38.535  1272 16315 I VPL_Library: Output buffer 2 size: 96000 bytes
03-01 17:24:38.535  1272 16315 I VPL_Library: Output buffer 3 size: 28800 bytes
03-01 17:24:38.535  1272 16315 I VPL_Library: Output buffer 4 size: 25600 bytes
03-01 17:24:38.535  1272 16315 I VPL_Library: Output buffer 5 size: 7680 bytes
03-01 17:24:38.535  1272 16315 I VPL_Library: Output buffer 6 size: 6400 bytes
03-01 17:24:38.535  1272 16315 I VPL_Library: Output buffer 7 size: 1920 bytes
03-01 17:24:38.535  1272 16315 I VPL_Library: Output buffer 8 size: 1920 bytes
03-01 17:24:38.535  1272 16315 I VPL_Library: Output buffer 9 size: 576 bytes
03-01 17:24:38.535  1272 16315 I VPL_Library: EDEN library Initialized successfully.  modelname = /system/vendor/firmware/OD_V2.1.6_01_26_QVGA.nnc
03-01 17:24:38.535  1272 16315 I VPL_Library: Loading EDEN model file: /system/vendor/firmware/OD_V2.3.7_02_05_VGA.nnc, HW: NPU, mode: NORMAL, latency: 30000
03-01 17:24:38.535  1272 16315 I VPL_Library: vendor/samsung_slsi/exynos/camera/libVPL/src/VPL_NnEngineEden.cpp - InitModel 149 
03-01 17:24:38.535  1272 16315 I EDEN    : [Exynos][EDEN][v1.6.23][RT::EdenRuntime] OpenModelFromFile:224: (+)
03-01 17:24:38.545  1272 16315 I EDEN    : [Exynos][EDEN][v1.6.23][NN::EdenModel] SetCompatible:132: compatible=0
03-01 17:24:38.545  1272 16315 I EDEN    : [Exynos][EDEN][v1.6.23][NN::TfLiteConverter] CreateEdenOperation:399: builtinOpName NCP
03-01 17:24:38.545  1272 16315 I EDEN    : [Exynos][EDEN][v1.6.23][NN::TfLiteConverter] ParseCompileInfo:1505: NPUC_VERSION : v1.6.6.g.slsi
03-01 17:24:38.545  1272 16315 I EDEN    : [Exynos][EDEN][v1.6.23][NN::TfLiteConverter] CreateEdenOperation:399: builtinOpName Dequantization
03-01 17:24:38.545  1272 16315 I EDEN    : [Exynos][EDEN][v1.6.23][NN::TfLiteConverter] CreateEdenOperation:399: builtinOpName Dequantization
03-01 17:24:38.545  1272 16315 I EDEN    : [Exynos][EDEN][v1.6.23][NN::TfLiteConverter] CreateEdenOperation:399: builtinOpName Dequantization
03-01 17:24:38.545  1272 16315 I EDEN    : [Exynos][EDEN][v1.6.23][NN::TfLiteConverter] CreateEdenOperation:399: builtinOpName Dequantization
03-01 17:24:38.545  1272 16315 I EDEN    : [Exynos][EDEN][v1.6.23][NN::TfLiteConverter] CreateEdenOperation:399: builtinOpName Dequantization
03-01 17:24:38.545  1272 16315 I EDEN    : [Exynos][EDEN][v1.6.23][NN::TfLiteConverter] CreateEdenOperation:399: builtinOpName Dequantization
03-01 17:24:38.545  1272 16315 I EDEN    : [Exynos][EDEN][v1.6.23][NN::TfLiteConverter] CreateEdenOperation:399: builtinOpName Dequantization
03-01 17:24:38.545  1272 16315 I EDEN    : [Exynos][EDEN][v1.6.23][NN::TfLiteConverter] CreateEdenOperation:399: builtinOpName Dequantization
03-01 17:24:38.545  1272 16315 I EDEN    : [Exynos][EDEN][v1.6.23][NN::TfLiteConverter] CreateEdenOperation:399: builtinOpName Dequantization
03-01 17:24:38.545  1272 16315 I EDEN    : [Exynos][EDEN][v1.6.23][NN::TfLiteConverter] CreateEdenOperation:399: builtinOpName Dequantization
03-01 17:24:38.545  1272 16315 I EDEN    : [Exynos][EDEN][v1.6.23][NN::TfLiteConverter] CreateEdenOperation:399: builtinOpName Dequantization
03-01 17:24:38.545  1272 16315 I EDEN    : [Exynos][EDEN][v1.6.23][NN::TfLiteConverter] CreateEdenOperation:399: builtinOpName Dequantization
03-01 17:24:38.545  1272 16315 I EDEN    : [Exynos][EDEN][v1.6.23][RT::EdenManager] openModel:315: Unique Model Id=[127202172]
03-01 17:24:38.546  1272 16315 I EDEN    : [Exynos][EDEN][v1.6.23][UD::NpuUserDriver] OpenModel:216: NCP_BINARY is found! addr=[0xb400007c3d5553ac], size=[1977345]
03-01 17:24:38.546  1272 16315 I EDEN    : [Exynos][EDEN][v1.6.23][UD::NpuUserDriver] OpenModel:220: NCP_NAME is found! addr=[0xb400007c3d55534c], size=[28]
03-01 17:24:38.546  1272 16315 I EDEN    : [Exynos][EDEN][v1.6.23][UD::NpuUserDriver] OpenModel:222: udModelInfo->model_name=[OD_V2.3.7_01_25_VGA_ncp.bin]
03-01 17:24:38.547  1272 16315 I EDEN    : [Exynos][EDEN][v1.6.23][UD::NPU] _add_ncp:1064: signal g_cond_open first=[0xb400007df2240590]
03-01 17:24:38.547  1272 16315 I EDEN    : [Exynos][EDEN][v1.6.23][UD::NPU] open_model:319: open model requested to link layer
03-01 17:24:38.547  1272 16325 I EDEN    : [Exynos][EDEN][v1.6.23][UD::NPU] _open_thread_main:932: woke by g_cond_open
03-01 17:24:38.547  1272 16325 I EDEN    : [Exynos][EDEN][v1.6.23][UD::NPU] _open_thread_main:839: open [0xb400007df2240590], ncp->id=127202171, state=1, name=OD_V2.1.6_01_26_QVGA_ncp.bin
03-01 17:24:38.547  1272 16325 I EDEN    : [Exynos][EDEN][v1.6.23][UD::NPU] _open_thread_main:839: open [0xb400007df2240470], ncp->id=127202172, state=0, name=OD_V2.3.7_01_25_VGA_ncp.bin
03-01 17:24:38.547  1272 16325 I EDEN    : [Exynos][EDEN][v1.6.23][UD::NPU::LINK] link_open_model:1362: opened device_fd: 84, mode: 0 model_id:127202172
03-01 17:24:38.563  1272 16325 I EDEN    : [Exynos][EDEN][v1.6.23][UD::NPU::LINK] link_open_model:1450: device fd(84) unique_id(1)
03-01 17:24:38.563  1272 16336 I ExynosCameraMCPipeSec: [CAM(1)][PIPE_3AA]-(m_preCreate[451]):
03-01 17:24:38.564  1272 16325 I EDEN    : [Exynos][EDEN][v1.6.23][UD::NPU::LINK] _apply_performance_mode:414: NPU_S_PARAM_PERF_MODE : 0
03-01 17:24:38.564  1272 16336 I ExynosCameraNode: [CAM(1)][BAYER]-(open[203]): Node(214)(/dev/video214) opened. m_fd(85)
03-01 17:24:38.564  1272 16325 I EDEN    : [Exynos][EDEN][v1.6.23][UD::NPU::LINK] _apply_performance_mode:415: NPU_S_PARAM_PRIORITY : 0
03-01 17:24:38.564  1272 16325 I EDEN    : [Exynos][EDEN][v1.6.23][UD::NPU::LINK] _apply_performance_mode:416: NPU_S_PARAM_LATENCY : 30000
03-01 17:24:38.564  1272 16325 I EDEN    : [Exynos][EDEN][v1.6.23][UD::NPU] _open_thread_main:843: open ret=0, ncp->state: 0
03-01 17:24:38.565  1272 16315 I EDEN    : [Exynos][EDEN][v1.6.23][RT::EdenManager] addModelInformation:2990: Opened Models: NPU(2), CPU(0), GPU(0)
03-01 17:24:38.565  1272 16315 I EDEN    : [Exynos][EDEN][v1.6.23][RT::EdenRuntime] OpenModelFromFile:252: (-)
03-01 17:24:38.565  1272 16315 I VPL_Library: Allocated 1 EDEN input buffers
03-01 17:24:38.565  1272 16315 I VPL_Library: Input buffer 0: addr=0x7c37234000, size=921600 bytes
03-01 17:24:38.566  1272 16315 I EDEN    : [Exynos][EDEN][v1.6.23][NN::EdenMemoryManager] AllocateBuffersForOutputOperands:221: ========Dump Output Buffers Info========
03-01 17:24:38.566  1272 16315 I EDEN    : [Exynos][EDEN][v1.6.23][NN::EdenMemoryManager] AllocateBuffersForOutputOperands:222: Model Id : [127202172]
03-01 17:24:38.566  1272 16315 I EDEN    : [Exynos][EDEN][v1.6.23][NN::EdenMemoryManager] AllocateBuffersForOutputOperands:223: output memInfo->buffers=[0xb400007e3222ec10]
03-01 17:24:38.566  1272 16315 I EDEN    : [Exynos][EDEN][v1.6.23][NN::EdenMemoryManager] AllocateBuffersForOutputOperands:229: 	 output[0] addr=[0x7c36fcc000], size=[1152000]
03-01 17:24:38.566  1272 16315 I EDEN    : [Exynos][EDEN][v1.6.23][NN::EdenMemoryManager] AllocateBuffersForOutputOperands:229: 	 output[1] addr=[0x7c370e6000], size=[345600]
03-01 17:24:38.566  1272 16315 I EDEN    : [Exynos][EDEN][v1.6.23][NN::EdenMemoryManager] AllocateBuffersForOutputOperands:229: 	 output[2] addr=[0x7c3713b000], size=[288000]
03-01 17:24:38.566  1272 16315 I EDEN    : [Exynos][EDEN][v1.6.23][NN::EdenMemoryManager] AllocateBuffersForOutputOperands:229: 	 output[3] addr=[0x7c37182000], size=[86400]
03-01 17:24:38.566  1272 16315 I EDEN    : [Exynos][EDEN][v1.6.23][NN::EdenMemoryManager] AllocateBuffersForOutputOperands:229: 	 output[4] addr=[0x7c37198000], size=[72000]
03-01 17:24:38.566  1272 16315 I EDEN    : [Exynos][EDEN][v1.6.23][NN::EdenMemoryManager] AllocateBuffersForOutputOperands:229: 	 output[5] addr=[0x7c371aa000], size=[21600]
03-01 17:24:38.566  1272 16315 I EDEN    : [Exynos][EDEN][v1.6.23][NN::EdenMemoryManager] AllocateBuffersForOutputOperands:229: 	 output[6] addr=[0x7c371b0000], size=[19200]
03-01 17:24:38.566  1272 16315 I EDEN    : [Exynos][EDEN][v1.6.23][NN::EdenMemoryManager] AllocateBuffersForOutputOperands:229: 	 output[7] addr=[0x7c371b5000], size=[5760]
03-01 17:24:38.566  1272 16315 I EDEN    : [Exynos][EDEN][v1.6.23][NN::EdenMemoryManager] AllocateBuffersForOutputOperands:229: 	 output[8] addr=[0x7c371b7000], size=[4800]
03-01 17:24:38.566  1272 16315 I EDEN    : [Exynos][EDEN][v1.6.23][NN::EdenMemoryManager] AllocateBuffersForOutputOperands:229: 	 output[9] addr=[0x7c371b9000], size=[1440]
03-01 17:24:38.566  1272 16315 I EDEN    : [Exynos][EDEN][v1.6.23][NN::EdenMemoryManager] AllocateBuffersForOutputOperands:229: 	 output[10] addr=[0x7c371ba000], size=[1440]
03-01 17:24:38.566  1272 16315 I EDEN    : [Exynos][EDEN][v1.6.23][NN::EdenMemoryManager] AllocateBuffersForOutputOperands:229: 	 output[11] addr=[0x7c371bb000], size=[432]
03-01 17:24:38.566  1272 16315 I EDEN    : [Exynos][EDEN][v1.6.23][NN::EdenMemoryManager] AllocateBuffersForOutputOperands:231: ========================================
03-01 17:24:38.566  1272 16315 I VPL_Library: Allocated 12 EDEN output buffers
03-01 17:24:38.566  1272 16315 I VPL_Library: Output buffer 0 size: 1152000 bytes
03-01 17:24:38.566  1272 16315 I VPL_Library: Output buffer 1 size: 345600 bytes
03-01 17:24:38.566  1272 16315 I VPL_Library: Output buffer 2 size: 288000 bytes
03-01 17:24:38.566  1272 16315 I VPL_Library: Output buffer 3 size: 86400 bytes
03-01 17:24:38.566  1272 16315 I VPL_Library: Output buffer 4 size: 72000 bytes
03-01 17:24:38.566  1272 16315 I VPL_Library: Output buffer 5 size: 21600 bytes
03-01 17:24:38.566  1272 16315 I VPL_Library: Output buffer 6 size: 19200 bytes
03-01 17:24:38.566  1272 16315 I VPL_Library: Output buffer 7 size: 5760 bytes
03-01 17:24:38.566  1272 16315 I VPL_Library: Output buffer 8 size: 4800 bytes
03-01 17:24:38.566  1272 16315 I VPL_Library: Output buffer 9 size: 1440 bytes
03-01 17:24:38.566  1272 16315 I VPL_Library: Output buffer 10 size: 1440 bytes
03-01 17:24:38.566  1272 16315 I VPL_Library: Output buffer 11 size: 432 bytes
03-01 17:24:38.566  1272 16315 I VPL_Library: EDEN library Initialized successfully.  modelname = /system/vendor/firmware/OD_V2.3.7_02_05_VGA.nnc
03-01 17:24:38.566  1272 16315 I ExynosCameraSec: DEBUG:duration time(   87 msec):(m_vplPreloadThreadFunc)
03-01 17:24:38.566  1272 16325 I EDEN    : [Exynos][EDEN][v1.6.23][UD::NPU] _open_thread_main:839: open [0xb400007df2240590], ncp->id=127202171, state=1, name=OD_V2.1.6_01_26_QVGA_ncp.bin
03-01 17:24:38.566  1272 16325 I EDEN    : [Exynos][EDEN][v1.6.23][UD::NPU] _open_thread_main:839: open [0xb400007df2240470], ncp->id=127202172, state=1, name=OD_V2.3.7_01_25_VGA_ncp.bin
03-01 17:24:38.566  1272 16325 I EDEN    : [Exynos][EDEN][v1.6.23][UD::NPU] _open_thread_main:908: g_cond_open. dev_state(4)
03-01 17:24:38.566  1272 16325 I EDEN    : [Exynos][EDEN][v1.6.23][UD::NPU] _open_thread_main:922: # opened model[0xb400007df2240590], ncp->id=127202171, state=1, name=OD_V2.1.6_01_26_QVGA_ncp.bin
03-01 17:24:38.566  1272 16325 I EDEN    : [Exynos][EDEN][v1.6.23][UD::NPU] _open_thread_main:922: # opened model[0xb400007df2240470], ncp->id=127202172, state=1, name=OD_V2.3.7_01_25_VGA_ncp.bin
03-01 17:24:38.567  1272 16336 I ExynosCameraNode: [CAM(1)][PAF]-(open[203]): Node(240)(/dev/video240) opened. m_fd(86)
03-01 17:24:38.570  1272 16336 I ExynosCameraNode: [CAM(1)][3AA_OUTPUT]-(open[203]): Node(110)(/dev/video110) opened. m_fd(89)
03-01 17:24:38.570  1272 16336 I ExynosCameraMCPipeSec: [CAM(1)][PIPE_3AA]-(m_preCreate[583]):m_preCreate() is succeed, Pipe(6), prepare(0)
03-01 17:24:38.570  1272 16336 I ExynosCameraMCPipe: [CAM(1)][PIPE_3AA]-(m_postCreate[1031]):
03-01 17:24:38.570  1272 16336 I ExynosCameraMCPipe: [CAM(1)][PIPE_3AA]-(m_postCreate[1049]):m_postCreate() is succeed, Pipe(6)
03-01 17:24:38.570  1272 16336 I ExynosCameraFrameFactoryBaseVendor: [CAM(1)][Front_0]-(create[75]):PIPE_3AA(6) created
03-01 17:24:38.570  1272 16336 I ExynosCameraMCPipeSec: [CAM(1)][PIPE_ISP]-(m_preCreate[451]):
03-01 17:24:38.572  1272 16336 I ExynosCameraNode: [CAM(1)][ISP_OUTPUT]-(open[203]): Node(130)(/dev/video130) opened. m_fd(90)
03-01 17:24:38.573  1272 16336 I ExynosCameraNode: [CAM(1)][MCSC_OUTPUT]-(open[203]): Node(160)(/dev/video160) opened. m_fd(91)
03-01 17:24:38.573  1272 16336 I ExynosCameraMCPipeSec: [CAM(1)][PIPE_ISP]-(m_preCreate[583]):m_preCreate() is succeed, Pipe(12), prepare(0)
03-01 17:24:38.573  1272 16336 I ExynosCameraMCPipe: [CAM(1)][PIPE_ISP]-(m_postCreate[1031]):
03-01 17:24:38.573  1272 16336 I ExynosCameraMCPipe: [CAM(1)][PIPE_ISP]-(m_postCreate[1049]):m_postCreate() is succeed, Pipe(12)
03-01 17:24:38.573  1272 16336 I ExynosCameraFrameFactoryBaseVendor: [CAM(1)][Front_0]-(create[75]):PIPE_ISP(12) created
03-01 17:24:38.573  1272 16336 I ExynosCameraMCPipeSec: [CAM(1)][PIPE_MCSC]-(m_preCreate[451]):
03-01 17:24:38.573  1272 16336 I ExynosCameraMCPipeSec: [CAM(1)][PIPE_MCSC]-(m_preCreate[583]):m_preCreate() is succeed, Pipe(18), prepare(0)
03-01 17:24:38.573  1272 16336 I ExynosCameraMCPipe: [CAM(1)][PIPE_MCSC]-(m_postCreate[1031]):
03-01 17:24:38.573  1272 16336 I ExynosCameraMCPipe: [CAM(1)][PIPE_MCSC]-(m_postCreate[1049]):m_postCreate() is succeed, Pipe(18)
03-01 17:24:38.573  1272 16336 I ExynosCameraFrameFactoryBaseVendor: [CAM(1)][Front_0]-(create[75]):PIPE_MCSC(18) created
03-01 17:24:38.573  1272 16336 I ExynosCameraSWPipe: [CAM(1)][PIPE_GSC]-(create[37]):create() is succeed (33)
03-01 17:24:38.573  1272 16336 I ExynosCameraFrameFactoryBaseVendor: [CAM(1)][Front_0]-(create[75]):PIPE_GSC(33) created
03-01 17:24:38.573  1272 16336 I ExynosCameraSWPipe: [CAM(1)][PIPE_GSC_VIDEO]-(create[37]):create() is succeed (34)
03-01 17:24:38.573  1272 16336 I ExynosCameraFrameFactoryBaseVendor: [CAM(1)][Front_0]-(create[75]):PIPE_GSC_VIDEO(34) created
03-01 17:24:38.573  1272 16336 I ExynosCameraSWPipe: [CAM(1)][PIPE_GSC_PICTURE]-(create[37]):create() is succeed (35)
03-01 17:24:38.573  1272 16336 I ExynosCameraFrameFactoryBaseVendor: [CAM(1)][Front_0]-(create[75]):PIPE_GSC_PICTURE(35) created
03-01 17:24:38.573  1272 16336 I ExynosCameraPipeJpeg: [CAM(1)][PIPE_JPEG]-(create[29]):
03-01 17:24:38.573  1272 16336 I exynos-libhwjpeg: CHWJpegV4L2Compressor Created: 0xb400007dd2264028, FD 92
03-01 17:24:38.573  1272 16336 I exynos-libhwjpeg: CHWJpegV4L2Compressor Created: 0xb400007d82223920, FD 93
03-01 17:24:38.573  1272 16336 I exynos-libhwjpeg: Created thumbnail scaler: GiantMscl
03-01 17:24:38.573  1272 16336 I exynos-libhwjpeg: ExynosJpegEncoderForCamera Created: 0xb400007dd2264020, ION 0
03-01 17:24:38.574  1272 16336 I ExynosCameraSWPipe: [CAM(1)][PIPE_JPEG]-(create[37]):create() is succeed (36)
03-01 17:24:38.574  1272 16336 I ExynosCameraFrameFactoryBaseVendor: [CAM(1)][Front_0]-(create[75]):PIPE_JPEG(36) created
03-01 17:24:38.574  1272 16336 I ExynosCameraSWPipe: [CAM(1)][PIPE_NFD]-(create[37]):create() is succeed (45)
03-01 17:24:38.574  1272 16336 I ExynosCameraFactoryPlugIn: [CAM(1)][ExynosCameraFactoryPlugIn]-(create[119]):pipeId(45)
03-01 17:24:38.574  1272 16336 I ExynosCameraFactoryPlugIn: [CAM(1)][ExynosCameraFactoryPlugIn]-(m_findPlugInIndexByPipeId[99]):libexynoscamera_vpl_plugin.so plugIn is found(45)!!
03-01 17:24:38.575  1272 16336 I ExynosCameraPlugIn: init(36)
03-01 17:24:38.575  1272 16336 I ExynosCameraPlugIn: [CAM(1)][]-(init[46]):done
03-01 17:24:38.575  1272 16336 I ExynosCameraPlugInConverter: init(35)
03-01 17:24:38.575  1272 16336 I ExynosCameraPlugInConverter: [CAM(1)][]-(init[43]):done
03-01 17:24:38.575  1272 16336 I ExynosCameraFactoryPlugIn: [CAM(1)][ExynosCameraFactoryPlugIn]-(create[248]):createSymbol success!!(libexynoscamera_vpl_plugin.so, 45, 0x470490cc5722c2e3, 0xb400007ee224c3a8, 1)
03-01 17:24:38.575  1272 16336 I ExynosCameraPlugIn: [CAM(1)][VPLPlugIn]-(create[90]):pipeId(45)
03-01 17:24:38.575  1272 16336 I ExynosCameraPlugIn: [CAM(1)][VPL_PLUGIN]-(create[116]):done, pipeId(45)
03-01 17:24:38.575  1272 16336 I ExynosCameraPipePlugIn: [CAM(1)][PIPE_NFD]-(create[75]):Info[v1.0, libname:VPLLib, build time:Nov 21 2025 15:09:05, buf(src:1, dst:0)]
03-01 17:24:38.575  1272 16336 I ExynosCameraPlugInConverter: [CAM(1)][ConverterVPL]-(create[74]):pipeId(45)
03-01 17:24:38.575  1272 16336 I ExynosCameraPlugInConverter: [CAM(1)][ConverterVPL]-(m_create[176]):pipeId(45), bufCount(cur[1, 0], max[1, 0])  spclSrcBufStartIdx = -1
03-01 17:24:38.575  1272 16336 I ExynosCameraPlugInConverter: [CAM(1)][ConverterVPL]-(create[88]):done, pipeId(45)
03-01 17:24:38.575  1272 16336 I ExynosCameraFrameFactoryBaseVendor: [CAM(1)][Front_0]-(create[75]):PIPE_NFD(45) created
03-01 17:24:38.575  1272 16336 I ExynosCameraMCPipeSec: [CAM(1)][PIPE_LME_SRC_IMAGE]-(m_preCreate[451]):
03-01 17:24:38.577  1272 16336 I ExynosCameraNode: [CAM(1)][LME_SRC_IMAGE]-(open[203]): Node(196)(/dev/video196) opened. m_fd(95)
03-01 17:24:38.577  1272 16336 I ExynosCameraMCPipeSec: [CAM(1)][PIPE_LME_SRC_IMAGE]-(m_preCreate[583]):m_preCreate() is succeed, Pipe(47), prepare(0)
03-01 17:24:38.577  1272 16336 I ExynosCameraMCPipe: [CAM(1)][PIPE_LME_SRC_IMAGE]-(m_postCreate[1031]):
03-01 17:24:38.577  1272 16336 I ExynosCameraMCPipe: [CAM(1)][PIPE_LME_SRC_IMAGE]-(m_postCreate[1049]):m_postCreate() is succeed, Pipe(47)
03-01 17:24:38.577  1272 16336 I ExynosCameraFrameFactoryBaseVendor: [CAM(1)][Front_0]-(create[75]):PIPE_LME_SRC_IMAGE(47) created
03-01 17:24:38.577  1272 16336 I ExynosCameraPipePPSec: [CAM(1)][PIPE_PP_UNI0]-(create[44]):m_nodeNum(500)
03-01 17:24:38.577  1272 16336 I ExynosCameraPipePPSec: [CAM(1)][PIPE_PP_UNI0]-(create[81]):create() is succeed. pipeId(62), m_nodeNum(500), m_cameraId(1) m_cntCreated[1](1)
03-01 17:24:38.577  1272 16336 I ExynosCameraFrameFactoryBaseVendor: [CAM(1)][Front_0]-(create[75]):PIPE_PP_UNI0(62) created
03-01 17:24:38.577  1272 16336 I ExynosCameraPipePPSec: [CAM(1)][PIPE_PP_UNI1]-(create[44]):m_nodeNum(500)
03-01 17:24:38.577  1272 16336 I ExynosCameraPipePPSec: [CAM(1)][PIPE_PP_UNI1]-(create[81]):create() is succeed. pipeId(63), m_nodeNum(500), m_cameraId(1) m_cntCreated[1](1)
03-01 17:24:38.577  1272 16336 I ExynosCameraFrameFactoryBaseVendor: [CAM(1)][Front_0]-(create[75]):PIPE_PP_UNI1(63) created
03-01 17:24:38.577  1272 16336 I ExynosCameraPipePPSec: [CAM(1)][PIPE_PP_UNI2]-(create[44]):m_nodeNum(500)
03-01 17:24:38.577  1272 16336 I ExynosCameraPipePPSec: [CAM(1)][PIPE_PP_UNI2]-(create[81]):create() is succeed. pipeId(64), m_nodeNum(500), m_cameraId(1) m_cntCreated[1](1)
03-01 17:24:38.577  1272 16336 I ExynosCameraFrameFactoryBaseVendor: [CAM(1)][Front_0]-(create[75]):PIPE_PP_UNI2(64) created
03-01 17:24:38.577  1272 16336 I ExynosCameraPipePPSec: [CAM(1)][PIPE_PP_UNI3]-(create[44]):m_nodeNum(500)
03-01 17:24:38.577  1272 16336 I ExynosCameraPipePPSec: [CAM(1)][PIPE_PP_UNI3]-(create[81]):create() is succeed. pipeId(65), m_nodeNum(500), m_cameraId(1) m_cntCreated[1](1)
03-01 17:24:38.577  1272 16336 I ExynosCameraFrameFactoryBaseVendor: [CAM(1)][Front_0]-(create[75]):PIPE_PP_UNI3(65) created
03-01 17:24:38.577  1272 16336 I ExynosCameraPipePPSec: [CAM(1)][PIPE_PP_SINGLE0]-(create[44]):m_nodeNum(500)
03-01 17:24:38.577  1272 16336 I ExynosCameraPipePPSec: [CAM(1)][PIPE_PP_SINGLE0]-(create[81]):create() is succeed. pipeId(66), m_nodeNum(500), m_cameraId(1) m_cntCreated[1](1)
03-01 17:24:38.577  1272 16336 I ExynosCameraFrameFactoryBaseVendor: [CAM(1)][Front_0]-(create[75]):PIPE_PP_SINGLE0(66) created
03-01 17:24:38.577  1272 16336 I ExynosCameraPipePPSec: [CAM(1)][PIPE_PP_SINGLE1]-(create[44]):m_nodeNum(500)
03-01 17:24:38.577  1272 16336 I ExynosCameraPipePPSec: [CAM(1)][PIPE_PP_SINGLE1]-(create[81]):create() is succeed. pipeId(67), m_nodeNum(500), m_cameraId(1) m_cntCreated[1](1)
03-01 17:24:38.577  1272 16336 I ExynosCameraFrameFactoryBaseVendor: [CAM(1)][Front_0]-(create[75]):PIPE_PP_SINGLE1(67) created
03-01 17:24:38.577  1272 16336 I ExynosCameraPipePPSec: [CAM(1)][PIPE_PP_SINGLE2]-(create[44]):m_nodeNum(500)
03-01 17:24:38.577  1272 16336 I ExynosCameraPipePPSec: [CAM(1)][PIPE_PP_SINGLE2]-(create[81]):create() is succeed. pipeId(68), m_nodeNum(500), m_cameraId(1) m_cntCreated[1](1)
03-01 17:24:38.577  1272 16336 I ExynosCameraFrameFactoryBaseVendor: [CAM(1)][Front_0]-(create[75]):PIPE_PP_SINGLE2(68) created
03-01 17:24:38.577  1272 16336 I ExynosCameraSWPipe: [CAM(1)][PIPE_MERTA]-(create[37]):create() is succeed (87)
03-01 17:24:38.577  1272 16336 I ExynosCameraFactoryPlugIn: [CAM(1)][ExynosCameraFactoryPlugIn]-(create[119]):pipeId(87)
03-01 17:24:38.577  1272 16336 I ExynosCameraFactoryPlugIn: [CAM(1)][ExynosCameraFactoryPlugIn]-(m_findPlugInIndexByPipeId[99]):libexynoscamera_merta_plugin.so plugIn is found(87)!!
03-01 17:24:38.579  1272 16336 I ExynosCameraPlugIn: init(36)
03-01 17:24:38.579  1272 16336 I ExynosCameraPlugIn: [CAM(1)][]-(init[46]):done
03-01 17:24:38.579  1272 16336 I ExynosCameraPlugInConverter: init(35)
03-01 17:24:38.579  1272 16336 I ExynosCameraPlugInConverter: [CAM(1)][]-(init[43]):done
03-01 17:24:38.579  1272 16336 I ExynosCameraFactoryPlugIn: [CAM(1)][ExynosCameraFactoryPlugIn]-(create[248]):createSymbol success!!(libexynoscamera_merta_plugin.so, 87, 0x1c2fe35efb94bf91, 0xb400007ee22685f8, 1)
03-01 17:24:38.579  1272 16336 I ExynosCameraPlugIn: [CAM(1)][MERTAPlugIn]-(create[90]):pipeId(87)
03-01 17:24:38.579  1272 16336 I MERTA_Plugin: INFO(create[39]):create[39]: new MERTA object
03-01 17:24:38.579  1272 16336 I MERTA   : ###########################################################
03-01 17:24:38.579  1272 16336 I MERTA   : #####      ME RTA LIBRARY
03-01 17:24:38.579  1272 16336 I MERTA   : #####      Samsung System LSI
03-01 17:24:38.579  1272 16336 I MERTA   : #####      ME RTA revision: 5bfe6b5
03-01 17:24:38.579  1272 16336 I MERTA   : #####      ME RTA date: 2023/08/16 17:22:24
03-01 17:24:38.579  1272 16336 I MERTA   : ###########################################################
03-01 17:24:38.579  1272 16336 I MERTA_Plugin: INFO(create[68]):create[68]: new MERTA Handler 0xb400007c34361e10 created successfully
03-01 17:24:38.579  1272 16336 I MERTA_Plugin: INFO(create[69]):create[69]: Papaya MERTA 3
03-01 17:24:38.579  1272 16336 I ExynosCameraPlugIn: [CAM(1)][MERTA_PLUGIN]-(create[116]):done, pipeId(87)
03-01 17:24:38.579  1272 16336 I ExynosCameraPipePlugIn: [CAM(1)][PIPE_MERTA]-(create[75]):Info[v1.0, libname:MERTA_LIBRARY, build time:Nov 21 2025 15:09:05, buf(src:1, dst:1)]
03-01 17:24:38.579  1272 16336 I ExynosCameraPlugInConverter: [CAM(1)][ConverterMERTA]-(create[74]):pipeId(87)
03-01 17:24:38.579  1272 16336 I ExynosCameraPlugInConverter: [CAM(1)][ConverterMERTA]-(m_create[176]):pipeId(87), bufCount(cur[1, 1], max[1, 1])  spclSrcBufStartIdx = -1
03-01 17:24:38.579  1272 16336 I ExynosCameraPlugInConverter: [CAM(1)][ConverterMERTA]-(create[88]):done, pipeId(87)
03-01 17:24:38.579  1272 16336 I ExynosCameraFrameFactoryBaseVendor: [CAM(1)][Front_0]-(create[75]):PIPE_MERTA(87) created
03-01 17:24:38.628 24928 25133 E msys    : E[N mns]_OnDiskCacheGetData(632)=>Start post callback cache refresh DNS resolution
03-01 17:24:38.631  1658  2173 D NetdEventListenerService: DNS Requested by 396, 10301(com.instagram.android), 4(FAIL), isBlocked=true, 0ms
03-01 17:24:38.635  1272 16336 I ExynosCameraVendorPreview: [CAM(1)][Front_0]-(m_fastenPreviewFactoryThreadFunc[2881]):FrameFactory(previewFrameFactory) created
03-01 17:24:38.635  1272 16341 I ExynosCameraFrameReprocessingFactorySec: [CAM(1)][Front_0]-(create[31]):
03-01 17:24:38.635  1272 16336 I ExynosCameraVendorPreview: DEBUG:duration time(  133 msec):(m_fastenPreviewFactoryThreadFunc)
03-01 17:24:38.635  1272 16341 I ExynosCameraFrameFactoryBaseVendor: [CAM(1)][Front_0]-(create[40]):
03-01 17:24:38.635  1272 16341 I ExynosCameraFrameReprocessingFactorySec: [CAM(1)][Front_0]-(m_setupConfig[3270]):
03-01 17:24:38.635  1272 16341 I ExynosCameraParametersSec: [CAM(1)][Front_0]-(getUsePureBayerReprocessing[5932]):bayer usage is changed (1 -> 0)
03-01 17:24:38.635  1272 16341 I ExynosCameraFrameReprocessingFactorySec: [CAM(1)][Front_0]-(m_constructPipes[4137]):
03-01 17:24:38.635  1272 16341 I ExynosCameraMCPipe: [CAM(1)][]-(setPipeId[705]):nodeType(0), id(203)
03-01 17:24:38.635  1272 16341 I ExynosCameraMCPipe: [CAM(1)][]-(setPipeName[726]):
03-01 17:24:38.635  1272 16341 I ExynosCameraMCPipe: [CAM(1)][]-(setPipeId[705]):nodeType(0), id(238)
03-01 17:24:38.635  1272 16341 I ExynosCameraMCPipe: [CAM(1)][]-(setPipeName[726]):
03-01 17:24:38.635  1272 16341 I ExynosCameraMCPipe: [CAM(1)][]-(setPipeId[705]):nodeType(0), id(209)
03-01 17:24:38.635  1272 16341 I ExynosCameraMCPipe: [CAM(1)][]-(setPipeName[726]):
03-01 17:24:38.635  1272 16341 I ExynosCameraMCPipe: [CAM(1)][]-(setPipeId[705]):nodeType(0), id(214)
03-01 17:24:38.635  1272 16341 I ExynosCameraMCPipe: [CAM(1)][]-(setPipeName[726]):
03-01 17:24:38.635  1272 16341 I ExynosCameraPipePPSec: [CAM(1)][]-(m_init[178]):m_init() is succeed. pipeId(0), m_nodeNum(500), m_isPreviewFactory(0), PIP_MODE(0) m_cameraId(1)
03-01 17:24:38.635  1272 16341 I ExynosCameraPipePPSec: [CAM(1)][]-(m_init[178]):m_init() is succeed. pipeId(0), m_nodeNum(500), m_isPreviewFactory(0), PIP_MODE(0) m_cameraId(1)
03-01 17:24:38.635  1272 16341 I ExynosCameraPipePPSec: [CAM(1)][]-(m_init[178]):m_init() is succeed. pipeId(0), m_nodeNum(500), m_isPreviewFactory(0), PIP_MODE(0) m_cameraId(1)
03-01 17:24:38.636  1272 16341 I ExynosCameraFrameReprocessingFactorySec: [CAM(1)][Front_0]-(m_constructPipes[4436]):pipe ids for reprocessing
03-01 17:24:38.636  1272 16341 I ExynosCameraFrameReprocessingFactorySec: [CAM(1)][Front_0]-(m_constructPipes[4439]):m_pipes[3] : PipeId(203)
03-01 17:24:38.636  1272 16341 I ExynosCameraFrameReprocessingFactorySec: [CAM(1)][Front_0]-(m_constructPipes[4439]):m_pipes[9] : PipeId(209)
03-01 17:24:38.636  1272 16341 I ExynosCameraFrameReprocessingFactorySec: [CAM(1)][Front_0]-(m_constructPipes[4439]):m_pipes[14] : PipeId(214)
03-01 17:24:38.636  1272 16341 I ExynosCameraFrameReprocessingFactorySec: [CAM(1)][Front_0]-(m_constructPipes[4439]):m_pipes[24] : PipeId(224)
03-01 17:24:38.636  1272 16341 I ExynosCameraFrameReprocessingFactorySec: [CAM(1)][Front_0]-(m_constructPipes[4439]):m_pipes[25] : PipeId(225)
03-01 17:24:38.636  1272 16341 I ExynosCameraFrameReprocessingFactorySec: [CAM(1)][Front_0]-(m_constructPipes[4439]):m_pipes[26] : PipeId(226)
03-01 17:24:38.636  1272 16341 I ExynosCameraFrameReprocessingFactorySec: [CAM(1)][Front_0]-(m_constructPipes[4439]):m_pipes[27] : PipeId(227)
03-01 17:24:38.636  1272 16341 I ExynosCameraFrameReprocessingFactorySec: [CAM(1)][Front_0]-(m_constructPipes[4439]):m_pipes[38] : PipeId(238)
03-01 17:24:38.636  1272 16341 I ExynosCameraFrameReprocessingFactorySec: [CAM(1)][Front_0]-(m_constructPipes[4439]):m_pipes[45] : PipeId(245)
03-01 17:24:38.636  1272 16341 I ExynosCameraFrameReprocessingFactorySec: [CAM(1)][Front_0]-(m_constructPipes[4439]):m_pipes[46] : PipeId(246)
03-01 17:24:38.636  1272 16341 I ExynosCameraFrameReprocessingFactorySec: [CAM(1)][Front_0]-(m_constructPipes[4439]):m_pipes[50] : PipeId(250)
03-01 17:24:38.636  1272 16341 I ExynosCameraFrameReprocessingFactorySec: [CAM(1)][Front_0]-(m_constructPipes[4439]):m_pipes[51] : PipeId(251)
03-01 17:24:38.636  1272 16341 I ExynosCameraFrameReprocessingFactorySec: [CAM(1)][Front_0]-(m_constructPipes[4439]):m_pipes[52] : PipeId(252)
03-01 17:24:38.636  1272 16341 I ExynosCameraFrameReprocessingFactorySec: [CAM(1)][Front_0]-(m_constructPipes[4439]):m_pipes[53] : PipeId(253)
03-01 17:24:38.636  1272 16341 I ExynosCameraMCPipeSec: [CAM(1)][PIPE_3AA_REPROCESSING]-(m_preCreate[451]):
03-01 17:24:38.637  1272 16341 I ExynosCameraNode: [CAM(1)][REPROCESSING_3PAF_OUTPUT]-(open[203]): Node(241)(/dev/video241) opened. m_fd(96)
03-01 17:24:38.638  1272 16341 I ExynosCameraNode: [CAM(1)][REPROCESSING_3AA_OUTPUT]-(open[203]): Node(120)(/dev/video120) opened. m_fd(97)
03-01 17:24:38.638  1272 16341 I ExynosCameraMCPipeSec: [CAM(1)][PIPE_3AA_REPROCESSING]-(m_preCreate[583]):m_preCreate() is succeed, Pipe(203), prepare(0)
03-01 17:24:38.638  1272 16341 I ExynosCameraMCPipe: [CAM(1)][PIPE_3AA_REPROCESSING]-(m_postCreate[1031]):
03-01 17:24:38.638  1272 16341 I ExynosCameraMCPipe: [CAM(1)][PIPE_3AA_REPROCESSING]-(m_postCreate[1049]):m_postCreate() is succeed, Pipe(203)
03-01 17:24:38.638  1272 16341 I ExynosCameraFrameFactoryBaseVendor: [CAM(1)][Front_0]-(create[75]):PIPE_3AA_REPROCESSING(3) created
03-01 17:24:38.638  1272 16341 I ExynosCameraMCPipeSec: [CAM(1)][PIPE_ISP_REPROCESSING]-(m_preCreate[451]):
03-01 17:24:38.639  1272 16341 I ExynosCameraNode: [CAM(1)][REPROCESSING_ISP_OUTPUT]-(open[203]): Node(130)(/dev/video130) opened. m_fd(98)
03-01 17:24:38.639 24928 25133 E msys    : E[N mns]_LogError(228)=>Failed to resolve using system DNS resolver, getaddrinfo(): No address associated with hostname
03-01 17:24:38.640 24928 25133 E msys    : E[N mns]_OnDiskCacheGetData(632)=>Start post callback cache refresh DNS resolution
03-01 17:24:38.640  1272 16341 I ExynosCameraNode: [CAM(1)][REPROCESSING_MCSC_OUTPUT]-(open[203]): Node(160)(/dev/video160) opened. m_fd(99)
03-01 17:24:38.640  1272 16341 I ExynosCameraMCPipeSec: [CAM(1)][PIPE_ISP_REPROCESSING]-(m_preCreate[583]):m_preCreate() is succeed, Pipe(209), prepare(0)
03-01 17:24:38.640  1272 16341 I ExynosCameraMCPipe: [CAM(1)][PIPE_ISP_REPROCESSING]-(m_postCreate[1031]):
03-01 17:24:38.640  1272 16341 I ExynosCameraMCPipe: [CAM(1)][PIPE_ISP_REPROCESSING]-(m_postCreate[1049]):m_postCreate() is succeed, Pipe(209)
03-01 17:24:38.640  1272 16341 I ExynosCameraFrameFactoryBaseVendor: [CAM(1)][Front_0]-(create[75]):PIPE_ISP_REPROCESSING(9) created
03-01 17:24:38.640  1272 16341 I ExynosCameraMCPipeSec: [CAM(1)][PIPE_MCSC_REPROCESSING]-(m_preCreate[451]):
03-01 17:24:38.640  1272 16341 I ExynosCameraMCPipeSec: [CAM(1)][PIPE_MCSC_REPROCESSING]-(m_preCreate[583]):m_preCreate() is succeed, Pipe(214), prepare(0)
03-01 17:24:38.640  1272 16341 I ExynosCameraMCPipe: [CAM(1)][PIPE_MCSC_REPROCESSING]-(m_postCreate[1031]):
03-01 17:24:38.640  1272 16341 I ExynosCameraMCPipe: [CAM(1)][PIPE_MCSC_REPROCESSING]-(m_postCreate[1049]):m_postCreate() is succeed, Pipe(214)
03-01 17:24:38.640  1272 16341 I ExynosCameraFrameFactoryBaseVendor: [CAM(1)][Front_0]-(create[75]):PIPE_MCSC_REPROCESSING(14) created
03-01 17:24:38.640  1272 16341 I ExynosCameraSWPipe: [CAM(1)][PIPE_GSC_REPROCESSING]-(create[37]):create() is succeed (224)
03-01 17:24:38.640  1272 16341 I ExynosCameraFrameFactoryBaseVendor: [CAM(1)][Front_0]-(create[75]):PIPE_GSC_REPROCESSING(24) created
03-01 17:24:38.640  1272 16341 I ExynosCameraSWPipe: [CAM(1)][PIPE_GSC_REPROCESSING2]-(create[37]):create() is succeed (225)
03-01 17:24:38.640  1272 16341 I ExynosCameraFrameFactoryBaseVendor: [CAM(1)][Front_0]-(create[75]):PIPE_GSC_REPROCESSING2(25) created
03-01 17:24:38.640  1272 16341 I ExynosCameraSWPipe: [CAM(1)][PIPE_GSC_REPROCESSING3]-(create[37]):create() is succeed (226)
03-01 17:24:38.640  1272 16341 I ExynosCameraFrameFactoryBaseVendor: [CAM(1)][Front_0]-(create[75]):PIPE_GSC_REPROCESSING3(26) created
03-01 17:24:38.640  1272 16341 I ExynosCameraPipeJpeg: [CAM(1)][PIPE_JPEG_REPROCESSING]-(create[29]):
03-01 17:24:38.640  1272 16341 I exynos-libhwjpeg: CHWJpegV4L2Compressor Created: 0xb400007dd227c268, FD 100
03-01 17:24:38.641  1272 16341 I exynos-libhwjpeg: CHWJpegV4L2Compressor Created: 0xb400007d82222390, FD 101
03-01 17:24:38.641  1272 16341 I exynos-libhwjpeg: Created thumbnail scaler: GiantMscl
03-01 17:24:38.641  1272 16341 I exynos-libhwjpeg: ExynosJpegEncoderForCamera Created: 0xb400007dd227c260, ION 0
03-01 17:24:38.641  1272 16341 I ExynosCameraSWPipe: [CAM(1)][PIPE_JPEG_REPROCESSING]-(create[37]):create() is succeed (227)
03-01 17:24:38.641  1272 16341 I ExynosCameraFrameFactoryBaseVendor: [CAM(1)][Front_0]-(create[75]):PIPE_JPEG_REPROCESSING(27) created
03-01 17:24:38.641  1272 16341 I ExynosCameraMCPipeSec: [CAM(1)][PIPE_LME_SRC_IMAGE_REPROCESSING]-(m_preCreate[451]):
03-01 17:24:38.642  1272 16341 I ExynosCameraNode: [CAM(1)][LME_SRC_IMAGE_REPROCESSING]-(open[203]): Node(196)(/dev/video196) opened. m_fd(103)
03-01 17:24:38.642  1272 16341 I ExynosCameraMCPipeSec: [CAM(1)][PIPE_LME_SRC_IMAGE_REPROCESSING]-(m_preCreate[583]):m_preCreate() is succeed, Pipe(238), prepare(0)
03-01 17:24:38.642  1272 16341 I ExynosCameraMCPipe: [CAM(1)][PIPE_LME_SRC_IMAGE_REPROCESSING]-(m_postCreate[1031]):
03-01 17:24:38.642  1272 16341 I ExynosCameraMCPipe: [CAM(1)][PIPE_LME_SRC_IMAGE_REPROCESSING]-(m_postCreate[1049]):m_postCreate() is succeed, Pipe(238)
03-01 17:24:38.642  1272 16341 I ExynosCameraFrameFactoryBaseVendor: [CAM(1)][Front_0]-(create[75]):PIPE_LME_SRC_IMAGE_REPROCESSING(38) created
03-01 17:24:38.642  1272 16341 I ExynosCameraSWPipe: [CAM(1)][PIPE_LMESW_REPROCESSING]-(create[37]):create() is succeed (245)
03-01 17:24:38.642  1272 16341 I ExynosCameraFactoryPlugIn: [CAM(1)][ExynosCameraFactoryPlugIn]-(create[119]):pipeId(245)
03-01 17:24:38.642  1272 16341 I ExynosCameraFactoryPlugIn: [CAM(1)][ExynosCameraFactoryPlugIn]-(m_findPlugInIndexByPipeId[99]):libexynoscamera_swlme_plugin.so plugIn is found(245)!!
03-01 17:24:38.644 24928 25133 E msys    : E[N mns]_LogError(228)=>Failed to resolve using system DNS resolver, getaddrinfo(): No address associated with hostname
03-01 17:24:38.644  1658  2173 D NetdEventListenerService: DNS Requested by 396, 10301(com.instagram.android), 4(FAIL), isBlocked=true, 0ms
03-01 17:24:38.646  1272 16341 I ExynosCameraPlugIn: init(36)
03-01 17:24:38.646  1272 16341 I ExynosCameraPlugIn: [CAM(1)][]-(init[46]):done
03-01 17:24:38.646  1272 16341 I ExynosCameraPlugInConverter: init(35)
03-01 17:24:38.646  1272 16341 I ExynosCameraPlugInConverter: [CAM(1)][]-(init[43]):done
03-01 17:24:38.646  1272 16341 I ExynosCameraFactoryPlugIn: [CAM(1)][ExynosCameraFactoryPlugIn]-(create[248]):createSymbol success!!(libexynoscamera_swlme_plugin.so, 245, 0x67ee651f9cf13801, 0xb400007ee22c26f8, 1)
03-01 17:24:38.646  1272 16341 I ExynosCameraPlugIn: [CAM(1)][libSWLMEPlugIn]-(create[90]):pipeId(245)
03-01 17:24:38.646  1272 16341 I ExynosCameraPlugInlibSWLME: [CAM(1)][libSWLMEPlugIn]-(m_create[57]):
03-01 17:24:38.646  1272 16341 I libSWLME: INFO(libSWLME_PluginCore[28]):libSWLME_PluginCore VER : 0.94 (Nov 21 2025 15:09:05)
03-01 17:24:38.646  1272 16341 I libSWLME: INFO(libSWLME_PluginCore[29]):Model name : M33
03-01 17:24:38.646  1272 16341 I ExynosCameraPlugIn: [CAM(1)][libSWLME_PLUGIN]-(create[116]):done, pipeId(245)
03-01 17:24:38.646  1272 16341 I ExynosCameraPipePlugIn: [CAM(1)][PIPE_LMESW_REPROCESSING]-(create[75]):Info[v1.0, libname:libSWLME, build time:Nov 21 2025 15:09:05, buf(src:1, dst:2)]
03-01 17:24:38.646  1272 16341 I ExynosCameraPlugInConverter: [CAM(1)][ConverterLME]-(create[74]):pipeId(245)
03-01 17:24:38.646  1272 16341 I ExynosCameraPlugInConverter: [CAM(1)][ConverterLME]-(m_create[176]):pipeId(245), bufCount(cur[1, 2], max[1, 2])  spclSrcBufStartIdx = -1
03-01 17:24:38.646  1272 16341 I ExynosCameraPlugInConverter: [CAM(1)][ConverterLME]-(create[88]):done, pipeId(245)
03-01 17:24:38.646  1272 16341 I ExynosCameraFrameFactoryBaseVendor: [CAM(1)][Front_0]-(create[75]):PIPE_LMESW_REPROCESSING(45) created
03-01 17:24:38.646  1272 16341 I ExynosCameraSWPipe: [CAM(1)][PIPE_MERTA_REPROCESSING]-(create[37]):create() is succeed (246)
03-01 17:24:38.646  1272 16341 I ExynosCameraFactoryPlugIn: [CAM(1)][ExynosCameraFactoryPlugIn]-(create[119]):pipeId(246)
03-01 17:24:38.646  1272 16341 I ExynosCameraFactoryPlugIn: [CAM(1)][ExynosCameraFactoryPlugIn]-(m_findPlugInIndexByPipeId[99]):libexynoscamera_merta_plugin.so plugIn is found(246)!!
03-01 17:24:38.646  1272 16341 I ExynosCameraPlugIn: init(36)
03-01 17:24:38.646  1272 16341 I ExynosCameraPlugIn: [CAM(1)][]-(init[46]):done
03-01 17:24:38.646  1272 16341 I ExynosCameraPlugInConverter: init(35)
03-01 17:24:38.646  1272 16341 I ExynosCameraPlugInConverter: [CAM(1)][]-(init[43]):done
03-01 17:24:38.646  1272 16341 I ExynosCameraFactoryPlugIn: [CAM(1)][ExynosCameraFactoryPlugIn]-(create[248]):createSymbol success!!(libexynoscamera_merta_plugin.so, 246, 0x1c2fe35efb94bf91, 0xb400007ee2284848, 1)
03-01 17:24:38.646  1272 16341 I ExynosCameraPlugIn: [CAM(1)][MERTAPlugIn]-(create[90]):pipeId(246)
03-01 17:24:38.646  1272 16341 I MERTA_Plugin: INFO(create[39]):create[39]: new MERTA object
03-01 17:24:38.647  1272 16341 I MERTA   : ###########################################################
03-01 17:24:38.647  1272 16341 I MERTA   : #####      ME RTA LIBRARY
03-01 17:24:38.647  1272 16341 I MERTA   : #####      Samsung System LSI
03-01 17:24:38.647  1272 16341 I MERTA   : #####      ME RTA revision: 5bfe6b5
03-01 17:24:38.647  1272 16341 I MERTA   : #####      ME RTA date: 2023/08/16 17:22:24
03-01 17:24:38.647  1272 16341 I MERTA   : ###########################################################
03-01 17:24:38.647  1272 16341 I MERTA_Plugin: INFO(create[68]):create[68]: new MERTA Handler 0xb400007c3fbf7e10 created successfully
03-01 17:24:38.647  1272 16341 I MERTA_Plugin: INFO(create[69]):create[69]: Papaya MERTA 3
03-01 17:24:38.647  1272 16341 I ExynosCameraPlugIn: [CAM(1)][MERTA_PLUGIN]-(create[116]):done, pipeId(246)
03-01 17:24:38.647  1272 16341 I ExynosCameraPipePlugIn: [CAM(1)][PIPE_MERTA_REPROCESSING]-(create[75]):Info[v1.0, libname:MERTA_LIBRARY, build time:Nov 21 2025 15:09:05, buf(src:1, dst:1)]
03-01 17:24:38.647  1272 16341 I ExynosCameraPlugInConverter: [CAM(1)][ConverterMERTA]-(create[74]):pipeId(246)
03-01 17:24:38.647  1272 16341 I ExynosCameraPlugInConverter: [CAM(1)][ConverterMERTA]-(m_create[176]):pipeId(246), bufCount(cur[1, 1], max[1, 1])  spclSrcBufStartIdx = -1
03-01 17:24:38.647  1272 16341 I ExynosCameraPlugInConverter: [CAM(1)][ConverterMERTA]-(create[88]):done, pipeId(246)
03-01 17:24:38.647  1272 16341 I ExynosCameraFrameFactoryBaseVendor: [CAM(1)][Front_0]-(create[75]):PIPE_MERTA_REPROCESSING(46) created
03-01 17:24:38.647  1272 16341 I ExynosCameraSWPipe: [CAM(1)][PIPE_CNR_REPROCESSING]-(create[37]):create() is succeed (250)
03-01 17:24:38.647  1272 16341 I ExynosCameraFactoryPlugIn: [CAM(1)][ExynosCameraFactoryPlugIn]-(create[119]):pipeId(250)
