03-01 17:38:06.717  8129  8366 I InsetsController: onStateChanged: host=Splash Screen com.example.way, from=android.view.ViewRootImpl.onInsetsStateChanged:3026, state=InsetsState: {mDisplayFrame=Rect(0, 0 - 1080, 2408), mDisplayCutout=DisplayCutout{insets=Rect(0, 66 - 0, 0) waterfall=Insets{left=0, top=0, right=0, bottom=0} boundingRect={Bounds=[Rect(0, 0 - 0, 0), Rect(468, 0 - 612, 66), Rect(0, 0 - 0, 0), Rect(0, 0 - 0, 0)]} cutoutPathParserInfo={CutoutPathParserInfo{displayWidth=1080 displayHeight=2408 physicalDisplayWidth=1080 physicalDisplayHeight=2408 density={2.8125} cutoutSpec={M 0,0 H -25.6 V 23.46666666666667 H 25.6 V 0 H 0 Z @dp} rotation={0} scale={1.0} physicalPixelDisplaySizeRatio={1.0}}} sideOverrides={}}, mRoundedCorners=RoundedCorners{[RoundedCorner{position=TopLeft, radius=105, center=Point(105, 105)}, RoundedCorner{position=TopRight, radius=105, center=Point(975, 105)}, RoundedCorner{position=BottomRight, radius=105, center=Point(975, 2303)}, RoundedCorner{position=BottomLeft, radius=105, center=Point(105, 2303)}]}  mRoundedCornerFrame=Rect(0, 0 - 1080, 2408), mPrivacyIndicatorBounds=PrivacyIndicatorBounds {static bounds=Rect(964, 0 - 1080, 71) rotation=0}, mDisplayShape=DisplayShape{ spec=-311912193 displayWidth=1080 displayHeight=2408 physicalPixelDisplaySizeRatio=1.0 rotation=0 offsetX=0 offsetY=0 scale=1.0}, mSources= { InsetsSource: {eca40001 mType=navigationBars mFrame=[0,2369][1080,2408] mVisible=true mFlags=SUPPRESS_SCRIM mSideHint=BOTTOM mBoundingRects=null}, InsetsSource: {eca40004 mType=systemGestures mFrame=[0,0][78,2408] mVisible=true mFlags= mSideHint=LEFT mBoundingRects=null}, InsetsSource: {eca40005 mType=mandatorySystemGestures mFrame=[0,2324][1080,2408] mVisible=true mFlags= mSideHint=BOTTOM mBoundingRects=null}, InsetsSource: {eca40006 mType=tappableElement mFrame=[0,0][0,0] mVisible=true mFlags= mSideHint=NONE mBoundingRects=null}, InsetsSource: {eca40024 mType=systemGestures mFrame=[1002,0][1080,2408] mVisible=true mFlags= mSideHint=RIGHT mBoundingRects=null}, InsetsSource: {3 mType=ime mFrame=[0,0][0,0] mVisible=false mFlags= mSideHint=NONE mBoundingRects=null}, InsetsSource: {27 mType=displayCutout mFrame=[0,0][1080,66] mVisible=true mFlags= mSideHint=TOP mBoundingRects=null}, InsetsSource: {42810000 mType=statusBars mFrame=[0,0][1080,71] mVisible=true mFlags= mSideHint=TOP mBoundingRects=null}, InsetsSource: {42810005 mType=mandatorySystemGestures mFrame=[0,0][1080,98] mVisible=true mFlags= mSideHint=TOP mBoundingRects=null}, InsetsSource: {42810006 mType=tappableElement mFrame=[0,0][1080,71] mVisible=true mFlags= mSideHint=TOP mBoundingRects=null} }
03-01 17:38:06.717  1328  1424 D SurfaceFlinger: [input] setFocusedWindow: a9070b3 com.example.way/com.example.way.MainActivity
03-01 17:38:06.718  1658  3514 D InputDispatcher: Once focus requested (0): a9070b3 com.example.way/com.example.way.MainActivity
03-01 17:38:06.718  8129  8366 I VRI[way]@8b5413d: onActiveControlsChanged, removed=false, mAdded=true, caller=android.view.ViewRootImpl.handleInsetsControlChanged:3002 android.view.ViewRootImpl$ViewRootHandler.handleMessageImpl:8352 android.view.ViewRootImpl$ViewRootHandler.handleMessage:8301 android.os.Handler.dispatchMessage:110 android.os.Looper.loopOnce:273 
03-01 17:38:06.718  1658  3514 D InputDispatcher: Focus request (0): a9070b3 com.example.way/com.example.way.MainActivity but waiting because NO_WINDOW
03-01 17:38:06.718  1328  1894 I SurfaceFlinger: id=93723 Removed Surface(name=74d4cdc StatusBar)/@0x1a2c2ad - animation-leash of insets_animation#93723 (276)
03-01 17:38:06.718 22167 22291 D VRI[MainActivity]@e4d882b: Received frameDrawingCallback syncResult=0 frameNum=1.
03-01 17:38:06.719  1328  1894 I SurfaceFlinger: id=93724 Removed Surface(name=e90b38c NavigationBar0)/@0x487d830 - animation-leash of insets_animation#93724 (276)
03-01 17:38:06.719 22167 22291 I VRI[MainActivity]@e4d882b: mWNT: t=0xb400007c2872d7d0 mBlastBufferQueue=0xb400007d58743620 fn= 1 HdrRenderState mRenderHdrSdrRatio=1.0 caller= android.view.ViewRootImpl$12.onFrameDraw:15441 android.view.ThreadedRenderer$1.onFrameDraw:718 <bottom of call stack> 
03-01 17:38:06.719 22167 22291 I VRI[MainActivity]@e4d882b: Setting up sync and frameCommitCallback
03-01 17:38:06.725  1328  1328 I SurfaceFlinger: destroyed Surface(name=e90b38c NavigationBar0)/@0x487d830 - animation-leash of insets_animation#93724
03-01 17:38:06.725  1272 22282 I ExynosCameraSec: [CAM(1)][Front_0]-(m_monitorThreadFunc[6731]):@FIMC_IS_SYNC 1106
03-01 17:38:06.725  1272 22282 I ExynosCameraMCPipe: [CAM(1)][PIPE_3AA]-(syncLog[1019]):
03-01 17:38:06.725  1328  1328 I SurfaceFlinger: destroyed Surface(name=74d4cdc StatusBar)/@0x1a2c2ad - animation-leash of insets_animation#93723
03-01 17:38:06.727  1272 22275 E ExynosCameraSec: [CAM(1)][Front_0]-(handleBayerBuffer[12735]):[F3 FT7 CAM1 B-1 ORBB2]Handling bayer buffer failed. Bayer buffer will be put. isServiceBayer 0, bufDirection 1 pipeId 6 ret -38
03-01 17:38:06.729  1272 22267 E ExynosCameraBufferManagerVendor: [CAM(1)][FLITE_BUF]-(getBuffer[317]):m_allocatedBufCount equals zero
03-01 17:38:06.729  1251 22164 I HYPER-HAL: [RequestManager.cpp]releaseLocked(): Released ID : 1400316
03-01 17:38:06.729  1328  1328 I Layer   : id=93724 Destroyed Surface(name=e90b38c NavigationBar0)/@0x487d830 - animation-leash of insets_animation#93724
03-01 17:38:06.729  1272 22267 E ExynosCameraBufferSupplierVendor: [CAM(1)][BufferSupplier]-(getBuffer[185]):[FLITE_BUF][P7 T0 B-1 A0x7c362495a8]Failed to getBuffer. ret -38
03-01 17:38:06.729  1328  1328 I Layer   : id=93723 Destroyed Surface(name=74d4cdc StatusBar)/@0x1a2c2ad - animation-leash of insets_animation#93723
03-01 17:38:06.729  1272 22267 E ExynosCameraMCPipeSec: [CAM(1)][PIPE_3AA]-(m_putBuffer[855]):[F8 FT2][3AA_CAPTURE]Failed to getBuffer from BufferSupplier. ret -38 FrameQ_size (0, 3) size(4)
03-01 17:38:06.729  1272 22267 I ExynosCameraFrame: [CAM(1)][]-(printEntity[77]): FrameCount(8(0)), type(2), state(0), request(5), complete(0)
03-01 17:38:06.729  1272 22267 I ExynosCameraFrame: [CAM(1)][]-(printEntity[86]):[Req1] sibling id(6), state(2)
03-01 17:38:06.729  1272 22267 I ExynosCameraFrame: [CAM(1)][]-(printEntity[86]):[Req1] sibling id(47), state(1)
03-01 17:38:06.729  1272 22267 I ExynosCameraFrame: [CAM(1)][]-(printEntity[86]):[Req1] sibling id(12), state(1)
03-01 17:38:06.729  1272 22267 I ExynosCameraFrame: [CAM(1)][]-(printEntity[86]):[Req1] sibling id(45), state(1)
03-01 17:38:06.730  1272 22267 I ExynosCameraFrame: [CAM(1)][]-(printEntity[86]):[Req1] sibling id(87), state(1)
03-01 17:38:06.730  1272 22267 I ExynosCameraFrame: [CAM(1)][]-(printEntity[86]):[Req0] sibling id(33), state(1)
03-01 17:38:06.730  1272 22267 I ExynosCameraFrame: [CAM(1)][]-(printEntity[86]):[Req0] sibling id(34), state(1)
03-01 17:38:06.730  1272 22267 I ExynosCameraFrame: [CAM(1)][]-(m_dumpStatusForResultUpdate[1955]):[F8 T2]ResultType  0 PipeId   6 ResultUpdateStatus  1
03-01 17:38:06.730  1272 22267 I ExynosCameraFrame: [CAM(1)][]-(m_dumpStatusForResultUpdate[1955]):[F8 T2]ResultType  1 PipeId  12 ResultUpdateStatus  1
03-01 17:38:06.730  1272 22267 I ExynosCameraFrame: [CAM(1)][]-(m_dumpStatusForResultUpdate[1955]):[F8 T2]ResultType  2 PipeId  12 ResultUpdateStatus  1
03-01 17:38:06.730  1272 22267 I ExynosCameraFrame: [CAM(1)][]-(printNotDoneEntity[111]): FrameCount(8(0)), type(2), state(0), request(5), complete(0)
03-01 17:38:06.730  1272 22267 I ExynosCameraFrame: [CAM(1)][]-(printNotDoneEntity[121]):[Req:1] sibling id(6), state(2)
03-01 17:38:06.730  1272 22267 I ExynosCameraFrame: [CAM(1)][]-(printNotDoneEntity[121]):[Req:1] sibling id(47), state(1)
03-01 17:38:06.730  1272 22267 I ExynosCameraFrame: [CAM(1)][]-(printNotDoneEntity[121]):[Req:1] sibling id(12), state(1)
03-01 17:38:06.730  1272 22267 I ExynosCameraFrame: [CAM(1)][]-(printNotDoneEntity[121]):[Req:1] sibling id(45), state(1)
03-01 17:38:06.730  1272 22267 I ExynosCameraFrame: [CAM(1)][]-(printNotDoneEntity[121]):[Req:1] sibling id(87), state(1)
03-01 17:38:06.730  1272 22267 I ExynosCameraFrame: [CAM(1)][]-(printNotDoneEntity[121]):[Req:0] sibling id(33), state(1)
03-01 17:38:06.730  1272 22267 I ExynosCameraFrame: [CAM(1)][]-(printNotDoneEntity[121]):[Req:0] sibling id(34), state(1)
03-01 17:38:06.730  1272 22267 I ExynosCameraFrameVendor: [CAM(1)][]-(dump[162]):pipeId(88)'s request is true
03-01 17:38:06.730  1272 22267 I ExynosCameraFrameVendor: [CAM(1)][]-(dump[162]):pipeId(87)'s request is true
03-01 17:38:06.730  1272 22267 I ExynosCameraFrameVendor: [CAM(1)][]-(dump[162]):pipeId(75)'s request is true
03-01 17:38:06.730  1272 22267 I ExynosCameraFrameVendor: [CAM(1)][]-(dump[162]):pipeId(73)'s request is true
03-01 17:38:06.730  1272 22267 I ExynosCameraFrameVendor: [CAM(1)][]-(dump[162]):pipeId(51)'s request is true
03-01 17:38:06.730  1272 22267 I ExynosCameraFrameVendor: [CAM(1)][]-(dump[162]):pipeId(50)'s request is true
03-01 17:38:06.730  1272 22267 I ExynosCameraFrameVendor: [CAM(1)][]-(dump[162]):pipeId(49)'s request is true
03-01 17:38:06.730  1272 22267 I ExynosCameraFrameVendor: [CAM(1)][]-(dump[162]):pipeId(47)'s request is true
03-01 17:38:06.730  1272 22267 I ExynosCameraFrameVendor: [CAM(1)][]-(dump[162]):pipeId(45)'s request is true
03-01 17:38:06.730  1272 22267 I ExynosCameraFrameVendor: [CAM(1)][]-(dump[162]):pipeId(19)'s request is true
03-01 17:38:06.730  1272 22267 I ExynosCameraFrameVendor: [CAM(1)][]-(dump[162]):pipeId(12)'s request is true
03-01 17:38:06.730  1272 22267 I ExynosCameraFrameVendor: [CAM(1)][]-(dump[162]):pipeId(11)'s request is true
03-01 17:38:06.730  1272 22267 I ExynosCameraFrameVendor: [CAM(1)][]-(dump[162]):pipeId(9)'s request is true
03-01 17:38:06.730  1272 22267 I ExynosCameraFrameVendor: [CAM(1)][]-(dump[162]):pipeId(8)'s request is true
03-01 17:38:06.730  1272 22267 I ExynosCameraFrameVendor: [CAM(1)][]-(dump[162]):pipeId(7)'s request is true
03-01 17:38:06.731  1272 22267 I ExynosCameraFrameVendor: [CAM(1)][]-(dump[162]):pipeId(6)'s request is true
03-01 17:38:06.738 22167 22214 I BLASTBufferQueue: [VRI[MainActivity]@e4d882b#0](f:0,a:0,s:0) onFrameAvailable the first frame is available
03-01 17:38:06.739 22167 22214 I VRI[MainActivity]@e4d882b: Received frameCommittedCallback lastAttemptedDrawFrameNum=1 didProduceBuffer=true
03-01 17:38:06.740  1328  1358 I SurfaceFlinger: [com.example.way/com.example.way.MainActivity$_22167#93729] setTransactionState with the first frame. bufferData(ID: 95206540050434, frameNumber: 1)
03-01 17:38:06.740 22167 22214 D HWUI    : CFMS:: SetUp Pid : 22167    Tid : 22214
03-01 17:38:06.740 22167 22167 D VRI[MainActivity]@e4d882b: reportDrawFinished seqId=0
03-01 17:38:06.741 22167 22214 D HWUI    : HWUI - treat SMPTE_170M as sRGB
03-01 17:38:06.742  1658  2381 D WindowManager: finishDrawingWindow: Window{a9070b3 u0 com.example.way/com.example.way.MainActivity} mDrawState=DRAW_PENDING seqId=0
03-01 17:38:06.743  1658  1708 D SurfaceComposerClient: setCornerRadius ## 758759e Splash Screen com.example.way#93720 cornerRadius=0.000000
03-01 17:38:06.743  1658  1708 D SurfaceComposerClient: setCornerRadius ## a9070b3 com.example.way/com.example.way.MainActivity#93728 cornerRadius=0.000000
03-01 17:38:06.745  1658  1708 D SurfaceComposerClient: setCornerRadius ## 758759e Splash Screen com.example.way#93720 cornerRadius=0.000000
03-01 17:38:06.745  1658  1708 V WindowManager: Finish starting ActivityRecord{183245861 u0 com.example.way/.MainActivity t4571}: first real window is shown, no animation
03-01 17:38:06.746  1658  1708 V WindowManager: Schedule remove starting ActivityRecord{183245861 u0 com.example.way/.MainActivity t4571} startingWindow=Window{758759e u0 Splash Screen com.example.way} animate=true Callers=com.android.server.wm.ActivityRecord.removeStartingWindow:178 com.android.server.wm.WindowState.performShowLocked:155 com.android.server.wm.WindowStateAnimator.commitFinishDrawingLocked:73 com.android.server.wm.DisplayContent$$ExternalSyntheticLambda1.accept$com$android$server$wm$DisplayContent$$ExternalSyntheticLambda37:23 com.android.server.wm.DisplayContent$$ExternalSyntheticLambda1.accept:143 
03-01 17:38:06.746  1658  1708 D TaskOrganizerController: applyStartingWindowAnimation, window=Window{a9070b3 u0 com.example.way/com.example.way.MainActivity}, caller=com.android.server.wm.TaskOrganizerController.removeStartingWindow:132 com.android.server.wm.StartingSurfaceController$StartingSurface.remove:23 com.android.server.wm.ActivityRecord.removeStartingWindowAnimation:171 
03-01 17:38:06.746  1658  1708 I WindowManager: Reparenting to leash, surface=Surface(name=a9070b3 com.example.way/com.example.way.MainActivity)/@0xe189f7a, leashParent=Surface(name=ActivityRecord{183245861 u0 com.example.way/.MainActivity t4571})/@0x36f432b
03-01 17:38:06.747  1328  1358 I SurfaceFlinger: id=93732 createSurf, flag=24000, Surface(name=a9070b3 com.example.way/com.example.way.MainActivity)/@0xe189f7a - animation-leash of starting_reveal#93732
03-01 17:38:06.749  1658  1708 D WindowManager: makeSurface duration=2 leash=Surface(name=Surface(name=a9070b3 com.example.way/com.example.way.MainActivity)/@0xe189f7a - animation-leash of starting_reveal)/@0xb18e388
03-01 17:38:06.750 22167 22167 I InsetsSourceConsumer: applyRequestedVisibilityToControl: visible=true, type=statusBars, host=com.example.way/com.example.way.MainActivity
03-01 17:38:06.751 22167 22167 I InsetsSourceConsumer: applyRequestedVisibilityToControl: visible=true, type=navigationBars, host=com.example.way/com.example.way.MainActivity
03-01 17:38:06.751  1658  1708 V WindowManager: performShowLocked: mDrawState=HAS_DRAWN in Window{a9070b3 u0 com.example.way/com.example.way.MainActivity}
03-01 17:38:06.751  1658  1708 D SurfaceComposerClient: setCornerRadius ## a9070b3 com.example.way/com.example.way.MainActivity#93728 cornerRadius=0.000000
03-01 17:38:06.754  1658  1708 D SurfaceComposerClient: setCornerRadius ## 758759e Splash Screen com.example.way#93720 cornerRadius=0.000000
03-01 17:38:06.754  8129  8262 D ShellTaskOrganizer: removeStartingWindow, removalInfo=StartingWindowRemovalInfo{taskId=4571 frame=Rect(0, 0 - 1080, 2408) playRevealAnimation=true roundedCornerRadius=0.0 deferRemoveMode=0 windowlessSurface=false removeImmediately=false}
03-01 17:38:06.754  1658  1708 D SurfaceComposerClient: setCornerRadius ## a9070b3 com.example.way/com.example.way.MainActivity#93728 cornerRadius=0.000000
03-01 17:38:06.754  1658  1704 D [secipm]: mSecIpmManager report to nap
03-01 17:38:06.754  1658  1704 I PkgPredictorService-SecIpmManagerServiceImpl: reportToNAP uid:10429 com.example.way/com.example.way.MainActivity thisTime:1344
03-01 17:38:06.755  1658  1704 D PkgPredictorService-SecIpmManagerServiceImpl: reportToNAP: mHeavyLaunchCounter is false
03-01 17:38:06.756  1658  1708 D SurfaceComposerClient: setCornerRadius ## 758759e Splash Screen com.example.way#93720 cornerRadius=0.000000
03-01 17:38:06.756  1658  1708 D SurfaceComposerClient: setCornerRadius ## a9070b3 com.example.way/com.example.way.MainActivity#93728 cornerRadius=0.000000
03-01 17:38:06.758  1328  1328 I SurfaceFlinger: [Surface(name=a9070b3 com.example.way/com.example.way.MainActivity)/@0xe189f7a - animation-leash of starting_reveal#93732] attach to parent LayerHierarchy{RequestedLayerState{ActivityRecord{183245861 u0 com.example.way/.MainActivity t4571}#93719 parentId=93718} 4 children}
03-01 17:38:06.760  8129  8436 I VRI[way]@8b5413d: mWNT: t=0xb400007c28b9ad50 mBlastBufferQueue=0xb400007d591758a0 fn= 2 HdrRenderState mRenderHdrSdrRatio=1.0 caller= android.view.SyncRtSurfaceTransactionApplier.applyTransaction:100 android.view.SyncRtSurfaceTransactionApplier.lambda$scheduleApply$0:73 android.view.SyncRtSurfaceTransactionApplier.$r8$lambda$afI4fXg3U3-nBZQEDQMiNy-B06s:0 
03-01 17:38:06.761  8129  8436 I VRI[way]@8b5413d: mWNT: t=0xb400007c28b61a10 mBlastBufferQueue=0xb400007d591758a0 fn= 2 HdrRenderState mRenderHdrSdrRatio=1.0 caller= android.view.SyncRtSurfaceTransactionApplier.applyTransaction:100 android.view.SyncRtSurfaceTransactionApplier.lambda$scheduleApply$0:73 android.view.SyncRtSurfaceTransactionApplier.$r8$lambda$afI4fXg3U3-nBZQEDQMiNy-B06s:0 
03-01 17:38:06.762  1658  1707 D BBA2    : updateWindowVisible for pid : 22167, visible : 1
03-01 17:38:06.762  1658  2381 I SemDvfsHyPerManager: acquire hyper - AMS_RESUME_TAIL/1658@17, type = -999
03-01 17:38:06.762  1658  2381 I SemDvfsHyPerManager: acquire hyper - AMS_ACT_LAZY/1658@18, type = -999
03-01 17:38:06.762  1658  2381 D ActivityManagerPerformance: AMP_acquire() TAIL
03-01 17:38:06.762  1658  2381 D ActivityManagerPerformance: AMP_release() APP_SWITCH
03-01 17:38:06.763  1251  1327 I HYPER-HAL: [RequestManager.cpp]acquire(): Acquired ID : 1403667  [1658 / 17]    HINT : AMS_RESUME_TAIL    list : 
03-01 17:38:06.766  1658  2381 W ActivityTaskManager: Request to remove task ignored for non-existent task 4570
03-01 17:38:06.769  1658  1704 I ActivityTaskManager: Displayed com.example.way/.MainActivity for user 0: +1s344ms
03-01 17:38:06.769  1658  1704 I Pageboost: Launch time gathered : pid 22167 com.example.way 1344
03-01 17:38:06.770 25832 25832 I VRI[PdfViewerActivity]@8a2f937: stopped(true) old = false
03-01 17:38:06.770 25832 25832 D VRI[PdfViewerActivity]@8a2f937: WindowStopped on com.google.android.apps.docs/com.google.android.apps.viewer.PdfViewerActivity set to true
03-01 17:38:06.771 25832 25880 D HWUI    : CacheManager::trimMemory(20)
03-01 17:38:06.772  3219  3219 E pageboostd: Received HALT command code 2
03-01 17:38:06.775  1328  1328 I SurfaceFlinger: [Display 0 name="Built-in Screen"#219] setFrameRateCategory: High
03-01 17:38:06.775  1328  1328 I SurfaceFlinger: RequestedLayer [com.example.way/com.example.way.MainActivity$_22167#93729] hidden!! flag  from(1) --> to(0)
03-01 17:38:06.775  1328  1328 I SurfaceFlinger: [LayerHierarchy{RequestedLayerState{a9070b3 com.example.way/com.example.way.MainActivity#93728 parentId=93732} 1 children}] reparent to LayerHierarchy{RequestedLayerState{Surface(name=a9070b3 com.example.way/com.example.way.MainActivity)/@0xe189f7a - animation-leash of starting_reveal#93732 parentId=93719} 1 children}
03-01 17:38:06.779  2861  3645 I HoneySpace.RecentTasks: onRecentTasksChanged
03-01 17:38:06.779  1251  1327 I HYPER-HAL: [RequestManager.cpp]releaseLocked(): Released ID : 1408701
03-01 17:38:06.780  1658  1707 I ActivityManager: Changes in 99469 3 to 15, 184 to 128
03-01 17:38:06.781  1658  1707 I ActivityManager: Changes in 10327 2 to 15, 255 to 128
03-01 17:38:06.786  1272 22275 E ExynosCameraSec: [CAM(1)][Front_0]-(handleBayerBuffer[12735]):[F4 FT2 CAM1 B-1 ORBB3]Handling bayer buffer failed. Bayer buffer will be put. isServiceBayer 0, bufDirection 1 pipeId 6 ret -38
03-01 17:38:06.786  1272 22275 I ExynosCameraFramePipeHandlerPreview: [CAM(1)][ExynosCameraFramePipeHandlerPreview]-(m_previewHandler3AA[641]):[CAM1][F4 FT2 MetaFrameCount=11] 3AA first frame is DONE
03-01 17:38:06.789  1272 22269 I ExynosCameraMCPipeSec: [CAM(1)][PIPE_LME_SRC_IMAGE]-(m_checkNodeGroupInfo[2803]):[REQ:0,F:4,DRV:11,T:2] (LME_SRC_IMAGE):vid(0), request(0 -> 1), oldCropSize(0, 0, 0, 0 / 0, 0, 0, 0) -> newCropSize(0, 0, 2016, 1512 / 0, 0, 2016, 1512)
03-01 17:38:06.789  8129  8262 D ShellDesktopMode: [u0] DesktopRepository: Removes freeform task: taskId=4570
03-01 17:38:06.789  8129  8262 W ShellDesktopMode: [u0] DesktopRepository: No display id found for task: taskId=4570
03-01 17:38:06.789  1272 22269 I ExynosCameraMCPipeSec: [CAM(1)][PIPE_LME_SRC_IMAGE]-(m_checkNodeGroupInfo[2803]):[REQ:0,F:4,DRV:11,T:2] (LME_DST):vid(190), request(0 -> 1), oldCropSize(0, 0, 0, 0 / 0, 0, 0, 0) -> newCropSize(0, 0, 624, 312 / 0, 0, 624, 312)
03-01 17:38:06.789  1272 22269 I ExynosCameraMCPipeSec: [CAM(1)][PIPE_LME_SRC_IMAGE]-(m_checkNodeGroupInfo[2803]):[REQ:0,F:4,DRV:11,T:2] (LME_SW_DST):vid(191), request(0 -> 1), oldCropSize(0, 0, 0, 0 / 0, 0, 0, 0) -> newCropSize(0, 0, 128, 96 / 0, 0, 128, 96)
03-01 17:38:06.791  1328  1328 D SurfaceFlinger: Display 4633128672291735931 HWC layers:
03-01 17:38:06.791  1328  1328 D SurfaceFlinger:        DEVICE |           95206540050433 | 00002102 | RGBA_8888    |    0.0    0.0 1080.0 2355.0 |    0   53 1080 2408 | com.example.way/com.example.way.MainActivity$_22167#93729 (3)
03-01 17:38:06.791  1328  1328 D SurfaceFlinger:        DEVICE |           34913789233952 | 00002100 | RGBA_8888    |    0.0    0.0 1080.0 2408.0 |    0    0 1080 2408 | Splash Screen com.example.way$_8129#93721 (2)
03-01 17:38:06.791  1328  1328 D SurfaceFlinger:        DEVICE |           34913789233785 | 00002100 | RGBA_8888    |    0.0    0.0 1080.0   71.0 |    0    0 1080   71 | StatusBar$_8129#260 (209785)
03-01 17:38:06.791  1328  1328 D SurfaceFlinger:        DEVICE |           12287901458046 | 00002100 | RGBA_8888    |    0.0    0.0   67.0  344.0 |    0  260   67  604 | com.sec.android.app.launcher/com.sam[...]l.app.CocktailBarService$_2861#93727 (1)
03-01 17:38:06.791  1328  1328 D SurfaceFlinger:        DEVICE |           34913789233784 | 00002100 | RGBA_8888    |    0.0    0.0 1080.0  126.0 |    0 2282 1080 2408 | NavigationBar0$_8129#256 (62200)
03-01 17:38:06.791  1328  1328 D SurfaceFlinger: 
03-01 17:38:06.794  1272 22265 I EDEN    : [Exynos][EDEN][v1.6.23][RT::EdenRuntime] ExecuteReq:358: (+) modelId=127202215, mode=0 req=0xb400007e421ef200
03-01 17:38:06.795  1658  2381 D InputDispatcher: Focus entered window (0): a9070b3 com.example.way/com.example.way.MainActivity
03-01 17:38:06.797 22167 22167 D VRI[MainActivity]@e4d882b: mThreadedRenderer.initializeIfNeeded()#2 mSurface={isValid=true 0xb400007d08751100}
03-01 17:38:06.798  1309  1332 E HeatmapThread: ECT Thread time in milliseconds: 1772366886
03-01 17:38:06.798  1309  1332 D HeatmapThread: !@ batteryplugType : 0
03-01 17:38:06.798  1309  1332 D HeatmapThread: !@ batteryLevel : 0  batteryTemperature : 0 
03-01 17:38:06.798  1309  1332 D HeatmapThread: !@ Heatmap currtime: 29539448
03-01 17:38:06.798  1272 22267 E ExynosCameraBufferManagerVendor: [CAM(1)][FLITE_BUF]-(getBuffer[317]):m_allocatedBufCount equals zero
03-01 17:38:06.798  1272 22267 E ExynosCameraBufferSupplierVendor: [CAM(1)][BufferSupplier]-(getBuffer[185]):[FLITE_BUF][P7 T0 B-1 A0x7c362495a8]Failed to getBuffer. ret -38
03-01 17:38:06.798  1309  1332 D HeatmapThread: !@ Heatmap prevtime: 29539419
03-01 17:38:06.798  1272 22267 E ExynosCameraMCPipeSec: [CAM(1)][PIPE_3AA]-(m_putBuffer[855]):[F9 FT2][3AA_CAPTURE]Failed to getBuffer from BufferSupplier. ret -38 FrameQ_size (0, 3) size(4)
03-01 17:38:06.798  1309  1332 D HeatmapThread: !@ Heatmap plugstarttime: 35791394
03-01 17:38:06.798  1272 22267 I ExynosCameraFrame: [CAM(1)][]-(printEntity[77]): FrameCount(9(0)), type(2), state(0), request(5), complete(0)
03-01 17:38:06.798  1272 22267 I ExynosCameraFrame: [CAM(1)][]-(printEntity[86]):[Req1] sibling id(6), state(2)
03-01 17:38:06.798  1309  1332 D HeatmapThread: !@ Heatmap prevv_dsoh_update_time: 29531970
03-01 17:38:06.798  1272 22267 I ExynosCameraFrame: [CAM(1)][]-(printEntity[86]):[Req1] sibling id(47), state(1)
03-01 17:38:06.798  1272 22267 I ExynosCameraFrame: [CAM(1)][]-(printEntity[86]):[Req1] sibling id(12), state(1)
03-01 17:38:06.798  1272 22267 I ExynosCameraFrame: [CAM(1)][]-(printEntity[86]):[Req1] sibling id(45), state(1)
03-01 17:38:06.798  1272 22267 I ExynosCameraFrame: [CAM(1)][]-(printEntity[86]):[Req1] sibling id(87), state(1)
03-01 17:38:06.798  1309  1332 E HeatmapThread: !@Could not open '/efs/FactoryApp/bsoh', errno = 13
03-01 17:38:06.798  1309  1332 E HeatmapThread: !@ CAM Could not access BSOH EFS
03-01 17:38:06.798  1309  1332 E HeatmapThread: !@ CAM New BSOH: 0
03-01 17:38:06.799 22167 22167 D InputMethodManagerUtils: startInputInner - Id : 0
03-01 17:38:06.798  1272 22267 I ExynosCameraFrame: [CAM(1)][]-(printEntity[86]):[Req0] sibling id(33), state(1)
03-01 17:38:06.800  1272 22267 I ExynosCameraFrame: [CAM(1)][]-(printEntity[86]):[Req0] sibling id(34), state(1)
03-01 17:38:06.800  1272 22267 I ExynosCameraFrame: [CAM(1)][]-(m_dumpStatusForResultUpdate[1955]):[F9 T2]ResultType  0 PipeId   6 ResultUpdateStatus  1
03-01 17:38:06.800  1272 22267 I ExynosCameraFrame: [CAM(1)][]-(m_dumpStatusForResultUpdate[1955]):[F9 T2]ResultType  1 PipeId  12 ResultUpdateStatus  1
03-01 17:38:06.800  1272 22267 I ExynosCameraFrame: [CAM(1)][]-(m_dumpStatusForResultUpdate[1955]):[F9 T2]ResultType  2 PipeId  12 ResultUpdateStatus  1
03-01 17:38:06.800  1272 22267 I ExynosCameraFrame: [CAM(1)][]-(printNotDoneEntity[111]): FrameCount(9(0)), type(2), state(0), request(5), complete(0)
03-01 17:38:06.800  1272 22267 I ExynosCameraFrame: [CAM(1)][]-(printNotDoneEntity[121]):[Req:1] sibling id(6), state(2)
03-01 17:38:06.800  1272 22267 I ExynosCameraFrame: [CAM(1)][]-(printNotDoneEntity[121]):[Req:1] sibling id(47), state(1)
03-01 17:38:06.800  1272 22267 I ExynosCameraFrame: [CAM(1)][]-(printNotDoneEntity[121]):[Req:1] sibling id(12), state(1)
03-01 17:38:06.800  1272 22267 I ExynosCameraFrame: [CAM(1)][]-(printNotDoneEntity[121]):[Req:1] sibling id(45), state(1)
03-01 17:38:06.800 22167 22167 I InputMethodManager: startInputInner - IInputMethodManagerGlobalInvoker.startInputOrWindowGainedFocus
03-01 17:38:06.800  1272 22267 I ExynosCameraFrame: [CAM(1)][]-(printNotDoneEntity[121]):[Req:1] sibling id(87), state(1)
03-01 17:38:06.800  1272 22267 I ExynosCameraFrame: [CAM(1)][]-(printNotDoneEntity[121]):[Req:0] sibling id(33), state(1)
03-01 17:38:06.800  1272 22267 I ExynosCameraFrame: [CAM(1)][]-(printNotDoneEntity[121]):[Req:0] sibling id(34), state(1)
03-01 17:38:06.800  1272 22267 I ExynosCameraFrameVendor: [CAM(1)][]-(dump[162]):pipeId(88)'s request is true
03-01 17:38:06.800  1272 22267 I ExynosCameraFrameVendor: [CAM(1)][]-(dump[162]):pipeId(87)'s request is true
03-01 17:38:06.800  1272 22267 I ExynosCameraFrameVendor: [CAM(1)][]-(dump[162]):pipeId(75)'s request is true
03-01 17:38:06.800  1272 22267 I ExynosCameraFrameVendor: [CAM(1)][]-(dump[162]):pipeId(73)'s request is true
03-01 17:38:06.800  1272 22267 I ExynosCameraFrameVendor: [CAM(1)][]-(dump[162]):pipeId(51)'s request is true
03-01 17:38:06.802  8129  8437 I VRI[way]@8b5413d: mWNT: t=0xb400007c28ad93d0 mBlastBufferQueue=0xb400007d591758a0 fn= 3 HdrRenderState mRenderHdrSdrRatio=1.0 caller= android.view.SyncRtSurfaceTransactionApplier.applyTransaction:100 android.view.SyncRtSurfaceTransactionApplier.lambda$scheduleApply$0:73 android.view.SyncRtSurfaceTransactionApplier.$r8$lambda$afI4fXg3U3-nBZQEDQMiNy-B06s:0 
03-01 17:38:06.803  1658  2294 E WindowManager: win=Window{b716455 u0 com.google.android.apps.docs/com.google.android.apps.viewer.PdfViewerActivity} destroySurfaces: appStopped=true cleanupOnResume=false win.mWindowRemovalAllowed=false win.mRemoveOnExit=false win.mViewVisibility=8 caller=com.android.server.wm.ActivityRecord.destroySurfaces:25 com.android.server.wm.ActivityRecord.activityStopped:192 com.android.server.wm.ActivityClientController.activityStopped:97 android.app.IActivityClientController$Stub.onTransact:740 com.android.server.wm.ActivityClientController.onTransact:1 android.os.Binder.execTransactInternal:1462 android.os.Binder.execTransact:1401 
03-01 17:38:06.805  1272 22267 I ExynosCameraFrameVendor: [CAM(1)][]-(dump[162]):pipeId(50)'s request is true
03-01 17:38:06.805  1272 22267 I ExynosCameraFrameVendor: [CAM(1)][]-(dump[162]):pipeId(49)'s request is true
03-01 17:38:06.805  1272 22267 I ExynosCameraFrameVendor: [CAM(1)][]-(dump[162]):pipeId(47)'s request is true
03-01 17:38:06.805  1272 22267 I ExynosCameraFrameVendor: [CAM(1)][]-(dump[162]):pipeId(45)'s request is true
03-01 17:38:06.805  1272 22267 I ExynosCameraFrameVendor: [CAM(1)][]-(dump[162]):pipeId(19)'s request is true
03-01 17:38:06.805  1272 22267 I ExynosCameraFrameVendor: [CAM(1)][]-(dump[162]):pipeId(12)'s request is true
03-01 17:38:06.805  1272 22267 I ExynosCameraFrameVendor: [CAM(1)][]-(dump[162]):pipeId(11)'s request is true
03-01 17:38:06.805  1272 22267 I ExynosCameraFrameVendor: [CAM(1)][]-(dump[162]):pipeId(9)'s request is true
03-01 17:38:06.805  1272 22267 I ExynosCameraFrameVendor: [CAM(1)][]-(dump[162]):pipeId(8)'s request is true
03-01 17:38:06.805  1272 22267 I ExynosCameraFrameVendor: [CAM(1)][]-(dump[162]):pipeId(7)'s request is true
03-01 17:38:06.805  1272 22267 I ExynosCameraFrameVendor: [CAM(1)][]-(dump[162]):pipeId(6)'s request is true
03-01 17:38:06.806 25832 25880 D HWUI    : CacheManager::trimMemory(20)
03-01 17:38:06.806  1658  1707 I DisplayDeviceRepository: Display device changed render timings: "Built-in Screen", renderFrameRate=60.0, presentationDeadlineNanos=17666667, appVsyncOffsetNanos=16666667, frameRateOverrides=[{uid=10061 frameRateHz=60.0}, {uid=10144 frameRateHz=60.0}, {uid=10429 frameRateHz=60.0}]
03-01 17:38:06.807  1658  1707 D SGM:FgCheckThread: getForegroundApp(), foregroundPkgName=com.example.way
03-01 17:38:06.808  1328  1328 I SurfaceFlinger: [LayerHierarchy{RequestedLayerState{com.google.android.apps.docs/com.google.android.apps.viewer.PdfViewerActivity$_25832#93713} no children}] reparent to OffscreenRoot
03-01 17:38:06.808  1328  1328 I SurfaceFlinger: [LayerHierarchy{RequestedLayerState{com.google.android.apps.docs/com.google.android.apps.viewer.PdfViewerActivity$_25832#93713} no children}] RelativeParent to null
03-01 17:38:06.809  1272 22276 I ExynosCameraFrameFactoryBaseVendor: [CAM(1)][Front_0]-(startThread[186]):pipeId=87
03-01 17:38:06.809  1272 22276 I ExynosCameraSWPipe: [CAM(1)][PIPE_MERTA]-(startThread[83]):startThread is succeed (87)
03-01 17:38:06.810  8129  8436 I VRI[way]@8b5413d: mWNT: t=0xb400007c2877dc50 mBlastBufferQueue=0xb400007d591758a0 fn= 4 HdrRenderState mRenderHdrSdrRatio=1.0 caller= android.view.SyncRtSurfaceTransactionApplier.applyTransaction:100 android.view.SyncRtSurfaceTransactionApplier.lambda$scheduleApply$0:73 android.view.SyncRtSurfaceTransactionApplier.$r8$lambda$afI4fXg3U3-nBZQEDQMiNy-B06s:0 
03-01 17:38:06.813  1658  2098 D BackgroundInstallControlService: Package event received: 0
03-01 17:38:06.813  1328  1328 I SurfaceFlinger: id=93713 Removed com.google.android.apps.docs/com.google.android.apps.viewer.PdfViewerActivity$_25832#93713 (275)
03-01 17:38:06.814  1658  1847 V InputMethodManagerService: startInputOrWindowGainedFocusInternalLocked: reason=WINDOW_FOCUS_GAIN client=android.os.BinderProxy@92b4a17 inputContext=null editorInfo=android.view.inputmethod.EditorInfo@821afff startInputFlags=VIEW_HAS_FOCUS|INITIAL_CONNECTION softInputMode=STATE_UNSPECIFIED|ADJUST_PAN|IS_FORWARD_NAVIGATION windowFlags=#81810100 unverifiedTargetSdkVersion=36 bindingController=com.android.server.inputmethod.InputMethodBindingController@6e47bc4 imeDispatcher=android.window.ImeOnBackInvokedDispatcher@831d1cc cs=ClientState{aeaac15 mUid=10429 mPid=22167 mSelfReportedDisplayId=0} imeRequestedVisible=false
03-01 17:38:06.814  1658  1847 V InputMethodManagerService: setWindowStateInner, windowToken=android.os.BinderProxy@a436e22, state=ImeTargetWindowState{ imeToken null imeFocusChanged true hasEditorFocused false requestedImeVisible false imeDisplayId 0 softInputModeState STATE_UNSPECIFIED|ADJUST_PAN|IS_FORWARD_NAVIGATION isStartInputByGainFocus true}
03-01 17:38:06.814  1658  1847 V InputMethodManagerService: Unspecified window will hide input
03-01 17:38:06.815  1658  2294 I ActivityManager: Changes in 99469 15 to 15, 128 to 0
03-01 17:38:06.816  1658  2294 I ActivityManager: Changes in 10327 15 to 15, 128 to 0
03-01 17:38:06.816  1658  1847 I ImeTracker: com.example.way:1b2af59: onRequestHide at ORIGIN_SERVER reason HIDE_UNSPECIFIED_WINDOW fromUser false
03-01 17:38:06.816  1658  1847 V InputMethodManagerService: applyImeVisibility state=6
03-01 17:38:06.817  1658  1847 D SemInputMethodManagerServiceUtil: restorePreviousUsedInputMethod : failed to return the previous ime becuase the stored info is null or do not need restore
03-01 17:38:06.817  1658  1847 V InputMethodManagerService: semComputeImeDisplayIdForTarget: displayToShowIme=0
03-01 17:38:06.817  1658  1847 V InputMethodManagerService: unbindCurrentInputLocked: client=android.os.BinderProxy@95b06a1
03-01 17:38:06.817  1658  1847 V InputMethodManagerService: Creating new session for client ClientState{aeaac15 mUid=10429 mPid=22167 mSelfReportedDisplayId=0}
03-01 17:38:06.817  1658  1847 V InputMethodManagerService: Creating new session for client ClientState{aeaac15 mUid=10429 mPid=22167 mSelfReportedDisplayId=0}
03-01 17:38:06.817  1658  1847 D InputTransport: Input channel constructed: 'ClientS', fd=1597
03-01 17:38:06.817  1658  1847 D InputTransport: Input channel constructed: 'ClientS', fd=1599
03-01 17:38:06.819  1658  1847 D InputTransport: Input channel destroyed: 'ClientS', fd=1599
03-01 17:38:06.819  1658  1847 V InputMethodManagerService: Creating new accessibility sessions for client ClientState{aeaac15 mUid=10429 mPid=22167 mSelfReportedDisplayId=0}
03-01 17:38:06.819  1658  3514 I WindowManager: Relayout Window{758759e u0 Splash Screen com.example.way}: viewVisibility=8 req=1080x2408 ty=3 d0
03-01 17:38:06.820  1658  1707 D SGM:FgCheckThread: pkgName: com.google.android.apps.docs is not in foreground
03-01 17:38:06.820  1658  1707 D SGM:FgCheckThread: noteStopComponent(), received pkgName: com.google.android.apps.docs, focusedPkgName: com.example.way, userId: 0
03-01 17:38:06.820  1658  3514 D SurfaceComposerClient: setCornerRadius ## a9070b3 com.example.way/com.example.way.MainActivity#93728 cornerRadius=0.000000
03-01 17:38:06.822  1658  3514 D SurfaceComposerClient: setCornerRadius ## 758759e Splash Screen com.example.way#93720 cornerRadius=0.000000
03-01 17:38:06.823  1658  3514 D SurfaceComposerClient: setCornerRadius ## a9070b3 com.example.way/com.example.way.MainActivity#93728 cornerRadius=0.000000
03-01 17:38:06.823 22167 22167 I InputMethodManager: handleMessage: setImeVisibility visible=false
03-01 17:38:06.823 22167 22167 D InsetsController: hide(ime(), fromIme=false)
03-01 17:38:06.824 22167 22167 I ImeTracker: com.example.way:1b2af59: onCancelled at PHASE_CLIENT_ALREADY_HIDDEN
03-01 17:38:06.825  1328  1328 I SurfaceFlinger: destroyed com.google.android.apps.docs/com.google.android.apps.viewer.PdfViewerActivity$_25832#93713
03-01 17:38:06.826  1658  4365 D InputMethodManagerService: isImeSwitcherDisabledPackage : false
03-01 17:38:06.826  1658  4365 D InputMethodManagerService: shouldShowImeSwitcherLocked : checking vis : 3
03-01 17:38:06.826  1658  3514 I WindowManager: Relayout hash=758759e, pid=8129, syncId=-1: mAttrs={(0,0)(fillxfill) sim={adjust=pan} layoutInDisplayCutoutMode=always ty=APPLICATION_STARTING fmt=TRANSLUCENT wanim=0x1030317
03-01 17:38:06.826  1658  3514 I WindowManager:   fl=81030118
03-01 17:38:06.826  1658  3514 I WindowManager:   pfl=10000810
03-01 17:38:06.826  1658  3514 I WindowManager:   bhv=1
03-01 17:38:06.826  1658  3514 I WindowManager:   fitSides=0
03-01 17:38:06.826  1658  3514 I WindowManager:   frameRateBoostOnTouch=true
03-01 17:38:06.826  1658  3514 I WindowManager:   dvrrWindowFrameRateHint=true naviIconColor=0}
03-01 17:38:06.827  1658  4365 V InputMethodManagerService: Disabling: SessionState{uid=10327 pid=25832 method=4b758e3 session=6d465dc channel=ClientState{e31a8d6 mUid=10327 mPid=25832 mSelfReportedDisplayId=0} userId=0}
03-01 17:38:06.827  1658  4365 V InputMethodManagerService: Enabling: SessionState{uid=10429 pid=22167 method=4b758e3 session=2668e64 channel=ClientState{aeaac15 mUid=10429 mPid=22167 mSelfReportedDisplayId=0} userId=0}
03-01 17:38:06.827  1658  4365 D InputMethodManagerService: checkDisplayOfStartInputAndUpdateKeyboard: displayId=0, mFocusedDisplayId=0
03-01 17:38:06.827  1658  4365 D InputTransport: Input channel constructed: 'ClientS', fd=1606
03-01 17:38:06.827  1658  4365 D InputTransport: Input channel destroyed: 'ClientS', fd=1606
03-01 17:38:06.828  8129  8366 I VRI[way]@8b5413d: onActiveControlsChanged, removed=false, mAdded=true, caller=android.view.ViewRootImpl.handleInsetsControlChanged:3002 android.view.ViewRootImpl.relayoutWindow:11629 android.view.ViewRootImpl.performTraversals:4804 android.view.ViewRootImpl.doTraversal:3924 android.view.ViewRootImpl$TraversalRunnable.run:12903 
03-01 17:38:06.829  1658  3279 D RestrictionPolicy: isScreenCaptureEnabled : ret=true userId=0
03-01 17:38:06.830  1658  3279 I WindowManager: Cancelling animation restarting=true, leash=Surface(name=Surface(name=fb9422d InputMethod)/@0x3214cf3 - animation-leash of insets_animation)/@0xbe3f79c
03-01 17:38:06.830  1658  3279 I WindowManager: Reparenting to original parent: Surface(name=WindowToken{7177546 type=2011 android.os.Binder@4f62d21})/@0x191fdb0, destroy=false, surface=Surface(name=fb9422d InputMethod)/@0x3214cf3
03-01 17:38:06.830  1658  3279 I WindowManager: Reparenting to leash, surface=Surface(name=fb9422d InputMethod)/@0x3214cf3, leashParent=Surface(name=WindowToken{7177546 type=2011 android.os.Binder@4f62d21})/@0x191fdb0
03-01 17:38:06.830  1328  1328 I Layer   : id=93713 Destroyed com.google.android.apps.docs/com.google.android.apps.viewer.PdfViewerActivity$_25832#93713
03-01 17:38:06.830  1328  1894 I SurfaceFlinger: id=93733 createSurf, flag=24004, Surface(name=fb9422d InputMethod)/@0x3214cf3 - animation-leash of insets_animation#93733
03-01 17:38:06.830  5190  5190 I HBD     : HoneyBoardService onFinishInput 
03-01 17:38:06.832  5190  5190 I HBD     : a IC have been unbinding,  RemoteInputConnection{idHash=#6f93837}
03-01 17:38:06.832  5190  5190 I HBD     : HoneyBoardService [PF_CL][onFinishInput]  2 ms 
03-01 17:38:06.832 25832 25832 D InputTransport: Input channel destroyed: 'ClientS', fd=310
03-01 17:38:06.832  8129  8366 I VRI[way]@8b5413d: Relayout returned: old=(0,0,1080,2408) new=(0,0,1080,2408) relayoutAsync=false req=(1080,2408)8 dur=13 res=0x2 s={false 0x0} ch=true seqId=0
03-01 17:38:06.832  8129  8366 D VRI[way]@8b5413d: Not drawing due to not visible. Reason=View.GONE
03-01 17:38:06.833  8129  8366 I VRI[way]@8b5413d: dispatchDetachedFromWindow
03-01 17:38:06.834  5190  5190 I HBD     : HoneyBoardService [IMI] onStartInput - caller pid : 22167 , caller uid : 10429 
03-01 17:38:06.834  5190  5190 I HBD     : k updateConfigs 
03-01 17:38:06.834  5190  5190 I HBD     : k isEnabledNightMode : true 
03-01 17:38:06.834  5190  5190 I HBD     : a IC have been binding, RemoteInputConnection{idHash=#29c701a} 
03-01 17:38:06.834  5190  5190 I HBD     : h [EditorInputType]setPrivateImeOptionsToTable privateImeOptions ( null )
03-01 17:38:06.834  5190  5190 I HBD     : b incognitoMode : false 
03-01 17:38:06.834  5190  5190 I HBD     : c needOff = true , isForceOff = false, isNullInputClass : true 
03-01 17:38:06.835  5190  5190 I HBD     : h getDefaultInputRange : UNKNOWN 
03-01 17:38:06.835  5190  5190 I HBD     : h getDefaultInputRange : UNKNOWN 
03-01 17:38:06.835  5190  5190 I HBD     : h getDefaultInputRange : UNKNOWN 
03-01 17:38:06.837  5190  5190 I HBD     : c needOff = true , isForceOff = false, isNullInputClass : true 
03-01 17:38:06.837  5190  5190 I HBD     : c update cached prediction status : false 
03-01 17:38:06.837  5190  5190 I HBD     : h getDefaultInputRange : UNKNOWN 
03-01 17:38:06.837  5190  5190 I HBD     : a currentState : 0 
03-01 17:38:06.837  5190  5190 I HBD     : a [UpdatePolicy] [post] a: 0 cl: 65555 kit: [0/0] vt: 0 ir: 1 
03-01 17:38:06.837  1658  3279 D WindowManager: makeSurface duration=7 leash=Surface(name=Surface(name=fb9422d InputMethod)/@0x3214cf3 - animation-leash of insets_animation)/@0x4dca582
03-01 17:38:06.838  1272 22304 I MERTA   : mcfp w: 3184, h: 2388, meDsInput w: 3184, h: 2388
03-01 17:38:06.838  1272 22304 I MERTA   : lv0 w: 796, h: 597, lv1 w: 396, h: 298
03-01 17:38:06.838  1272 22304 I MERTA   : Setfile(/system/vendor/firmware/setfile_imx355.bin) Load Success
03-01 17:38:06.839  1272 22304 I MERTA   : Scenario index is changed(-1 -> 70)
03-01 17:38:06.839  1658  3279 D InsetsSourceProvider: updateControlForTarget: control=InsetsSourceControl: {3 mType=ime mSurfacePosition=Point(0, 71) mInsetsHint=Insets{left=0, top=0, right=0, bottom=991}}, target=Window{a9070b3 u0 com.example.way/com.example.way.MainActivity}, from=com.android.server.wm.ImeInsetsSourceProvider.updateControlForTarget:17 com.android.server.wm.InsetsStateController.onControlTargetChanged:83 com.android.server.wm.DisplayContent.updateImeControlTarget:21 com.android.server.wm.DisplayContent.updateImeInputAndControlTarget:156 com.android.server.wm.WindowManagerService$LocalService.updateInputMethodTargetWindow:64 
03-01 17:38:06.839  1272 22279 W ExynosCameraSec: [CAM(1)][Front_0]-(m_previewStreamMERTAPipeThreadFunc[4883]):wait timeout
03-01 17:38:06.839  1658  3279 I ImeTracker: system_server:e108b716: onRequestHide at ORIGIN_SERVER reason IME_REQUESTED_CHANGED_LISTENER fromUser false
03-01 17:38:06.841  1438 10246 I CameraService: onUidStateChanged: uid=10235, procState is changed. (3 -> 5)
03-01 17:38:06.844  1328  1328 I SurfaceFlinger: [Surface(name=fb9422d InputMethod)/@0x3214cf3 - animation-leash of insets_animation#93733] attach to parent LayerHierarchy{RequestedLayerState{WindowToken{7177546 type=2011 android.os.Binder@4f62d21}#180 parentId=15} 2 children}
03-01 17:38:06.849  1272 22275 E ExynosCameraSec: [CAM(1)][Front_0]-(handleBayerBuffer[12735]):[F5 FT2 CAM1 B-1 ORBB4]Handling bayer buffer failed. Bayer buffer will be put. isServiceBayer 0, bufDirection 1 pipeId 6 ret -38
03-01 17:38:06.849  1272 22275 I ExynosCameraFramePipeHandlerPreview: [CAM(1)][ExynosCameraFramePipeHandlerPreview]-(m_previewHandler3AA[641]):[CAM1][F5 FT2 MetaFrameCount=12] 3AA first frame is DONE
03-01 17:38:06.851  1658  1705 D PkgPredictorService-SecIpmManagerServiceImpl: bg information pid:25832 uid:10327 pkgName:com.google.android.apps.docs
03-01 17:38:06.851  1272 22267 E ExynosCameraBufferManagerVendor: [CAM(1)][FLITE_BUF]-(getBuffer[317]):m_allocatedBufCount equals zero
03-01 17:38:06.851  1272 22267 E ExynosCameraBufferSupplierVendor: [CAM(1)][BufferSupplier]-(getBuffer[185]):[FLITE_BUF][P7 T0 B-1 A0x7c362495a8]Failed to getBuffer. ret -38
03-01 17:38:06.851  1272 22267 E ExynosCameraMCPipeSec: [CAM(1)][PIPE_3AA]-(m_putBuffer[855]):[F10 FT2][3AA_CAPTURE]Failed to getBuffer from BufferSupplier. ret -38 FrameQ_size (0, 3) size(4)
03-01 17:38:06.851  1272 22267 I ExynosCameraFrame: [CAM(1)][]-(printEntity[77]): FrameCount(10(0)), type(2), state(0), request(5), complete(0)
03-01 17:38:06.851  1272 22267 I ExynosCameraFrame: [CAM(1)][]-(printEntity[86]):[Req1] sibling id(6), state(2)
03-01 17:38:06.851  1272 22267 I ExynosCameraFrame: [CAM(1)][]-(printEntity[86]):[Req1] sibling id(47), state(1)
03-01 17:38:06.851  1272 22267 I ExynosCameraFrame: [CAM(1)][]-(printEntity[86]):[Req1] sibling id(12), state(1)
03-01 17:38:06.851  1272 22267 I ExynosCameraFrame: [CAM(1)][]-(printEntity[86]):[Req1] sibling id(45), state(1)
03-01 17:38:06.851  1272 22267 I ExynosCameraFrame: [CAM(1)][]-(printEntity[86]):[Req1] sibling id(87), state(1)
03-01 17:38:06.851  1272 22267 I ExynosCameraFrame: [CAM(1)][]-(printEntity[86]):[Req0] sibling id(33), state(1)
03-01 17:38:06.851  1272 22267 I ExynosCameraFrame: [CAM(1)][]-(printEntity[86]):[Req0] sibling id(34), state(1)
03-01 17:38:06.851  1272 22267 I ExynosCameraFrame: [CAM(1)][]-(m_dumpStatusForResultUpdate[1955]):[F10 T2]ResultType  0 PipeId   6 ResultUpdateStatus  1
03-01 17:38:06.851  1272 22267 I ExynosCameraFrame: [CAM(1)][]-(m_dumpStatusForResultUpdate[1955]):[F10 T2]ResultType  1 PipeId  12 ResultUpdateStatus  1
03-01 17:38:06.851  1272 22267 I ExynosCameraFrame: [CAM(1)][]-(m_dumpStatusForResultUpdate[1955]):[F10 T2]ResultType  2 PipeId  12 ResultUpdateStatus  1
03-01 17:38:06.851  1272 22267 I ExynosCameraFrame: [CAM(1)][]-(printNotDoneEntity[111]): FrameCount(10(0)), type(2), state(0), request(5), complete(0)
03-01 17:38:06.851  1272 22267 I ExynosCameraFrame: [CAM(1)][]-(printNotDoneEntity[121]):[Req:1] sibling id(6), state(2)
03-01 17:38:06.851  1272 22267 I ExynosCameraFrame: [CAM(1)][]-(printNotDoneEntity[121]):[Req:1] sibling id(47), state(1)
03-01 17:38:06.851  1272 22267 I ExynosCameraFrame: [CAM(1)][]-(printNotDoneEntity[121]):[Req:1] sibling id(12), state(1)
03-01 17:38:06.851  1272 22267 I ExynosCameraFrame: [CAM(1)][]-(printNotDoneEntity[121]):[Req:1] sibling id(45), state(1)
03-01 17:38:06.851  1272 22267 I ExynosCameraFrame: [CAM(1)][]-(printNotDoneEntity[121]):[Req:1] sibling id(87), state(1)
03-01 17:38:06.851  1272 22267 I ExynosCameraFrame: [CAM(1)][]-(printNotDoneEntity[121]):[Req:0] sibling id(33), state(1)
03-01 17:38:06.851  1272 22267 I ExynosCameraFrame: [CAM(1)][]-(printNotDoneEntity[121]):[Req:0] sibling id(34), state(1)
03-01 17:38:06.851  1272 22267 I ExynosCameraFrameVendor: [CAM(1)][]-(dump[162]):pipeId(88)'s request is true
03-01 17:38:06.851  1272 22267 I ExynosCameraFrameVendor: [CAM(1)][]-(dump[162]):pipeId(87)'s request is true
03-01 17:38:06.851  1272 22267 I ExynosCameraFrameVendor: [CAM(1)][]-(dump[162]):pipeId(75)'s request is true
03-01 17:38:06.851  1272 22267 I ExynosCameraFrameVendor: [CAM(1)][]-(dump[162]):pipeId(73)'s request is true
03-01 17:38:06.851  1272 22267 I ExynosCameraFrameVendor: [CAM(1)][]-(dump[162]):pipeId(51)'s request is true
03-01 17:38:06.851  1272 22267 I ExynosCameraFrameVendor: [CAM(1)][]-(dump[162]):pipeId(50)'s request is true
03-01 17:38:06.851  1272 22267 I ExynosCameraFrameVendor: [CAM(1)][]-(dump[162]):pipeId(49)'s request is true
03-01 17:38:06.851  1272 22267 I ExynosCameraFrameVendor: [CAM(1)][]-(dump[162]):pipeId(47)'s request is true
03-01 17:38:06.851  1272 22267 I ExynosCameraFrameVendor: [CAM(1)][]-(dump[162]):pipeId(45)'s request is true
03-01 17:38:06.851  1272 22267 I ExynosCameraFrameVendor: [CAM(1)][]-(dump[162]):pipeId(19)'s request is true
03-01 17:38:06.851  1272 22267 I ExynosCameraFrameVendor: [CAM(1)][]-(dump[162]):pipeId(12)'s request is true
03-01 17:38:06.851  1658  2292 D WindowManager: Starting window removed Window{758759e u0 Splash Screen com.example.way}
03-01 17:38:06.851  1272 22267 I ExynosCameraFrameVendor: [CAM(1)][]-(dump[162]):pipeId(11)'s request is true
03-01 17:38:06.851  1272 22267 I ExynosCameraFrameVendor: [CAM(1)][]-(dump[162]):pipeId(9)'s request is true
03-01 17:38:06.851  1272 22267 I ExynosCameraFrameVendor: [CAM(1)][]-(dump[162]):pipeId(8)'s request is true
03-01 17:38:06.851  1272 22267 I ExynosCameraFrameVendor: [CAM(1)][]-(dump[162]):pipeId(7)'s request is true
03-01 17:38:06.851  1272 22267 I ExynosCameraFrameVendor: [CAM(1)][]-(dump[162]):pipeId(6)'s request is true
03-01 17:38:06.851  1658  2292 I WindowManager: Cancelling animation restarting=false, leash=Surface(name=Surface(name=a9070b3 com.example.way/com.example.way.MainActivity)/@0xe189f7a - animation-leash of starting_reveal)/@0xb18e388
03-01 17:38:06.851  1658  2292 I WindowManager: Reparenting to original parent: Surface(name=ActivityRecord{183245861 u0 com.example.way/.MainActivity t4571})/@0x36f432b, destroy=false, surface=Surface(name=a9070b3 com.example.way/com.example.way.MainActivity)/@0xe189f7a
03-01 17:38:06.851  1658  2292 D InputTransport: Input channel destroyed: '758759e', fd=1461
03-01 17:38:06.852  1658  1705 D SGM:GameManager: identifyForegroundApp. com.example.way, mCurrentUserId: 0, callerUserId: 0
03-01 17:38:06.852  1658  1705 D SGM:SemGameManager: isForegroundGame(), ret=false
03-01 17:38:06.852  1658  2292 V WindowManager: Remove Window{758759e u0 Splash Screen com.example.way}: mSurfaceControl=Surface(name=Splash Screen com.example.way$_8129)/@0xc3397ce mAnimatingExit=false mRemoveOnExit=false mHasSurface=true surfaceShowing=true animating=false app-animation=false callers=com.android.server.wm.Session.remove:16 android.view.IWindowSession$Stub.onTransact:804 com.android.server.wm.Session.onTransact:1 android.os.Binder.execTransactInternal:1462 android.os.Binder.execTransact:1401 <bottom of call stack> 
03-01 17:38:06.852  2861  4963 I HoneySpace.Memory-Monitor: current state = 2, didTrim = false
03-01 17:38:06.852 22167 22299 D InputTransport: Input channel constructed: 'ClientS', fd=150
03-01 17:38:06.854  1658  2292 D SurfaceComposerClient: setCornerRadius ## a9070b3 com.example.way/com.example.way.MainActivity#93728 cornerRadius=0.000000
03-01 17:38:06.856  5190  5190 I HBD     : a [NRIC] resetNoResponseState 
03-01 17:38:06.856  1658  2292 D SurfaceComposerClient: setCornerRadius ## a9070b3 com.example.way/com.example.way.MainActivity#93728 cornerRadius=0.000000
03-01 17:38:06.856  5190  5190 I HBD     : c needOff = true , isForceOff = false, isNullInputClass : true 
03-01 17:38:06.856  5190  5190 I HBD     : c update cached prediction status : false 
03-01 17:38:06.856  5190  5190 I HBD     : b [AiWriter] setContact : com.example.way
03-01 17:38:06.856  5190  5190 I HBD     : a [AiWriter] setContact : com.example.way
03-01 17:38:06.857  5190  5190 I HBD     : o0 EBD si S 0 
03-01 17:38:06.857  5190  5190 I HBD     : r updateContactDBLanguage : 0 
03-01 17:38:06.858  5190  5190 I HBD     : a [UpdatePolicy] [post] a: 31 cl: 65555 kit: [0/0] vt: 0 ir: 1 
03-01 17:38:06.859  5190  5190 I HBD     : HoneyBoardService [PF_OP][onStartInput]  25 ms 
03-01 17:38:06.862  1272 22304 I MERTA   : SetZeroLmcGrid!
03-01 17:38:06.862  1272 22271 I ExynosCameraMCPipeSec: [CAM(1)][PIPE_ISP]-(m_checkNodeGroupInfo[2803]):[REQ:0,F:4,DRV:11,T:2] (ISP_OUTPUT):vid(0), request(0 -> 1), oldCropSize(0, 0, 0, 0 / 0, 0, 0, 0) -> newCropSize(0, 0, 3184, 2388 / 0, 0, 3184, 2388)
03-01 17:38:06.862  1272 22271 I ExynosCameraMCPipeSec: [CAM(1)][PIPE_ISP]-(m_checkNodeGroupInfo[2803]):[REQ:0,F:4,DRV:11,T:2] (ISP_DRC_GRID):vid(166), request(0 -> 1), oldCropSize(0, 0, 0, 0 / 0, 0, 0, 0) -> newCropSize(0, 0, 1024, 256 / 0, 0, 1024, 256)
03-01 17:38:06.862  1272 22271 I ExynosCameraMCPipeSec: [CAM(1)][PIPE_ISP]-(m_checkNodeGroupInfo[2803]):[REQ:0,F:4,DRV:11,T:2] (ISP_LME):vid(163), request(0 -> 1), oldCropSize(0, 0, 0, 0 / 0, 0, 0, 0) -> newCropSize(0, 0, 128, 96 / 0, 0, 128, 96)
