03-01 17:38:06.300  1272  1272 I ExynosCameraMetadataConverterVendor: [CAM(1)][]-(translateControlControlData[1886]):[R0] ANDROID_CONTROL_AF_TRIGGER(0)
03-01 17:38:06.300 19707 20617 I CameraManagerGlobal: Camera 1 facing CAMERA_FACING_FRONT state now CAMERA_STATE_ACTIVE for client com.samsung.android.smartface API Level 2 User Id 0Device Id 0
03-01 17:38:06.300  1272  1272 I ExynosCameraMetadataConverterVendor: [CAM(1)][]-(translateControlControlData[1907]):ANDROID_CONTROL_AWB_LOCK(0)
03-01 17:38:06.300  1272  1272 I ExynosCameraMetadataConverterVendor: [CAM(1)][]-(translateControlControlData[1923]):ANDROID_CONTROL_AWB_MODE(1)
03-01 17:38:06.300  1272  1272 I ExynosCameraMetadataConverterVendor: [CAM(1)][]-(translateControlControlData[1939]):ANDROID_CONTROL_EFFECT_MODE(0)
03-01 17:38:06.300  1272  1272 I ExynosCameraMetadataConverterVendor: [CAM(1)][]-(translateControlControlData[1955]):ANDROID_CONTROL_MODE(1)
03-01 17:38:06.300  1272  1272 I ExynosCameraMetadataConverterVendor: [CAM(1)][]-(translateControlControlData[1987]):ANDROID_CONTROL_SCENE_MODE(1)
03-01 17:38:06.300  1272  1272 I ExynosCameraMetadataConverterVendor: [CAM(1)][]-(translateControlControlData[2004]):ANDROID_CONTROL_VIDEO_STABILIZATION_MODE(0)
03-01 17:38:06.300 15570 15581 I CameraManagerGlobal: Camera 1 facing CAMERA_FACING_FRONT state now CAMERA_STATE_ACTIVE for client com.samsung.android.smartface API Level 2 User Id 0Device Id 0
03-01 17:38:06.300  1272  1272 I ExynosCameraMetadataConverterVendor: [CAM(1)][]-(translateControlControlData[2079]):[R0] ANDROID_CONTROL_CAPTURE_INTENT(1)
03-01 17:38:06.300  1272  1272 I ExynosCameraMetadataConverterVendor: [CAM(1)][]-(translateVendorControlControlData[2525]):SAMSUNG_ANDROID_CONTROL_METERING_MODE(0, aeMode = 100)
03-01 17:38:06.300  1272  1272 I ExynosCameraMetadataConverterVendor: [CAM(1)][]-(translateVendorControlControlData[2614]):SAMSUNG_ANDROID_CONTROL_LIVE_HDR_MODE(2)
03-01 17:38:06.300  1272  1272 I ExynosCameraMetadataConverterVendor: [CAM(1)][]-(translateVendorControlControlData[2680]):SAMSUNG_ANDROID_CONTROL_LIGHT_CONDITION_ENABLE_MODE(0)
03-01 17:38:06.300  1272  1272 I ExynosCameraMetadataConverterVendor: [CAM(1)][]-(translateVendorControlControlData[2702]):ANDROID_CONTROL_AWB_MODE(1)
03-01 17:38:06.300  1272  1272 I ExynosCameraMetadataConverterVendor: [CAM(1)][]-(translateVendorControlControlData[3012]):SAMSUNG_ANDROID_CONTROL_DUAL_CAMERA_DISABLE(0)
03-01 17:38:06.300  1272  1272 I ExynosCameraMetadataConverterVendor: [CAM(1)][]-(translateVendorControlControlData[3202]):SAMSUNG_ANDROID_CONTROL_CAPTURE_HINT(0)
03-01 17:38:06.300  1272  1272 I ExynosCameraMetadataConverterVendor: [CAM(1)][]-(translateVendorControlControlData[3320]):SAMSUNG_ANDROID_CONTROL_LENS_DISTORTION_CORRECTION_MODE(0)
03-01 17:38:06.300  1272  1272 I ExynosCameraMetadataConverterVendor: [CAM(1)][]-(translateVendorControlControlData[3340]):SAMSUNG_ANDROID_CONTROL_SSRM_HINT(0)
03-01 17:38:06.300  1272  1272 I ExynosCameraMetadataConverterVendor: [CAM(1)][]-(translateVendorControlControlData[3388]):CONFIGURATION_OVERHEAT_HINT_TIME_THRESHOLD(0x0)
03-01 17:38:06.300  1272  1272 I ExynosCameraMetadataConverterVendor: [CAM(1)][]-(translateVendorControlControlData[3393]):CONFIGURATION_OVERHEAT_HINT(0x0)
03-01 17:38:06.300  1272  1272 I ExynosCameraMetadataConverterVendor: [CAM(1)][]-(translateVendorControlControlData[3526]):SAMSUNG_ANDROID_CONTROL_HYPERLAPSE_TRIGGER(0)
03-01 17:38:06.300  1272  1272 I ExynosCameraMetadataConverter: [CAM(1)][]-(translateDemosaicControlData[153]):ANDROID_DEMOSAIC_MODE(0)
03-01 17:38:06.300  1272  1272 I ExynosCameraMetadataConverterVendor: [CAM(1)][]-(translateEdgeControlData[10364]):ANDROID_EDGE_MODE(1)
03-01 17:38:06.300  1272  1272 I ExynosCameraConfigurationsSec: [CAM(1)][Front_0]-(checkAdjustTorchPower[5590]):setTorchPower(0)
03-01 17:38:06.301  1272  1272 I ExynosCameraMetadataConverterVendor: [CAM(1)][]-(translateFlashControlData[10451]):ANDROID_FLASH_MODE(0)
03-01 17:38:06.301  1272  1272 I ExynosCameraMetadataConverter: [CAM(1)][]-(translateHotPixelControlData[186]):ANDROID_HOT_PIXEL_MODE(1)
03-01 17:38:06.301  1272  1272 I ExynosCameraMetadataConverterVendor: [CAM(1)][]-(translateJpegControlData[10561]):ANDROID_JPEG_QUALITY(95)
03-01 17:38:06.301  1272  1272 I ExynosCameraMetadataConverterVendor: [CAM(1)][]-(translateVendorScalerControlData[5327]):SAMSUNG_ANDROID_SCALER_FLIP_MODE(0)
03-01 17:38:06.301  1272  1272 I ExynosCameraMetadataConverterVendor: [CAM(1)][]-(translateLensControlData[10659]):ANDROID_LENS_FILTER_DENSITY(0.000000)
03-01 17:38:06.301  1272  1272 I ExynosCameraMetadataConverterVendor: [CAM(1)][]-(translateLensControlData[10675]):ANDROID_LENS_FOCAL_LENGTH(2.670000)
03-01 17:38:06.301  1272  1272 I ExynosCameraMetadataConverterVendor: [CAM(1)][]-(translateLensControlData[10709]):ANDROID_LENS_FOCUS_DISTANCE(-1.000000)
03-01 17:38:06.301  1272  1272 I ExynosCameraMetadataConverterVendor: [CAM(1)][]-(translateLensControlData[10726]):ANDROID_LENS_OPTICAL_STABILIZATION_MODE(1)
03-01 17:38:06.301 19707 22183 I CameraController: openCamera E
03-01 17:38:06.301  1272  1272 I ExynosCameraMetadataConverterVendor: [CAM(1)][]-(translateVendorLensControlData[3974]):SAMSUNG_ANDROID_LENS_OPTICAL_STABILIZATION_OPERATION_MODE(0)
03-01 17:38:06.301  1272  1272 I ExynosCameraMetadataConverterVendor: [CAM(1)][]-(translateVendorLensControlData[4099]):ANDROID_LENS_APERTURE(220)
03-01 17:38:06.301  1272  1272 I ExynosCameraMetadataConverter: [CAM(1)][]-(translateNoiseControlData[235]):ANDROID_NOISE_REDUCTION_MODE(1)
03-01 17:38:06.301  1272  1272 I ExynosCameraMetadataConverter: [CAM(1)][]-(translateRequestControlData[282]):ANDROID_REQUEST_ID(0)
03-01 17:38:06.301  1272  1272 I ExynosCameraMetadataConverter: [CAM(1)][]-(translateRequestControlData[301]):ANDROID_REQUEST_METADATA_MODE(1)
03-01 17:38:06.301  1272  1272 I ExynosCameraMetadataConverterVendor: [CAM(1)][]-(translateSensorControlData[11205]):ANDROID_SENSOR_TEST_PATTERN_MODE(0)
03-01 17:38:06.301  1272  1272 I ExynosCameraMetadataConverter: [CAM(1)][]-(translateShadingControlData[334]):ANDROID_SHADING_MODE(1)
03-01 17:38:06.301  1272  1272 I ExynosCameraMetadataConverterVendor: [CAM(1)][]-(translateStatisticsControlData[11302]):ANDROID_STATISTICS_FACE_DETECT_MODE(0)
03-01 17:38:06.301  1272  1272 I ExynosCameraMetadataConverterVendor: [CAM(1)][]-(translateStatisticsControlData[11350]):ANDROID_STATISTICS_HOT_PIXEL_MAP_MODE(0)
03-01 17:38:06.301  1272  1272 I ExynosCameraMetadataConverterVendor: [CAM(1)][]-(translateStatisticsControlData[11366]):ANDROID_STATISTICS_LENS_SHADING_MAP_MODE(0)
03-01 17:38:06.301  1272  1272 I ExynosCameraMetadataConverterVendor: [CAM(1)][]-(translateTonemapControlData[11399]):ANDROID_TONEMAP_MODE(1)
03-01 17:38:06.301  1272  1272 I ExynosCameraMetadataConverter: [CAM(1)][]-(translateBlackLevelControlData[424]):ANDROID_BLACK_LEVEL_LOCK(0)
03-01 17:38:06.301  1658  2381 I CameraManagerGlobal: Camera 1 facing CAMERA_FACING_FRONT state now CAMERA_STATE_ACTIVE for client com.samsung.android.smartface API Level 2 User Id 0Device Id 0
03-01 17:38:06.302  1658  2381 I CameraManagerGlobal: onCameraDeviceStateChangedLocked: post device state update
03-01 17:38:06.302  1658  2381 I CameraManagerGlobal: onCameraDeviceStateChangedLocked: post device state update
03-01 17:38:06.302  1658  3374 E SmartFaceManager: Listener does not implements SmartFaceInfoListener2
03-01 17:38:06.302  1272  1272 I ExynosCameraVendorOps: [CAM(1)][Front_0]-(processCaptureRequest[3931]):[CAMSYSKPI] first frame: [R0] Start FrameFactory. state 3 
03-01 17:38:06.302  1272  1272 I ExynosCameraVendorOps: [CAM(1)][Front_0]-(processCaptureRequest[3948]):[CAMSYSKPI] m_framefactoryCreateThread joined
03-01 17:38:06.302  1272  1272 I ExynosCameraSec: [CAM(1)][Front_0]-(m_readAllDualCalData[25847]):Read DualCal i0 supportSetCal0
03-01 17:38:06.302  1272  1272 E SecCameraUtil: [CAM(-1)][]-(getDualCalFileName[1217]):Invalid Scenario! fail
03-01 17:38:06.302  1272  1272 I ExynosCameraSec: [CAM(1)][Front_0]-(m_readDualCalDataFromEEROM[25991]):failed getDualCalFileName.(-22/0)
03-01 17:38:06.302  1272  1272 E ExynosCameraSec: [CAM(1)][Front_0]-(m_readAllDualCalData[25860]):Fail Read DualCal(0 0)(-1)!!
03-01 17:38:06.302  1272  1272 I ExynosCameraSec: [CAM(1)][Front_0]-(m_readAllDualCalData[25863]):DualCalData[1]=0
03-01 17:38:06.302  1272  1272 I ExynosCameraSec: [CAM(1)][Front_0]-(m_readAllDualCalData[25863]):DualCalData[2]=1
03-01 17:38:06.302  1272  1272 I ExynosCameraSec: [CAM(1)][Front_0]-(m_readAllDualCalData[25863]):DualCalData[3]=1
03-01 17:38:06.303  1658  1826 I RequestInjectorService: Samsung Camera is opened. ignore VT Camera Setting.
03-01 17:38:06.304  2593  2601 I CameraManagerGlobal: Camera 1 facing CAMERA_FACING_FRONT state now CAMERA_STATE_ACTIVE for client com.samsung.android.smartface API Level 2 User Id 0Device Id 0
03-01 17:38:06.309  1272 22240 I ExynosCameraBufferManagerVendor: [CAM(1)][ISP_BUF]-(m_defaultAlloc[725]):duration time (   23 msec) alloc=8, total=8, type=2, size=13003776, batchSize=1, reserved count=8, non-cache => 3 4 2 4 3 2 3 2 
03-01 17:38:06.309  1272 22240 I ExynosCameraBufferManagerVendor: [CAM(1)][ISP_BUF]-(alloc[1126]):Allocate the buffer succeeded (m_allocatedBufCount=8, m_reqBufCount=8, m_allowedMaxBufCount=8) --- dumpBufferInfo ---
03-01 17:38:06.309  1272 22240 I ExynosCameraBufferManagerVendor: DEBUG:duration time(   26 msec):(alloc)
03-01 17:38:06.322  1272 22240 I ExynosCameraBufferManagerVendor: [CAM(1)][LME_BUF]-(m_defaultAlloc[725]):duration time (   10 msec) alloc=8, total=8, type=3, size=6096384, batchSize=1, reserved count=8, cache => 1 1 1 2 1 1 1 2 
03-01 17:38:06.322  1272 22240 I ExynosCameraBufferManagerVendor: [CAM(1)][LME_BUF]-(alloc[1126]):Allocate the buffer succeeded (m_allocatedBufCount=8, m_reqBufCount=8, m_allowedMaxBufCount=13) --- dumpBufferInfo ---
03-01 17:38:06.322  1272 22240 I ExynosCameraBufferManagerVendor: DEBUG:duration time(   13 msec):(alloc)
03-01 17:38:06.326  1272 22240 I ExynosCameraBufferManagerVendor: [CAM(1)][LME_SW_BUF]-(m_defaultAlloc[725]):duration time (    2 msec) alloc=8, total=8, type=1, size=65536, batchSize=1, reserved count=0, cache => 0 1 0 0 0 1 0 0 
03-01 17:38:06.326  1272 22240 I ExynosCameraBufferManagerVendor: [CAM(1)][LME_SW_BUF]-(alloc[1126]):Allocate the buffer succeeded (m_allocatedBufCount=8, m_reqBufCount=8, m_allowedMaxBufCount=8) --- dumpBufferInfo ---
03-01 17:38:06.326  1272 22240 I ExynosCameraBufferManagerVendor: DEBUG:duration time(    4 msec):(alloc)
03-01 17:38:06.329  1272 22240 I ExynosCameraBufferManagerVendor: [CAM(1)][MERTA_BUF]-(m_defaultAlloc[725]):duration time (    1 msec) alloc=8, total=8, type=1, size=65536, batchSize=1, reserved count=0, cache => 1 0 0 0 0 0 0 0 
03-01 17:38:06.330  1272 22240 I ExynosCameraBufferManagerVendor: [CAM(1)][MERTA_BUF]-(alloc[1126]):Allocate the buffer succeeded (m_allocatedBufCount=8, m_reqBufCount=8, m_allowedMaxBufCount=8) --- dumpBufferInfo ---
03-01 17:38:06.330  1272 22240 I ExynosCameraBufferManagerVendor: DEBUG:duration time(    4 msec):(alloc)
03-01 17:38:06.341  1272 22240 I ExynosCameraBufferManagerVendor: [CAM(1)][ME_BUF]-(m_defaultAlloc[725]):duration time (    9 msec) alloc=8, total=8, type=3, size=6096384, batchSize=1, reserved count=8, cache => 1 1 1 1 2 1 1 1 
03-01 17:38:06.341  1272 22240 I ExynosCameraBufferManagerVendor: [CAM(1)][ME_BUF]-(alloc[1126]):Allocate the buffer succeeded (m_allocatedBufCount=8, m_reqBufCount=8, m_allowedMaxBufCount=8) --- dumpBufferInfo ---
03-01 17:38:06.341  1272 22240 I ExynosCameraBufferManagerVendor: DEBUG:duration time(   11 msec):(alloc)
03-01 17:38:06.345  1272 22240 I ExynosCameraBufferManagerVendor: [CAM(1)][VRA_BUF]-(m_defaultAlloc[725]):duration time (    2 msec) alloc=6, total=6, type=3, size=921600, batchSize=1, reserved count=6, cache => 0 1 0 0 1 0 
03-01 17:38:06.345  1272 22240 I ExynosCameraBufferManagerVendor: [CAM(1)][VRA_BUF]-(alloc[1126]):Allocate the buffer succeeded (m_allocatedBufCount=6, m_reqBufCount=6, m_allowedMaxBufCount=8) --- dumpBufferInfo ---
03-01 17:38:06.345  1272 22240 I ExynosCameraBufferManagerVendor: DEBUG:duration time(    4 msec):(alloc)
03-01 17:38:06.345  1272 22240 I ExynosCameraSec: [CAM(1)][Front_0]-(m_setBuffersThreadFunc[4951]):[CAMSYSKPI] X
03-01 17:38:06.345  1272 22240 I ExynosCameraSec: DEBUG:duration time(   62 msec):(m_setBuffersThreadFunc)
03-01 17:38:06.345  1272  1272 I ExynosCameraVendorPreview: [CAM(1)][Front_0]-(m_waitFastenPreviewFactoryThreadEnd[11271]):
03-01 17:38:06.345  1272  1272 I ExynosCameraVendorPreview: [CAM(1)][Front_0]-(m_waitFastenPreviewFactoryThreadEnd[11284]):fastenPreviewFactoryThread waiting time : duration time(    0 msec)
03-01 17:38:06.345  1272  1272 I ExynosCameraVendorPreview: [CAM(1)][Front_0]-(m_waitFastenPreviewFactoryThreadEnd[11285]):fastenPreviewFactoryThread join
03-01 17:38:06.345  1272  1272 I ExynosCameraSec: [CAM(1)][Front_0]-(m_waitReadRomThreadEnd[27572]):
03-01 17:38:06.345  1272  1272 I SecCameraUtil: [CAM(-1)][]-(isEEprom[285]):INFO : SAMSUNG_EEPROM_FRONT is not defined
03-01 17:38:06.346  1272  1272 I ExynosCameraSec: [CAM(1)][Front_0]-(m_waitReadRomThreadEnd[27584]):m_readRomThread waiting time : duration time(    1 msec)
03-01 17:38:06.346  1272  1272 I ExynosCameraSec: [CAM(1)][Front_0]-(m_waitReadRomThreadEnd[27586]):m_readRomThread join
03-01 17:38:06.346  1272  1272 I ExynosCameraBufferSupplierVendor: [CAM(1)][BufferSupplier]-(createBufferManager[108]):[SKIP_BUF]Created. P 6,-1,-1,-1,-1, T 1
03-01 17:38:06.346  1272  1272 I ExynosCameraQoSManager: [CAM(1)][]-(dynamicQoSControl[30]):scenario 16, 0 ms
03-01 17:38:06.346  1272  1272 I ExynosCameraQoSManager: [CAM(1)][]-(m_setQoSControl[123]):[EPIC HAL] EPIC_HAL_CAMERA_SUBMODE(0)
03-01 17:38:06.346  1272  1272 I ExynosCameraQoSManager: [CAM(1)][]-(m_setQoSControl[137]):V4L2_CID_IS_DVFS_CLUSTER2 setControl min_lock (0x8f0)
03-01 17:38:06.346  1272  1272 I ExynosCameraQoSManager: [CAM(1)][]-(m_setQoSControl[155]):V4L2_CID_IS_DVFS_CLUSTER0 setControl min_lock (0x780)
03-01 17:38:06.346  1272  1272 I ExynosCameraSec: [CAM(1)][Front_0]-(m_fastenAeStable[11164]):planeSize[0] = 4096, bytesPerLine[0] = 0 size = 32x64
03-01 17:38:06.348  1272  1272 I ExynosCameraBufferManagerVendor: [CAM(1)][SKIP_BUF]-(m_defaultAlloc[725]):duration time (    1 msec) alloc=7, total=7, type=0, size=4096, batchSize=1, reserved count=0, non-cache => 0 1 0 0 0 0 0 
03-01 17:38:06.348  1272  1272 I ExynosCameraBufferManagerVendor: [CAM(1)][SKIP_BUF]-(alloc[1126]):Allocate the buffer succeeded (m_allocatedBufCount=7, m_reqBufCount=7, m_allowedMaxBufCount=7) --- dumpBufferInfo ---
03-01 17:38:06.348  1272  1272 I ExynosCameraBufferManagerVendor: DEBUG:duration time(    2 msec):(alloc)
03-01 17:38:06.348  1272  1272 I ExynosCameraParameters: [CAM(1)][Front_0]-(setFastenAeStableOn[371]):m_cameraId(1) : m_fastenAeStableOn(1)
03-01 17:38:06.348  1272  1272 I ExynosCameraFrameFactoryPreviewSec: [CAM(1)][Front_0]-(fastenAeStable[65]): Start
03-01 17:38:06.348  1272  1272 I ExynosCameraFrameFactoryPreviewSec: [CAM(1)][Front_0]-(fastenAeStable[123]):bayerCropSize 780x586 is smaller than BDSSize 800x600. Force bayerCropSize
03-01 17:38:06.348  1272  1272 I ExynosCameraFrameFactoryPreviewSec: [CAM(1)][Front_0]-(fastenAeStable[130]):numFrames = 7 hwSensorW = 800 hwSensorH = 600 sensorFrameRate = 115
03-01 17:38:06.348  1272  1272 I ExynosCameraFrameFactoryPreviewSec: [CAM(1)][Front_0]-(m_setupConfig[5792]):
03-01 17:38:06.348  1272  1272 I ExynosCameraFrameFactoryPreviewSec: [CAM(1)][Front_0]-(m_setupConfig[5816]):m_flagFlite3aaOTF = 1 m_useBDSOff: 0 m_useVideoHQISP: 0 m_flag3aaVraOTF: 0 m_useSTR : 0
03-01 17:38:06.348  1272  1272 I ExynosCameraFrameFactoryPreviewSec: [CAM(1)][Front_0]-(m_setDeviceInfo[702]):
03-01 17:38:06.348  1272  1272 I ExynosCameraFrameFactoryPreviewSec: [CAM(1)][Front_0]-(m_setDeviceInfo[773]):CamID-1, PIP_MODE (0, 0) numberOf3AAResources (3)
03-01 17:38:06.348  1272  1272 I ExynosCameraFrameFactoryPreviewSec: [CAM(1)][Front_0]-(m_initPipesFastenAeStable[3256]):Set framerate (denominator=115)
03-01 17:38:06.348  1272  1272 I ExynosCameraFrameFactoryBase: [CAM(1)][Front_0]-(m_setSensorSize[582]):setControl(V4L2_CID_IS_S_SENSOR_SIZE, (800 x 600)) succeed
03-01 17:38:06.348  1272  1272 I ExynosCameraMCPipeSec: [CAM(1)][PIPE_3AA]-(setupPipe[146]):set new sensorIds
03-01 17:38:06.348  1272  1272 I ExynosCameraMCPipeSec: [CAM(1)][PIPE_3AA]-(m_setInput[2247]): setInput(sensorIds : 66048) [src nodeNum : 102][nodeNums : 214][otf : 0][leader : 0][reprocessing : 0][unique sensorId : 1]
03-01 17:38:06.349  1272  1272 I ExynosCameraMCPipeSec: [CAM(1)][PIPE_3AA]-(m_setInput[2247]): setInput(sensorIds : 68112) [src nodeNum : 110][nodeNums : 111][otf : 1][leader : 0][reprocessing : 0][unique sensorId : 1]
03-01 17:38:06.349  1272  1272 I ExynosCameraMCPipeSec: [CAM(1)][PIPE_3AA]-(m_setInput[2247]): setInput(sensorIds : 68112) [src nodeNum : 110][nodeNums : 112][otf : 1][leader : 0][reprocessing : 0][unique sensorId : 1]
03-01 17:38:06.349  1272  1272 I ExynosCameraMCPipeSec: [CAM(1)][PIPE_3AA]-(m_setInput[2247]): setInput(sensorIds : 68112) [src nodeNum : 110][nodeNums : 113][otf : 1][leader : 0][reprocessing : 0][unique sensorId : 1]
03-01 17:38:06.349  1272  1272 I ExynosCameraMCPipeSec: [CAM(1)][PIPE_3AA]-(m_setInput[2247]): setInput(sensorIds : 68112) [src nodeNum : 110][nodeNums : 115][otf : 1][leader : 0][reprocessing : 0][unique sensorId : 1]
03-01 17:38:06.349  1272  1272 I ExynosCameraMCPipeSec: [CAM(1)][PIPE_3AA]-(m_setInput[2247]): setInput(sensorIds : 68112) [src nodeNum : 110][nodeNums : 255][otf : 1][leader : 0][reprocessing : 0][unique sensorId : 1]
03-01 17:38:06.349  1272  1272 I ExynosCameraMCPipeSec: [CAM(1)][PIPE_3AA]-(m_setInput[2247]): setInput(sensorIds : 94736) [src nodeNum : 214][nodeNums : 240][otf : 1][leader : 0][reprocessing : 0][unique sensorId : 1]
03-01 17:38:06.349  1272  1272 I ExynosCameraMCPipeSec: [CAM(1)][PIPE_3AA]-(m_setInput[2247]): setInput(sensorIds : 101392) [src nodeNum : 240][nodeNums : 110][otf : 1][leader : 0][reprocessing : 0][unique sensorId : 1]
03-01 17:38:06.349  1272  1272 I ExynosCameraMCPipeSec: [CAM(1)][PIPE_3AA]-(m_setNodeInfo[2479]):set pipeInfos on FLITE, setFormat(32, 64) and reqBuffers(7), yuvRange(0) pixelSize(0) pixelCompInfo(0)
03-01 17:38:06.349  1272  1272 I ExynosCameraNode: [CAM(1)][FLITE]-(setSize[580]):w (32) h (64)
03-01 17:38:06.349  1272  1272 I ExynosCameraNode: [CAM(1)][FLITE]-(setColorFormat[525]):fmt.pix_mp.flags (0) (0 , 0)
03-01 17:38:06.349  1272  1272 W ExynosCameraNode: [CAM(1)][FLITE]-(setFormat[415]):name(FLITE) fd 19, bytesperline(0) < width(32), height(64)
03-01 17:38:06.349  1272  1272 I ExynosCameraNodeVendor: [CAM(1)][FLITE]-(m_setFmt[262]):[nodeNum:102] [fd:19] [type:10], [32 x 64], [format:1094795888:p B A A], [pixelSizeIdx:0], [yuvRange:7]
03-01 17:38:06.349  1272  1272 I ExynosCameraMCPipeSec: [CAM(1)][PIPE_3AA]-(m_setNodeInfo[2479]):set pipeInfos on BAYER, setFormat(800, 600) and reqBuffers(7), yuvRange(0) pixelSize(0) pixelCompInfo(0)
03-01 17:38:06.349  1272  1272 I ExynosCameraNode: [CAM(1)][BAYER]-(setSize[580]):w (800) h (600)
03-01 17:38:06.349  1272  1272 I ExynosCameraNode: [CAM(1)][BAYER]-(setColorFormat[525]):fmt.pix_mp.flags (0) (0 , 0)
03-01 17:38:06.349  1272  1272 I ExynosCameraNodeVendor: [CAM(1)][BAYER]-(m_setFmt[262]):[nodeNum:214] [fd:87] [type:9], [800 x 600], [format:1094795888:p B A A], [pixelSizeIdx:0], [yuvRange:7]
03-01 17:38:06.349  1272  1272 I ExynosCameraMCPipeSec: [CAM(1)][PIPE_3AA]-(m_setNodeInfo[2479]):set pipeInfos on 3AA_CAPTURE, setFormat(800, 600) and reqBuffers(7), yuvRange(0) pixelSize(0) pixelCompInfo(0)
03-01 17:38:06.349  1272  1272 I ExynosCameraNode: [CAM(1)][3AA_CAPTURE]-(setSize[580]):w (800) h (600)
03-01 17:38:06.349  1272  1272 I ExynosCameraNode: [CAM(1)][3AA_CAPTURE]-(setColorFormat[525]):fmt.pix_mp.flags (0) (0 , 0)
03-01 17:38:06.349  1272  1272 W ExynosCameraNode: [CAM(1)][3AA_CAPTURE]-(setFormat[415]):name(3AA_CAPTURE) fd -1, bytesperline(0) < width(800), height(600)
03-01 17:38:06.349  1272  1272 I ExynosCameraNodeVendor: [CAM(1)][3AA_CAPTURE]-(m_setFmt[262]):[nodeNum:111] [fd:-1] [type:9], [800 x 600], [format:1128481392:p B C C], [pixelSizeIdx:0], [yuvRange:7]
03-01 17:38:06.349  1272  1272 I ExynosCameraMCPipeSec: [CAM(1)][PIPE_3AA]-(m_setNodeInfo[2479]):set pipeInfos on 3AA_PREVIEW, setFormat(800, 600) and reqBuffers(7), yuvRange(0) pixelSize(0) pixelCompInfo(0)
03-01 17:38:06.349  1272  1272 I ExynosCameraNode: [CAM(1)][3AA_PREVIEW]-(setSize[580]):w (800) h (600)
03-01 17:38:06.349  1272  1272 I ExynosCameraNode: [CAM(1)][3AA_PREVIEW]-(setColorFormat[525]):fmt.pix_mp.flags (0) (0 , 0)
03-01 17:38:06.349  1272  1272 W ExynosCameraNode: [CAM(1)][3AA_PREVIEW]-(setFormat[415]):name(3AA_PREVIEW) fd -1, bytesperline(0) < width(800), height(600)
03-01 17:38:06.349  1272  1272 I ExynosCameraNodeVendor: [CAM(1)][3AA_PREVIEW]-(m_setFmt[262]):[nodeNum:112] [fd:-1] [type:9], [800 x 600], [format:1128481392:p B C C], [pixelSizeIdx:0], [yuvRange:7]
03-01 17:38:06.349  1272  1272 I ExynosCameraMCPipeSec: [CAM(1)][PIPE_3AA]-(m_setNodeInfo[2479]):set pipeInfos on 3AA_FD, setFormat(800, 600) and reqBuffers(7), yuvRange(0) pixelSize(0) pixelCompInfo(0)
03-01 17:38:06.349  1272  1272 I ExynosCameraNode: [CAM(1)][3AA_FD]-(setSize[580]):w (800) h (600)
03-01 17:38:06.350  1272  1272 I ExynosCameraNode: [CAM(1)][3AA_FD]-(setColorFormat[525]):fmt.pix_mp.flags (0) (0 , 0)
03-01 17:38:06.350  1272  1272 W ExynosCameraNode: [CAM(1)][3AA_FD]-(setFormat[415]):name(3AA_FD) fd -1, bytesperline(0) < width(800), height(600)
03-01 17:38:06.350  1272  1272 I ExynosCameraNodeVendor: [CAM(1)][3AA_FD]-(m_setFmt[262]):[nodeNum:113] [fd:-1] [type:9], [800 x 600], [format:861030210:B G R 3], [pixelSizeIdx:0], [yuvRange:7]
03-01 17:38:06.350  1272  1272 I ExynosCameraMCPipeSec: [CAM(1)][PIPE_3AA]-(m_setNodeInfo[2479]):set pipeInfos on 3AA_ORBC, setFormat(2016, 1512) and reqBuffers(7), yuvRange(0) pixelSize(0) pixelCompInfo(0)
03-01 17:38:06.350  1272  1272 I ExynosCameraNode: [CAM(1)][3AA_ORBC]-(setSize[580]):w (2016) h (1512)
03-01 17:38:06.350  1272  1272 I ExynosCameraNode: [CAM(1)][3AA_ORBC]-(setColorFormat[525]):fmt.pix_mp.flags (0) (0 , 0)
03-01 17:38:06.350  1272  1272 W ExynosCameraNode: [CAM(1)][3AA_ORBC]-(setFormat[415]):name(3AA_ORBC) fd -1, bytesperline(0) < width(2016), height(1512)
03-01 17:38:06.350  1272  1272 I ExynosCameraNodeVendor: [CAM(1)][3AA_ORBC]-(m_setFmt[262]):[nodeNum:115] [fd:-1] [type:9], [2016 x 1512], [format:541669465:Y 8 I  ], [pixelSizeIdx:0], [yuvRange:7]
03-01 17:38:06.350  1272  1272 I ExynosCameraMCPipeSec: [CAM(1)][PIPE_3AA]-(m_setNodeInfo[2479]):set pipeInfos on 3AA_DRC, setFormat(1024, 256) and reqBuffers(7), yuvRange(0) pixelSize(0) pixelCompInfo(0)
03-01 17:38:06.350  1272  1272 I ExynosCameraNode: [CAM(1)][3AA_DRC]-(setSize[580]):w (1024) h (256)
03-01 17:38:06.350  1272  1272 I ExynosCameraNode: [CAM(1)][3AA_DRC]-(setColorFormat[525]):fmt.pix_mp.flags (0) (0 , 0)
03-01 17:38:06.350  1272  1272 W ExynosCameraNode: [CAM(1)][3AA_DRC]-(setFormat[415]):name(3AA_DRC) fd -1, bytesperline(0) < width(1024), height(256)
03-01 17:38:06.350  1272  1272 I ExynosCameraNodeVendor: [CAM(1)][3AA_DRC]-(m_setFmt[262]):[nodeNum:255] [fd:-1] [type:9], [1024 x 256], [format:1497715271:G R E Y], [pixelSizeIdx:0], [yuvRange:7]
03-01 17:38:06.350  1272  1272 I ExynosCameraMCPipeSec: [CAM(1)][PIPE_3AA]-(m_setPipeInfo[2308]):skip PAF setNodeInfo, setFormat(0, 0)
03-01 17:38:06.350  1272  1272 I ExynosCameraMCPipeSec: [CAM(1)][PIPE_3AA]-(m_setNodeInfo[2479]):set pipeInfos on 3AA_OUTPUT, setFormat(32, 64) and reqBuffers(0), yuvRange(0) pixelSize(0) pixelCompInfo(0)
03-01 17:38:06.350  1272  1272 I ExynosCameraNode: [CAM(1)][3AA_OUTPUT]-(setSize[580]):w (32) h (64)
03-01 17:38:06.350  1272  1272 I ExynosCameraNode: [CAM(1)][3AA_OUTPUT]-(setColorFormat[525]):fmt.pix_mp.flags (0) (0 , 0)
03-01 17:38:06.350  1272  1272 W ExynosCameraNode: [CAM(1)][3AA_OUTPUT]-(setFormat[415]):name(3AA_OUTPUT) fd 89, bytesperline(0) < width(32), height(64)
03-01 17:38:06.350  1272  1272 I ExynosCameraNodeVendor: [CAM(1)][3AA_OUTPUT]-(m_setFmt[262]):[nodeNum:110] [fd:89] [type:10], [32 x 64], [format:1094795888:p B A A], [pixelSizeIdx:0], [yuvRange:7]
03-01 17:38:06.350  1272  1272 W ExynosCameraMCPipeSec: [CAM(1)][PIPE_3AA]-(m_setNodeInfo[2538]):Invalid currentBufferCount(0), skip reqBuffers()
03-01 17:38:06.350  1272  1272 I ExynosCameraMCPipeSec: [CAM(1)][PIPE_3AA]-(setupPipe[198]):setupPipe() is succeed, Pipe(6), prepare(4)
03-01 17:38:06.350  1272  1272 I ExynosCameraMCPipeSec: [CAM(1)][PIPE_LME_SRC_IMAGE]-(setupPipe[146]):set new sensorIds
03-01 17:38:06.350  1272  1272 I ExynosCameraMCPipeSec: [CAM(1)][PIPE_LME_SRC_IMAGE]-(m_setInput[2247]): setInput(sensorIds : 69376) [src nodeNum : 115][nodeNums : 196][otf : 0][leader : 0][reprocessing : 0][unique sensorId : 1]
03-01 17:38:06.350  1272  1272 I ExynosCameraMCPipeSec: [CAM(1)][PIPE_LME_SRC_IMAGE]-(m_setInput[2247]): setInput(sensorIds : 90128) [src nodeNum : 196][nodeNums : 291][otf : 1][leader : 0][reprocessing : 0][unique sensorId : 1]
03-01 17:38:06.350  1272  1272 I ExynosCameraMCPipeSec: [CAM(1)][PIPE_LME_SRC_IMAGE]-(m_setInput[2247]): setInput(sensorIds : 90128) [src nodeNum : 196][nodeNums : 290][otf : 1][leader : 0][reprocessing : 0][unique sensorId : 1]
03-01 17:38:06.350  1272  1272 I ExynosCameraMCPipeSec: [CAM(1)][PIPE_LME_SRC_IMAGE]-(m_setNodeInfo[2479]):set pipeInfos on LME_SRC_IMAGE, setFormat(1664, 1248) and reqBuffers(7), yuvRange(0) pixelSize(0) pixelCompInfo(0)
03-01 17:38:06.350  1272  1272 I ExynosCameraNode: [CAM(1)][LME_SRC_IMAGE]-(setSize[580]):w (1664) h (1248)
03-01 17:38:06.350  1272  1272 I ExynosCameraNode: [CAM(1)][LME_SRC_IMAGE]-(setColorFormat[525]):fmt.pix_mp.flags (0) (0 , 0)
03-01 17:38:06.350  1272  1272 W ExynosCameraNode: [CAM(1)][LME_SRC_IMAGE]-(setFormat[415]):name(LME_SRC_IMAGE) fd 95, bytesperline(0) < width(1664), height(1248)
03-01 17:38:06.350  1272  1272 I ExynosCameraNodeVendor: [CAM(1)][LME_SRC_IMAGE]-(m_setFmt[262]):[nodeNum:196] [fd:95] [type:10], [1664 x 1248], [format:541669465:Y 8 I  ], [pixelSizeIdx:0], [yuvRange:7]
03-01 17:38:06.350  1272  1272 I ExynosCameraMCPipeSec: [CAM(1)][PIPE_LME_SRC_IMAGE]-(m_setPipeInfo[2308]):skip LME_SW_DST setNodeInfo, setFormat(0, 0)
03-01 17:38:06.350  1272  1272 I ExynosCameraMCPipeSec: [CAM(1)][PIPE_LME_SRC_IMAGE]-(m_setNodeInfo[2479]):set pipeInfos on LME_DST, setFormat(1664, 1248) and reqBuffers(7), yuvRange(0) pixelSize(0) pixelCompInfo(0)
03-01 17:38:06.350  1272  1272 I ExynosCameraNode: [CAM(1)][LME_DST]-(setSize[580]):w (1664) h (1248)
03-01 17:38:06.350  1272  1272 I ExynosCameraNode: [CAM(1)][LME_DST]-(setColorFormat[525]):fmt.pix_mp.flags (0) (0 , 0)
03-01 17:38:06.350  1272  1272 W ExynosCameraNode: [CAM(1)][LME_DST]-(setFormat[415]):name(LME_DST) fd -1, bytesperline(0) < width(1664), height(1248)
03-01 17:38:06.350  1272  1272 I ExynosCameraNodeVendor: [CAM(1)][LME_DST]-(m_setFmt[262]):[nodeNum:290] [fd:-1] [type:9], [1664 x 1248], [format:541669465:Y 8 I  ], [pixelSizeIdx:0], [yuvRange:7]
03-01 17:38:06.350  1272  1272 I ExynosCameraMCPipeSec: [CAM(1)][PIPE_LME_SRC_IMAGE]-(setupPipe[198]):setupPipe() is succeed, Pipe(47), prepare(0)
03-01 17:38:06.350  1272  1272 I ExynosCameraMCPipeSec: [CAM(1)][PIPE_ISP]-(setupPipe[146]):set new sensorIds
03-01 17:38:06.350  1272  1272 I ExynosCameraMCPipeSec: [CAM(1)][PIPE_ISP]-(m_setInput[2247]): setInput(sensorIds : 114176) [src nodeNum : 290][nodeNums : 130][otf : 0][leader : 0][reprocessing : 0][unique sensorId : 1]
03-01 17:38:06.350  1272  1272 I ExynosCameraMCPipeSec: [CAM(1)][PIPE_ISP]-(m_setInput[2247]): setInput(sensorIds : 73232) [src nodeNum : 130][nodeNums : 266][otf : 1][leader : 0][reprocessing : 0][unique sensorId : 1]
03-01 17:38:06.350  1272  1272 I ExynosCameraMCPipeSec: [CAM(1)][PIPE_ISP]-(m_setInput[2247]): setInput(sensorIds : 73232) [src nodeNum : 130][nodeNums : 263][otf : 1][leader : 0][reprocessing : 0][unique sensorId : 1]
03-01 17:38:06.351  1272  1272 I ExynosCameraMCPipeSec: [CAM(1)][PIPE_ISP]-(m_setInput[2247]): setInput(sensorIds : 73232) [src nodeNum : 130][nodeNums : 270][otf : 1][leader : 0][reprocessing : 0][unique sensorId : 1]
03-01 17:38:06.351  1272  1272 I ExynosCameraMCPipeSec: [CAM(1)][PIPE_ISP]-(m_setInput[2247]): setInput(sensorIds : 73232) [src nodeNum : 130][nodeNums : 269][otf : 1][leader : 0][reprocessing : 0][unique sensorId : 1]
03-01 17:38:06.351  1272  1272 I ExynosCameraMCPipeSec: [CAM(1)][PIPE_ISP]-(m_setInput[2247]): setInput(sensorIds : 80912) [src nodeNum : 160][nodeNums : 170][otf : 1][leader : 0][reprocessing : 0][unique sensorId : 1]
03-01 17:38:06.351  1272  1272 I ExynosCameraMCPipeSec: [CAM(1)][PIPE_ISP]-(m_setInput[2247]): setInput(sensorIds : 80912) [src nodeNum : 160][nodeNums : 171][otf : 1][leader : 0][reprocessing : 0][unique sensorId : 1]
03-01 17:38:06.351  1272  1272 I ExynosCameraMCPipeSec: [CAM(1)][PIPE_ISP]-(m_setInput[2247]): setInput(sensorIds : 80912) [src nodeNum : 160][nodeNums : 172][otf : 1][leader : 0][reprocessing : 0][unique sensorId : 1]
03-01 17:38:06.351  1272  1272 I ExynosCameraMCPipeSec: [CAM(1)][PIPE_ISP]-(m_setInput[2247]): setInput(sensorIds : 73232) [src nodeNum : 130][nodeNums : 268][otf : 1][leader : 0][reprocessing : 0][unique sensorId : 1]
03-01 17:38:06.351  1272  1272 I ExynosCameraMCPipeSec: [CAM(1)][PIPE_ISP]-(m_setInput[2247]): setInput(sensorIds : 73232) [src nodeNum : 130][nodeNums : 272][otf : 1][leader : 0][reprocessing : 0][unique sensorId : 1]
03-01 17:38:06.351  1272  1272 I ExynosCameraMCPipeSec: [CAM(1)][PIPE_ISP]-(m_setInput[2247]): setInput(sensorIds : 73232) [src nodeNum : 130][nodeNums : 160][otf : 1][leader : 0][reprocessing : 0][unique sensorId : 1]
03-01 17:38:06.361  1263 23921 W C2BqBuffer: last successful dequeue was 2266081654 us ago, 28303 consecutive failures
03-01 17:38:06.379  1272  1272 I ExynosCameraMCPipeSec: [CAM(1)][PIPE_ISP]-(m_setNodeInfo[2479]):set pipeInfos on ISP_OUTPUT, setFormat(800, 600) and reqBuffers(7), yuvRange(0) pixelSize(0) pixelCompInfo(0)
03-01 17:38:06.380  1272  1272 I ExynosCameraNode: [CAM(1)][ISP_OUTPUT]-(setSize[580]):w (800) h (600)
03-01 17:38:06.380  1272  1272 I ExynosCameraNode: [CAM(1)][ISP_OUTPUT]-(setColorFormat[525]):fmt.pix_mp.flags (0) (0 , 0)
03-01 17:38:06.380  1272  1272 W ExynosCameraNode: [CAM(1)][ISP_OUTPUT]-(setFormat[415]):name(ISP_OUTPUT) fd 90, bytesperline(0) < width(800), height(600)
03-01 17:38:06.380  1272  1272 I ExynosCameraNodeVendor: [CAM(1)][ISP_OUTPUT]-(m_setFmt[262]):[nodeNum:130] [fd:90] [type:10], [800 x 600], [format:1128481392:p B C C], [pixelSizeIdx:0], [yuvRange:7]
03-01 17:38:06.380  1272  1272 I ExynosCameraMCPipeSec: [CAM(1)][PIPE_ISP]-(m_setNodeInfo[2479]):set pipeInfos on ISP_DRC_GRID, setFormat(1024, 256) and reqBuffers(7), yuvRange(0) pixelSize(0) pixelCompInfo(0)
03-01 17:38:06.380  1272  1272 I ExynosCameraNode: [CAM(1)][ISP_DRC_GRID]-(setSize[580]):w (1024) h (256)
03-01 17:38:06.380  1272  1272 I ExynosCameraNode: [CAM(1)][ISP_DRC_GRID]-(setColorFormat[525]):fmt.pix_mp.flags (0) (0 , 0)
03-01 17:38:06.380  1272  1272 W ExynosCameraNode: [CAM(1)][ISP_DRC_GRID]-(setFormat[415]):name(ISP_DRC_GRID) fd -1, bytesperline(0) < width(1024), height(256)
03-01 17:38:06.380  1272  1272 I ExynosCameraNodeVendor: [CAM(1)][ISP_DRC_GRID]-(m_setFmt[262]):[nodeNum:266] [fd:-1] [type:9], [1024 x 256], [format:1497715271:G R E Y], [pixelSizeIdx:0], [yuvRange:7]
03-01 17:38:06.380  1272  1272 I ExynosCameraMCPipeSec: [CAM(1)][PIPE_ISP]-(m_setPipeInfo[2308]):skip ISP_LME setNodeInfo, setFormat(0, 0)
03-01 17:38:06.380  1272  1272 I ExynosCameraMCPipeSec: [CAM(1)][PIPE_ISP]-(m_setPipeInfo[2308]):skip ISP_SVHIST setNodeInfo, setFormat(0, 0)
03-01 17:38:06.380  1272  1272 I ExynosCameraMCPipeSec: [CAM(1)][PIPE_ISP]-(m_setPipeInfo[2308]):skip ISP_DRC_GAIN setNodeInfo, setFormat(0, 0)
03-01 17:38:06.380  1272  1272 I ExynosCameraMCPipeSec: [CAM(1)][PIPE_ISP]-(m_setNodeInfo[2479]):set pipeInfos on MCSC_PREVIEW, setFormat(1024, 256) and reqBuffers(7), yuvRange(0) pixelSize(0) pixelCompInfo(0)
03-01 17:38:06.380  1272  1272 I ExynosCameraNode: [CAM(1)][MCSC_PREVIEW]-(setSize[580]):w (1024) h (256)
03-01 17:38:06.380  1272  1272 I ExynosCameraNode: [CAM(1)][MCSC_PREVIEW]-(setColorFormat[525]):fmt.pix_mp.flags (0) (0 , 0)
03-01 17:38:06.380  1272  1272 W ExynosCameraNode: [CAM(1)][MCSC_PREVIEW]-(setFormat[415]):name(MCSC_PREVIEW) fd -1, bytesperline(0) < width(1024), height(256)
03-01 17:38:06.380  1272  1272 I ExynosCameraNodeVendor: [CAM(1)][MCSC_PREVIEW]-(m_setFmt[262]):[nodeNum:170] [fd:-1] [type:9], [1024 x 256], [format:825380174:N M 2 1], [pixelSizeIdx:0], [yuvRange:7]
03-01 17:38:06.380  1272  1272 I ExynosCameraMCPipeSec: [CAM(1)][PIPE_ISP]-(m_setNodeInfo[2479]):set pipeInfos on MCSC_PREVIEW_CALLBACK, setFormat(1024, 256) and reqBuffers(7), yuvRange(0) pixelSize(0) pixelCompInfo(0)
03-01 17:38:06.380  1272  1272 I ExynosCameraNode: [CAM(1)][MCSC_PREVIEW_CALLBACK]-(setSize[580]):w (1024) h (256)
03-01 17:38:06.380  1272  1272 I ExynosCameraNode: [CAM(1)][MCSC_PREVIEW_CALLBACK]-(setColorFormat[525]):fmt.pix_mp.flags (0) (0 , 0)
03-01 17:38:06.380  1272  1272 W ExynosCameraNode: [CAM(1)][MCSC_PREVIEW_CALLBACK]-(setFormat[415]):name(MCSC_PREVIEW_CALLBACK) fd -1, bytesperline(0) < width(1024), height(256)
03-01 17:38:06.380  1272  1272 I ExynosCameraNodeVendor: [CAM(1)][MCSC_PREVIEW_CALLBACK]-(m_setFmt[262]):[nodeNum:171] [fd:-1] [type:9], [1024 x 256], [format:825380174:N M 2 1], [pixelSizeIdx:0], [yuvRange:7]
03-01 17:38:06.380  1272  1272 I ExynosCameraMCPipeSec: [CAM(1)][PIPE_ISP]-(m_setNodeInfo[2479]):set pipeInfos on MCSC_RECORDING, setFormat(1024, 256) and reqBuffers(7), yuvRange(0) pixelSize(0) pixelCompInfo(0)
03-01 17:38:06.380  1272  1272 I ExynosCameraNode: [CAM(1)][MCSC_RECORDING]-(setSize[580]):w (1024) h (256)
03-01 17:38:06.380  1272  1272 I ExynosCameraNode: [CAM(1)][MCSC_RECORDING]-(setColorFormat[525]):fmt.pix_mp.flags (0) (0 , 0)
03-01 17:38:06.380  1272  1272 W ExynosCameraNode: [CAM(1)][MCSC_RECORDING]-(setFormat[415]):name(MCSC_RECORDING) fd -1, bytesperline(0) < width(1024), height(256)
03-01 17:38:06.380  1272  1272 I ExynosCameraNodeVendor: [CAM(1)][MCSC_RECORDING]-(m_setFmt[262]):[nodeNum:172] [fd:-1] [type:9], [1024 x 256], [format:825380174:N M 2 1], [pixelSizeIdx:0], [yuvRange:7]
03-01 17:38:06.380  1272  1272 I ExynosCameraMCPipeSec: [CAM(1)][PIPE_ISP]-(m_setPipeInfo[2308]):skip ISP_NRDS setNodeInfo, setFormat(0, 0)
03-01 17:38:06.380  1272  1272 I ExynosCameraMCPipeSec: [CAM(1)][PIPE_ISP]-(m_setPipeInfo[2308]):skip ISP_NOISE setNodeInfo, setFormat(0, 0)
03-01 17:38:06.380  1272  1272 I ExynosCameraMCPipeSec: [CAM(1)][PIPE_ISP]-(m_setPipeInfo[2308]):skip MCSC_OUTPUT setNodeInfo, setFormat(0, 0)
03-01 17:38:06.380  1272  1272 I ExynosCameraMCPipeSec: [CAM(1)][PIPE_ISP]-(setupPipe[198]):setupPipe() is succeed, Pipe(12), prepare(0)
03-01 17:38:06.381  1272  1272 I ExynosCameraUtils: INFO(setMetaCtlAeTargetFpsRange):aeTargetFpsRange(min=115, min=115)
03-01 17:38:06.381  1272  1272 I ExynosCameraFrameFactoryPreviewSec: [CAM(1)][Front_0]-(fastenAeStable[302]):Instant shot - FD(294, 287)
03-01 17:38:06.381  1272  1272 I ExynosCameraUtils: INFO(setMetaCtlAeTargetFpsRange):aeTargetFpsRange(min=115, min=115)
03-01 17:38:06.381  1272  1272 I ExynosCameraFrameFactoryPreviewSec: [CAM(1)][Front_0]-(fastenAeStable[302]):Instant shot - FD(295, 288)
03-01 17:38:06.381  1272  1272 I ExynosCameraUtils: INFO(setMetaCtlAeTargetFpsRange):aeTargetFpsRange(min=115, min=115)
03-01 17:38:06.382  1272  1272 I ExynosCameraFrameFactoryPreviewSec: [CAM(1)][Front_0]-(fastenAeStable[302]):Instant shot - FD(296, 289)
03-01 17:38:06.382  1272  1272 I ExynosCameraUtils: INFO(setMetaCtlAeTargetFpsRange):aeTargetFpsRange(min=115, min=115)
03-01 17:38:06.382  1272  1272 I ExynosCameraFrameFactoryPreviewSec: [CAM(1)][Front_0]-(fastenAeStable[302]):Instant shot - FD(297, 290)
03-01 17:38:06.382  1272  1272 I ExynosCameraUtils: INFO(setMetaCtlAeTargetFpsRange):aeTargetFpsRange(min=115, min=115)
03-01 17:38:06.382  1272  1272 I ExynosCameraFrameFactoryPreviewSec: [CAM(1)][Front_0]-(fastenAeStable[302]):Instant shot - FD(298, 291)
03-01 17:38:06.382  1272  1272 I ExynosCameraUtils: INFO(setMetaCtlAeTargetFpsRange):aeTargetFpsRange(min=115, min=115)
03-01 17:38:06.382  1272  1272 I ExynosCameraFrameFactoryPreviewSec: [CAM(1)][Front_0]-(fastenAeStable[302]):Instant shot - FD(299, 292)
03-01 17:38:06.383  1272  1272 I ExynosCameraUtils: INFO(setMetaCtlAeTargetFpsRange):aeTargetFpsRange(min=115, min=115)
03-01 17:38:06.383  1272  1272 I ExynosCameraFrameFactoryPreviewSec: [CAM(1)][Front_0]-(fastenAeStable[302]):Instant shot - FD(300, 293)
03-01 17:38:06.383  1272  1272 I ExynosCameraMCPipe: [CAM(1)][PIPE_ISP]-(m_startNode[1355]):
03-01 17:38:06.383  1272  1272 I ExynosCameraNode: [CAM(1)][ISP_NOISE]-(start[443]):skip node start. request buffer is zero
03-01 17:38:06.383  1272  1272 I ExynosCameraNode: [CAM(1)][ISP_NRDS]-(start[443]):skip node start. request buffer is zero
03-01 17:38:06.383  1272  1272 I ExynosCameraNode: [CAM(1)][ISP_DRC_GAIN]-(start[443]):skip node start. request buffer is zero
03-01 17:38:06.383  1272  1272 I ExynosCameraNode: [CAM(1)][ISP_SVHIST]-(start[443]):skip node start. request buffer is zero
03-01 17:38:06.383  1272  1272 I ExynosCameraNode: [CAM(1)][ISP_LME]-(start[443]):skip node start. request buffer is zero
03-01 17:38:06.383  1272  1272 I ExynosCameraMCPipeSec: [CAM(1)][PIPE_ISP]-(start[233]):start() is succeed, Pipe(12)
03-01 17:38:06.383  1272  1272 I ExynosCameraMCPipe: [CAM(1)][PIPE_LME_SRC_IMAGE]-(m_startNode[1355]):
03-01 17:38:06.383  1272  1272 I ExynosCameraNode: [CAM(1)][LME_SW_DST]-(start[443]):skip node start. request buffer is zero
03-01 17:38:06.383  1272  1272 I ExynosCameraMCPipeSec: [CAM(1)][PIPE_LME_SRC_IMAGE]-(start[233]):start() is succeed, Pipe(47)
03-01 17:38:06.383  1272  1272 I ExynosCameraMCPipe: [CAM(1)][PIPE_3AA]-(instantOn[529]):
03-01 17:38:06.384  1272  1272 I ExynosCameraMCPipe: [CAM(1)][PIPE_3AA]-(instantOn[583]):Put instantOn Buffer (index 0)
03-01 17:38:06.384  1272  1272 I ExynosCameraMCPipe: [CAM(1)][PIPE_3AA]-(instantOn[583]):Put instantOn Buffer (index 1)
03-01 17:38:06.384  1272  1272 I ExynosCameraMCPipe: [CAM(1)][PIPE_3AA]-(instantOn[583]):Put instantOn Buffer (index 2)
03-01 17:38:06.384  1272  1272 I ExynosCameraMCPipe: [CAM(1)][PIPE_3AA]-(instantOn[583]):Put instantOn Buffer (index 3)
03-01 17:38:06.384  1272  1272 I ExynosCameraMCPipe: [CAM(1)][PIPE_3AA]-(instantOn[583]):Put instantOn Buffer (index 4)
03-01 17:38:06.385  1272  1272 I ExynosCameraMCPipe: [CAM(1)][PIPE_3AA]-(instantOn[583]):Put instantOn Buffer (index 5)
03-01 17:38:06.385  1272  1272 I ExynosCameraMCPipe: [CAM(1)][PIPE_3AA]-(instantOn[583]):Put instantOn Buffer (index 6)
03-01 17:38:06.385  1272  1272 I ExynosCameraMCPipe: [CAM(1)][PIPE_3AA]-(instantOn[597]):instantOn() is succeed, Pipe(6), Frames(7)
03-01 17:38:06.385  1272  1272 I ExynosCameraFrameFactoryPreviewSec: [CAM(1)][Front_0]-(fastenAeStable[380]): Start S_STREAM
03-01 17:38:06.413  1251 22161 I HYPER-HAL: [RequestManager.cpp]releaseLocked(): Released ID : 3005719
03-01 17:38:06.468  1272  1272 I ExynosCameraFrameFactoryPreviewSec: [CAM(1)][Front_0]-(fastenAeStable[389]): End S_STREAM
03-01 17:38:06.468  1272  1272 I ExynosCameraMCPipe: [CAM(1)][PIPE_3AA]-(m_forceDone[1234]):
03-01 17:38:06.468  1272  1272 I ExynosCameraMCPipe: [CAM(1)][PIPE_3AA]-(forceDone[335]):forceDone() is succeed, Pipe(6)
03-01 17:38:06.468  1272  1272 I ExynosCameraMCPipe: [CAM(1)][PIPE_3AA]-(instantOff[603]):
03-01 17:38:06.470  1272  1272 I ExynosCameraMCPipe: [CAM(1)][PIPE_3AA]-(instantOff[630]):instantOff() is succeed, Pipe(6)
03-01 17:38:06.470  1272  1272 I ExynosCameraMCPipe: [CAM(1)][PIPE_LME_SRC_IMAGE]-(m_stopNode[1382]):
03-01 17:38:06.471  1272  1272 I ExynosCameraNode: [CAM(1)][LME_SW_DST]-(stop[477]):skip node stop. request buffer is zeor
03-01 17:38:06.471  1272  1272 I ExynosCameraNode: [CAM(1)][LME_SW_DST]-(m_clrBuffers[1029]):not yet requested. so, just return 0(fd:-1, count:-1)
03-01 17:38:06.471  1272  1272 I ExynosCameraMCPipe: [CAM(1)][PIPE_LME_SRC_IMAGE]-(stop[136]):Thread exited
03-01 17:38:06.471  1272  1272 I ExynosCameraMCPipe: [CAM(1)][PIPE_LME_SRC_IMAGE]-(stop[169]):stop() is succeed, Pipe(47)
03-01 17:38:06.471  1272  1272 I ExynosCameraMCPipe: [CAM(1)][PIPE_ISP]-(m_stopNode[1382]):
03-01 17:38:06.471  1272  1272 I ExynosCameraNode: [CAM(1)][ISP_LME]-(stop[477]):skip node stop. request buffer is zeor
03-01 17:38:06.471  1272  1272 I ExynosCameraNode: [CAM(1)][ISP_LME]-(m_clrBuffers[1029]):not yet requested. so, just return 0(fd:-1, count:-1)
03-01 17:38:06.471  1272  1272 I ExynosCameraNode: [CAM(1)][ISP_SVHIST]-(stop[477]):skip node stop. request buffer is zeor
03-01 17:38:06.471  1272  1272 I ExynosCameraNode: [CAM(1)][ISP_SVHIST]-(m_clrBuffers[1029]):not yet requested. so, just return 0(fd:-1, count:-1)
03-01 17:38:06.471  1272  1272 I ExynosCameraNode: [CAM(1)][ISP_DRC_GAIN]-(stop[477]):skip node stop. request buffer is zeor
03-01 17:38:06.471  1272  1272 I ExynosCameraNode: [CAM(1)][ISP_DRC_GAIN]-(m_clrBuffers[1029]):not yet requested. so, just return 0(fd:-1, count:-1)
03-01 17:38:06.471  1272  1272 I ExynosCameraNode: [CAM(1)][ISP_NRDS]-(stop[477]):skip node stop. request buffer is zeor
03-01 17:38:06.471  1272  1272 I ExynosCameraNode: [CAM(1)][ISP_NRDS]-(m_clrBuffers[1029]):not yet requested. so, just return 0(fd:-1, count:-1)
03-01 17:38:06.471  1272  1272 I ExynosCameraNode: [CAM(1)][ISP_NOISE]-(stop[477]):skip node stop. request buffer is zeor
03-01 17:38:06.471  1272  1272 I ExynosCameraNode: [CAM(1)][ISP_NOISE]-(m_clrBuffers[1029]):not yet requested. so, just return 0(fd:-1, count:-1)
03-01 17:38:06.471  1272  1272 I ExynosCameraMCPipe: [CAM(1)][PIPE_ISP]-(stop[136]):Thread exited
03-01 17:38:06.471  1272  1272 I ExynosCameraMCPipe: [CAM(1)][PIPE_ISP]-(stop[169]):stop() is succeed, Pipe(12)
03-01 17:38:06.471  1272  1272 I ExynosCameraFrameFactoryPreviewSec: [CAM(1)][Front_0]-(fastenAeStable[472]):set framerate (denominator=30)
03-01 17:38:06.473  1272  1272 I ExynosCameraFrameFactoryPreviewSec: [CAM(1)][Front_0]-(fastenAeStable[500]):Done
03-01 17:38:06.473  1272  1272 I ExynosCameraParameters: [CAM(1)][Front_0]-(setFastenAeStableOn[371]):m_cameraId(1) : m_fastenAeStableOn(0)
03-01 17:38:06.473  1272  1272 I ExynosCameraBufferManager: [CAM(1)][SKIP_BUF]-(deinit[56]):IN..
03-01 17:38:06.473  1272  1272 I ExynosCameraBufferManagerVendor: [CAM(1)][SKIP_BUF]-(m_free[69]):Free the buffer (m_allocatedBufCount=7) --- dumpBufferInfo ---
03-01 17:38:06.474  1658  2106 D SemWifiTrafficPoller: getSoftApTotalTrafficInBytes:1674486230
03-01 17:38:06.474  1272  1272 I ExynosCameraBufferManagerVendor: [CAM(1)][SKIP_BUF]-(m_free[99]):Free the buffer succeeded (m_allocatedBufCount=0)
03-01 17:38:06.474  1272  1272 I ExynosCameraBufferManagerVendor: DEBUG:duration time(    1 msec):(m_free)
03-01 17:38:06.474  1272  1272 I ExynosCameraBufferManager: [CAM(1)][SKIP_BUF]-(deinit[83]):OUT..
03-01 17:38:06.474  1272  1272 I ExynosCameraQoSManager: [CAM(1)][]-(restoreQoSControl[101]):scenario 14
03-01 17:38:06.475  1272  1272 I ExynosCameraQoSManager: [CAM(1)][]-(m_setQoSControl[123]):[EPIC HAL] EPIC_HAL_CAMERA_SUBMODE(3)
03-01 17:38:06.475  1272  1272 I ExynosCameraQoSManager: [CAM(1)][]-(m_setQoSControl[137]):V4L2_CID_IS_DVFS_CLUSTER2 setControl min_lock (0x6c0)
03-01 17:38:06.475  1272  1272 I ExynosCameraQoSManager: [CAM(1)][]-(m_setQoSControl[155]):V4L2_CID_IS_DVFS_CLUSTER0 setControl min_lock (0x720)
03-01 17:38:06.476  1272 22262 I ExynosCameraSec: [CAM(1)][Front_0]-(m_frameFactoryStartThreadFunc[9290]):[CAMSYSKPI] E
03-01 17:38:06.476  1272  1272 I SehCamDevSession@5.0-impl: [CAMKPI] camera3->process_capture_request : X
03-01 17:38:06.476  1272 22262 I ExynosCameraSec: [CAM(1)][Front_0]-(m_frameFactoryStartThreadFunc[9510]):opening hint(1)
03-01 17:38:06.476  1272 22263 I ExynosCameraSec: [CAM(1)][Front_0]-(m_sensorListenerThreadFunc[27344]):[CAMSYSKPI] E
03-01 17:38:06.476  1272 22262 I ExynosCameraSec: [CAM(1)][Front_0]-(m_frameFactoryStartThreadFunc[9522]):prepare 5
03-01 17:38:06.476  1272 22262 I ExynosCameraSec: [CAM(1)][Front_0]-(m_setScenario[10728]):setScenario for DVFS. scenarioMode 0x1 videoSize 0x0
03-01 17:38:06.476  1438 22203 W HidlCamera3-Device: processBatchCaptureRequests: sehProcessCaptureRequest_5_0 return time exceeds 100000us (177448)us
03-01 17:38:06.476  1272 22262 I ExynosCameraParametersSec: [CAM(1)][Front_0]-(m_getSetfileYuvRange_Mass[3207]):wdr_mode (3)
03-01 17:38:06.476  1272 22263 I SensorListener: enableSensor : numSensors=31/31, sen_list = 0xb400007df21f6070/0xb400007df21f6070
03-01 17:38:06.476  1272 22262 E ExynosCameraParametersSec: [CAM(1)][Front_0]-(m_getSetfileYuvRange_Mass[3443]):Preview size invalid (0 x 0)
03-01 17:38:06.476  1272 22262 I ExynosCameraParametersSec: [CAM(1)][Front_0]-(m_getSetfileYuvRange_Mass[4167]):CurrentState (0x 100), currentSetfile(70), currentScenario(0)
03-01 17:38:06.476  1272 22262 I ExynosCameraParametersSec: [CAM(1)][Front_0]-(m_getSetfileYuvRange_Mass[3207]):wdr_mode (3)
03-01 17:38:06.476  1272 22262 I ExynosCameraParametersSec: [CAM(1)][Front_0]-(m_getSetfileYuvRange_Mass[4167]):CurrentState (0x 101), currentSetfile(70), currentScenario(0)
03-01 17:38:06.476  1272 22262 I ExynosCameraParameters: [CAM(1)][Front_0]-(checkSetfileYuvRange[349]):m_cameraId(1) : general[setfile(70) YUV range(0)] : reprocesing[setfile(70) YUV range(0)]
03-01 17:38:06.476  1438 22203 D Camera3-Device: CameraPerf: sendRequestsBatch X (178ms)
03-01 17:38:06.476  1272 22262 I ExynosCameraSec: [CAM(1)][Front_0]-(m_setSetfile_Mass[10657]):configMode(1), PIPMode(0)
03-01 17:38:06.476  1272 22262 I ExynosCameraParameters: [CAM(1)][Front_0]-(setSetfileYuvRange[366]):m_cameraId(1) : general[setfile(70) YUV range(0)] : reprocesing[setfile(70) YUV range(0)]
03-01 17:38:06.476  1272 22262 I ExynosCameraParameters: [CAM(1)][Front_0]-(setSetfileYuvRange[366]):m_cameraId(1) : general[setfile(70) YUV range(0)] : reprocesing[setfile(70) YUV range(0)]
03-01 17:38:06.476  1272 22262 I ExynosCameraVendorPreview: [CAM(1)][Front_0]-(m_setupPipeline[7544]):Use REPROCESSING_BAYER_MODE_DIRTY_ALWAYS_ON
03-01 17:38:06.476  1272 22262 I ExynosCameraFrameFactoryPreviewSec: [CAM(1)][Front_0]-(initPipes[507]):
03-01 17:38:06.476  1272 22262 I ExynosCameraFrameFactoryPreviewSec: [CAM(1)][Front_0]-(m_setupConfig[5792]):
03-01 17:38:06.476  1272 22262 I ExynosCameraFrameFactoryPreviewSec: [CAM(1)][Front_0]-(m_setupConfig[5816]):m_flagFlite3aaOTF = 1 m_useBDSOff: 0 m_useVideoHQISP: 0 m_flag3aaVraOTF: 0 m_useSTR : 0
03-01 17:38:06.476  1272 22262 I ExynosCameraFrameFactoryPreviewSec: [CAM(1)][Front_0]-(m_setDeviceInfo[702]):
03-01 17:38:06.476  1272 22262 I ExynosCameraFrameFactoryPreviewSec: [CAM(1)][Front_0]-(m_setDeviceInfo[773]):CamID-1, PIP_MODE (0, 0) numberOf3AAResources (3)
03-01 17:38:06.476  1272 22262 I ExynosCameraFrameFactoryPreviewSec: [CAM(1)][Front_0]-(m_initPipes[1601]):
03-01 17:38:06.477  1272 22262 I ExynosCameraFrameFactoryPreviewSec: [CAM(1)][Front_0]-(m_initPipes[1699]):MaxSensorSize 3264x2448 bayerFormat pBAA
03-01 17:38:06.477  1272 22262 I ExynosCameraFrameFactoryPreviewSec: [CAM(1)][Front_0]-(m_initPipes[1701]):BnsSize 3264x2448 BcropSize 3264x2448 BdsSize 3264x2448 yuvPpSize 3264x2448
03-01 17:38:06.477  1272 22262 I ExynosCameraFrameFactoryPreviewSec: [CAM(1)][Front_0]-(m_initPipes[1703]):DS Size 640x480 Format NV16 Buffer count 8
03-01 17:38:06.477  1272 22262 I ExynosCameraFrameFactoryPreviewSec: [CAM(1)][Front_0]-(m_initPipes[1705]):HwPictureSize(3264x2448)
03-01 17:38:06.477  1272 22262 I ExynosCameraFrameFactoryPreviewSec: [CAM(1)][Front_0]-(m_initPipes[1706]):MaxThumbnailSize(512x384)
03-01 17:38:06.477  1272 22262 I ExynosCameraFrameFactoryPreviewSec: [CAM(1)][Front_0]-(m_initPipes[1753]):YUV[0] Size 320x240 Format NV21 PixelSizeNum 0 Buffer count 64
03-01 17:38:06.477  1272 22262 I ExynosCameraFrameFactoryPreviewSec: [CAM(1)][Front_0]-(m_initPipes[1753]):YUV[1] Size 0x0 Format NV21 PixelSizeNum 0 Buffer count 1
03-01 17:38:06.477  1272 22262 I ExynosCameraFrameFactoryPreviewSec: [CAM(1)][Front_0]-(m_initPipes[1753]):YUV[2] Size 0x0 Format NV21 PixelSizeNum 0 Buffer count 1
03-01 17:38:06.477  1272 22262 I ExynosCameraFrameFactoryPreviewSec: [CAM(1)][Front_0]-(m_initPipes[1772]):Set framerate (denominator=30)
03-01 17:38:06.477  1272 22262 I ExynosCameraFrameFactoryBase: [CAM(1)][Front_0]-(m_setSensorSize[582]):setControl(V4L2_CID_IS_S_SENSOR_SIZE, (3264 x 2448)) succeed
03-01 17:38:06.477  1272 22262 I ExynosCameraMCPipeSec: [CAM(1)][PIPE_3AA]-(setupPipe[146]):set new sensorIds
03-01 17:38:06.477  1272 22262 I ExynosCameraMCPipeSec: [CAM(1)][PIPE_3AA]-(m_setNodeInfo[2479]):set pipeInfos on FLITE, setFormat(32, 64) and reqBuffers(8), yuvRange(0) pixelSize(0) pixelCompInfo(0)
03-01 17:38:06.477  1272 22262 I ExynosCameraNode: [CAM(1)][FLITE]-(setSize[580]):w (32) h (64)
03-01 17:38:06.477  1272 22262 I ExynosCameraNode: [CAM(1)][FLITE]-(setColorFormat[525]):fmt.pix_mp.flags (0) (0 , 0)
03-01 17:38:06.477  1272 22262 W ExynosCameraNode: [CAM(1)][FLITE]-(setFormat[415]):name(FLITE) fd 19, bytesperline(0) < width(32), height(64)
03-01 17:38:06.477  1272 22262 I ExynosCameraNodeVendor: [CAM(1)][FLITE]-(m_setFmt[262]):[nodeNum:102] [fd:19] [type:10], [32 x 64], [format:1094795888:p B A A], [pixelSizeIdx:0], [yuvRange:7]
03-01 17:38:06.477  1272 22262 I ExynosCameraMCPipeSec: [CAM(1)][PIPE_3AA]-(m_setNodeInfo[2479]):set pipeInfos on BAYER, setFormat(3264, 2448) and reqBuffers(64), yuvRange(0) pixelSize(6) pixelCompInfo(0)
03-01 17:38:06.477  1272 22262 I ExynosCameraNode: [CAM(1)][BAYER]-(setSize[580]):w (3264) h (2448)
03-01 17:38:06.477  1272 22262 I ExynosCameraNode: [CAM(1)][BAYER]-(setColorFormat[525]):fmt.pix_mp.flags (6) (6 , 0)
