03-01 17:38:06.477  1272 22262 I ExynosCameraNodeVendor: [CAM(1)][BAYER]-(m_setFmt[262]):[nodeNum:214] [fd:87] [type:9], [3264 x 2448], [format:808535874:B G 1 0], [pixelSizeIdx:6], [yuvRange:7]
03-01 17:38:06.479  1272 22262 I ExynosCameraMCPipeSec: [CAM(1)][PIPE_3AA]-(m_setNodeInfo[2479]):set pipeInfos on 3AA_CAPTURE, setFormat(3264, 2448) and reqBuffers(13), yuvRange(0) pixelSize(5) pixelCompInfo(0)
03-01 17:38:06.479  1272 22262 I ExynosCameraNode: [CAM(1)][3AA_CAPTURE]-(setSize[580]):w (3264) h (2448)
03-01 17:38:06.479  1272 22262 I ExynosCameraNode: [CAM(1)][3AA_CAPTURE]-(setColorFormat[525]):fmt.pix_mp.flags (5) (5 , 0)
03-01 17:38:06.479  1272 22262 I ExynosCameraNodeVendor: [CAM(1)][3AA_CAPTURE]-(m_setFmt[262]):[nodeNum:111] [fd:-1] [type:9], [3264 x 2448], [format:1128481392:p B C C], [pixelSizeIdx:5], [yuvRange:7]
03-01 17:38:06.479  1272 22262 I ExynosCameraMCPipeSec: [CAM(1)][PIPE_3AA]-(m_setNodeInfo[2479]):set pipeInfos on 3AA_PREVIEW, setFormat(3264, 2448) and reqBuffers(8), yuvRange(0) pixelSize(5) pixelCompInfo(0)
03-01 17:38:06.479  1272 22262 I ExynosCameraNode: [CAM(1)][3AA_PREVIEW]-(setSize[580]):w (3264) h (2448)
03-01 17:38:06.479  1272 22262 I ExynosCameraNode: [CAM(1)][3AA_PREVIEW]-(setColorFormat[525]):fmt.pix_mp.flags (5) (5 , 0)
03-01 17:38:06.479  1272 22262 I ExynosCameraNodeVendor: [CAM(1)][3AA_PREVIEW]-(m_setFmt[262]):[nodeNum:112] [fd:-1] [type:9], [3264 x 2448], [format:1128481392:p B C C], [pixelSizeIdx:5], [yuvRange:7]
03-01 17:38:06.479  1272 22262 I ExynosCameraMCPipeSec: [CAM(1)][PIPE_3AA]-(m_setNodeInfo[2479]):set pipeInfos on 3AA_FD, setFormat(640, 480) and reqBuffers(8), yuvRange(0) pixelSize(0) pixelCompInfo(0)
03-01 17:38:06.479  1272 22262 I ExynosCameraNode: [CAM(1)][3AA_FD]-(setSize[580]):w (640) h (480)
03-01 17:38:06.479  1272 22262 I ExynosCameraNode: [CAM(1)][3AA_FD]-(setColorFormat[525]):fmt.pix_mp.flags (0) (0 , 0)
03-01 17:38:06.479  1272 22262 W ExynosCameraNode: [CAM(1)][3AA_FD]-(setFormat[415]):name(3AA_FD) fd -1, bytesperline(0) < width(640), height(480)
03-01 17:38:06.479  1272 22262 I ExynosCameraNodeVendor: [CAM(1)][3AA_FD]-(m_setFmt[262]):[nodeNum:113] [fd:-1] [type:9], [640 x 480], [format:861030210:B G R 3], [pixelSizeIdx:0], [yuvRange:7]
03-01 17:38:06.479  1272 22262 I ExynosCameraMCPipeSec: [CAM(1)][PIPE_3AA]-(m_setNodeInfo[2479]):set pipeInfos on 3AA_ORBC, setFormat(2016, 1512) and reqBuffers(64), yuvRange(0) pixelSize(0) pixelCompInfo(0)
03-01 17:38:06.479  1272 22262 I ExynosCameraNode: [CAM(1)][3AA_ORBC]-(setSize[580]):w (2016) h (1512)
03-01 17:38:06.479  1272 22262 I ExynosCameraNode: [CAM(1)][3AA_ORBC]-(setColorFormat[525]):fmt.pix_mp.flags (0) (0 , 0)
03-01 17:38:06.479  1272 22262 I ExynosCameraNodeVendor: [CAM(1)][3AA_ORBC]-(m_setFmt[262]):[nodeNum:115] [fd:-1] [type:9], [2016 x 1512], [format:541669465:Y 8 I  ], [pixelSizeIdx:0], [yuvRange:7]
03-01 17:38:06.479  1272 22262 I ExynosCameraMCPipeSec: [CAM(1)][PIPE_3AA]-(m_setNodeInfo[2479]):set pipeInfos on 3AA_DRC, setFormat(1024, 256) and reqBuffers(8), yuvRange(0) pixelSize(0) pixelCompInfo(0)
03-01 17:38:06.479  1272 22262 I ExynosCameraNode: [CAM(1)][3AA_DRC]-(setSize[580]):w (1024) h (256)
03-01 17:38:06.479  1272 22262 I ExynosCameraNode: [CAM(1)][3AA_DRC]-(setColorFormat[525]):fmt.pix_mp.flags (0) (0 , 0)
03-01 17:38:06.479  1272 22262 W ExynosCameraNode: [CAM(1)][3AA_DRC]-(setFormat[415]):name(3AA_DRC) fd -1, bytesperline(0) < width(1024), height(256)
03-01 17:38:06.479  1272 22262 I ExynosCameraNodeVendor: [CAM(1)][3AA_DRC]-(m_setFmt[262]):[nodeNum:255] [fd:-1] [type:9], [1024 x 256], [format:1497715271:G R E Y], [pixelSizeIdx:0], [yuvRange:7]
03-01 17:38:06.479  1272 22262 I ExynosCameraMCPipeSec: [CAM(1)][PIPE_3AA]-(m_setPipeInfo[2308]):skip PAF setNodeInfo, setFormat(0, 0)
03-01 17:38:06.479  1272 22262 I ExynosCameraMCPipeSec: [CAM(1)][PIPE_3AA]-(m_setNodeInfo[2479]):set pipeInfos on 3AA_OUTPUT, setFormat(32, 64) and reqBuffers(0), yuvRange(0) pixelSize(1) pixelCompInfo(0)
03-01 17:38:06.479  1272 22262 I ExynosCameraNode: [CAM(1)][3AA_OUTPUT]-(setSize[580]):w (32) h (64)
03-01 17:38:06.480  2861  2861 I HoneySpace.EdgePanel.EdgeVisibilityRepository: getComputedTrayVisible : keyguardState = 1
03-01 17:38:06.479  1272 22262 I ExynosCameraNode: [CAM(1)][3AA_OUTPUT]-(setColorFormat[525]):fmt.pix_mp.flags (1) (1 , 0)
03-01 17:38:06.480  1272 22262 W ExynosCameraNode: [CAM(1)][3AA_OUTPUT]-(setFormat[415]):name(3AA_OUTPUT) fd 89, bytesperline(0) < width(32), height(64)
03-01 17:38:06.480  1272 22262 I ExynosCameraNodeVendor: [CAM(1)][3AA_OUTPUT]-(m_setFmt[262]):[nodeNum:110] [fd:89] [type:10], [32 x 64], [format:1094795888:p B A A], [pixelSizeIdx:1], [yuvRange:7]
03-01 17:38:06.480  2861  2861 I HoneySpace.EdgePanel.EdgeVisibilityRepository: updateTrayVisible: State = 0x1, visible = true, current containerState = 0, specificMode = 0
03-01 17:38:06.480  2861  2861 I HoneySpace.EdgePanel.EdgeVisibilityRepository: Same container state 0
03-01 17:38:06.480  1272 22262 W ExynosCameraMCPipeSec: [CAM(1)][PIPE_3AA]-(m_setNodeInfo[2538]):Invalid currentBufferCount(0), skip reqBuffers()
03-01 17:38:06.480  1272 22262 I ExynosCameraMCPipeSec: [CAM(1)][PIPE_3AA]-(setupPipe[198]):setupPipe() is succeed, Pipe(6), prepare(4)
03-01 17:38:06.480  1272 22262 I ExynosCameraMCPipeSec: [CAM(1)][PIPE_LME_SRC_IMAGE]-(setupPipe[146]):set new sensorIds
03-01 17:38:06.480  1272 22262 I ExynosCameraMCPipeSec: [CAM(1)][PIPE_LME_SRC_IMAGE]-(m_setNodeInfo[2479]):set pipeInfos on LME_SRC_IMAGE, setFormat(1664, 1248) and reqBuffers(64), yuvRange(0) pixelSize(6) pixelCompInfo(0)
03-01 17:38:06.480  1272 22262 I ExynosCameraNode: [CAM(1)][LME_SRC_IMAGE]-(setSize[580]):w (1664) h (1248)
03-01 17:38:06.480  1272 22262 I ExynosCameraNode: [CAM(1)][LME_SRC_IMAGE]-(setColorFormat[525]):fmt.pix_mp.flags (6) (6 , 0)
03-01 17:38:06.480  1272 22262 I ExynosCameraNodeVendor: [CAM(1)][LME_SRC_IMAGE]-(m_setFmt[262]):[nodeNum:196] [fd:95] [type:10], [1664 x 1248], [format:541669465:Y 8 I  ], [pixelSizeIdx:6], [yuvRange:7]
03-01 17:38:06.481  1272 22262 I ExynosCameraMCPipeSec: [CAM(1)][PIPE_LME_SRC_IMAGE]-(m_setNodeInfo[2479]):set pipeInfos on LME_SW_DST, setFormat(128, 128) and reqBuffers(64), yuvRange(0) pixelSize(6) pixelCompInfo(0)
03-01 17:38:06.481  1272 22262 I ExynosCameraNode: [CAM(1)][LME_SW_DST]-(setSize[580]):w (128) h (128)
03-01 17:38:06.481  1272 22262 I ExynosCameraNode: [CAM(1)][LME_SW_DST]-(setColorFormat[525]):fmt.pix_mp.flags (6) (6 , 0)
03-01 17:38:06.481  1272 22262 I ExynosCameraNodeVendor: [CAM(1)][LME_SW_DST]-(m_setFmt[262]):[nodeNum:291] [fd:-1] [type:9], [128 x 128], [format:541669465:Y 8 I  ], [pixelSizeIdx:6], [yuvRange:7]
03-01 17:38:06.482  1272 22262 I ExynosCameraMCPipeSec: [CAM(1)][PIPE_LME_SRC_IMAGE]-(m_setNodeInfo[2479]):set pipeInfos on LME_DST, setFormat(1664, 1248) and reqBuffers(64), yuvRange(0) pixelSize(6) pixelCompInfo(0)
03-01 17:38:06.482  1272 22262 I ExynosCameraNode: [CAM(1)][LME_DST]-(setSize[580]):w (1664) h (1248)
03-01 17:38:06.482  1272 22262 I ExynosCameraNode: [CAM(1)][LME_DST]-(setColorFormat[525]):fmt.pix_mp.flags (6) (6 , 0)
03-01 17:38:06.482  1272 22262 I ExynosCameraNodeVendor: [CAM(1)][LME_DST]-(m_setFmt[262]):[nodeNum:290] [fd:-1] [type:9], [1664 x 1248], [format:541669465:Y 8 I  ], [pixelSizeIdx:6], [yuvRange:7]
03-01 17:38:06.482  1272 22262 I ExynosCameraMCPipeSec: [CAM(1)][PIPE_LME_SRC_IMAGE]-(setupPipe[198]):setupPipe() is succeed, Pipe(47), prepare(0)
03-01 17:38:06.482  1272 22262 I ExynosCameraFrameFactoryPreviewSec: [CAM(1)][Front_0]-(m_initPipes[2342]):Pipe(12) nodeType (0) : pixelSize (5) pixelCompInfo(0)
03-01 17:38:06.482  1272 22262 I ExynosCameraMCPipeSec: [CAM(1)][PIPE_ISP]-(setupPipe[146]):set new sensorIds
03-01 17:38:06.482  1272 22262 I ExynosCameraMCPipeSec: [CAM(1)][PIPE_ISP]-(m_setNodeInfo[2479]):set pipeInfos on ISP_OUTPUT, setFormat(3264, 2448) and reqBuffers(8), yuvRange(0) pixelSize(5) pixelCompInfo(0)
03-01 17:38:06.482  1272 22262 I ExynosCameraNode: [CAM(1)][ISP_OUTPUT]-(setSize[580]):w (3264) h (2448)
03-01 17:38:06.482  1272 22262 I ExynosCameraNode: [CAM(1)][ISP_OUTPUT]-(setColorFormat[525]):fmt.pix_mp.flags (5) (5 , 0)
03-01 17:38:06.482  1272 22262 I ExynosCameraNodeVendor: [CAM(1)][ISP_OUTPUT]-(m_setFmt[262]):[nodeNum:130] [fd:90] [type:10], [3264 x 2448], [format:1128481392:p B C C], [pixelSizeIdx:5], [yuvRange:7]
03-01 17:38:06.482 22167 22167 D CompatChangeReporter: Compat change id reported: 377864165; UID 10429; state: ENABLED
03-01 17:38:06.483  1272 22262 I ExynosCameraMCPipeSec: [CAM(1)][PIPE_ISP]-(m_setNodeInfo[2479]):set pipeInfos on ISP_DRC_GRID, setFormat(1024, 256) and reqBuffers(8), yuvRange(0) pixelSize(0) pixelCompInfo(0)
03-01 17:38:06.483  1272 22262 I ExynosCameraNode: [CAM(1)][ISP_DRC_GRID]-(setSize[580]):w (1024) h (256)
03-01 17:38:06.483  1272 22262 I ExynosCameraNode: [CAM(1)][ISP_DRC_GRID]-(setColorFormat[525]):fmt.pix_mp.flags (0) (0 , 0)
03-01 17:38:06.483  1272 22262 W ExynosCameraNode: [CAM(1)][ISP_DRC_GRID]-(setFormat[415]):name(ISP_DRC_GRID) fd -1, bytesperline(0) < width(1024), height(256)
03-01 17:38:06.483  1272 22262 I ExynosCameraNodeVendor: [CAM(1)][ISP_DRC_GRID]-(m_setFmt[262]):[nodeNum:266] [fd:-1] [type:9], [1024 x 256], [format:1497715271:G R E Y], [pixelSizeIdx:0], [yuvRange:7]
03-01 17:38:06.483  1272 22262 I ExynosCameraMCPipeSec: [CAM(1)][PIPE_ISP]-(m_setNodeInfo[2479]):set pipeInfos on ISP_LME, setFormat(128, 128) and reqBuffers(8), yuvRange(0) pixelSize(6) pixelCompInfo(0)
03-01 17:38:06.483  1272 22262 I ExynosCameraNode: [CAM(1)][ISP_LME]-(setSize[580]):w (128) h (128)
03-01 17:38:06.483  1272 22262 I ExynosCameraNode: [CAM(1)][ISP_LME]-(setColorFormat[525]):fmt.pix_mp.flags (6) (6 , 0)
03-01 17:38:06.483  1272 22262 I ExynosCameraNodeVendor: [CAM(1)][ISP_LME]-(m_setFmt[262]):[nodeNum:263] [fd:-1] [type:9], [128 x 128], [format:541669465:Y 8 I  ], [pixelSizeIdx:6], [yuvRange:7]
03-01 17:38:06.483  1272 22262 I ExynosCameraMCPipeSec: [CAM(1)][PIPE_ISP]-(m_setPipeInfo[2308]):skip ISP_SVHIST setNodeInfo, setFormat(0, 0)
03-01 17:38:06.483  1272 22262 I ExynosCameraMCPipeSec: [CAM(1)][PIPE_ISP]-(m_setPipeInfo[2308]):skip ISP_DRC_GAIN setNodeInfo, setFormat(0, 0)
03-01 17:38:06.483  1272 22262 I ExynosCameraMCPipeSec: [CAM(1)][PIPE_ISP]-(m_setPipeInfo[2384]):m_node[20]: pipeId(19), outputPortId(0), YUV_RANGE(0)
03-01 17:38:06.483  1272 22262 I ExynosCameraMCPipeSec: [CAM(1)][PIPE_ISP]-(m_setNodeInfo[2479]):set pipeInfos on MCSC_PREVIEW, setFormat(320, 240) and reqBuffers(64), yuvRange(0) pixelSize(0) pixelCompInfo(0)
03-01 17:38:06.483  1272 22262 I ExynosCameraNode: [CAM(1)][MCSC_PREVIEW]-(setSize[580]):w (320) h (240)
03-01 17:38:06.483  1272 22262 I ExynosCameraNode: [CAM(1)][MCSC_PREVIEW]-(setColorFormat[525]):fmt.pix_mp.flags (0) (0 , 0)
03-01 17:38:06.483  1272 22262 I ExynosCameraNodeVendor: [CAM(1)][MCSC_PREVIEW]-(m_setFmt[262]):[nodeNum:170] [fd:-1] [type:9], [320 x 240], [format:825382478:N V 2 1], [pixelSizeIdx:0], [yuvRange:7]
03-01 17:38:06.483  1272 22262 I ExynosCameraMCPipeSec: [CAM(1)][PIPE_ISP]-(m_setPipeInfo[2308]):skip MCSC_PREVIEW_CALLBACK setNodeInfo, setFormat(0, 0)
03-01 17:38:06.483  1272 22262 I ExynosCameraMCPipeSec: [CAM(1)][PIPE_ISP]-(m_setPipeInfo[2308]):skip MCSC_RECORDING setNodeInfo, setFormat(0, 0)
03-01 17:38:06.483  1272 22262 I ExynosCameraMCPipeSec: [CAM(1)][PIPE_ISP]-(m_setPipeInfo[2308]):skip ISP_NRDS setNodeInfo, setFormat(0, 0)
03-01 17:38:06.483  1272 22262 I ExynosCameraMCPipeSec: [CAM(1)][PIPE_ISP]-(m_setPipeInfo[2308]):skip ISP_NOISE setNodeInfo, setFormat(0, 0)
03-01 17:38:06.483  1272 22262 I ExynosCameraMCPipeSec: [CAM(1)][PIPE_ISP]-(m_setPipeInfo[2308]):skip MCSC_OUTPUT setNodeInfo, setFormat(0, 0)
03-01 17:38:06.484  1272 22262 I ExynosCameraMCPipeSec: [CAM(1)][PIPE_ISP]-(setupPipe[198]):setupPipe() is succeed, Pipe(12), prepare(0)
03-01 17:38:06.484  1272 22262 I ExynosCameraPipePlugIn: [CAM(1)][PIPE_NFD]-(setupPipe[165]):
03-01 17:38:06.484  1272 22262 I ExynosCameraPlugInConverter: [CAM(1)][ConverterVPL]-(setup[96]):pipeId(45)
03-01 17:38:06.484  1272 22262 I ExynosCameraPlugInConverter: [CAM(1)][ConverterVPL]-(setup[110]):done, pipeId(45)
03-01 17:38:06.484  1272 22262 I ExynosCameraPlugInConverter: [CAM(1)][ConverterVPL]-(setup[96]):pipeId(45)
03-01 17:38:06.484  1272 22262 I ExynosCameraPlugInConverter: [CAM(1)][ConverterVPL]-(setup[110]):done, pipeId(45)
03-01 17:38:06.484  1272 22262 I ExynosCameraPipePlugIn: [CAM(1)][PIPE_MERTA]-(setupPipe[165]):
03-01 17:38:06.484  1272 22262 I ExynosCameraPlugInConverter: [CAM(1)][ConverterMERTA]-(setup[96]):pipeId(87)
03-01 17:38:06.484  1272 22262 I ExynosCameraPlugInConverter: [CAM(1)][ConverterMERTA]-(setup[110]):done, pipeId(87)
03-01 17:38:06.484  1272 22262 I ExynosCameraPlugInConverter: [CAM(1)][ConverterMERTA]-(setup[96]):pipeId(87)
03-01 17:38:06.484  1272 22262 I ExynosCameraPlugInConverter: [CAM(1)][ConverterMERTA]-(setup[110]):done, pipeId(87)
03-01 17:38:06.484  1272 22262 I ExynosCameraFrameFactoryVendor: [CAM(1)][Front_0]-(m_initFlitePipe[396]):
03-01 17:38:06.484  1272 22262 I ExynosCameraFrameFactoryVendor: [CAM(1)][Front_0]-(m_initFlitePipe[409]):SensorSize(3264x2448)
03-01 17:38:06.485  1272 22262 I ExynosCameraFrameFactoryVendor: [CAM(1)][Front_0]-(m_initFlitePipe[426]):BNS scale down ratio(1.0), size (3264x2448)
03-01 17:38:06.485  1272 22262 I ExynosCameraParameters: [CAM(1)][Front_0]-(updateHwSensorSize[223]):curHwSensor size(3264x2448) newHwSensor size(3264x2448)
03-01 17:38:06.485  1272 22262 I ExynosCameraFrameFactoryPreview: [CAM(1)][Front_0]-(mapBuffers[166]):Map buffer Success!
03-01 17:38:06.485  1272 22262 I ExynosCameraSec: [CAM(1)][Front_0]-(m_initUniPP[28149]):IN
03-01 17:38:06.485  1272 22262 I ExynosCameraSec: [CAM(1)][Front_0]-(m_initUniPP[28198]):OUT
03-01 17:38:06.485  1272 22262 I ExynosCameraVendorPreview: [CAM(1)][Front_0]-(m_createPreviewFrameFunc[2448]):[F1]Create Initial Frame
03-01 17:38:06.485 22167 22167 D DesktopModeFlags: Toggle override initialized to: OVERRIDE_UNSET
03-01 17:38:06.486  1272 22262 I SecCameraUtil: [CAM(-1)][]-(readTemperature[878]):read temperature complete. Temperature is : 0
03-01 17:38:06.486  1272 22262 I ExynosCameraSec: [CAM(1)][Front_0]-(m_updateVendorMemAvailable[30436]):Cur memAvailable(1314676), Prev memAvailable(0), Diff(1314676)
03-01 17:38:06.487  1272 22262 I ExynosCameraParametersSec: [CAM(-1)][]-(updatePreviewStatRoi[11748]):CameraId(1), zoomRatio(1.025126->1.000000), bCropSize(40,30,3184,2388), statRoi(0,0,3184,2388 -> 0,0,3184,2388)
03-01 17:38:06.487  1272 22262 E SensorListener: Sensor(8) is not enabled yet!
03-01 17:38:06.487  1272 22262 I ExynosCameraVendorPreview: [CAM(1)][Front_0]-(m_createPreviewFrameFunc[2448]):[F2]Create Initial Frame
03-01 17:38:06.488  1272 22262 I ExynosCameraParametersSec: [CAM(-1)][]-(updatePreviewStatRoi[11748]):CameraId(1), zoomRatio(1.025126->1.000000), bCropSize(40,30,3184,2388), statRoi(0,0,3184,2388 -> 0,0,3184,2388)
03-01 17:38:06.488  1272 22263 I ExynosCameraSec: [CAM(1)][Front_0]-(m_sensorListenerThreadFunc[27483]):[CAMSYSKPI] X duration time(   12 msec)
03-01 17:38:06.488  1272 22262 I ExynosCameraVendorPreview: [CAM(1)][Front_0]-(m_createPreviewFrameFunc[2448]):[F3]Create Initial Frame
03-01 17:38:06.489 22167 22167 I DecorView: setWindowBackground: isPopOver=false color=ff0f1513 d=android.graphics.drawable.ColorDrawable@555387e
03-01 17:38:06.489  1272 22262 I ExynosCameraParametersSec: [CAM(-1)][]-(updatePreviewStatRoi[11748]):CameraId(1), zoomRatio(1.025126->1.000000), bCropSize(40,30,3184,2388), statRoi(0,0,3184,2388 -> 0,0,3184,2388)
03-01 17:38:06.489  1272 22262 I ExynosCameraSec: [CAM(1)][Front_0]-(m_checkRequestStreamChanged[10445]):[R0][Preview Stream] PREVIEW(0), VIDEO(0), CB(1), CB_PHYSICAL(0), CB_CPY(0), CB_SLAVE(0), ZSL_OUTPUT(0), DEPTHMAP(0), RAW(0), ZSL_INPUT(0), JPEG(0), CB_STALL(0), DEPTHMAP_STALL(0), THUMBNAIL_CB(0), VIDEO_STALL(0), YUV_INPUT(0)
03-01 17:38:06.491  1272 22262 I ExynosCameraParametersSec: [CAM(-1)][]-(updatePreviewStatRoi[11748]):CameraId(1), zoomRatio(1.025126->1.000000), bCropSize(40,30,3184,2388), statRoi(0,0,3184,2388 -> 0,0,3184,2388)
03-01 17:38:06.492  1272 22262 I ExynosCameraSec: [CAM(1)][Front_0]-(m_frameFactoryStartThreadFunc[9675]):V4L2_CID_IS_MAX_SIZE, width 2016 height 1512
03-01 17:38:06.493  1272 22262 I ExynosCameraPipePlugIn: [CAM(1)][PIPE_NFD]-(start[115]):
03-01 17:38:06.493  1272 22262 I ExynosCameraSWPipe: [CAM(1)][PIPE_NFD]-(start[26]):
03-01 17:38:06.493  1272 22262 I VPL_Library: Creating new VPL handle 0xb400007e821da010
03-01 17:38:06.493  1272 22262 I VPL_Library: Create cnn thread? No, flm is not running, no need of cnn thread
03-01 17:38:06.494  1272 22262 I ExynosCameraPipePlugIn: [CAM(1)][PIPE_MERTA]-(start[115]):
03-01 17:38:06.494  1272 22262 I ExynosCameraSWPipe: [CAM(1)][PIPE_MERTA]-(start[26]):
03-01 17:38:06.494  1272 22262 I MERTA_Plugin: INFO(start[93]):start[93]
03-01 17:38:06.494  1272 22262 I ExynosCameraMCPipe: [CAM(1)][PIPE_LME_SRC_IMAGE]-(m_startNode[1355]):
03-01 17:38:06.494  1272 22262 I ExynosCameraMCPipeSec: [CAM(1)][PIPE_LME_SRC_IMAGE]-(start[233]):start() is succeed, Pipe(47)
03-01 17:38:06.494  1272 22262 I ExynosCameraMCPipe: [CAM(1)][PIPE_ISP]-(m_startNode[1355]):
03-01 17:38:06.495 22167 22167 I com.example.way: hiddenapi: Accessing hidden method Landroid/view/ViewGroup;->makeOptionalFitsSystemWindows()V (runtime_flags=0, domain=platform, api=unsupported) from Landroidx/appcompat/widget/ViewUtils; (domain=app, TargetSdkVersion=36) using reflection: allowed
03-01 17:38:06.495  1272 22262 I ExynosCameraNode: [CAM(1)][ISP_NOISE]-(start[443]):skip node start. request buffer is zero
03-01 17:38:06.495  1272 22262 I ExynosCameraNode: [CAM(1)][ISP_NRDS]-(start[443]):skip node start. request buffer is zero
03-01 17:38:06.495  1272 22262 I ExynosCameraNode: [CAM(1)][MCSC_RECORDING]-(start[443]):skip node start. request buffer is zero
03-01 17:38:06.495  1272 22262 I ExynosCameraNode: [CAM(1)][MCSC_PREVIEW_CALLBACK]-(start[443]):skip node start. request buffer is zero
03-01 17:38:06.495  1272 22262 I ExynosCameraNode: [CAM(1)][ISP_DRC_GAIN]-(start[443]):skip node start. request buffer is zero
03-01 17:38:06.495  1272 22262 I ExynosCameraNode: [CAM(1)][ISP_SVHIST]-(start[443]):skip node start. request buffer is zero
03-01 17:38:06.495  1272 22262 I ExynosCameraMCPipeSec: [CAM(1)][PIPE_ISP]-(start[233]):start() is succeed, Pipe(12)
03-01 17:38:06.495  1272 22262 I ExynosCameraPipePPSec: [CAM(1)][PIPE_PP_UNI0]-(start[365]):
03-01 17:38:06.495  1272 22262 I ExynosCameraPipePPSec: [CAM(1)][PIPE_PP_UNI1]-(start[365]):
03-01 17:38:06.495  1272 22262 I ExynosCameraPipePPSec: [CAM(1)][PIPE_PP_UNI2]-(start[365]):
03-01 17:38:06.495  1272 22262 I ExynosCameraPipePPSec: [CAM(1)][PIPE_PP_UNI3]-(start[365]):
03-01 17:38:06.495  1272 22262 I ExynosCameraPipePPSec: [CAM(1)][PIPE_PP_SINGLE0]-(start[365]):
03-01 17:38:06.495  1272 22262 I ExynosCameraPipePPSec: [CAM(1)][PIPE_PP_SINGLE1]-(start[365]):
03-01 17:38:06.495  1272 22262 I ExynosCameraPipePPSec: [CAM(1)][PIPE_PP_SINGLE2]-(start[365]):
03-01 17:38:06.495  1272 22262 I ExynosCameraMCPipe: [CAM(1)][PIPE_3AA]-(m_startNode[1355]):
03-01 17:38:06.495  1272 22262 I ExynosCameraMCPipeSec: [CAM(1)][PIPE_3AA]-(start[233]):start() is succeed, Pipe(6)
03-01 17:38:06.495  1272 22262 I ExynosCameraMCPipe: [CAM(1)][PIPE_3AA]-(prepare[72]):
03-01 17:38:06.495  1272 22262 I ExynosCameraMCPipe: [CAM(1)][PIPE_3AA]-(prepare[83]):
03-01 17:38:06.496  1272 22262 I ExynosCameraMCPipeSec: [CAM(1)][PIPE_3AA]-(m_putBuffer[776]):[F1 FT7] Internal Frame(1) FrameQ_size (4, 0) size(0)
03-01 17:38:06.496  1272 22262 E ExynosCameraBufferManagerVendor: [CAM(1)][FLITE_BUF]-(getBuffer[317]):m_allocatedBufCount equals zero
03-01 17:38:06.496  1272 22262 E ExynosCameraBufferSupplierVendor: [CAM(1)][BufferSupplier]-(getBuffer[185]):[FLITE_BUF][P7 T0 B-1 A0x7c37171388]Failed to getBuffer. ret -38
03-01 17:38:06.496  1272 22262 E ExynosCameraMCPipeSec: [CAM(1)][PIPE_3AA]-(m_putBuffer[855]):[F1 FT7][3AA_CAPTURE]Failed to getBuffer from BufferSupplier. ret -38 FrameQ_size (4, 0) size(0)
03-01 17:38:06.496  1272 22262 I ExynosCameraFrame: [CAM(1)][]-(printEntity[77]): FrameCount(1(0)), type(7), state(0), request(2), complete(0)
03-01 17:38:06.496  1272 22262 I ExynosCameraFrame: [CAM(1)][]-(printEntity[86]):[Req0] sibling id(6), state(2)
03-01 17:38:06.496  1272 22262 I ExynosCameraFrame: [CAM(1)][]-(printEntity[86]):[Req1] sibling id(45), state(1)
03-01 17:38:06.496  1272 22262 I ExynosCameraFrame: [CAM(1)][]-(printEntity[86]):[Req0] sibling id(33), state(1)
03-01 17:38:06.496  1272 22262 I ExynosCameraFrame: [CAM(1)][]-(printEntity[86]):[Req0] sibling id(34), state(1)
03-01 17:38:06.496  1272 22262 I ExynosCameraFrame: [CAM(1)][]-(m_dumpStatusForResultUpdate[1955]):[F1 T7]ResultType  0 PipeId   6 ResultUpdateStatus  0
03-01 17:38:06.496  1272 22262 I ExynosCameraFrame: [CAM(1)][]-(m_dumpStatusForResultUpdate[1955]):[F1 T7]ResultType  1 PipeId   6 ResultUpdateStatus  0
03-01 17:38:06.496  1272 22262 I ExynosCameraFrame: [CAM(1)][]-(m_dumpStatusForResultUpdate[1955]):[F1 T7]ResultType  2 PipeId   6 ResultUpdateStatus  0
03-01 17:38:06.496  1272 22262 I ExynosCameraFrame: [CAM(1)][]-(printNotDoneEntity[111]): FrameCount(1(0)), type(7), state(0), request(2), complete(0)
03-01 17:38:06.496  1272 22262 I ExynosCameraFrame: [CAM(1)][]-(printNotDoneEntity[121]):[Req:0] sibling id(6), state(2)
03-01 17:38:06.496  1272 22262 I ExynosCameraFrame: [CAM(1)][]-(printNotDoneEntity[121]):[Req:1] sibling id(45), state(1)
03-01 17:38:06.496  1272 22262 I ExynosCameraFrame: [CAM(1)][]-(printNotDoneEntity[121]):[Req:0] sibling id(33), state(1)
03-01 17:38:06.496  1272 22262 I ExynosCameraFrame: [CAM(1)][]-(printNotDoneEntity[121]):[Req:0] sibling id(34), state(1)
03-01 17:38:06.496  1272 22262 I ExynosCameraFrameVendor: [CAM(1)][]-(dump[162]):pipeId(73)'s request is true
03-01 17:38:06.496  1272 22262 I ExynosCameraFrameVendor: [CAM(1)][]-(dump[162]):pipeId(45)'s request is true
03-01 17:38:06.496  1272 22262 I ExynosCameraFrameVendor: [CAM(1)][]-(dump[162]):pipeId(11)'s request is true
03-01 17:38:06.496  1272 22262 I ExynosCameraFrameVendor: [CAM(1)][]-(dump[162]):pipeId(9)'s request is true
03-01 17:38:06.496  1272 22262 I ExynosCameraFrameVendor: [CAM(1)][]-(dump[162]):pipeId(7)'s request is true
03-01 17:38:06.496  1272 22262 I ExynosCameraMCPipeSec: [CAM(1)][PIPE_3AA]-(m_checkNodeGroupInfo[2803]):[REQ:0,F:1,DRV:0,T:7] (FLITE):vid(0), request(0 -> 1), oldCropSize(0, 0, 0, 0 / 0, 0, 0, 0) -> newCropSize(40, 30, 3184, 2388 / 0, 0, 3184, 2388)
03-01 17:38:06.496  1272 22262 I ExynosCameraMCPipeSec: [CAM(1)][PIPE_3AA]-(m_checkNodeGroupInfo[2803]):[REQ:0,F:1,DRV:0,T:7] (BAYER):vid(114), request(0 -> 0), oldCropSize(0, 0, 0, 0 / 0, 0, 0, 0) -> newCropSize(0, 0, 3264, 2448 / 0, 0, 3264, 2448)
03-01 17:38:06.496  1272 22262 I ExynosCameraMCPipeSec: [CAM(1)][PIPE_3AA]-(m_checkNodeGroupInfo[2803]):[REQ:0,F:1,DRV:0,T:7] (3AA_CAPTURE):vid(11), request(0 -> 0), oldCropSize(0, 0, 0, 0 / 0, 0, 0, 0) -> newCropSize(0, 0, 3184, 2388 / 0, 0, 3184, 2388)
03-01 17:38:06.496  1272 22262 I ExynosCameraMCPipeSec: [CAM(1)][PIPE_3AA]-(m_checkNodeGroupInfo[2803]):[REQ:0,F:1,DRV:0,T:7] (3AA_PREVIEW):vid(12), request(0 -> 0), oldCropSize(0, 0, 0, 0 / 0, 0, 0, 0) -> newCropSize(0, 0, 3184, 2388 / 0, 0, 3184, 2388)
03-01 17:38:06.496  1272 22262 I ExynosCameraMCPipeSec: [CAM(1)][PIPE_3AA]-(m_checkNodeGroupInfo[2803]):[REQ:0,F:1,DRV:0,T:7] (3AA_DRC):vid(155), request(0 -> 1), oldCropSize(0, 0, 0, 0 / 0, 0, 0, 0) -> newCropSize(0, 0, 1024, 256 / 0, 0, 1024, 256)
03-01 17:38:06.496  1272 22262 I ExynosCameraMCPipeSec: [CAM(1)][PIPE_3AA]-(m_checkNodeGroupInfo[2803]):[REQ:0,F:1,DRV:0,T:7] (3AA_ORBC):vid(15), request(0 -> 1), oldCropSize(0, 0, 0, 0 / 0, 0, 0, 0) -> newCropSize(0, 0, 2016, 1512 / 0, 0, 2016, 1512)
03-01 17:38:06.498  1272 22262 E ExynosCameraBufferManagerVendor: [CAM(1)][FLITE_BUF]-(getBuffer[317]):m_allocatedBufCount equals zero
03-01 17:38:06.498  1272 22262 E ExynosCameraBufferSupplierVendor: [CAM(1)][BufferSupplier]-(getBuffer[185]):[FLITE_BUF][P7 T0 B-1 A0x7c37171388]Failed to getBuffer. ret -38
03-01 17:38:06.498  1272 22262 E ExynosCameraMCPipeSec: [CAM(1)][PIPE_3AA]-(m_putBuffer[855]):[F2 FT7][3AA_CAPTURE]Failed to getBuffer from BufferSupplier. ret -38 FrameQ_size (3, 1) size(1)
03-01 17:38:06.498  1272 22262 I ExynosCameraFrame: [CAM(1)][]-(printEntity[77]): FrameCount(2(0)), type(7), state(0), request(2), complete(0)
03-01 17:38:06.498  1272 22262 I ExynosCameraFrame: [CAM(1)][]-(printEntity[86]):[Req0] sibling id(6), state(2)
03-01 17:38:06.498  1272 22262 I ExynosCameraFrame: [CAM(1)][]-(printEntity[86]):[Req1] sibling id(45), state(1)
03-01 17:38:06.498  1272 22262 I ExynosCameraFrame: [CAM(1)][]-(printEntity[86]):[Req0] sibling id(33), state(1)
03-01 17:38:06.498  1272 22262 I ExynosCameraFrame: [CAM(1)][]-(printEntity[86]):[Req0] sibling id(34), state(1)
03-01 17:38:06.498  1272 22262 I ExynosCameraFrame: [CAM(1)][]-(m_dumpStatusForResultUpdate[1955]):[F2 T7]ResultType  0 PipeId   6 ResultUpdateStatus  0
03-01 17:38:06.498  1272 22262 I ExynosCameraFrame: [CAM(1)][]-(m_dumpStatusForResultUpdate[1955]):[F2 T7]ResultType  1 PipeId   6 ResultUpdateStatus  0
03-01 17:38:06.498  1272 22262 I ExynosCameraFrame: [CAM(1)][]-(m_dumpStatusForResultUpdate[1955]):[F2 T7]ResultType  2 PipeId   6 ResultUpdateStatus  0
03-01 17:38:06.498  1272 22262 I ExynosCameraFrame: [CAM(1)][]-(printNotDoneEntity[111]): FrameCount(2(0)), type(7), state(0), request(2), complete(0)
03-01 17:38:06.498  1272 22262 I ExynosCameraFrame: [CAM(1)][]-(printNotDoneEntity[121]):[Req:0] sibling id(6), state(2)
03-01 17:38:06.498  1272 22262 I ExynosCameraFrame: [CAM(1)][]-(printNotDoneEntity[121]):[Req:1] sibling id(45), state(1)
03-01 17:38:06.498  1272 22262 I ExynosCameraFrame: [CAM(1)][]-(printNotDoneEntity[121]):[Req:0] sibling id(33), state(1)
03-01 17:38:06.498  1272 22262 I ExynosCameraFrame: [CAM(1)][]-(printNotDoneEntity[121]):[Req:0] sibling id(34), state(1)
03-01 17:38:06.498  1272 22262 I ExynosCameraFrameVendor: [CAM(1)][]-(dump[162]):pipeId(73)'s request is true
03-01 17:38:06.498  1272 22262 I ExynosCameraFrameVendor: [CAM(1)][]-(dump[162]):pipeId(45)'s request is true
03-01 17:38:06.498  1272 22262 I ExynosCameraFrameVendor: [CAM(1)][]-(dump[162]):pipeId(11)'s request is true
03-01 17:38:06.498  1272 22262 I ExynosCameraFrameVendor: [CAM(1)][]-(dump[162]):pipeId(9)'s request is true
03-01 17:38:06.498  1272 22262 I ExynosCameraFrameVendor: [CAM(1)][]-(dump[162]):pipeId(7)'s request is true
03-01 17:38:06.500  1272 22262 E ExynosCameraBufferManagerVendor: [CAM(1)][FLITE_BUF]-(getBuffer[317]):m_allocatedBufCount equals zero
03-01 17:38:06.500  1272 22262 E ExynosCameraBufferSupplierVendor: [CAM(1)][BufferSupplier]-(getBuffer[185]):[FLITE_BUF][P7 T0 B-1 A0x7c37171388]Failed to getBuffer. ret -38
03-01 17:38:06.500  1272 22262 E ExynosCameraMCPipeSec: [CAM(1)][PIPE_3AA]-(m_putBuffer[855]):[F3 FT7][3AA_CAPTURE]Failed to getBuffer from BufferSupplier. ret -38 FrameQ_size (2, 2) size(2)
03-01 17:38:06.500  1272 22262 I ExynosCameraFrame: [CAM(1)][]-(printEntity[77]): FrameCount(3(0)), type(7), state(0), request(2), complete(0)
03-01 17:38:06.500  1272 22262 I ExynosCameraFrame: [CAM(1)][]-(printEntity[86]):[Req0] sibling id(6), state(2)
03-01 17:38:06.500  1272 22262 I ExynosCameraFrame: [CAM(1)][]-(printEntity[86]):[Req1] sibling id(45), state(1)
03-01 17:38:06.500  1272 22262 I ExynosCameraFrame: [CAM(1)][]-(printEntity[86]):[Req0] sibling id(33), state(1)
03-01 17:38:06.500  1272 22262 I ExynosCameraFrame: [CAM(1)][]-(printEntity[86]):[Req0] sibling id(34), state(1)
03-01 17:38:06.500  1272 22262 I ExynosCameraFrame: [CAM(1)][]-(m_dumpStatusForResultUpdate[1955]):[F3 T7]ResultType  0 PipeId   6 ResultUpdateStatus  0
03-01 17:38:06.500  1272 22262 I ExynosCameraFrame: [CAM(1)][]-(m_dumpStatusForResultUpdate[1955]):[F3 T7]ResultType  1 PipeId   6 ResultUpdateStatus  0
03-01 17:38:06.500  1272 22262 I ExynosCameraFrame: [CAM(1)][]-(m_dumpStatusForResultUpdate[1955]):[F3 T7]ResultType  2 PipeId   6 ResultUpdateStatus  0
03-01 17:38:06.500  1272 22262 I ExynosCameraFrame: [CAM(1)][]-(printNotDoneEntity[111]): FrameCount(3(0)), type(7), state(0), request(2), complete(0)
03-01 17:38:06.500  1272 22262 I ExynosCameraFrame: [CAM(1)][]-(printNotDoneEntity[121]):[Req:0] sibling id(6), state(2)
03-01 17:38:06.500  1272 22262 I ExynosCameraFrame: [CAM(1)][]-(printNotDoneEntity[121]):[Req:1] sibling id(45), state(1)
03-01 17:38:06.500  1272 22262 I ExynosCameraFrame: [CAM(1)][]-(printNotDoneEntity[121]):[Req:0] sibling id(33), state(1)
03-01 17:38:06.500  1272 22262 I ExynosCameraFrame: [CAM(1)][]-(printNotDoneEntity[121]):[Req:0] sibling id(34), state(1)
03-01 17:38:06.500  1272 22262 I ExynosCameraFrameVendor: [CAM(1)][]-(dump[162]):pipeId(73)'s request is true
03-01 17:38:06.500  1272 22262 I ExynosCameraFrameVendor: [CAM(1)][]-(dump[162]):pipeId(45)'s request is true
03-01 17:38:06.500  1272 22262 I ExynosCameraFrameVendor: [CAM(1)][]-(dump[162]):pipeId(11)'s request is true
03-01 17:38:06.500  1272 22262 I ExynosCameraFrameVendor: [CAM(1)][]-(dump[162]):pipeId(9)'s request is true
03-01 17:38:06.500  1272 22262 I ExynosCameraFrameVendor: [CAM(1)][]-(dump[162]):pipeId(7)'s request is true
03-01 17:38:06.502  1272 22262 E ExynosCameraBufferManagerVendor: [CAM(1)][FLITE_BUF]-(getBuffer[317]):m_allocatedBufCount equals zero
03-01 17:38:06.503  1272 22262 E ExynosCameraBufferSupplierVendor: [CAM(1)][BufferSupplier]-(getBuffer[185]):[FLITE_BUF][P7 T0 B-1 A0x7c37171388]Failed to getBuffer. ret -38
03-01 17:38:06.503  1272 22262 E ExynosCameraMCPipeSec: [CAM(1)][PIPE_3AA]-(m_putBuffer[855]):[F4 FT2][3AA_CAPTURE]Failed to getBuffer from BufferSupplier. ret -38 FrameQ_size (1, 3) size(3)
03-01 17:38:06.503  1272 22262 I ExynosCameraFrame: [CAM(1)][]-(printEntity[77]): FrameCount(4(0)), type(2), state(0), request(5), complete(0)
03-01 17:38:06.503  1272 22262 I ExynosCameraFrame: [CAM(1)][]-(printEntity[86]):[Req1] sibling id(6), state(2)
03-01 17:38:06.503  1272 22262 I ExynosCameraFrame: [CAM(1)][]-(printEntity[86]):[Req1] sibling id(47), state(1)
03-01 17:38:06.503  1272 22262 I ExynosCameraFrame: [CAM(1)][]-(printEntity[86]):[Req1] sibling id(12), state(1)
03-01 17:38:06.503  1272 22262 I ExynosCameraFrame: [CAM(1)][]-(printEntity[86]):[Req1] sibling id(45), state(1)
03-01 17:38:06.503  1272 22262 I ExynosCameraFrame: [CAM(1)][]-(printEntity[86]):[Req1] sibling id(87), state(1)
03-01 17:38:06.503  1272 22262 I ExynosCameraFrame: [CAM(1)][]-(printEntity[86]):[Req0] sibling id(33), state(1)
03-01 17:38:06.503  1272 22262 I ExynosCameraFrame: [CAM(1)][]-(printEntity[86]):[Req0] sibling id(34), state(1)
03-01 17:38:06.503  1272 22262 I ExynosCameraFrame: [CAM(1)][]-(m_dumpStatusForResultUpdate[1955]):[F4 T2]ResultType  0 PipeId   6 ResultUpdateStatus  1
03-01 17:38:06.503  1272 22262 I ExynosCameraFrame: [CAM(1)][]-(m_dumpStatusForResultUpdate[1955]):[F4 T2]ResultType  1 PipeId  12 ResultUpdateStatus  1
03-01 17:38:06.503  1272 22262 I ExynosCameraFrame: [CAM(1)][]-(m_dumpStatusForResultUpdate[1955]):[F4 T2]ResultType  2 PipeId  12 ResultUpdateStatus  1
03-01 17:38:06.503  1272 22262 I ExynosCameraFrame: [CAM(1)][]-(printNotDoneEntity[111]): FrameCount(4(0)), type(2), state(0), request(5), complete(0)
03-01 17:38:06.503  1272 22262 I ExynosCameraFrame: [CAM(1)][]-(printNotDoneEntity[121]):[Req:1] sibling id(6), state(2)
03-01 17:38:06.503  1272 22262 I ExynosCameraFrame: [CAM(1)][]-(printNotDoneEntity[121]):[Req:1] sibling id(47), state(1)
03-01 17:38:06.503  1272 22262 I ExynosCameraFrame: [CAM(1)][]-(printNotDoneEntity[121]):[Req:1] sibling id(12), state(1)
03-01 17:38:06.503  1272 22262 I ExynosCameraFrame: [CAM(1)][]-(printNotDoneEntity[121]):[Req:1] sibling id(45), state(1)
03-01 17:38:06.503  1272 22262 I ExynosCameraFrame: [CAM(1)][]-(printNotDoneEntity[121]):[Req:1] sibling id(87), state(1)
03-01 17:38:06.503  1272 22262 I ExynosCameraFrame: [CAM(1)][]-(printNotDoneEntity[121]):[Req:0] sibling id(33), state(1)
03-01 17:38:06.503  1272 22262 I ExynosCameraFrame: [CAM(1)][]-(printNotDoneEntity[121]):[Req:0] sibling id(34), state(1)
03-01 17:38:06.503  1272 22262 I ExynosCameraFrameVendor: [CAM(1)][]-(dump[162]):pipeId(88)'s request is true
03-01 17:38:06.503  1272 22262 I ExynosCameraFrameVendor: [CAM(1)][]-(dump[162]):pipeId(87)'s request is true
03-01 17:38:06.503  1272 22262 I ExynosCameraFrameVendor: [CAM(1)][]-(dump[162]):pipeId(75)'s request is true
03-01 17:38:06.503  1272 22262 I ExynosCameraFrameVendor: [CAM(1)][]-(dump[162]):pipeId(73)'s request is true
03-01 17:38:06.503  1272 22262 I ExynosCameraFrameVendor: [CAM(1)][]-(dump[162]):pipeId(51)'s request is true
03-01 17:38:06.503  1272 22262 I ExynosCameraFrameVendor: [CAM(1)][]-(dump[162]):pipeId(50)'s request is true
03-01 17:38:06.503  1272 22262 I ExynosCameraFrameVendor: [CAM(1)][]-(dump[162]):pipeId(49)'s request is true
03-01 17:38:06.503  1272 22262 I ExynosCameraFrameVendor: [CAM(1)][]-(dump[162]):pipeId(47)'s request is true
03-01 17:38:06.503  1272 22262 I ExynosCameraFrameVendor: [CAM(1)][]-(dump[162]):pipeId(45)'s request is true
03-01 17:38:06.503  1272 22262 I ExynosCameraFrameVendor: [CAM(1)][]-(dump[162]):pipeId(19)'s request is true
03-01 17:38:06.503  1272 22262 I ExynosCameraFrameVendor: [CAM(1)][]-(dump[162]):pipeId(12)'s request is true
03-01 17:38:06.503  1272 22262 I ExynosCameraFrameVendor: [CAM(1)][]-(dump[162]):pipeId(11)'s request is true
03-01 17:38:06.503  1272 22262 I ExynosCameraFrameVendor: [CAM(1)][]-(dump[162]):pipeId(9)'s request is true
03-01 17:38:06.503  1272 22262 I ExynosCameraFrameVendor: [CAM(1)][]-(dump[162]):pipeId(8)'s request is true
03-01 17:38:06.503  1272 22262 I ExynosCameraFrameVendor: [CAM(1)][]-(dump[162]):pipeId(7)'s request is true
03-01 17:38:06.503  1272 22262 I ExynosCameraFrameVendor: [CAM(1)][]-(dump[162]):pipeId(6)'s request is true
03-01 17:38:06.503  1272 22262 I ExynosCameraMCPipeSec: [CAM(1)][PIPE_3AA]-(m_checkNodeGroupInfo[2803]):[REQ:0,F:4,DRV:0,T:2] (3AA_PREVIEW):vid(12), request(0 -> 1), oldCropSize(0, 0, 3184, 2388 / 0, 0, 3184, 2388) -> newCropSize(0, 0, 3184, 2388 / 0, 0, 3184, 2388)
03-01 17:38:06.505  1272 22262 I ExynosCameraMCPipe: [CAM(1)][PIPE_3AA]-(prepare[116]):prepare() is succeed, Pipe(6), prepare(4/4)
03-01 17:38:06.505  1272 22262 I ExynosCameraMCPipeSec: [CAM(1)][PIPE_3AA]-(sensorStream[350]):
03-01 17:38:06.511  1272 22262 I ExynosCameraFrameFactoryPreviewSec: [CAM(1)][Front_0]-(startPipes[6695]):Starting Success!
03-01 17:38:06.512  1272 22262 I ExynosCameraQoSManager: [CAM(1)][]-(staticQoSControl[64]):scenario 14
03-01 17:38:06.512  1272 22262 I ExynosCameraQoSManager: [CAM(1)][]-(m_setQoSControl[123]):[EPIC HAL] EPIC_HAL_CAMERA_SUBMODE(3)
03-01 17:38:06.512  1272 22262 I ExynosCameraQoSManager: [CAM(1)][]-(m_setQoSControl[137]):V4L2_CID_IS_DVFS_CLUSTER2 setControl min_lock (0x6c0)
03-01 17:38:06.512  1272 22262 I ExynosCameraQoSManager: [CAM(1)][]-(m_setQoSControl[155]):V4L2_CID_IS_DVFS_CLUSTER0 setControl min_lock (0x720)
03-01 17:38:06.512  1272 22262 I ExynosCameraFrameFactoryPreviewSec: [CAM(1)][Front_0]-(startInitialThreads[564]):start pre-ordered initial pipe thread
03-01 17:38:06.512  1272 22262 I ExynosCameraFrameFactoryBaseVendor: [CAM(1)][Front_0]-(startThread[186]):pipeId=6
03-01 17:38:06.512  1272 22262 I ExynosCameraMCPipeSec: [CAM(1)][PIPE_3AA]-(startThread[239]):
03-01 17:38:06.513  1272 22262 I ExynosCameraMCPipeSec: [CAM(1)][PIPE_3AA]-(startThread[263]):startThread is succeed, Pipe(6), standby(0)
03-01 17:38:06.513  1272 22262 I ExynosCameraFrameFactoryBaseVendor: [CAM(1)][Front_0]-(startThread[186]):pipeId=47
03-01 17:38:06.513  1272 22267 E ExynosCameraBufferManagerVendor: [CAM(1)][FLITE_BUF]-(getBuffer[317]):m_allocatedBufCount equals zero
03-01 17:38:06.513  1272 22262 I ExynosCameraMCPipeSec: [CAM(1)][PIPE_LME_SRC_IMAGE]-(startThread[239]):
03-01 17:38:06.513  1272 22267 E ExynosCameraBufferSupplierVendor: [CAM(1)][BufferSupplier]-(getBuffer[185]):[FLITE_BUF][P7 T0 B-1 A0x7c362495a8]Failed to getBuffer. ret -38
03-01 17:38:06.513  1272 22267 E ExynosCameraMCPipeSec: [CAM(1)][PIPE_3AA]-(m_putBuffer[855]):[F5 FT2][3AA_CAPTURE]Failed to getBuffer from BufferSupplier. ret -38 FrameQ_size (0, 4) size(4)
03-01 17:38:06.513  1272 22267 I ExynosCameraFrame: [CAM(1)][]-(printEntity[77]): FrameCount(5(0)), type(2), state(0), request(5), complete(0)
03-01 17:38:06.513  1272 22267 I ExynosCameraFrame: [CAM(1)][]-(printEntity[86]):[Req1] sibling id(6), state(2)
03-01 17:38:06.513  1272 22267 I ExynosCameraFrame: [CAM(1)][]-(printEntity[86]):[Req1] sibling id(47), state(1)
03-01 17:38:06.513  1272 22267 I ExynosCameraFrame: [CAM(1)][]-(printEntity[86]):[Req1] sibling id(12), state(1)
03-01 17:38:06.513  1272 22267 I ExynosCameraFrame: [CAM(1)][]-(printEntity[86]):[Req1] sibling id(45), state(1)
03-01 17:38:06.513  1272 22267 I ExynosCameraFrame: [CAM(1)][]-(printEntity[86]):[Req1] sibling id(87), state(1)
03-01 17:38:06.513  1272 22267 I ExynosCameraFrame: [CAM(1)][]-(printEntity[86]):[Req0] sibling id(33), state(1)
03-01 17:38:06.513  1272 22267 I ExynosCameraFrame: [CAM(1)][]-(printEntity[86]):[Req0] sibling id(34), state(1)
03-01 17:38:06.513  1272 22267 I ExynosCameraFrame: [CAM(1)][]-(m_dumpStatusForResultUpdate[1955]):[F5 T2]ResultType  0 PipeId   6 ResultUpdateStatus  1
03-01 17:38:06.513  1272 22267 I ExynosCameraFrame: [CAM(1)][]-(m_dumpStatusForResultUpdate[1955]):[F5 T2]ResultType  1 PipeId  12 ResultUpdateStatus  1
03-01 17:38:06.513  1272 22267 I ExynosCameraFrame: [CAM(1)][]-(m_dumpStatusForResultUpdate[1955]):[F5 T2]ResultType  2 PipeId  12 ResultUpdateStatus  1
03-01 17:38:06.513  1272 22267 I ExynosCameraFrame: [CAM(1)][]-(printNotDoneEntity[111]): FrameCount(5(0)), type(2), state(0), request(5), complete(0)
03-01 17:38:06.513  1272 22267 I ExynosCameraFrame: [CAM(1)][]-(printNotDoneEntity[121]):[Req:1] sibling id(6), state(2)
03-01 17:38:06.513  1272 22267 I ExynosCameraFrame: [CAM(1)][]-(printNotDoneEntity[121]):[Req:1] sibling id(47), state(1)
03-01 17:38:06.513  1272 22267 I ExynosCameraFrame: [CAM(1)][]-(printNotDoneEntity[121]):[Req:1] sibling id(12), state(1)
03-01 17:38:06.513  1272 22267 I ExynosCameraFrame: [CAM(1)][]-(printNotDoneEntity[121]):[Req:1] sibling id(45), state(1)
03-01 17:38:06.513  1272 22267 I ExynosCameraFrame: [CAM(1)][]-(printNotDoneEntity[121]):[Req:1] sibling id(87), state(1)
03-01 17:38:06.513  1272 22267 I ExynosCameraFrame: [CAM(1)][]-(printNotDoneEntity[121]):[Req:0] sibling id(33), state(1)
03-01 17:38:06.513  1272 22267 I ExynosCameraFrame: [CAM(1)][]-(printNotDoneEntity[121]):[Req:0] sibling id(34), state(1)
03-01 17:38:06.514  1272 22267 I ExynosCameraFrameVendor: [CAM(1)][]-(dump[162]):pipeId(88)'s request is true
03-01 17:38:06.514  1272 22267 I ExynosCameraFrameVendor: [CAM(1)][]-(dump[162]):pipeId(87)'s request is true
03-01 17:38:06.514  1272 22262 I ExynosCameraMCPipeSec: [CAM(1)][PIPE_LME_SRC_IMAGE]-(startThread[263]):startThread is succeed, Pipe(47), standby(0)
03-01 17:38:06.514  1272 22267 I ExynosCameraFrameVendor: [CAM(1)][]-(dump[162]):pipeId(75)'s request is true
03-01 17:38:06.514  1272 22267 I ExynosCameraFrameVendor: [CAM(1)][]-(dump[162]):pipeId(73)'s request is true
03-01 17:38:06.514  1272 22262 I ExynosCameraFrameFactoryBaseVendor: [CAM(1)][Front_0]-(startThread[186]):pipeId=12
03-01 17:38:06.514  1272 22267 I ExynosCameraFrameVendor: [CAM(1)][]-(dump[162]):pipeId(51)'s request is true
03-01 17:38:06.514  1272 22262 I ExynosCameraMCPipeSec: [CAM(1)][PIPE_ISP]-(startThread[239]):
03-01 17:38:06.514  1272 22267 I ExynosCameraFrameVendor: [CAM(1)][]-(dump[162]):pipeId(50)'s request is true
03-01 17:38:06.514  1272 22267 I ExynosCameraFrameVendor: [CAM(1)][]-(dump[162]):pipeId(49)'s request is true
03-01 17:38:06.514  1272 22267 I ExynosCameraFrameVendor: [CAM(1)][]-(dump[162]):pipeId(47)'s request is true
03-01 17:38:06.514  1272 22267 I ExynosCameraFrameVendor: [CAM(1)][]-(dump[162]):pipeId(45)'s request is true
03-01 17:38:06.514  1272 22267 I ExynosCameraFrameVendor: [CAM(1)][]-(dump[162]):pipeId(19)'s request is true
03-01 17:38:06.514  1272 22267 I ExynosCameraFrameVendor: [CAM(1)][]-(dump[162]):pipeId(12)'s request is true
03-01 17:38:06.514  1272 22267 I ExynosCameraFrameVendor: [CAM(1)][]-(dump[162]):pipeId(11)'s request is true
03-01 17:38:06.514  1272 22267 I ExynosCameraFrameVendor: [CAM(1)][]-(dump[162]):pipeId(9)'s request is true
03-01 17:38:06.514  1272 22267 I ExynosCameraFrameVendor: [CAM(1)][]-(dump[162]):pipeId(8)'s request is true
03-01 17:38:06.514  1272 22267 I ExynosCameraFrameVendor: [CAM(1)][]-(dump[162]):pipeId(7)'s request is true
03-01 17:38:06.514  1272 22267 I ExynosCameraFrameVendor: [CAM(1)][]-(dump[162]):pipeId(6)'s request is true
03-01 17:38:06.514  1272 22262 I ExynosCameraMCPipeSec: [CAM(1)][PIPE_ISP]-(startThread[263]):startThread is succeed, Pipe(12), standby(0)
03-01 17:38:06.515  1272 22273 I ExynosCameraVendorCapture: [CAM(1)][Front_0]-(m_setPostBufferThreadFunc[15674]):[CAMSYSKPI] E
03-01 17:38:06.517  1272 22262 I ExynosCameraSec: [CAM(1)][Front_0]-(m_frameFactoryStartThreadFunc[9743]):Threads run start
03-01 17:38:06.517  1272 22273 I ExynosCameraBufferManagerVendor: [CAM(1)][CAPTURE_CB_BUF]-(m_defaultAlloc[725]):duration time (    2 msec) alloc=1, total=1, type=3, size=11985408, batchSize=1, reserved count=1, cache => 2 
03-01 17:38:06.517  1272 22273 I ExynosCameraBufferManagerVendor: [CAM(1)][CAPTURE_CB_BUF]-(alloc[1126]):Allocate the buffer succeeded (m_allocatedBufCount=1, m_reqBufCount=1, m_allowedMaxBufCount=8) --- dumpBufferInfo ---
03-01 17:38:06.517  1272 22273 I ExynosCameraBufferManagerVendor: DEBUG:duration time(    2 msec):(alloc)
03-01 17:38:06.518  1272 22273 I ExynosCameraBufferManagerVendor: [CAM(-1)][]-(m_defaultAlloc[539]):SYNC_FORCE_CACHED_RESERVED
03-01 17:38:06.518  1272 22274 I ExynosCameraFrameSelectorSec: [CAM(1)][]-(setFrameHoldCount[1794]):holdCount : 4
03-01 17:38:06.518  1272 22274 I ExynosCameraFrameReprocessingFactorySec: [CAM(1)][Front_0]-(initPipes[57]):
03-01 17:38:06.518  1272 22274 I ExynosCameraFrameReprocessingFactorySec: [CAM(1)][Front_0]-(initPipes[187]):MaxPreviewSize(3264x2448), HwPreviewSize(0x0)
03-01 17:38:06.518  1272 22274 I ExynosCameraFrameReprocessingFactorySec: [CAM(1)][Front_0]-(initPipes[189]):MaxPictureSize(3264x2448), HwPictureSize(3264x2448), MaxTetraPictureSize(0x0)
03-01 17:38:06.518  1272 22274 I ExynosCameraFrameReprocessingFactorySec: [CAM(1)][Front_0]-(initPipes[190]):MaxThumbnailSize(512x384)
03-01 17:38:06.518  1272 22274 I ExynosCameraFrameReprocessingFactorySec: [CAM(1)][Front_0]-(initPipes[191]):PreviewBayerCropSize(3264x2448) PreviewBdsSize(3184x2388)
03-01 17:38:06.518  1272 22274 I ExynosCameraFrameReprocessingFactorySec: [CAM(1)][Front_0]-(initPipes[193]):DS Size 640x480 Format 3631564e Buffer count 8
03-01 17:38:06.519  1272 22274 I ExynosCameraFrameReprocessingFactorySec: [CAM(1)][Front_0]-(initPipes[228]):YUV_STALL[3] Size 320x240 Format 3132564e PixelSizeNum 0
03-01 17:38:06.519  1272 22274 I ExynosCameraFrameReprocessingFactorySec: [CAM(1)][Front_0]-(initPipes[228]):YUV_STALL[4] Size 0x0 Format 3132564e PixelSizeNum 0
03-01 17:38:06.519  1272 22274 I ExynosCameraFrameReprocessingFactorySec: [CAM(1)][Front_0]-(initPipes[228]):YUV_STALL[5] Size 3264x2448 Format 3132564e PixelSizeNum 0
03-01 17:38:06.519  1272 22274 I ExynosCameraMCPipeSec: [CAM(1)][PIPE_3AA_REPROCESSING]-(setupPipe[146]):set new sensorIds
03-01 17:38:06.519  1272 22274 I ExynosCameraMCPipeSec: [CAM(1)][PIPE_3AA_REPROCESSING]-(m_setInput[2247]): setInput(sensorIds : 16871936) [src nodeNum : 214][nodeNums : 241][otf : 0][leader : 0][reprocessing : 1][unique sensorId : 1]
03-01 17:38:06.519  1272 22274 I ExynosCameraMCPipeSec: [CAM(1)][PIPE_3AA_REPROCESSING]-(m_setInput[2247]): setInput(sensorIds : 16847888) [src nodeNum : 120][nodeNums : 121][otf : 1][leader : 0][reprocessing : 1][unique sensorId : 1]
03-01 17:38:06.519  1272 22274 I ExynosCameraMCPipeSec: [CAM(1)][PIPE_3AA_REPROCESSING]-(m_setInput[2247]): setInput(sensorIds : 16847888) [src nodeNum : 120][nodeNums : 122][otf : 1][leader : 0][reprocessing : 1][unique sensorId : 1]
03-01 17:38:06.519  1272 22274 I ExynosCameraMCPipeSec: [CAM(1)][PIPE_3AA_REPROCESSING]-(m_setInput[2247]): setInput(sensorIds : 16847888) [src nodeNum : 120][nodeNums : 123][otf : 1][leader : 0][reprocessing : 1][unique sensorId : 1]
03-01 17:38:06.519  1272 22274 I ExynosCameraMCPipeSec: [CAM(1)][PIPE_3AA_REPROCESSING]-(m_setInput[2247]): setInput(sensorIds : 16847888) [src nodeNum : 120][nodeNums : 124][otf : 1][leader : 0][reprocessing : 1][unique sensorId : 1]
03-01 17:38:06.519  1272 22274 I ExynosCameraMCPipeSec: [CAM(1)][PIPE_3AA_REPROCESSING]-(m_setInput[2247]): setInput(sensorIds : 16847888) [src nodeNum : 120][nodeNums : 256][otf : 1][leader : 0][reprocessing : 1][unique sensorId : 1]
03-01 17:38:06.519  1272 22274 I ExynosCameraMCPipeSec: [CAM(1)][PIPE_3AA_REPROCESSING]-(m_setInput[2247]): setInput(sensorIds : 16878864) [src nodeNum : 241][nodeNums : 120][otf : 1][leader : 0][reprocessing : 1][unique sensorId : 1]
03-01 17:38:06.519  1272 22274 I ExynosCameraMCPipeSec: [CAM(1)][PIPE_3AA_REPROCESSING]-(m_setPipeInfo[2308]):skip REPROCESSING_3PAF_OUTPUT setNodeInfo, setFormat(0, 0)
03-01 17:38:06.519  1272 22274 I ExynosCameraMCPipeSec: [CAM(1)][PIPE_3AA_REPROCESSING]-(m_setPipeInfo[2308]):skip REPROCESSING_3AA_CAPTURE_OPT setNodeInfo, setFormat(0, 0)
03-01 17:38:06.519  1272 22274 I ExynosCameraMCPipeSec: [CAM(1)][PIPE_3AA_REPROCESSING]-(m_setPipeInfo[2308]):skip REPROCESSING_3AA_CAPTURE_MAIN setNodeInfo, setFormat(0, 0)
03-01 17:38:06.519  1272 22274 I ExynosCameraMCPipeSec: [CAM(1)][PIPE_3AA_REPROCESSING]-(m_setPipeInfo[2308]):skip REPROCESSING_3AA_FD setNodeInfo, setFormat(0, 0)
03-01 17:38:06.519  1272 22274 I ExynosCameraMCPipeSec: [CAM(1)][PIPE_3AA_REPROCESSING]-(m_setPipeInfo[2308]):skip REPROCESSING_PROCESSED_RAW setNodeInfo, setFormat(0, 0)
03-01 17:38:06.519  1272 22274 I ExynosCameraMCPipeSec: [CAM(1)][PIPE_3AA_REPROCESSING]-(m_setPipeInfo[2308]):skip REPROCESSING_3AA_DRC setNodeInfo, setFormat(0, 0)
03-01 17:38:06.519  1272 22274 I ExynosCameraMCPipeSec: [CAM(1)][PIPE_3AA_REPROCESSING]-(m_setPipeInfo[2308]):skip REPROCESSING_3AA_OUTPUT setNodeInfo, setFormat(0, 0)
03-01 17:38:06.519  1272 22274 I ExynosCameraMCPipeSec: [CAM(1)][PIPE_3AA_REPROCESSING]-(setupPipe[198]):setupPipe() is succeed, Pipe(203), prepare(0)
03-01 17:38:06.519  1272 22274 I ExynosCameraMCPipeSec: [CAM(1)][PIPE_LME_SRC_IMAGE_REPROCESSING]-(setupPipe[146]):set new sensorIds
03-01 17:38:06.519  1272 22274 I ExynosCameraMCPipeSec: [CAM(1)][PIPE_LME_SRC_IMAGE_REPROCESSING]-(m_setInput[2247]): setInput(sensorIds : 16848129) [src nodeNum : 121][nodeNums : 196][otf : 0][leader : 1][reprocessing : 1][unique sensorId : 1]
03-01 17:38:06.519  1272 22274 I ExynosCameraNode: [CAM(1)][LME_SRC_IMAGE_REPROCESSING]-(setInput[348]):sensorId(16848130) is set as LVN stream leader
03-01 17:38:06.519  1272 22274 I ExynosCameraMCPipeSec: [CAM(1)][PIPE_LME_SRC_IMAGE_REPROCESSING]-(m_setInput[2247]): setInput(sensorIds : 16867344) [src nodeNum : 196][nodeNums : 291][otf : 1][leader : 0][reprocessing : 1][unique sensorId : 1]
03-01 17:38:06.519  1272 22274 I ExynosCameraMCPipeSec: [CAM(1)][PIPE_LME_SRC_IMAGE_REPROCESSING]-(m_setInput[2247]): setInput(sensorIds : 16867344) [src nodeNum : 196][nodeNums : 290][otf : 1][leader : 0][reprocessing : 1][unique sensorId : 1]
03-01 17:38:06.519  1272 22274 I ExynosCameraMCPipeSec: [CAM(1)][PIPE_LME_SRC_IMAGE_REPROCESSING]-(m_setNodeInfo[2479]):set pipeInfos on LME_SRC_IMAGE_REPROCESSING, setFormat(2016, 1512) and reqBuffers(64), yuvRange(0) pixelSize(6) pixelCompInfo(0)
03-01 17:38:06.519  1272 22274 I ExynosCameraNode: [CAM(1)][LME_SRC_IMAGE_REPROCESSING]-(setSize[580]):w (2016) h (1512)
03-01 17:38:06.519  1272 22274 I ExynosCameraNode: [CAM(1)][LME_SRC_IMAGE_REPROCESSING]-(setColorFormat[525]):fmt.pix_mp.flags (6) (6 , 0)
03-01 17:38:06.519  1272 22274 I ExynosCameraNodeVendor: [CAM(1)][LME_SRC_IMAGE_REPROCESSING]-(m_setFmt[262]):[nodeNum:196] [fd:103] [type:10], [2016 x 1512], [format:541669465:Y 8 I  ], [pixelSizeIdx:6], [yuvRange:7]
03-01 17:38:06.520  1272 22273 I ExynosCameraBufferManagerVendor: [CAM(1)][YUV_CAP_BUF]-(m_defaultAlloc[725]):duration time (    2 msec) alloc=1, total=1, type=5, size=11985408, batchSize=1, reserved count=1, cache => 2 
03-01 17:38:06.521  1272 22262 I ExynosCameraSec: [CAM(1)][Front_0]-(m_frameFactoryStartThreadFunc[9858]):[CAMSYSKPI] X
03-01 17:38:06.521  1272 22262 I ExynosCameraSec: DEBUG:duration time(   45 msec):(m_frameFactoryStartThreadFunc)
03-01 17:38:06.520  1272 22273 I ExynosCameraBufferManagerVendor: [CAM(1)][YUV_CAP_BUF]-(alloc[1126]):Allocate the buffer succeeded (m_allocatedBufCount=1, m_reqBufCount=1, m_allowedMaxBufCount=7) --- dumpBufferInfo ---
03-01 17:38:06.522  1272 22273 I ExynosCameraBufferManagerVendor: DEBUG:duration time(    5 msec):(alloc)
03-01 17:38:06.522  1272 22274 I ExynosCameraMCPipeSec: [CAM(1)][PIPE_LME_SRC_IMAGE_REPROCESSING]-(m_setNodeInfo[2479]):set pipeInfos on LME_SW_DST_REPROCESSING, setFormat(128, 96) and reqBuffers(64), yuvRange(0) pixelSize(6) pixelCompInfo(0)
03-01 17:38:06.522  1272 22274 I ExynosCameraNode: [CAM(1)][LME_SW_DST_REPROCESSING]-(setSize[580]):w (128) h (96)
03-01 17:38:06.522  1272 22274 I ExynosCameraNode: [CAM(1)][LME_SW_DST_REPROCESSING]-(setColorFormat[525]):fmt.pix_mp.flags (6) (6 , 0)
03-01 17:38:06.522  1272 22274 I ExynosCameraNodeVendor: [CAM(1)][LME_SW_DST_REPROCESSING]-(m_setFmt[262]):[nodeNum:291] [fd:-1] [type:9], [128 x 96], [format:541669465:Y 8 I  ], [pixelSizeIdx:6], [yuvRange:7]
