03-01 17:38:05.775 22167 22167 W com.example.way: Redefining intrinsic method java.lang.Thread java.lang.Thread.currentThread(). This may cause the unexpected use of the original definition of java.lang.Thread java.lang.Thread.currentThread()in methods that have already been compiled.
03-01 17:38:05.775 22167 22167 W com.example.way: Redefining intrinsic method boolean java.lang.Thread.interrupted(). This may cause the unexpected use of the original definition of boolean java.lang.Thread.interrupted()in methods that have already been compiled.
03-01 17:38:05.778 22167 22167 I studio.deploy: Registering DispatchJNI
03-01 17:38:05.779 22167 22167 I studio.deploy: Found com/android/tools/deploy/interpreter/JNI
03-01 17:38:05.782  1658  2053 V MdnieScenarioControlService: mAclOffEnabled : false
03-01 17:38:05.797  1309  1332 E HeatmapThread: ECT Thread time in milliseconds: 1772366885
03-01 17:38:05.797  1309  1332 D HeatmapThread: !@ batteryplugType : 0
03-01 17:38:05.797  1309  1332 D HeatmapThread: !@ batteryLevel : 0  batteryTemperature : 0 
03-01 17:38:05.797  1309  1332 D HeatmapThread: !@ Heatmap currtime: 29539448
03-01 17:38:05.797  1309  1332 D HeatmapThread: !@ Heatmap prevtime: 29539419
03-01 17:38:05.797  1309  1332 D HeatmapThread: !@ Heatmap plugstarttime: 35791394
03-01 17:38:05.797  1309  1332 D HeatmapThread: !@ Heatmap prevv_dsoh_update_time: 29531970
03-01 17:38:05.797  1309  1332 E HeatmapThread: !@Could not open '/efs/FactoryApp/bsoh', errno = 13
03-01 17:38:05.797  1309  1332 E HeatmapThread: !@ CAM Could not access BSOH EFS
03-01 17:38:05.797  1309  1332 E HeatmapThread: !@ CAM New BSOH: 0
03-01 17:38:05.799 22167 22167 D ApplicationLoaders: Returning zygote-cached class loader: /system_ext/framework/androidx.window.extensions.jar
03-01 17:38:05.800 22167 22167 D ApplicationLoaders: Returning zygote-cached class loader: /system_ext/framework/androidx.window.sidecar.jar
03-01 17:38:05.823  8129  8136 I ndroid.systemui: NativeAlloc concurrent mark compact GC freed 41MB AllocSpace bytes, 105(3392KB) LOS objects, 34% free, 90MB/138MB, paused 771us,3.748ms total 295.353ms
03-01 17:38:05.824  1328  1358 I SurfaceFlinger: id=93200 Removed Task=4565#93200 (279)
03-01 17:38:05.825  1328  1328 I SurfaceFlinger: destroyed Task=4565#93200
03-01 17:38:05.827  8129  8366 I InsetsController: cancelAnimation: types=statusBars navigationBars, animType=0, host=Splash Screen com.example.way, from=android.view.InsetsController.notifyFinished:2006 android.view.InsetsAnimationThreadControlRunner$1.lambda$notifyFinished$0:82 android.view.InsetsAnimationThreadControlRunner$1.$r8$lambda$cDFF0h4Ncq-8EXdGszv69jrUu7c:0 
03-01 17:38:05.829  1328  1328 I Layer   : id=93200 Destroyed Task=4565#93200
03-01 17:38:05.829  1328  1358 I SurfaceFlinger: id=93608 Removed Surface(name=4ef6d60 com.example.way/com.example.way.MainActivity)/@0xd89c4b7 - animation-leash of starting_reveal#93608 (278)
03-01 17:38:05.830  1328  1359 I SurfaceFlinger: id=93594 Removed Task=4568#93594 (278)
03-01 17:38:05.832  1328  1359 I SurfaceFlinger: id=93643 Removed Surface(name=c3b1609 com.example.way/com.example.way.MainActivity)/@0xe8ac7d - animation-leash of starting_reveal#93643 (278)
03-01 17:38:05.840  1328  1359 I SurfaceFlinger: id=93686 Removed Surface(name=cbf8140 com.example.shoppingwindow/com.example.shoppingwindow.MainActivity)/@0x7a43858 - animation-leash of starting_reveal#93686 (278)
03-01 17:38:05.842  1328  1328 I SurfaceFlinger: destroyed Surface(name=4ef6d60 com.example.way/com.example.way.MainActivity)/@0xd89c4b7 - animation-leash of starting_reveal#93608
03-01 17:38:05.842  1328  1328 I SurfaceFlinger: destroyed Surface(name=c3b1609 com.example.way/com.example.way.MainActivity)/@0xe8ac7d - animation-leash of starting_reveal#93643
03-01 17:38:05.842  1328  1328 I SurfaceFlinger: destroyed Task=4568#93594
03-01 17:38:05.842  1328  1328 I SurfaceFlinger: destroyed Surface(name=cbf8140 com.example.shoppingwindow/com.example.shoppingwindow.MainActivity)/@0x7a43858 - animation-leash of starting_reveal#93686
03-01 17:38:05.847  1328  1328 I Layer   : id=93608 Destroyed Surface(name=4ef6d60 com.example.way/com.example.way.MainActivity)/@0xd89c4b7 - animation-leash of starting_reveal#93608
03-01 17:38:05.847  1328  1328 I Layer   : id=93643 Destroyed Surface(name=c3b1609 com.example.way/com.example.way.MainActivity)/@0xe8ac7d - animation-leash of starting_reveal#93643
03-01 17:38:05.847  1328  1328 I Layer   : id=93594 Destroyed Task=4568#93594
03-01 17:38:05.847  1328  1328 I Layer   : id=93686 Destroyed Surface(name=cbf8140 com.example.shoppingwindow/com.example.shoppingwindow.MainActivity)/@0x7a43858 - animation-leash of starting_reveal#93686
03-01 17:38:05.878  8129  8138 W System  : A resource failed to call release. 
03-01 17:38:05.880  8129  8138 W System  : A resource failed to call release. 
03-01 17:38:05.880  8129  8138 W System  : A resource failed to call release. 
03-01 17:38:05.880  8129  8138 W System  : A resource failed to call release. 
03-01 17:38:05.880  8129  8138 W System  : A resource failed to call release. 
03-01 17:38:05.882  8129  8138 W System  : A resource failed to call release. 
03-01 17:38:05.883  8129  8138 W System  : A resource failed to call release. 
03-01 17:38:05.883  8129  8138 W System  : A resource failed to call release. 
03-01 17:38:05.883  8129  8138 W System  : A resource failed to call release. 
03-01 17:38:05.884  8129  8138 W System  : A resource failed to call release. 
03-01 17:38:05.884  8129  8138 W System  : A resource failed to call release. 
03-01 17:38:05.884  8129  8138 W System  : A resource failed to call release. 
03-01 17:38:05.884  8129  8138 W System  : A resource failed to call release. 
03-01 17:38:05.884  8129  8138 W System  : A resource failed to call release. 
03-01 17:38:05.884  8129  8138 W System  : A resource failed to call release. 
03-01 17:38:05.884  8129  8138 W System  : A resource failed to call release. 
03-01 17:38:05.888  8129  8138 W System  : A resource failed to call release. 
03-01 17:38:05.888  8129  8138 W System  : A resource failed to call release. 
03-01 17:38:05.889  8129  8138 W System  : A resource failed to call release. 
03-01 17:38:05.892  8129  8138 W System  : A resource failed to call release. 
03-01 17:38:05.892  8129  8138 W System  : A resource failed to call release. 
03-01 17:38:05.893  8129  8138 W System  : A resource failed to call release. 
03-01 17:38:05.893  8129  8138 W System  : A resource failed to call release. 
03-01 17:38:05.893  8129  8138 W System  : A resource failed to call release. 
03-01 17:38:05.894  8129  8138 W System  : A resource failed to call release. 
03-01 17:38:05.894  8129  8138 W System  : A resource failed to call release. 
03-01 17:38:05.894  8129  8138 W System  : A resource failed to call release. 
03-01 17:38:05.894  8129  8138 W System  : A resource failed to call release. 
03-01 17:38:05.894  8129  8138 W System  : A resource failed to call release. 
03-01 17:38:05.894  8129  8138 W System  : A resource failed to call release. 
03-01 17:38:05.928  1328  1328 D SurfaceFlinger: GPIS:: requestGpisForClientComposition
03-01 17:38:05.970  1658  2171 E SmartFaceManager: checkForSmartStay S
03-01 17:38:05.970  1658  2171 E SmartFaceManager/ServiceManagerGlobal: bind to smart face service
03-01 17:38:05.970  1658  2171 I SmartFaceManager/ServiceManagerGlobal: bindService started
03-01 17:38:05.973  1658  2098 D BackgroundInstallControlService: Package event received: 0
03-01 17:38:05.974  1658  2171 D ActivityManager: sync unfroze 19707 com.samsung.android.smartface for 6
03-01 17:38:05.976  1658  2098 D BackgroundInstallControlService: Package event received: 0
03-01 17:38:05.983 19707 19707 E SmartFaceServiceStarter: onCreate
03-01 17:38:05.984 19707 19707 I SmartFaceService: SmartFaceService constructor for user: 0
03-01 17:38:05.986 19707 19707 I SmartFaceService: Using HAL 3
03-01 17:38:05.993  8129  8262 V WindowManagerShell: Transition animation finished (aborted=false), notifying core (#8255) android.os.BinderProxy@339b439@0
03-01 17:38:05.994  8129  8262 I SurfaceControlRegistry: apply, t=FinishTransaction_SyncId<8255>, caller=android.view.SurfaceControl$Transaction.apply:3459 android.view.SurfaceControl$Transaction.apply:3447 android.view.SurfaceControl$Transaction.apply:3397 com.android.wm.shell.transition.Transitions.onFinish:315 com.android.wm.shell.transition.Transitions$$ExternalSyntheticLambda7.onTransitionFinished:12 com.android.wm.shell.transition.DefaultTransitionHandler$$ExternalSyntheticLambda6.run:36 
03-01 17:38:05.994 19707 19707 I SmartFaceService: mActiveServiceType: 100
03-01 17:38:05.994 19707 19707 I SmartFaceService: mStayEnabled:true
03-01 17:38:05.995 19707 19707 I SmartFaceService: Service Type to Worker: 0
03-01 17:38:05.995 19707 19707 I SmartFaceService: Last Active clients:0 Current Active clients: 0
03-01 17:38:05.995  1658  3514 V WindowManager: Finish Transition: TransitionRecord{631b81c id=8255 type=OPEN flags=0x0 c=[
03-01 17:38:05.995  1658  3514 V WindowManager:    ChangeInfo{902aadd container=Task{2b03a08 #4571 type=standard A=10429:com.example.way} flags=0x10}
03-01 17:38:05.995  1658  3514 V WindowManager:    ChangeInfo{8972e2d container=Task{3eea090 #4562 type=standard A=10327:com.google.android.apps.docs} flags=0x10}
03-01 17:38:05.995  1658  3514 V WindowManager:    ChangeInfo{a204652 container=DefaultTaskDisplayArea_d0@140853849 flags=0x0}
03-01 17:38:05.995  1658  3514 V WindowManager:    ChangeInfo{a971d23 container=Display{#0 state=ON size=1080x2408 ROTATION_0} flags=0x0}
03-01 17:38:05.995  1658  3514 V WindowManager:    ChangeInfo{94a4220 container=ActivityRecord{183245861 u0 com.example.way/.MainActivity t4571} flags=0x0}
03-01 17:38:05.995  1658  3514 V WindowManager:    ChangeInfo{c3e8f62 container=ActivityRecord{252784467 u0 com.google.android.apps.docs/com.google.android.apps.viewer.PdfViewerActivity t4562} flags=0x0}
03-01 17:38:05.995  1658  3514 V WindowManager: ]
03-01 17:38:05.995  1658  3514 V WindowManager: }, caller=com.android.server.wm.WindowOrganizerController.finishTransitionInner:31 com.android.server.wm.WindowOrganizerController.finishAllTransitions:60 android.window.IWindowOrganizerController$Stub.onTransact:283 
03-01 17:38:05.996  1658  1704 V WindowManager: Finish Transition (#8255): created at 03-01 17:38:05.409 collect-started=0.812ms request-sent=12.282ms started=20.48ms ready=70.382ms sent=77.381ms commit=44.974ms finished=585.59ms
03-01 17:38:05.996  1658  3514 V WindowManager: Setting visibility of Window{b716455 u0 com.google.android.apps.docs/com.google.android.apps.viewer.PdfViewerActivity}: false, caller=com.android.server.wm.WindowContainer.sendAppVisibilityToClients:19 com.android.server.wm.WindowToken.setClientVisible:48 com.android.server.wm.ActivityRecord.commitVisibility:186 com.android.server.wm.TransitionController.finishTransition:846 com.android.server.wm.WindowOrganizerController.finishTransitionInner:31 
03-01 17:38:05.997  1658  3514 D PersonaActivityHelper: token.toString()  Token{e755a1 ActivityRecord{183245861 u0 com.example.way/.MainActivity t4571}}
03-01 17:38:05.997  1658  3514 D PersonaActivityHelper: mLastResumedSFActivity getPackageName  com.android.settings
03-01 17:38:05.997  1658  3514 D PersonaActivityHelper: mLastResumedSFActivity getShortClassName  .Settings$UsbDetailsActivity
03-01 17:38:05.997 25832 25832 I VRI[PdfViewerActivity]@8a2f937: handleAppVisibility mAppVisible = true visible = false
03-01 17:38:05.997 25832 25832 D VRI[PdfViewerActivity]@8a2f937: visibilityChanged oldVisibility=true newVisibility=false
03-01 17:38:05.997  1658  3514 D PersonaActivityHelper: token.toString()  Token{e66d89 ActivityRecord{252784467 u0 com.google.android.apps.docs/com.google.android.apps.viewer.PdfViewerActivity t4562}}
03-01 17:38:05.997  1658  3514 D PersonaActivityHelper: mLastResumedSFActivity getPackageName  com.android.settings
03-01 17:38:05.997  1658  3514 D PersonaActivityHelper: mLastResumedSFActivity getShortClassName  .Settings$UsbDetailsActivity
03-01 17:38:05.998  1658  3514 D ChangeTransitionController: onTransitionFinished: TransitionRecord{631b81c id=8255 type=OPEN flags=0x0 c=[
03-01 17:38:05.998  1658  3514 D ChangeTransitionController:    ChangeInfo{902aadd container=Task{2b03a08 #4571 type=standard A=10429:com.example.way} flags=0x10}
03-01 17:38:05.998  1658  3514 D ChangeTransitionController:    ChangeInfo{8972e2d container=Task{3eea090 #4562 type=standard A=10327:com.google.android.apps.docs} flags=0x10}
03-01 17:38:05.998  1658  3514 D ChangeTransitionController:    ChangeInfo{a204652 container=DefaultTaskDisplayArea_d0@140853849 flags=0x0}
03-01 17:38:05.998  1658  3514 D ChangeTransitionController:    ChangeInfo{a971d23 container=Display{#0 state=ON size=1080x2408 ROTATION_0} flags=0x0}
03-01 17:38:05.998  1658  3514 D ChangeTransitionController:    ChangeInfo{94a4220 container=ActivityRecord{183245861 u0 com.example.way/.MainActivity t4571} flags=0x0}
03-01 17:38:05.998  1658  3514 D ChangeTransitionController:    ChangeInfo{c3e8f62 container=ActivityRecord{252784467 u0 com.google.android.apps.docs/com.google.android.apps.viewer.PdfViewerActivity t4562} flags=0x0}
03-01 17:38:05.998  1658  3514 D ChangeTransitionController: ]
03-01 17:38:05.998  1658  3514 D ChangeTransitionController: }
03-01 17:38:05.999 19707 19707 I SmartFaceService: SCover is not supported
03-01 17:38:05.999 19707 19707 I SmartFaceService: SmartFaceService Started.
03-01 17:38:05.999 19707 19707 I SmartFaceService: SmartFaceService constructor done
03-01 17:38:05.999  8129  8262 V WindowManagerShell: Track 0 became idle
03-01 17:38:05.999  8129  8262 V WindowManagerShell: All active transition animations finished
03-01 17:38:05.999 19707 22184 I SmartFaceService: Fold state changed = false
03-01 17:38:05.999 19707 22184 I SmartFaceService: mActiveServiceType: 100
03-01 17:38:05.999 19707 19707 E SmartFaceServiceStarter: onBind
03-01 17:38:06.000 19707 22184 I SmartFaceService: Service Type to Worker: 0
03-01 17:38:06.000 19707 22184 I SmartFaceService: Last Active clients:0 Current Active clients: 0
03-01 17:38:06.000 19707 22184 I SmartFaceService: Update service state according to cover state: true
03-01 17:38:06.000  1658  1708 D SurfaceComposerClient: setCornerRadius ## 758759e Splash Screen com.example.way#93720 cornerRadius=0.000000
03-01 17:38:06.000 19707 22184 I SmartFaceService: mActiveServiceType: 100
03-01 17:38:06.000 19707 22184 I SmartFaceService: Service Type to Worker: 0
03-01 17:38:06.000 19707 22184 I SmartFaceService: Last Active clients:0 Current Active clients: 0
03-01 17:38:06.002  1658  3374 E SmartFaceManager/ServiceManagerGlobal: smart face service connected
03-01 17:38:06.002  1658  2171 E SmartFaceManager/ServiceManagerGlobal: Service is available, connection count = 0 -> 1
03-01 17:38:06.002  1658  2171 E SmartFaceManager/ServiceManagerGlobal: bind to smart face service
03-01 17:38:06.002  1658  2171 E SmartFaceManager/ServiceManagerGlobal: already tried bound to smart face service
03-01 17:38:06.002  1658  2171 E SmartFaceManager/ServiceManagerGlobal: Service is available, connection count = 1 -> 2
03-01 17:38:06.002  1658  2171 D SmartFaceManager: Sending smart-stay-framecount-reset: to service
03-01 17:38:06.003  1658  2171 W Binder  : Outgoing transactions from this process must be FLAG_ONEWAY
03-01 17:38:06.003  1658  2171 W Binder  : java.lang.Throwable
03-01 17:38:06.003  1658  2171 W Binder  : 	at android.os.BinderProxy.transact(BinderProxy.java:566)
03-01 17:38:06.003  1658  2171 W Binder  : 	at com.samsung.android.smartface.ISmartFaceService$Stub$Proxy.setValue(ISmartFaceService.java:270)
03-01 17:38:06.003  1658  2171 W Binder  : 	at com.samsung.android.smartface.SmartFaceManager.setValue(SmartFaceManager.java:387)
03-01 17:38:06.003  1658  2171 W Binder  : 	at com.samsung.android.smartface.SmartFaceManager.checkForSmartStay(SmartFaceManager.java:442)
03-01 17:38:06.003  1658  2171 W Binder  : 	at com.android.server.power.SmartStayController$$ExternalSyntheticLambda0.run(qb/103686663 ce0aa3e2c2fda01c3253521f733eeaf139b7a8b0430759107b7485649d507333:17)
03-01 17:38:06.003  1658  2171 W Binder  : 	at android.os.Handler.handleCallback(Handler.java:995)
03-01 17:38:06.003  1658  2171 W Binder  : 	at android.os.Handler.dispatchMessage(Handler.java:103)
03-01 17:38:06.003  1658  2171 W Binder  : 	at android.os.Looper.loopOnce(Looper.java:273)
03-01 17:38:06.003  1658  2171 W Binder  : 	at android.os.Looper.loop(Looper.java:363)
03-01 17:38:06.003  1658  2171 W Binder  : 	at android.os.HandlerThread.run(HandlerThread.java:85)
03-01 17:38:06.004 19707 22183 I SmartFaceService: setValue, key: smart-stay-framecount-reset value: 
03-01 17:38:06.004  1658  3514 W ProcessStats: Tracking association SourceState{787b0d4 system/1000 Persist #1176767} whose proc state 0 is better than process ProcessState{74cf8b2 com.samsung.android.smartface/1000 pkg=com.samsung.android.smartface} proc state 15 (0 skipped)
03-01 17:38:06.005  1658  2171 E SmartFaceManager/ServiceManagerGlobal: unbind from smart face service, connection count = 2 -> 1
03-01 17:38:06.005  1658  2171 E SmartFaceManager/ServiceManagerGlobal: bind to smart face service
03-01 17:38:06.005  1658  2171 E SmartFaceManager/ServiceManagerGlobal: already tried bound to smart face service
03-01 17:38:06.005  1658  2171 E SmartFaceManager/ServiceManagerGlobal: Service is available, connection count = 1 -> 2
03-01 17:38:06.005 19707 22183 I SmartFaceService: register:448717970
03-01 17:38:06.005 19707 22183 I SmartFaceService: register, serviceType(100) pid 1658
03-01 17:38:06.005 19707 22183 I SmartFaceService.Client: New SmartFaceService.Client, service type: 100 pid: 1658
03-01 17:38:06.006 19707 22183 I SmartFaceService: Service Type to Worker: 100
03-01 17:38:06.006 19707 22183 I SmartFaceService: Last Active clients:0 Current Active clients: 1
03-01 17:38:06.006 19707 22183 I SmartFaceService: We have active clients. open camera
03-01 17:38:06.008  1328  1328 I SurfaceFlinger: RequestedLayer [Task=4562#92950] hidden!! flag  from(0) --> to(1)
03-01 17:38:06.009  1328  1328 I SurfaceFlinger: [Display 0 name="Built-in Screen"#219] setFrameRateCategory: Default
03-01 17:38:06.009  1328  1328 I SurfaceFlinger: [LayerHierarchy{RequestedLayerState{DimTransitionLayer for Surface(name=Task=4571)/@0x5131da9#93726 z=-1} no children}] reparent to OffscreenRoot
03-01 17:38:06.009  1328  1328 I SurfaceFlinger: [LayerHierarchy{RequestedLayerState{DimTransitionLayer for Surface(name=Task=4571)/@0x5131da9#93726 z=-1} no children}] RelativeParent to null
03-01 17:38:06.009  1328  1328 I SurfaceFlinger: [LayerHierarchy{RequestedLayerState{Task=4562#92950 parentId=218 z=36} 1 children}] reparent to LayerHierarchy{RequestedLayerState{DefaultTaskDisplayArea_d0#218 parentId=9} 40 children}
03-01 17:38:06.009  1328  1328 I SurfaceFlinger: [LayerHierarchy{RequestedLayerState{Transition Root: Task=4571#93722 z=37} 1 children}] reparent to OffscreenRoot
03-01 17:38:06.009  1328  1328 I SurfaceFlinger: [LayerHierarchy{RequestedLayerState{Transition Root: Task=4571#93722 z=37} 1 children}] RelativeParent to null
03-01 17:38:06.009  1328  1328 I SurfaceFlinger: [LayerHierarchy{RequestedLayerState{Task=4571#93718 parentId=218 z=37} 1 children}] reparent to LayerHierarchy{RequestedLayerState{DefaultTaskDisplayArea_d0#218 parentId=9} 40 children}
03-01 17:38:06.009 19707 22183 I SmartFaceService: mWakeLock.acquire() in FD
03-01 17:38:06.010 25832 25880 D HWUI    : CacheManager::trimMemory(20)
03-01 17:38:06.013  1658  1707 D BBA2    : updateWindowVisible for pid : 25832, visible : 0
03-01 17:38:06.013 19707 22183 I CameraController: openCamera S
03-01 17:38:06.014 19707 22185 I CameraV2Controller: handleMessage(1) { when=0 what=1 obj=java.util.concurrent.CountDownLatch@7bd4094[Count = 1] target=a.h }
03-01 17:38:06.014  1328  1328 I SurfaceFlinger: id=93726 Removed DimTransitionLayer for Surface(name=Task=4571)/@0x5131da9#93726 (274)
03-01 17:38:06.014  1328  1328 I SurfaceFlinger: id=93722 Removed Transition Root: Task=4571#93722 (274)
03-01 17:38:06.015  1658  3514 I WindowManager: Relayout Window{b716455 u0 com.google.android.apps.docs/com.google.android.apps.viewer.PdfViewerActivity}: viewVisibility=8 req=1080x2408 ty=1 d0
03-01 17:38:06.015  1658  3514 D SurfaceComposerClient: setCornerRadius ## 758759e Splash Screen com.example.way#93720 cornerRadius=0.000000
03-01 17:38:06.016  1658  1707 I DisplayDeviceRepository: Display device changed render timings: "Built-in Screen", renderFrameRate=60.0, presentationDeadlineNanos=17666667, appVsyncOffsetNanos=16666667, frameRateOverrides=[]
03-01 17:38:06.018  1658  3514 D SurfaceComposerClient: setCornerRadius ## 758759e Splash Screen com.example.way#93720 cornerRadius=0.000000
03-01 17:38:06.018  1658  2294 D SecContentProvider: query(), uri = 30 selection = isCameraEnabled
03-01 17:38:06.018  1658  2294 D SecContentProvider: called from android.uid.system:1000
03-01 17:38:06.018  1658  2294 D RestrictionPolicy: isCameraEnabled ret(true) userId(0) cxtInfo.mCallerUid(1000) cxtInfo.mContainerId(0)
03-01 17:38:06.020  8129  8129 D DisplayLifecycle: updateDisplay id = 0
03-01 17:38:06.022  8129  8389 D StackScroller: onDisplayChanged for predraw skip to 2
03-01 17:38:06.022  1658  3514 I WindowManager: Relayout hash=b716455, pid=25832, syncId=-1: mAttrs={(0,0)(fillxfill) sim={adjust=resize forwardNavigation} layoutInDisplayCutoutMode=always ty=BASE_APPLICATION wanim=0x1030317 sysuil=true
03-01 17:38:06.022  1658  3514 I WindowManager:   fl=81810100
03-01 17:38:06.022  1658  3514 I WindowManager:   pfl=10008840
03-01 17:38:06.022  1658  3514 I WindowManager:   bhv=1
03-01 17:38:06.022  1658  3514 I WindowManager:   fitSides=0
03-01 17:38:06.022  1658  3514 I WindowManager:   frameRateBoostOnTouch=true
03-01 17:38:06.022  1658  3514 I WindowManager:   dvrrWindowFrameRateHint=true naviIconColor=0}
03-01 17:38:06.023  2861  3645 I HoneySpace.Memory-Monitor: current state = 2, didTrim = false
03-01 17:38:06.023 22167 22167 D nativeloader: Configuring clns-9 for other apk /data/app/~~KAzJLjayaBcFYqbT8nfLdg==/com.example.way-DZxe05ilMlm_haOkxtrFSA==/base.apk. target_sdk_version=36, uses_libraries=, library_path=/data/app/~~KAzJLjayaBcFYqbT8nfLdg==/com.example.way-DZxe05ilMlm_haOkxtrFSA==/lib/arm64:/data/app/~~KAzJLjayaBcFYqbT8nfLdg==/com.example.way-DZxe05ilMlm_haOkxtrFSA==/base.apk!/lib/arm64-v8a, permitted_path=/data:/mnt/expand:/data/user/0/com.example.way
03-01 17:38:06.024  1328  1328 D SurfaceFlinger: Display 4633128672291735931 HWC layers:
03-01 17:38:06.024  1328  1328 D SurfaceFlinger:        DEVICE |           34913789233949 | 00002100 | RGBA_8888    |    0.0    0.0 1080.0 2408.0 |    0    0 1080 2408 | Splash Screen com.example.way$_8129#93721 (1)
03-01 17:38:06.024  1328  1328 D SurfaceFlinger:        DEVICE |           34913789233787 | 00002100 | RGBA_8888    |    0.0    0.0 1080.0   71.0 |    0    0 1080   71 | StatusBar$_8129#260 (209784)
03-01 17:38:06.024  1328  1328 D SurfaceFlinger:        DEVICE |           12287901458046 | 00002100 | RGBA_8888    |    0.0    0.0   67.0  344.0 |    0  260   67  604 | com.sec.android.app.launcher/com.sam[...]l.app.CocktailBarService$_2861#93727 (1)
03-01 17:38:06.024  1328  1328 D SurfaceFlinger:        DEVICE |           34913789233784 | 00002100 | RGBA_8888    |    0.0    0.0 1080.0  126.0 |    0 2282 1080 2408 | NavigationBar0$_8129#256 (62196)
03-01 17:38:06.024  1328  1328 D SurfaceFlinger: 
03-01 17:38:06.025  1328  1328 I SurfaceFlinger: RequestedLayer [com.google.android.apps.docs/com.goo[...]iewer.PdfViewerActivity$_25832#93713] hidden!! flag  from(0) --> to(1)
03-01 17:38:06.025  1328  1328 I SurfaceFlinger: RequestedLayer [ActivityRecord{252784467 u0 com.goog[...]iewer.PdfViewerActivity t4562}#92951] hidden!! flag  from(0) --> to(1)
03-01 17:38:06.025  1328  1328 I SurfaceFlinger: destroyed DimTransitionLayer for Surface(name=Task=4571)/@0x5131da9#93726
03-01 17:38:06.025  1328  1328 I SurfaceFlinger: destroyed Transition Root: Task=4571#93722
03-01 17:38:06.027  1658  1708 D SurfaceComposerClient: setCornerRadius ## 758759e Splash Screen com.example.way#93720 cornerRadius=0.000000
03-01 17:38:06.027  1658  2294 D WifiDisplayAdapter: isFitToActiveDisplayLocked : false
03-01 17:38:06.030  1328  1328 I Layer   : id=93726 Destroyed DimTransitionLayer for Surface(name=Task=4571)/@0x5131da9#93726
03-01 17:38:06.030  1328  1328 I Layer   : id=93722 Destroyed Transition Root: Task=4571#93722
03-01 17:38:06.033 25832 25832 I VRI[PdfViewerActivity]@8a2f937: Relayout returned: old=(0,0,1080,2408) new=(0,0,1080,2408) relayoutAsync=false req=(1080,2408)8 dur=14 res=0x2 s={false 0x0} ch=true seqId=0
03-01 17:38:06.034 25832 25832 D VRI[PdfViewerActivity]@8a2f937: Not drawing due to not visible. Reason=!mAppVisible && !mForceDecorViewVisibility
03-01 17:38:06.035 19707 22185 I CameraController: isCameraAllowed: true
03-01 17:38:06.039 22167 22167 V GraphicsEnvironment: Currently set values for:
03-01 17:38:06.039 22167 22167 V GraphicsEnvironment:   angle_gl_driver_selection_pkgs=[]
03-01 17:38:06.039 22167 22167 V GraphicsEnvironment:   angle_gl_driver_selection_values=[]
03-01 17:38:06.039 22167 22167 V GraphicsEnvironment: com.example.way is not listed in per-application setting
03-01 17:38:06.039 22167 22167 V GraphicsEnvironment: ANGLE allowlist from config: 
03-01 17:38:06.039 22167 22167 V GraphicsEnvironment: com.example.way is not listed in ANGLE allowlist or settings, returning default
03-01 17:38:06.039 22167 22167 V GraphicsEnvironment: Neither updatable production driver nor prerelease driver is supported.
03-01 17:38:06.049 19707 22185 I CameraV2Controller: Selected Camera ID: 1, FoV: 81.4193, Zoom: 1.025419
03-01 17:38:06.052  1438 25607 D Camera3-Utils: Set real time priority for thread (tid 25607)
03-01 17:38:06.052  1438 25607 I CameraService: CameraService::connect call (PID 19707 UID 1000 "com.samsung.android.smartface", camera ID 1) and Camera API version 2
03-01 17:38:06.053  1438 25607 I CameraService: isUidActiveLocked E: uid 1000, callingPackage com.samsung.android.smartface, isRegistered true
03-01 17:38:06.054  1438 25607 I CameraService: isUidActiveLocked X: return true.
03-01 17:38:06.054   614   614 I hwservicemanager: getTransport: Cannot find entry vendor.samsung.hardware.biometrics.face@3.0::ISehBiometricsFace/default in either framework or device VINTF manifest.
03-01 17:38:06.055  1250  1250 I sec_fr_SehFace: SehFace::getServicePid
03-01 17:38:06.055  1250  1250 I sec_fr_SehFace: FaceServicePID : 1250
03-01 17:38:06.056  1438 25607 E cameraserver: isBiometricsFaceService : face AIDL HAL Pid(1250) is not same with callingPid(19707)
03-01 17:38:06.056  1658  3514 I EDMNativeHelperService: isCameraEnabled
03-01 17:38:06.057  1658  3514 D EDMNativeHelper: isCameraEnabled
03-01 17:38:06.057  1658  3514 D EDMNativeHelper: checking for camera in EnterpriseDeviceManagerService
03-01 17:38:06.057  1658  3514 D EnterpriseDeviceManagerService: isCameraEnabledNative
03-01 17:38:06.057  1658  3514 D EnterpriseDeviceManagerService: checking for camera in restriction policy
03-01 17:38:06.057  1658  3514 D RestrictionPolicy: isCameraEnabled ret(true) userId(0) cxtInfo.mCallerUid(1000) cxtInfo.mContainerId(0)
03-01 17:38:06.058  1438 25607 I CameraService: CameraService::validateClientPermissionsLocked is ok : calling pid 19707, calling uid 1000, client com.samsung.android.smartface , cameraservice pid=1438, device user 0, currently allowed device users: 0, 150
03-01 17:38:06.058  1438 25607 I CameraService: CameraService::handleEvictionsLocked
03-01 17:38:06.059  1438 25607 I cameraserver: this package is a smart face service app.
03-01 17:38:06.059  1438 25607 I CameraService: wouldEvictLocked: [incoming client] owner = 19707, priority-score=990, cost=51, returnIncompatibleClients=false
03-01 17:38:06.059  1438 25607 I CameraService: wouldEvictLocked: [cost info] current cost=0, adding cost=51, total cost=51, max cost=100
03-01 17:38:06.059  1438 25607 I CameraService: wouldEvictLocked: [highestPriority] owner=19707, score=990
03-01 17:38:06.059  1438 25607 I CameraFlashlight: prepareDeviceOpen: prepare for device open(cameraId=1)
03-01 17:38:06.059  1438 25607 I Camera2ClientBase: Camera 1: Opened. Client: com.samsung.android.smartface (PID 19707, UID 1000)
03-01 17:38:06.059  1438 25607 I CameraDeviceClient: CameraDeviceClient 1: Opened
03-01 17:38:06.059  1438 25607 I CameraService: makeClient: Camera2 API, rotationOverride 0
03-01 17:38:06.060  1438 25607 I CameraService: service.camera.client set to com.samsung.android.smartface
03-01 17:38:06.060  1658  3514 I CameraManagerGlobal: Camera 1 facing CAMERA_FACING_FRONT state now CAMERA_STATE_OPENING for client com.samsung.android.smartface API Level 2 User Id 0Device Id 0
03-01 17:38:06.061  8129 10496 I CameraManagerGlobal: Camera 1 facing CAMERA_FACING_FRONT state now CAMERA_STATE_OPENING for client com.samsung.android.smartface API Level 2 User Id 0Device Id 0
03-01 17:38:06.061  8129 10496 I CameraManagerGlobal: onCameraDeviceStateChangedLocked: post device state update
03-01 17:38:06.061  1658  3514 I CameraManagerGlobal: onCameraDeviceStateChangedLocked: post device state update
03-01 17:38:06.061  8129 10496 I CameraManagerGlobal: onCameraDeviceStateChangedLocked: post device state update
03-01 17:38:06.061  1658  3514 I CameraManagerGlobal: onCameraDeviceStateChangedLocked: post device state update
03-01 17:38:06.061  1438 25607 I Camera2ClientBase: initializeImpl: Initializing client for camera 1
03-01 17:38:06.061  1438 25607 D ijt/Camera3-RequestInjector: RequestInjector[1] Mapper created
03-01 17:38:06.061  1438 25607 I Camera3-Device: Camera3Device: Created device for camera 1
03-01 17:38:06.061 15570 15581 I CameraManagerGlobal: Camera 1 facing CAMERA_FACING_FRONT state now CAMERA_STATE_OPENING for client com.samsung.android.smartface API Level 2 User Id 0Device Id 0
03-01 17:38:06.062  2593  2708 I CameraManagerGlobal: Camera 1 facing CAMERA_FACING_FRONT state now CAMERA_STATE_OPENING for client com.samsung.android.smartface API Level 2 User Id 0Device Id 0
03-01 17:38:06.062  4356  6035 I CameraManagerGlobal: Camera 1 facing CAMERA_FACING_FRONT state now CAMERA_STATE_OPENING for client com.samsung.android.smartface API Level 2 User Id 0Device Id 0
03-01 17:38:06.063  4356  6035 I CameraManagerGlobal: onCameraDeviceStateChangedLocked: post device state update
03-01 17:38:06.063  4356  6035 I CameraManagerGlobal: onCameraDeviceStateChangedLocked: post device state update
03-01 17:38:06.063  5190 27629 I CameraManagerGlobal: Camera 1 facing CAMERA_FACING_FRONT state now CAMERA_STATE_OPENING for client com.samsung.android.smartface API Level 2 User Id 0Device Id 0
03-01 17:38:06.063   614   614 I hwservicemanager: getTransport: Cannot find entry vendor.samsung.hardware.biometrics.face@3.0::ISehBiometricsFace/default in either framework or device VINTF manifest.
03-01 17:38:06.063  6611 22431 I CameraManagerGlobal: Camera 1 facing CAMERA_FACING_FRONT state now CAMERA_STATE_OPENING for client com.samsung.android.smartface API Level 2 User Id 0Device Id 0
03-01 17:38:06.063  1658  1826 I RequestInjectorService: Samsung Camera is opened. ignore VT Camera Setting.
03-01 17:38:06.063 27746 27761 I CameraManagerGlobal: Camera 1 facing CAMERA_FACING_FRONT state now CAMERA_STATE_OPENING for client com.samsung.android.smartface API Level 2 User Id 0Device Id 0
03-01 17:38:06.064  1250  9845 I sec_fr_SehFace: SehFace::getServicePid
03-01 17:38:06.064  1250  9845 I sec_fr_SehFace: FaceServicePID : 1250
03-01 17:38:06.064  1438 25607 E cameraserver: isBiometricsFaceService : face AIDL HAL Pid(1250) is not same with callingPid(19707)
03-01 17:38:06.064 19707 20617 I CameraManagerGlobal: Camera 1 facing CAMERA_FACING_FRONT state now CAMERA_STATE_OPENING for client com.samsung.android.smartface API Level 2 User Id 0Device Id 0
03-01 17:38:06.064  1438 25607 D CameraService: notifyCameraOpening: Bypassing checkOp for uid 1000
03-01 17:38:06.064  1438 25607 I CameraService: increaseCamConnRef: ref=1
03-01 17:38:06.065  1438 25607 I CameraService: increaseCamConnRef: service.camera.running set to 1
03-01 17:38:06.065  1438 25607 I CameraService: Translate updateStatus callback for camera id 1
03-01 17:38:06.065  1438 25607 I CameraService:  to 1
03-01 17:38:06.065  1438 25607 D HidlCamera3-Device: CameraPerf: initialize E
03-01 17:38:06.065  1438 25607 D HidlCamera3-Device: initialize: mInterfaceLock.lock()
03-01 17:38:06.065 27746 27761 I CameraManagerGlobal: postSingleUpdate device: camera id 1 status STATUS_NOT_AVAILABLE
03-01 17:38:06.065  1438 25607 I CameraProviderManager: openHidlSession, using trampoline for v5.0
03-01 17:38:06.065  1438 25607 D CameraProviderManager: CameraPerf: openHidlSession E
03-01 17:38:06.065  1272  1272 I SehCamDev@5.0-impl: [CAMKPI] camera3->open : E
03-01 17:38:06.065  1272  1272 I Unihal  : UniDebugLog.cpp: __unihal_log_status_update: 57: UpdateLogStatus 0000000d ERR 1 PERF 0 WARN 4 INFO 8 DEBUG 0 DUMP 0 STRACE 0 META 0
03-01 17:38:06.065  1272  1272 I Unihal  : UniHal3InterfaceEntry.cpp: uni_open_camera_hardware: 562: E cameraName: 1
03-01 17:38:06.065  1272  1272 I Unihal  : UniHal3InterfaceEntry.cpp: uni_open_camera_hardware: 564: UNIHAL_VERSION = "2.15"
03-01 17:38:06.065  1272  1272 I Unihal  : CameraDevice.cpp: OpenCameraHardware_v3: 401: name : 1 camera id : 1
03-01 17:38:06.065  1272  1272 I ExynosCameraInterface: [CAM(-1)][]-(HAL3_camera_device_open[82]):[CAMSYSKPI] camera(1) master(1), slave(-1) camInfoIndex(1) in ======
03-01 17:38:06.065  1272  1272 I ExynosCameraInterface: [CAM(-1)][]-(check_camera_state[61]):DEBUG:camera(1) state(1) checking...
03-01 17:38:06.065  1272  1272 I ExynosCameraInterface: [CAM(-1)][]-(check_camera_state[143]):DEBUG:camera(1) state(3:CLOSED->1:OPENED) is valid
03-01 17:38:06.065  1272  1272 I ExynosCameraInterface: [CAM(-1)][]-(m_checkAndSetMultiDeviceCamId[934]):cameraID(internal: 1, service: 1) is opened at idx(0, 1), numActiveCams(0)
03-01 17:38:06.066  1272  1272 I ExynosCameraSec: [CAM(-1)][]-(checkDebuggingProperties[30]):Build Date is (Fri Nov 21 15:02:28 KST 2025)
03-01 17:38:06.066  1272  1272 I ExynosCameraSec: [CAM(-1)][]-(checkDebuggingProperties[36]):DebugFlag is (0)
03-01 17:38:06.066  1272  1272 I ExynosCameraSec: [CAM(-1)][]-(check[80]):[FD_DEBUG] FD (PRE_LOAD_OFF)
03-01 17:38:06.066  1272  1272 I ExynosCameraSec: [CAM(-1)][]-(check[95]):[EIS_DEBUG] EIS (OFF)
03-01 17:38:06.066  1272  1272 I ExynosCameraSec: [CAM(-1)][]-(check[113]):[ASYMMETRIC BDS] BDS (OFF)
03-01 17:38:06.066  1272  1272 E ExynosCameraSec: Build Date is (Nov 21 2025) (15:10:16) Process 64 bit
03-01 17:38:06.066  1272  1272 I ExynosCameraSec: [CAM(1)][]-(m_init[154]):CameraId_0 (1)
03-01 17:38:06.066  1272  1272 I ExynosCameraSec: [CAM(1)][Front_0]-(m_init[168]):SingleCamera enabled! CameraId (1) m_scenario(0) sensorType(2)
03-01 17:38:06.066  1272  1272 I ExynosCameraSec: [CAM(1)][Front_0]-(m_vendorSpecificPreConstructor[8602]):-IN-
03-01 17:38:06.066  1272  1272 I SecCameraUtil: [CAM(-1)][]-(isEEprom[285]):INFO : SAMSUNG_EEPROM_FRONT is not defined
03-01 17:38:06.066  1272  1272 I ExynosCameraSec: [CAM(1)][Front_0]-(m_vendorSpecificPreConstructor[8616]):-OUT-
03-01 17:38:06.066  1272  1272 I ExynosCameraSensorInfo: INFO(createExynosCameraSensorInfo[712]):sensor ID 128 name IMX355
03-01 17:38:06.066  1272  1272 I SecCameraUtil: [CAM(-1)][]-(checkForceReloadProperty[179]):persist.vendor.camera.eeprom.reload : 0
03-01 17:38:06.066  1272  1272 I SecCameraUtil: [CAM(-1)][]-(checkFpsProperty[70]):INFO : set cam_fps property (0).
03-01 17:38:06.066  1272  1272 I SecCameraUtil: [CAM(-1)][]-(checkColorCodeProperty[57]):color info(ZB) / 1
03-01 17:38:06.066  1272  1272 I ExynosCameraConfigurationsSec: [CAM(1)][Front_0]-(checkCountryCodeProperty[2424]):countryCode Property - (IN)
03-01 17:38:06.066 15570 15581 I CameraManagerGlobal: postSingleUpdate device: camera id 1 status STATUS_NOT_AVAILABLE
03-01 17:38:06.066  1272  1272 I ExynosCameraConfigurationsSec: [CAM(1)][Front_0]-(setDefaultCameraInfo[157]):
03-01 17:38:06.066  4356  6035 I CameraManagerGlobal: postSingleUpdate device: camera id 1 status STATUS_NOT_AVAILABLE
03-01 17:38:06.066  1272  1272 I ExynosCameraSensorInfo: INFO(createExynosCameraSensorInfo[712]):sensor ID 128 name IMX355
03-01 17:38:06.066  1272  1272 I SecCameraUtil: [CAM(-1)][]-(checkBinningProperty[86]):INFO : set cam_binning property 0
03-01 17:38:06.066  1272  1272 I ExynosCameraParametersSec: [CAM(1)][Front_0]-(setDefaultCameraInfo[199]):
03-01 17:38:06.066  4356  6035 I CameraManagerGlobal: postSingleUpdate device: camera id 1 status STATUS_NOT_AVAILABLE
03-01 17:38:06.066  1272  1272 I ExynosCameraStreamManagerSec: [CAM(-1)][]-(m_init[338]):DEBUG :ID(1)
03-01 17:38:06.066  1272  1272 I ExynosCameraSec: [CAM(1)][Front_0]-(m_createManagers[10316]):Stream Manager created
03-01 17:38:06.066  1272  1272 I ExynosCameraSec: [CAM(1)][Front_0]-(m_createManagers[10321]):Buffer Supplier created
03-01 17:38:06.066  1272  1272 I ExynosCameraSec: [CAM(1)][Front_0]-(m_createIonAllocator[4465]):try(1) to create IonAllocator
03-01 17:38:06.066  1272  1272 I ExynosCameraSec: [CAM(1)][Front_0]-(m_createIonAllocator[4471]):m_createIonAllocator success (allocator=0xb400007db21ef530)
03-01 17:38:06.066  1272  1272 I ExynosCameraSec: [CAM(1)][Front_0]-(m_createManagers[10333]):IonAllocator is created
03-01 17:38:06.066  1272  1272 I ExynosCameraFrameManager: [CAM(1)][FRAME MANAGER]-(ExynosCameraFrameManager[936]): FrameManager CREATE mode(2)
03-01 17:38:06.066  1272  1272 I ExynosCameraFrameManager: [CAM(1)][CREATE FRAME WORKER]-(CreateWorker[126]): Worker CREATE mode(2) min_margin(200) max_margin(300)  
03-01 17:38:06.066  1272  1272 I ExynosCameraFrameManager: [CAM(1)][CREATE FRAME WORKER]-(m_setMargin[99]):margin is updated, margin[MAX/MIN]=(0 x 0) -> (300 x 200)
03-01 17:38:06.066  1272  1272 I ExynosCameraFrameManager: [CAM(1)][RUNNING FRAME WORKER]-(RunWorker[537]): Worker CREATE mode(2) 
03-01 17:38:06.066  1272  1272 I ExynosCameraFrameSelectorSec: [CAM(1)][]-(setFrameHoldCount[1794]):holdCount : 2
03-01 17:38:06.066  1272  1272 I ExynosCameraFrameSelectorSec: [CAM(1)][]-(setFrameHoldCount[1794]):holdCount : 2
03-01 17:38:06.066  1272  1272 I ExynosCameraSec: [CAM(1)][Front_0]-(m_createThreads[1039]):vplPreload thread is started
03-01 17:38:06.066  1272  1272 I ExynosCameraSec: [CAM(1)][Front_0]-(m_initMultiCam[582]):-IN-
03-01 17:38:06.066  1272  1272 I ExynosCameraSec: [CAM(1)][Front_0]-(m_initMultiCam[669]):-OUT-
03-01 17:38:06.066  1272  1272 I ExynosCameraRequestManagerSec: [CAM(-1)][]-(ExynosCameraRequestManager[1150]):Create-ID(1)
03-01 17:38:06.066  6611 22431 I CameraManagerGlobal: postSingleUpdate device: camera id 1 status STATUS_NOT_AVAILABLE
03-01 17:38:06.066  1272  1272 I ExynosCameraSec: [CAM(1)][Front_0]-(m_vendorSpecificConstructor[8622]):-IN-
03-01 17:38:06.066  1272  1272 I ExynosCameraActivitySpecialCaptureVendor: [CAM(1)][]-(resetOISCaptureFcount[409]):reset : 0
03-01 17:38:06.066  4356  4356 I SemDvfsHyPerManager: acquire hyper - GovernorS5e8825_REQ_MODE/4356@22, type = -999
03-01 17:38:06.067  1658  3514 I CameraManagerGlobal: postSingleUpdate device: camera id 1 status STATUS_NOT_AVAILABLE
03-01 17:38:06.067  1658  3514 I CameraManagerGlobal: postSingleUpdate device: camera id 1 status STATUS_NOT_AVAILABLE
03-01 17:38:06.067  1251  1327 I HYPER-HAL: [RequestManager.cpp]acquire(): Acquired ID : 9585653  [4356 / 22]    HINT :      list : [EMSTUNE_REQMODE / 5] 
03-01 17:38:06.068  1272 22190 I ExynosCameraSec: [CAM(1)][Front_0]-(m_vplPreloadThreadFunc[4636]):
03-01 17:38:06.068  1272 22190 I VPL_Library: vplPreLoad called
03-01 17:38:06.068  1272 22190 I VPL_Library: vplPreLoadWithPath called (/system/vendor/firmware/default_configuration.flm.cfg.bin)
03-01 17:38:06.068  1272 22190 I VPL_Library: VPL CommitID 8d034a1
03-01 17:38:06.068  1272 22190 I VPL_Library: VPL build timestamp: 2022:08:23-13:10:39:846
03-01 17:38:06.068  1272 22190 I VPL_Library: DebugMode_ 0
03-01 17:38:06.068  1272 22190 I VPL_Library: Library reference counter increased to 1
03-01 17:38:06.068  1272 22190 I VPL_Library: Initializing ostools - started.
03-01 17:38:06.068  1272 22190 I VPL_Library: Initializing ostools - done.
03-01 17:38:06.068  1272 22190 I VPL_Library: Loading engine singleton
03-01 17:38:06.068  1272 22190 I VPL_Library: Loading configuration file: /system/vendor/firmware/default_configuration.flm.cfg.bin
03-01 17:38:06.068  1272 22190 I EDEN    : [Exynos][EDEN][v1.6.23][EdenMemory] eden_mem_init:65: use DMBUF client=11
03-01 17:38:06.069  1272 22190 I EDEN    : [Exynos][EDEN][v1.6.23][RT::EdenManager] initUserDriver:145: (+) target : 4
03-01 17:38:06.069  8129 10496 I CameraManagerGlobal: postSingleUpdate device: camera id 1 status STATUS_NOT_AVAILABLE
03-01 17:38:06.069  8129 10496 I CameraManagerGlobal: postSingleUpdate device: camera id 1 status STATUS_NOT_AVAILABLE
03-01 17:38:06.069  5190 27629 I CameraManagerGlobal: postSingleUpdate device: camera id 1 status STATUS_NOT_AVAILABLE
03-01 17:38:06.069  5190  5190 I HBD     : EagleEye EagleEyeHoneyBee Camera is used by another app, camId = 1 
03-01 17:38:06.070  1272 22190 I EDEN    : [Exynos][EDEN][v1.6.23][RT::EdenManager] initUserDriver:190: Initialize NPU User Driver...
03-01 17:38:06.070  1272 22195 I EDEN    : [Exynos][EDEN][v1.6.23][RT::EdenManager] processExecuteManagerWorker:1956: === Start Thread === (+)
03-01 17:38:06.070  1272 22197 I EDEN    : [Exynos][EDEN][v1.6.23][UD::NPU] _open_thread_main:908: g_cond_open. dev_state(0)
03-01 17:38:06.070  1272 22196 I EDEN    : [Exynos][EDEN][v1.6.23][RT::EdenManager] processBoostOffWorker:1999: === Start Thread === (+)
03-01 17:38:06.071  1272 22190 I EDEN    : [Exynos][EDEN][v1.6.23][UD::NPU] init_npu:207: NPU device initialization completed
03-01 17:38:06.071  1272 22190 I EDEN    : [Exynos][EDEN][v1.6.23][RT::EdenManager] initUserDriver:271: (-)
03-01 17:38:06.071  1272 22190 I VPL_Library: Loading EDEN model file: /system/vendor/firmware/OD_V2.1.6_01_26_QVGA.nnc, HW: NPU, mode: NORMAL, latency: 25000
03-01 17:38:06.071  1272 22190 I VPL_Library: vendor/samsung_slsi/exynos/camera/libVPL/src/VPL_NnEngineEden.cpp - InitModel 149 
03-01 17:38:06.071  1272 22190 I EDEN    : [Exynos][EDEN][v1.6.23][RT::EdenRuntime] OpenModelFromFile:224: (+)
03-01 17:38:06.071  1658  1826 I CameraService_worker: DeviceInjector, onSemCameraDeviceRawStatus 1 -2
03-01 17:38:06.073  8129  8389 D CollapsedStatusBarFragmentExt: onCameraOpened(cId:1, pId:com.samsung.android.smartface)    shouldHideIconsForNextAppWindow:false, lastFullscreen(pkg:, flag:false),    keyguard(fa:false, ga:false, oc:false, show:false)
03-01 17:38:06.074  1272 22190 I EDEN    : [Exynos][EDEN][v1.6.23][NN::EdenModel] SetCompatible:132: compatible=0
03-01 17:38:06.074  1272 22190 I EDEN    : [Exynos][EDEN][v1.6.23][NN::TfLiteConverter] CreateEdenOperation:399: builtinOpName NCP
03-01 17:38:06.074  1272 22190 I EDEN    : [Exynos][EDEN][v1.6.23][NN::TfLiteConverter] ParseCompileInfo:1505: NPUC_VERSION : v1.6.6.g.slsi
03-01 17:38:06.074  1272 22190 I EDEN    : [Exynos][EDEN][v1.6.23][NN::TfLiteConverter] CreateEdenOperation:399: builtinOpName Dequantization
03-01 17:38:06.074  1272 22190 I EDEN    : [Exynos][EDEN][v1.6.23][NN::TfLiteConverter] CreateEdenOperation:399: builtinOpName Dequantization
03-01 17:38:06.074  1272 22190 I EDEN    : [Exynos][EDEN][v1.6.23][NN::TfLiteConverter] CreateEdenOperation:399: builtinOpName Dequantization
03-01 17:38:06.074  1272 22190 I EDEN    : [Exynos][EDEN][v1.6.23][NN::TfLiteConverter] CreateEdenOperation:399: builtinOpName Dequantization
03-01 17:38:06.074  1272 22190 I EDEN    : [Exynos][EDEN][v1.6.23][NN::TfLiteConverter] CreateEdenOperation:399: builtinOpName Dequantization
03-01 17:38:06.074  1272 22190 I EDEN    : [Exynos][EDEN][v1.6.23][NN::TfLiteConverter] CreateEdenOperation:399: builtinOpName Dequantization
03-01 17:38:06.074  1272 22190 I EDEN    : [Exynos][EDEN][v1.6.23][NN::TfLiteConverter] CreateEdenOperation:399: builtinOpName Dequantization
03-01 17:38:06.074  1272 22190 I EDEN    : [Exynos][EDEN][v1.6.23][NN::TfLiteConverter] CreateEdenOperation:399: builtinOpName Dequantization
03-01 17:38:06.074  1272 22190 I EDEN    : [Exynos][EDEN][v1.6.23][NN::TfLiteConverter] CreateEdenOperation:399: builtinOpName Dequantization
03-01 17:38:06.074  1272 22190 I EDEN    : [Exynos][EDEN][v1.6.23][NN::TfLiteConverter] CreateEdenOperation:399: builtinOpName Dequantization
03-01 17:38:06.074  1272 22190 I EDEN    : [Exynos][EDEN][v1.6.23][RT::EdenManager] openModel:315: Unique Model Id=[127202215]
03-01 17:38:06.075  1272 22190 I EDEN    : [Exynos][EDEN][v1.6.23][UD::NpuUserDriver] OpenModel:216: NCP_BINARY is found! addr=[0xb400007c53331da8], size=[3678721]
03-01 17:38:06.075  1272 22190 I EDEN    : [Exynos][EDEN][v1.6.23][UD::NpuUserDriver] OpenModel:220: NCP_NAME is found! addr=[0xb400007c53331d44], size=[29]
03-01 17:38:06.075  1272 22190 I EDEN    : [Exynos][EDEN][v1.6.23][UD::NpuUserDriver] OpenModel:222: udModelInfo->model_name=[OD_V2.1.6_01_26_QVGA_ncp.bin]
03-01 17:38:06.076  1272 22190 I EDEN    : [Exynos][EDEN][v1.6.23][UD::NPU] _add_ncp:1064: signal g_cond_open first=[0xb400007df222b650]
03-01 17:38:06.076  1272 22190 I EDEN    : [Exynos][EDEN][v1.6.23][UD::NPU] open_model:319: open model requested to link layer
03-01 17:38:06.076  1272 22197 I EDEN    : [Exynos][EDEN][v1.6.23][UD::NPU] _open_thread_main:932: woke by g_cond_open
03-01 17:38:06.076  1272 22197 I EDEN    : [Exynos][EDEN][v1.6.23][UD::NPU] _open_thread_main:839: open [0xb400007df222b650], ncp->id=127202215, state=0, name=OD_V2.1.6_01_26_QVGA_ncp.bin
03-01 17:38:06.079  1272  1272 I ExynosCameraSec: [CAM(-1)][]-(ExynosCameraTimerHandler[79]):ExynosCameraTimerHandler
03-01 17:38:06.079  1272  1272 I ExynosCameraSec: [CAM(1)][Front_0]-(m_vendorSpecificConstructor[8704]):-OUT-
03-01 17:38:06.079  1272  1272 I ExynosCameraFramePipeHandlerPreview: [CAM(1)][ExynosCameraFramePipeHandlerPreview]-(m_initFramePipeHandler[35]):
03-01 17:38:06.080  1272  1272 I ExynosCameraInterface: [CAM(-1)][]-(HAL3_camera_device_open[160]):INFO :camera(1) out from new g_cam_device3[1]->priv()
03-01 17:38:06.080  1272  1272 I ExynosCameraSensorInfo: INFO(createExynosCameraSensorInfo[712]):sensor ID 128 name IMX355
03-01 17:38:06.080  1272  1272 I ExynosCameraInterface: [CAM(-1)][]-(m_torchModeStatusChangeCB[996]):CAM-1 : isFlashSupported = 0
03-01 17:38:06.080  1272  1272 I ExynosCameraInterface: INFO(checkCalReloadEnabled[1234]):CAL_RELOAD_FILE_PATH open fail
03-01 17:38:06.080  1272  1272 I SecCameraUtil: [CAM(-1)][]-(checkForceReloadProperty[179]):persist.vendor.camera.eeprom.reload : 0
03-01 17:38:06.080  1272  1272 I ExynosCameraInterface: [CAM(-1)][]-(HAL3_camera_device_open[418]):[CAMSYSKPI] camera(1) out =====
03-01 17:38:06.080  1272  1272 I ExynosCameraInterface: DEBUG:duration time(   15 msec):(HAL3_camera_device_open)
03-01 17:38:06.080  1272  1272 I Unihal  : UniState.cpp: transitState: 101: Transiting to state 1
03-01 17:38:06.080  1272  1272 I Unihal  : ParameterManager.cpp: SetCameraCharacteristics: 116: Registered camera characteristics successfully. : cameraId=1, characteristics=0xb400007e221e1b30
03-01 17:38:06.080  1272  1272 I Unihal  : ScenarioManager.cpp: ScenarioManager: 77: Use latest front segmentation mode = 0
03-01 17:38:06.080  1272  1272 I Unihal  : ScenarioManager.cpp: ScenarioManager: 86: Use latest rear segmentation mode = 0
03-01 17:38:06.080  1272  1272 I Unihal  : UniUtils.cpp: GetProductName: 171: Succeeded to get product name property. : productName=m33xins
03-01 17:38:06.080  1272  1272 I Unihal  : UniUtils.cpp: GetChipName: 198: Succeeded to get chip name property. : chipName=s5e8825
03-01 17:38:06.080  1272  1272 I Unihal  : UniHal3InterfaceEntry.cpp: uni_open_camera_hardware: 590: X (0)
03-01 17:38:06.081  1272  1272 I SehCamDev@5.0-impl: [CAMKPI] camera3->open : X
03-01 17:38:06.081  1272  1272 I Unihal  : UniState.cpp: transitState: 101: Transiting to state 2
03-01 17:38:06.081  1272  1272 I ExynosCameraInterface: [CAM(-1)][]-(HAL3_camera_device_initialize[548]):INFO :in =====
03-01 17:38:06.081  1272  1272 I ExynosCameraInterface: [CAM(-1)][]-(HAL3_camera_device_initialize[554]):INFO : cam_state[0](1)
03-01 17:38:06.081  1272  1272 I ExynosCameraVendorOps: [CAM(1)][Front_0]-(initializeDevice[3534]):
03-01 17:38:06.081  1272  1272 I ExynosCameraInterface: [CAM(-1)][]-(HAL3_camera_device_initialize[564]):INFO :out =====
03-01 17:38:06.081  1272  1272 I ExynosCameraInterface: DEBUG:duration time(    0 msec):(HAL3_camera_device_initialize)
03-01 17:38:06.085  1438 25607 D CameraProviderManager: CameraPerf: openHidlSession X (19ms)
03-01 17:38:06.088  1438 25607 D HidlCamera3-Device: CameraPerf: initialize X (23ms)
03-01 17:38:06.088  1438 25607 D Camera3-Device: CameraPerf: initializeCommonLocked: E
03-01 17:38:06.089  1438 25607 I Camera3-Status: addComponent: Adding new component 0 - InflightRequests
03-01 17:38:06.089  1438 25607 I Camera3-Status: addComponent: Adding new component 1 - RequestThread
03-01 17:38:06.089  1438 25607 I Camera3-Device: setCameraMute, enabled = false, supported = false
03-01 17:38:06.089  1438 25607 D Camera3-Device: initializeCommonLocked mTimestampOffset = 167963813688888ns.
03-01 17:38:06.090  1438 25607 D Camera3-Device: CameraPerf: initializeCommonLocked: X (1ms)
03-01 17:38:06.090  1438 25607 E Camera2-FrameProcessorBase: FrameProcessorBase: created
03-01 17:38:06.090  1438 25607 E Camera2-FrameProcessorBase: registerListener: Registering listener for frame id range 0 - 2147483647
03-01 17:38:06.091  1438 25607 I CameraService: connectHelper: overrideCameraMuteMode = false, isCameraPrivacyEnabled = false
