03-01 17:24:39.322  1272  1616 I ExynosCameraPipe: [CAM(1)][PIPE_MERTA]-(m_dumpRunningFrameList[393]):last fcount(HAL:4, DRV:11)
03-01 17:24:39.322  1272  1616 I ExynosCameraPipe: [CAM(1)][PIPE_MERTA]-(m_dumpRunningFrameList[393]):last fcount(HAL:5, DRV:12)
03-01 17:24:39.322  1272  1616 I ExynosCameraPipe: [CAM(1)][PIPE_MERTA]-(m_dumpRunningFrameList[393]):last fcount(HAL:0, DRV:0)
03-01 17:24:39.322  1272  1616 I ExynosCameraPipe: [CAM(1)][PIPE_MERTA]-(m_dumpRunningFrameList[397]):*********runningFrameList dump***********
03-01 17:24:39.322  1272  1616 I ExynosCameraPipe: [CAM(1)][PIPE_MERTA]-(m_dumpRunningFrameList[398]):m_numBuffers : 0
03-01 17:24:39.322  1272  1616 I ExynosCameraFrameFactoryBase: [CAM(1)][Front_0]-(stopThreadAndWait[137]):pipeId=45
03-01 17:24:39.322  1272  1616 I ExynosCameraPipe: [CAM(1)][PIPE_NFD]-(stopThreadAndWait[263]): IN
03-01 17:24:39.322  1272  1616 I ExynosCameraPipe: [CAM(1)][PIPE_NFD]-(stopThreadAndWait[282]): OUT
03-01 17:24:39.322  1272  1616 I ExynosCameraPipePPSec: [CAM(1)][PIPE_PP_UNI0]-(stop[375]):
03-01 17:24:39.322  1272  1616 I ExynosCameraPipePPSec: [CAM(1)][PIPE_PP_UNI0]-(stop[382]): thead exited
03-01 17:24:39.322  1272  1616 I ExynosCameraPipe: [CAM(1)][PIPE_PP_UNI0]-(m_dumpRunningFrameList[393]):last fcount(HAL:0, DRV:0)
03-01 17:24:39.322  1272  1616 I ExynosCameraPipe: [CAM(1)][PIPE_PP_UNI0]-(m_dumpRunningFrameList[397]):*********runningFrameList dump***********
03-01 17:24:39.322  1272  1616 I ExynosCameraPipe: [CAM(1)][PIPE_PP_UNI0]-(m_dumpRunningFrameList[398]):m_numBuffers : 0
03-01 17:24:39.322  1272  1616 I ExynosCameraPipePPSec: [CAM(1)][PIPE_PP_UNI1]-(stop[375]):
03-01 17:24:39.322  1272  1616 I ExynosCameraPipePPSec: [CAM(1)][PIPE_PP_UNI1]-(stop[382]): thead exited
03-01 17:24:39.322  1272  1616 I ExynosCameraPipe: [CAM(1)][PIPE_PP_UNI1]-(m_dumpRunningFrameList[393]):last fcount(HAL:0, DRV:0)
03-01 17:24:39.322  1272  1616 I ExynosCameraPipe: [CAM(1)][PIPE_PP_UNI1]-(m_dumpRunningFrameList[397]):*********runningFrameList dump***********
03-01 17:24:39.322  1272  1616 I ExynosCameraPipe: [CAM(1)][PIPE_PP_UNI1]-(m_dumpRunningFrameList[398]):m_numBuffers : 0
03-01 17:24:39.322  1272  1616 I ExynosCameraPipePPSec: [CAM(1)][PIPE_PP_UNI2]-(stop[375]):
03-01 17:24:39.322  1272  1616 I ExynosCameraPipePPSec: [CAM(1)][PIPE_PP_UNI2]-(stop[382]): thead exited
03-01 17:24:39.322  1272  1616 I ExynosCameraPipe: [CAM(1)][PIPE_PP_UNI2]-(m_dumpRunningFrameList[393]):last fcount(HAL:0, DRV:0)
03-01 17:24:39.322  1272  1616 I ExynosCameraPipe: [CAM(1)][PIPE_PP_UNI2]-(m_dumpRunningFrameList[397]):*********runningFrameList dump***********
03-01 17:24:39.322  1272  1616 I ExynosCameraPipe: [CAM(1)][PIPE_PP_UNI2]-(m_dumpRunningFrameList[398]):m_numBuffers : 0
03-01 17:24:39.322  1272  1616 I ExynosCameraPipePPSec: [CAM(1)][PIPE_PP_UNI3]-(stop[375]):
03-01 17:24:39.322  1272  1616 I ExynosCameraPipePPSec: [CAM(1)][PIPE_PP_UNI3]-(stop[382]): thead exited
03-01 17:24:39.322  1272  1616 I ExynosCameraPipe: [CAM(1)][PIPE_PP_UNI3]-(m_dumpRunningFrameList[393]):last fcount(HAL:0, DRV:0)
03-01 17:24:39.322  1272  1616 I ExynosCameraPipe: [CAM(1)][PIPE_PP_UNI3]-(m_dumpRunningFrameList[397]):*********runningFrameList dump***********
03-01 17:24:39.322  1272  1616 I ExynosCameraPipe: [CAM(1)][PIPE_PP_UNI3]-(m_dumpRunningFrameList[398]):m_numBuffers : 0
03-01 17:24:39.322  1272  1616 I ExynosCameraPipePPSec: [CAM(1)][PIPE_PP_SINGLE0]-(stop[375]):
03-01 17:24:39.322  1272  1616 I ExynosCameraPipePPSec: [CAM(1)][PIPE_PP_SINGLE0]-(stop[382]): thead exited
03-01 17:24:39.322  1272  1616 I ExynosCameraPipe: [CAM(1)][PIPE_PP_SINGLE0]-(m_dumpRunningFrameList[393]):last fcount(HAL:0, DRV:0)
03-01 17:24:39.322  1272  1616 I ExynosCameraPipe: [CAM(1)][PIPE_PP_SINGLE0]-(m_dumpRunningFrameList[397]):*********runningFrameList dump***********
03-01 17:24:39.322  1272  1616 I ExynosCameraPipe: [CAM(1)][PIPE_PP_SINGLE0]-(m_dumpRunningFrameList[398]):m_numBuffers : 0
03-01 17:24:39.322  1272  1616 I ExynosCameraPipePPSec: [CAM(1)][PIPE_PP_SINGLE1]-(stop[375]):
03-01 17:24:39.322  1272  1616 I ExynosCameraPipePPSec: [CAM(1)][PIPE_PP_SINGLE1]-(stop[382]): thead exited
03-01 17:24:39.322  1272  1616 I ExynosCameraPipe: [CAM(1)][PIPE_PP_SINGLE1]-(m_dumpRunningFrameList[393]):last fcount(HAL:0, DRV:0)
03-01 17:24:39.322  1272  1616 I ExynosCameraPipe: [CAM(1)][PIPE_PP_SINGLE1]-(m_dumpRunningFrameList[397]):*********runningFrameList dump***********
03-01 17:24:39.322  1272  1616 I ExynosCameraPipe: [CAM(1)][PIPE_PP_SINGLE1]-(m_dumpRunningFrameList[398]):m_numBuffers : 0
03-01 17:24:39.322  1272  1616 I ExynosCameraPipePPSec: [CAM(1)][PIPE_PP_SINGLE2]-(stop[375]):
03-01 17:24:39.322  1272  1616 I ExynosCameraPipePPSec: [CAM(1)][PIPE_PP_SINGLE2]-(stop[382]): thead exited
03-01 17:24:39.322  1272  1616 I ExynosCameraPipe: [CAM(1)][PIPE_PP_SINGLE2]-(m_dumpRunningFrameList[393]):last fcount(HAL:0, DRV:0)
03-01 17:24:39.322  1272  1616 I ExynosCameraPipe: [CAM(1)][PIPE_PP_SINGLE2]-(m_dumpRunningFrameList[397]):*********runningFrameList dump***********
03-01 17:24:39.322  1272  1616 I ExynosCameraPipe: [CAM(1)][PIPE_PP_SINGLE2]-(m_dumpRunningFrameList[398]):m_numBuffers : 0
03-01 17:24:39.322  1272  1616 I ExynosCameraSWPipe: [CAM(1)][PIPE_GSC]-(stop[43]):
03-01 17:24:39.322  1272  1616 I ExynosCameraSWPipe: [CAM(1)][PIPE_GSC]-(stop[51]):thead exited
03-01 17:24:39.322  1272  1616 I ExynosCameraPipe: [CAM(1)][PIPE_GSC]-(m_dumpRunningFrameList[393]):last fcount(HAL:0, DRV:0)
03-01 17:24:39.322  1272  1616 I ExynosCameraPipe: [CAM(1)][PIPE_GSC]-(m_dumpRunningFrameList[397]):*********runningFrameList dump***********
03-01 17:24:39.322  1272  1616 I ExynosCameraPipe: [CAM(1)][PIPE_GSC]-(m_dumpRunningFrameList[398]):m_numBuffers : 0
03-01 17:24:39.322  1272  1616 I ExynosCameraFrameFactoryPreviewSec: [CAM(1)][Front_0]-(stopPipes[7299]):Stopping  Success!
03-01 17:24:39.322  1272  1616 I ExynosCameraVendorOps: [CAM(1)][Front_0]-(flush[4574]):m_frameFactory[5] stopPipes
03-01 17:24:39.322  1272  1616 I ExynosCameraSec: [CAM(1)][Front_0]-(m_stopFrameFactory[3102]):
03-01 17:24:39.322  1272  1616 I ExynosCameraFrameReprocessingFactorySec: [CAM(1)][Front_0]-(stopPipes[1683]):
03-01 17:24:39.322  1272  1616 I ExynosCameraMCPipe: [CAM(1)][PIPE_LME_SRC_IMAGE_REPROCESSING]-(stopThread[179]):
03-01 17:24:39.322  1272  1616 I ExynosCameraMCPipeSec: [CAM(1)][PIPE_LME_SRC_IMAGE_REPROCESSING]-(m_dumpRunningFrameList[2874]):last fcount(HAL_DQ:0, DRV:0, HAL_Q:0)
03-01 17:24:39.323  1272  1616 I ExynosCameraMCPipe: [CAM(1)][PIPE_LME_SRC_IMAGE_REPROCESSING]-(stopThread[201]):stopThread is succeed, Pipe(238)
03-01 17:24:39.323  1272  1616 I ExynosCameraMCPipe: [CAM(1)][PIPE_ISP_REPROCESSING]-(stopThread[179]):
03-01 17:24:39.323  1272  1616 I ExynosCameraMCPipeSec: [CAM(1)][PIPE_ISP_REPROCESSING]-(m_dumpRunningFrameList[2874]):last fcount(HAL_DQ:0, DRV:0, HAL_Q:0)
03-01 17:24:39.323  1272  1616 I ExynosCameraMCPipe: [CAM(1)][PIPE_ISP_REPROCESSING]-(stopThread[201]):stopThread is succeed, Pipe(209)
03-01 17:24:39.323  1272  1616 I ExynosCameraMCPipe: [CAM(1)][PIPE_LME_SRC_IMAGE_REPROCESSING]-(m_stopNode[1382]):
03-01 17:24:39.323  1272  1616 I ExynosCameraMCPipe: [CAM(1)][PIPE_LME_SRC_IMAGE_REPROCESSING]-(stop[136]):Thread exited
03-01 17:24:39.323  1272  1616 I ExynosCameraMCPipe: [CAM(1)][PIPE_LME_SRC_IMAGE_REPROCESSING]-(stop[169]):stop() is succeed, Pipe(238)
03-01 17:24:39.323  1272  1616 I ExynosCameraMCPipe: [CAM(1)][PIPE_ISP_REPROCESSING]-(m_stopNode[1382]):
03-01 17:24:39.324  1272  1616 I ExynosCameraNode: [CAM(1)][REPROCESSING_ISP_SVHIST]-(stop[477]):skip node stop. request buffer is zeor
03-01 17:24:39.324  1272  1616 I ExynosCameraNode: [CAM(1)][REPROCESSING_ISP_SVHIST]-(m_clrBuffers[1029]):not yet requested. so, just return 0(fd:-1, count:-1)
03-01 17:24:39.324  1272  1616 I ExynosCameraNode: [CAM(1)][REPROCESSING_ISP_DRC_GAIN]-(stop[477]):skip node stop. request buffer is zeor
03-01 17:24:39.324  1272  1616 I ExynosCameraNode: [CAM(1)][REPROCESSING_ISP_DRC_GAIN]-(m_clrBuffers[1029]):not yet requested. so, just return 0(fd:-1, count:-1)
03-01 17:24:39.324  1272  1616 I ExynosCameraMCPipe: [CAM(1)][PIPE_ISP_REPROCESSING]-(m_stopNode[1392]):node(REPROCESSING_MCSC_CAPTURE_YUV_1)->stop skipped, shared node ret(0)
03-01 17:24:39.324  1272  1616 I ExynosCameraMCPipe: [CAM(1)][PIPE_ISP_REPROCESSING]-(m_stopNode[1392]):node(REPROCESSING_MCSC_CAPTURE_YUV_2)->stop skipped, shared node ret(0)
03-01 17:24:39.324  1272  1616 I ExynosCameraNode: [CAM(1)][REPROCESSING_ISP_NRDS]-(stop[477]):skip node stop. request buffer is zeor
03-01 17:24:39.324  1272  1616 I ExynosCameraNode: [CAM(1)][REPROCESSING_ISP_NRDS]-(m_clrBuffers[1029]):not yet requested. so, just return 0(fd:-1, count:-1)
03-01 17:24:39.324  1272  1616 I ExynosCameraNode: [CAM(1)][REPROCESSING_ISP_NOISE]-(stop[477]):skip node stop. request buffer is zeor
03-01 17:24:39.324  1272  1616 I ExynosCameraNode: [CAM(1)][REPROCESSING_ISP_NOISE]-(m_clrBuffers[1029]):not yet requested. so, just return 0(fd:-1, count:-1)
03-01 17:24:39.324  1272  1616 I ExynosCameraMCPipe: [CAM(1)][PIPE_ISP_REPROCESSING]-(stop[136]):Thread exited
03-01 17:24:39.324  1272  1616 I ExynosCameraMCPipe: [CAM(1)][PIPE_ISP_REPROCESSING]-(stop[169]):stop() is succeed, Pipe(209)
03-01 17:24:39.324  1272  1616 I ExynosCameraPipePlugIn: [CAM(1)][PIPE_MERTA_REPROCESSING]-(stop[142]):
03-01 17:24:39.324  1272  1616 I MERTA_Plugin: INFO(stop[115]):stop[115]
03-01 17:24:39.324  1272  1616 I ExynosCameraSWPipe: [CAM(1)][PIPE_MERTA_REPROCESSING]-(stop[43]):
03-01 17:24:39.324  1272  1616 I ExynosCameraSWPipe: [CAM(1)][PIPE_MERTA_REPROCESSING]-(stop[51]):thead exited
03-01 17:24:39.324  1272  1616 I ExynosCameraPipe: [CAM(1)][PIPE_MERTA_REPROCESSING]-(m_dumpRunningFrameList[393]):last fcount(HAL:0, DRV:0)
03-01 17:24:39.324  1272  1616 I ExynosCameraPipe: [CAM(1)][PIPE_MERTA_REPROCESSING]-(m_dumpRunningFrameList[397]):*********runningFrameList dump***********
03-01 17:24:39.324  1272  1616 I ExynosCameraPipe: [CAM(1)][PIPE_MERTA_REPROCESSING]-(m_dumpRunningFrameList[398]):m_numBuffers : 0
03-01 17:24:39.324  1272  1616 I ExynosCameraPipePlugIn: [CAM(1)][PIPE_LMESW_REPROCESSING]-(stop[142]):
03-01 17:24:39.324  1272  1616 I ExynosCameraPlugInlibSWLME: [CAM(1)][libSWLME_PLUGIN]-(m_stop[154]):
03-01 17:24:39.324  1272  1616 I libSWLME: lmecpu_deinit() completed.
03-01 17:24:39.324  1272  1616 I libSWLME: libSWLME_CORE::~libSWLME_CORE : Deconstructed.
03-01 17:24:39.324  1272  1616 I ExynosCameraSWPipe: [CAM(1)][PIPE_LMESW_REPROCESSING]-(stop[43]):
03-01 17:24:39.324  1272  1616 I ExynosCameraSWPipe: [CAM(1)][PIPE_LMESW_REPROCESSING]-(stop[51]):thead exited
03-01 17:24:39.324  1272  1616 I ExynosCameraPipe: [CAM(1)][PIPE_LMESW_REPROCESSING]-(m_dumpRunningFrameList[393]):last fcount(HAL:0, DRV:0)
03-01 17:24:39.324  1272  1616 I ExynosCameraPipe: [CAM(1)][PIPE_LMESW_REPROCESSING]-(m_dumpRunningFrameList[397]):*********runningFrameList dump***********
03-01 17:24:39.324  1272  1616 I ExynosCameraPipe: [CAM(1)][PIPE_LMESW_REPROCESSING]-(m_dumpRunningFrameList[398]):m_numBuffers : 0
03-01 17:24:39.324  1272  1616 I ExynosCameraPipePlugIn: [CAM(1)][PIPE_CNR_REPROCESSING]-(stop[142]):
03-01 17:24:39.324  1272  1616 I ExynosCameraSWPipe: [CAM(1)][PIPE_CNR_REPROCESSING]-(stop[43]):
03-01 17:24:39.324  1272  1616 I ExynosCameraSWPipe: [CAM(1)][PIPE_CNR_REPROCESSING]-(stop[51]):thead exited
03-01 17:24:39.324  1272  1616 I ExynosCameraPipe: [CAM(1)][PIPE_CNR_REPROCESSING]-(m_dumpRunningFrameList[393]):last fcount(HAL:0, DRV:0)
03-01 17:24:39.324  1272  1616 I ExynosCameraPipe: [CAM(1)][PIPE_CNR_REPROCESSING]-(m_dumpRunningFrameList[397]):*********runningFrameList dump***********
03-01 17:24:39.324  1272  1616 I ExynosCameraPipe: [CAM(1)][PIPE_CNR_REPROCESSING]-(m_dumpRunningFrameList[398]):m_numBuffers : 0
03-01 17:24:39.324  1272  1616 I ExynosCameraPipeJpeg: [CAM(1)][PIPE_JPEG_REPROCESSING]-(stop[47]):
03-01 17:24:39.325  1272  1616 I ExynosCameraSWPipe: [CAM(1)][PIPE_JPEG_REPROCESSING]-(stop[43]):
03-01 17:24:39.325  1272  1616 I ExynosCameraSWPipe: [CAM(1)][PIPE_JPEG_REPROCESSING]-(stop[51]):thead exited
03-01 17:24:39.325  1272  1616 I ExynosCameraPipe: [CAM(1)][PIPE_JPEG_REPROCESSING]-(m_dumpRunningFrameList[393]):last fcount(HAL:0, DRV:0)
03-01 17:24:39.325  1272  1616 I ExynosCameraPipe: [CAM(1)][PIPE_JPEG_REPROCESSING]-(m_dumpRunningFrameList[397]):*********runningFrameList dump***********
03-01 17:24:39.325  1272  1616 I ExynosCameraPipe: [CAM(1)][PIPE_JPEG_REPROCESSING]-(m_dumpRunningFrameList[398]):m_numBuffers : 0
03-01 17:24:39.325  1272  1616 I ExynosCameraPipePPSec: [CAM(1)][PIPE_PP_UNI_REPROCESSING]-(stop[375]):
03-01 17:24:39.325  1272  1616 I ExynosCameraPipePPSec: [CAM(1)][PIPE_PP_UNI_REPROCESSING]-(stop[382]): thead exited
03-01 17:24:39.325  1272  1616 I ExynosCameraPipe: [CAM(1)][PIPE_PP_UNI_REPROCESSING]-(m_dumpRunningFrameList[393]):last fcount(HAL:0, DRV:0)
03-01 17:24:39.325  1272  1616 I ExynosCameraPipe: [CAM(1)][PIPE_PP_UNI_REPROCESSING]-(m_dumpRunningFrameList[397]):*********runningFrameList dump***********
03-01 17:24:39.325  1272  1616 I ExynosCameraPipe: [CAM(1)][PIPE_PP_UNI_REPROCESSING]-(m_dumpRunningFrameList[398]):m_numBuffers : 0
03-01 17:24:39.325  1272  1616 I ExynosCameraPipePPSec: [CAM(1)][PIPE_PP_UNI_REPROCESSING2]-(stop[375]):
03-01 17:24:39.325  1272  1616 I ExynosCameraPipePPSec: [CAM(1)][PIPE_PP_UNI_REPROCESSING2]-(stop[382]): thead exited
03-01 17:24:39.325  1272  1616 I ExynosCameraPipe: [CAM(1)][PIPE_PP_UNI_REPROCESSING2]-(m_dumpRunningFrameList[393]):last fcount(HAL:0, DRV:0)
03-01 17:24:39.325  1272  1616 I ExynosCameraPipe: [CAM(1)][PIPE_PP_UNI_REPROCESSING2]-(m_dumpRunningFrameList[397]):*********runningFrameList dump***********
03-01 17:24:39.325  1272  1616 I ExynosCameraPipe: [CAM(1)][PIPE_PP_UNI_REPROCESSING2]-(m_dumpRunningFrameList[398]):m_numBuffers : 0
03-01 17:24:39.325  1272  1616 I ExynosCameraPipePPSec: [CAM(1)][PIPE_PP_UNI_RAW_REPROCESSING]-(stop[375]):
03-01 17:24:39.325  1272  1616 I ExynosCameraPipePPSec: [CAM(1)][PIPE_PP_UNI_RAW_REPROCESSING]-(stop[382]): thead exited
03-01 17:24:39.325  1272  1616 I ExynosCameraPipe: [CAM(1)][PIPE_PP_UNI_RAW_REPROCESSING]-(m_dumpRunningFrameList[393]):last fcount(HAL:0, DRV:0)
03-01 17:24:39.325  1272  1616 I ExynosCameraPipe: [CAM(1)][PIPE_PP_UNI_RAW_REPROCESSING]-(m_dumpRunningFrameList[397]):*********runningFrameList dump***********
03-01 17:24:39.325  1272  1616 I ExynosCameraPipe: [CAM(1)][PIPE_PP_UNI_RAW_REPROCESSING]-(m_dumpRunningFrameList[398]):m_numBuffers : 0
03-01 17:24:39.325  1272  1616 I ExynosCameraSWPipe: [CAM(1)][PIPE_GSC_REPROCESSING2]-(stop[43]):
03-01 17:24:39.325  1272  1616 I ExynosCameraSWPipe: [CAM(1)][PIPE_GSC_REPROCESSING2]-(stop[51]):thead exited
03-01 17:24:39.325  1272  1616 I ExynosCameraPipe: [CAM(1)][PIPE_GSC_REPROCESSING2]-(m_dumpRunningFrameList[393]):last fcount(HAL:0, DRV:0)
03-01 17:24:39.325  1272  1616 I ExynosCameraPipe: [CAM(1)][PIPE_GSC_REPROCESSING2]-(m_dumpRunningFrameList[397]):*********runningFrameList dump***********
03-01 17:24:39.325  1272  1616 I ExynosCameraPipe: [CAM(1)][PIPE_GSC_REPROCESSING2]-(m_dumpRunningFrameList[398]):m_numBuffers : 0
03-01 17:24:39.325  1272  1616 I ExynosCameraSWPipe: [CAM(1)][PIPE_GSC_REPROCESSING3]-(stop[43]):
03-01 17:24:39.325  1272  1616 I ExynosCameraSWPipe: [CAM(1)][PIPE_GSC_REPROCESSING3]-(stop[51]):thead exited
03-01 17:24:39.325  1272  1616 I ExynosCameraPipe: [CAM(1)][PIPE_GSC_REPROCESSING3]-(m_dumpRunningFrameList[393]):last fcount(HAL:0, DRV:0)
03-01 17:24:39.325  1272  1616 I ExynosCameraPipe: [CAM(1)][PIPE_GSC_REPROCESSING3]-(m_dumpRunningFrameList[397]):*********runningFrameList dump***********
03-01 17:24:39.325  1272  1616 I ExynosCameraPipe: [CAM(1)][PIPE_GSC_REPROCESSING3]-(m_dumpRunningFrameList[398]):m_numBuffers : 0
03-01 17:24:39.325  1272  1616 I ExynosCameraFrameReprocessingFactorySec: [CAM(1)][Front_0]-(stopPipes[2094]):Stopping Reprocessing [3AA>MCSC] Success!
03-01 17:24:39.325  1272  1616 I ExynosCameraVendorOps: [CAM(1)][Front_0]-(flush[4574]):m_frameFactory[0] stopPipes
03-01 17:24:39.325  1272  1616 I ExynosCameraSec: [CAM(1)][Front_0]-(m_deinitUniPP[28394]):UNI_PORT_NUM(0) PIPE_UNI_NUM(0) scenario(0)
03-01 17:24:39.325  1272  1616 I ExynosCameraSec: [CAM(1)][Front_0]-(m_deinitUniPP[28394]):UNI_PORT_NUM(0) PIPE_UNI_NUM(1) scenario(0)
03-01 17:24:39.325  1272  1616 I ExynosCameraSec: [CAM(1)][Front_0]-(m_deinitUniPP[28394]):UNI_PORT_NUM(0) PIPE_UNI_NUM(2) scenario(0)
03-01 17:24:39.325  1272  1616 I ExynosCameraSec: [CAM(1)][Front_0]-(m_deinitUniPP[28394]):UNI_PORT_NUM(0) PIPE_UNI_NUM(3) scenario(0)
03-01 17:24:39.325  1272  1616 I ExynosCameraSec: [CAM(1)][Front_0]-(m_deinitUniPP[28394]):UNI_PORT_NUM(1) PIPE_UNI_NUM(0) scenario(0)
03-01 17:24:39.325  1272  1616 I ExynosCameraSec: [CAM(1)][Front_0]-(m_deinitUniPP[28394]):UNI_PORT_NUM(1) PIPE_UNI_NUM(1) scenario(0)
03-01 17:24:39.325  1272  1616 I ExynosCameraSec: [CAM(1)][Front_0]-(m_deinitUniPP[28394]):UNI_PORT_NUM(1) PIPE_UNI_NUM(2) scenario(0)
03-01 17:24:39.325  1272  1616 I ExynosCameraSec: [CAM(1)][Front_0]-(m_deinitUniPP[28394]):UNI_PORT_NUM(1) PIPE_UNI_NUM(3) scenario(0)
03-01 17:24:39.325  1272  1616 I ExynosCameraSec: [CAM(1)][Front_0]-(m_deinitUniPP[28414]):PIPE_PP_SINGLE(0) scenario(0)
03-01 17:24:39.325  1272  1616 I ExynosCameraSec: [CAM(1)][Front_0]-(m_deinitUniPP[28414]):PIPE_PP_SINGLE(1) scenario(0)
03-01 17:24:39.325  1272  1616 I ExynosCameraSec: [CAM(1)][Front_0]-(m_deinitUniPP[28414]):PIPE_PP_SINGLE(2) scenario(0)
03-01 17:24:39.325  1272  1616 I ExynosCameraSec: [CAM(1)][Front_0]-(m_deinitUniPP[28433]):PIPE_UNI_RAW_NUM(0) scenario(0)
03-01 17:24:39.326  1272 16397 W ExynosCamera: [CAM(1)][Front_0]-(m_previewStreamNFDPipeThreadFunc[321]):wait timeout
03-01 17:24:39.326  1272 16398 W ExynosCameraSec: [CAM(1)][Front_0]-(m_previewStreamMERTAPipeThreadFunc[4883]):wait timeout
03-01 17:24:39.327  1272  1616 I ExynosCameraRequestManagerSec: [CAM(1)][]-(flush[1494]):m_callbackThread request flush Start pending result(0)
03-01 17:24:39.327  1272  1616 I ExynosCameraRequestManagerSec: [CAM(1)][]-(flush[1509]):m_callbackThread request flush Stop pending result(0)
03-01 17:24:39.328  1272  1616 I ExynosCameraRequestManagerSec: [CAM(1)][]-(flush[1513]):ALL Callback Thread Exited
03-01 17:24:39.328  1272  1616 I ExynosCameraRequestManagerSec: [CAM(1)][]-(flush[1517]):IN+++
03-01 17:24:39.328  1272  1616 I ExynosCameraRequestManagerSec: [CAM(1)][]-(dump[2150]):AllRequestCount(9), ServiceRequestCount(2), RunningRequestCount(7)
03-01 17:24:39.328  1272  1616 I ExynosCameraRequestManagerSec: [CAM(1)][]-(dump[2152]):----- Last Result Key -----
03-01 17:24:39.328  1272  1616 I ExynosCameraRequestManagerSec: [CAM(1)][]-(dump[2154]):Type[0] = Last Key(1)
03-01 17:24:39.328  1272  1616 I ExynosCameraRequestManagerSec: [CAM(1)][]-(dump[2154]):Type[1] = Last Key(1)
03-01 17:24:39.328  1272  1616 I ExynosCameraRequestManagerSec: [CAM(1)][]-(dump[2154]):Type[2] = Last Key(1)
03-01 17:24:39.328  1272  1616 I ExynosCameraRequestManagerSec: [CAM(1)][]-(dump[2154]):Type[3] = Last Key(1)
03-01 17:24:39.328  1272  1616 I ExynosCameraRequestManagerSec: [CAM(1)][]-(dump[2154]):Type[4] = Last Key(0)
03-01 17:24:39.328  1272  1616 I ExynosCameraRequestManagerSec: [CAM(1)][]-(dump[2154]):Type[5] = Last Key(0)
03-01 17:24:39.328  1272  1616 I ExynosCameraRequestManagerSec: [CAM(1)][]-(dump[2156]):----- Last Stream Key -----
03-01 17:24:39.328  1272  1616 I ExynosCameraRequestManagerSec: [CAM(1)][]-(dump[2158]):Stream[4] = Last Key(1)
03-01 17:24:39.328  1272  1616 I ExynosCameraRequestManagerSec: [CAM(1)][]-(dump[2161]):----- All Remained Request Info (m_serviceRequests-----
03-01 17:24:39.328  1272  1616 I ExynosCameraRequestManagerSec: [CAM(1)][]-(m_printRequestInfo[1290]):[R7 F0] (0xb400007ec2224c50) outputNum(1) callback notify 0(0) partial 0(0) buffer S4=0(0) all 0(0) 
03-01 17:24:39.328  1272  1616 I ExynosCameraRequestManagerSec: [CAM(1)][]-(m_printRequestInfo[1290]):[R8 F0] (0xb400007ec223e240) outputNum(1) callback notify 0(0) partial 0(0) buffer S4=0(0) all 0(0) 
03-01 17:24:39.329  1272  1616 I ExynosCameraRequestManagerSec: [CAM(1)][]-(dump[2164]):----- All Remained Request Info (m_runningRequests-----
03-01 17:24:39.329  1272  1616 I ExynosCameraRequestManagerSec: [CAM(1)][]-(m_printRequestInfo[1290]):[R2 F6] (0xb400007ec2227b30) outputNum(1) callback notify 0(0) partial 0(0) buffer S4=0(0) all 0(0) 
03-01 17:24:39.329  1272  1616 I ExynosCameraRequestManagerSec: [CAM(1)][]-(m_printRequestInfo[1290]):[R3 F7] (0xb400007ec2225330) outputNum(1) callback notify 0(0) partial 0(0) buffer S4=0(0) all 0(0) 
03-01 17:24:39.329  1272  1616 I ExynosCameraRequestManagerSec: [CAM(1)][]-(m_printRequestInfo[1290]):[R4 F8] (0xb400007ec222e840) outputNum(1) callback notify 0(0) partial 0(0) buffer S4=0(0) all 0(0) 
03-01 17:24:39.329  1272  1616 I ExynosCameraRequestManagerSec: [CAM(1)][]-(m_printRequestInfo[1290]):[R5 F9] (0xb400007ec21f6670) outputNum(1) callback notify 0(0) partial 0(0) buffer S4=0(0) all 0(0) 
03-01 17:24:39.329  1272  1616 I ExynosCameraRequestManagerSec: [CAM(1)][]-(m_printRequestInfo[1290]):[R6 F10] (0xb400007ec2229700) outputNum(1) callback notify 0(0) partial 0(0) buffer S4=0(0) all 0(0) 
03-01 17:24:39.329  1272  1616 I ExynosCameraRequestManagerSec: [CAM(1)][]-(m_printRequestInfo[1290]):[R7 F0] (0xb400007ec2224c50) outputNum(1) callback notify 0(0) partial 0(0) buffer S4=0(0) all 0(0) 
03-01 17:24:39.329  1272  1616 I ExynosCameraRequestManagerSec: [CAM(1)][]-(m_printRequestInfo[1290]):[R8 F0] (0xb400007ec223e240) outputNum(1) callback notify 0(0) partial 0(0) buffer S4=0(0) all 0(0) 
03-01 17:24:39.329  1272  1616 E ExynosCameraRequestManagerSec: [CAM(1)][]-(sendNotifyError[1389]):[R2 F6] REQUEST ERROR
03-01 17:24:39.329  1272  1616 W ExynosCameraRequestManagerSec: [CAM(1)][]-(m_callbackOpsNotify[2049]):msg frame(R2) type(1) errorCode(2)
03-01 17:24:39.329  1438  1438 E CameraDeviceClient: notifyError: pid=14569, errorCode=3, errorStreamId=0, frameNumber=2
03-01 17:24:39.329  1438  1438 E CameraDeviceClient: notifyError: pid=14569, skipClientNotification=false
03-01 17:24:39.330  1272  1616 E ExynosCameraParametersSec: [CAM(1)][Front_0]-(getSize[9090]):Invalid outputPortId(-1)
03-01 17:24:39.330  1438  1438 E Camera3-OutputStream: returnBufferCheckedLocked: A frame is dropped for stream 0 frame 2 , due to buffer error.
03-01 17:24:39.331  1272  1616 E ExynosCameraRequestManagerSec: [CAM(1)][]-(sendNotifyError[1389]):[R3 F7] REQUEST ERROR
03-01 17:24:39.331  1272  1616 W ExynosCameraRequestManagerSec: [CAM(1)][]-(m_callbackOpsNotify[2049]):msg frame(R3) type(1) errorCode(2)
03-01 17:24:39.331  1438  1438 E CameraDeviceClient: notifyError: pid=14569, errorCode=3, errorStreamId=0, frameNumber=3
03-01 17:24:39.331  1438  1438 E CameraDeviceClient: notifyError: pid=14569, skipClientNotification=false
03-01 17:24:39.332  1272  1616 E ExynosCameraParametersSec: [CAM(1)][Front_0]-(getSize[9090]):Invalid outputPortId(-1)
03-01 17:24:39.332  1438  1438 E Camera3-OutputStream: returnBufferCheckedLocked: A frame is dropped for stream 0 frame 3 , due to buffer error.
03-01 17:24:39.333  1272  1616 E ExynosCameraRequestManagerSec: [CAM(1)][]-(sendNotifyError[1389]):[R4 F8] REQUEST ERROR
03-01 17:24:39.333  1272  1616 W ExynosCameraRequestManagerSec: [CAM(1)][]-(m_callbackOpsNotify[2049]):msg frame(R4) type(1) errorCode(2)
03-01 17:24:39.333  1438  1438 E CameraDeviceClient: notifyError: pid=14569, errorCode=3, errorStreamId=0, frameNumber=4
03-01 17:24:39.333  1438  1438 E CameraDeviceClient: notifyError: pid=14569, skipClientNotification=false
03-01 17:24:39.333  1272  1616 E ExynosCameraParametersSec: [CAM(1)][Front_0]-(getSize[9090]):Invalid outputPortId(-1)
03-01 17:24:39.334  1438  1438 E Camera3-OutputStream: returnBufferCheckedLocked: A frame is dropped for stream 0 frame 4 , due to buffer error.
03-01 17:24:39.334  1272  1616 E ExynosCameraRequestManagerSec: [CAM(1)][]-(sendNotifyError[1389]):[R5 F9] REQUEST ERROR
03-01 17:24:39.334  1272  1616 W ExynosCameraRequestManagerSec: [CAM(1)][]-(m_callbackOpsNotify[2049]):msg frame(R5) type(1) errorCode(2)
03-01 17:24:39.335  1438  1438 E CameraDeviceClient: notifyError: pid=14569, errorCode=3, errorStreamId=0, frameNumber=5
03-01 17:24:39.335  1438  1438 E CameraDeviceClient: notifyError: pid=14569, skipClientNotification=false
03-01 17:24:39.335  1272  1616 E ExynosCameraParametersSec: [CAM(1)][Front_0]-(getSize[9090]):Invalid outputPortId(-1)
03-01 17:24:39.335  1438  1438 E Camera3-OutputStream: returnBufferCheckedLocked: A frame is dropped for stream 0 frame 5 , due to buffer error.
03-01 17:24:39.336  1272  1616 E ExynosCameraRequestManagerSec: [CAM(1)][]-(sendNotifyError[1389]):[R6 F10] REQUEST ERROR
03-01 17:24:39.336  1272  1616 W ExynosCameraRequestManagerSec: [CAM(1)][]-(m_callbackOpsNotify[2049]):msg frame(R6) type(1) errorCode(2)
03-01 17:24:39.336  1438  1438 E CameraDeviceClient: notifyError: pid=14569, errorCode=3, errorStreamId=0, frameNumber=6
03-01 17:24:39.336  1438  1438 E CameraDeviceClient: notifyError: pid=14569, skipClientNotification=false
03-01 17:24:39.337  1272  1616 E ExynosCameraParametersSec: [CAM(1)][Front_0]-(getSize[9090]):Invalid outputPortId(-1)
03-01 17:24:39.337  1438  1438 E Camera3-OutputStream: returnBufferCheckedLocked: A frame is dropped for stream 0 frame 6 , due to buffer error.
03-01 17:24:39.338  1272  1616 E ExynosCameraRequestManagerSec: [CAM(1)][]-(sendNotifyError[1389]):[R7 F0] REQUEST ERROR
03-01 17:24:39.338  1272  1616 W ExynosCameraRequestManagerSec: [CAM(1)][]-(m_callbackOpsNotify[2049]):msg frame(R7) type(1) errorCode(2)
03-01 17:24:39.338  1438  1438 E CameraDeviceClient: notifyError: pid=14569, errorCode=3, errorStreamId=0, frameNumber=7
03-01 17:24:39.338  1438  1438 E CameraDeviceClient: notifyError: pid=14569, skipClientNotification=false
03-01 17:24:39.338  1272  1616 E ExynosCameraParametersSec: [CAM(1)][Front_0]-(getSize[9090]):Invalid outputPortId(-1)
03-01 17:24:39.339  1272  1616 E ExynosCameraRequestManager: [CAM(-1)][]-(getAcquireFenceDone[588]):[R7 F0] m_pop failed, handle is not EXIST
03-01 17:24:39.339 15905 16409 I elis    : Scheduling next wakeup
03-01 17:24:39.339  1438  1438 E Camera3-OutputStream: returnBufferCheckedLocked: A frame is dropped for stream 0 frame 7 , due to buffer error.
03-01 17:24:39.340  1272  1616 E ExynosCameraRequestManagerSec: [CAM(1)][]-(sendNotifyError[1389]):[R8 F0] REQUEST ERROR
03-01 17:24:39.340  1272  1616 W ExynosCameraRequestManagerSec: [CAM(1)][]-(m_callbackOpsNotify[2049]):msg frame(R8) type(1) errorCode(2)
03-01 17:24:39.340  1438  1438 E CameraDeviceClient: notifyError: pid=14569, errorCode=3, errorStreamId=0, frameNumber=8
03-01 17:24:39.340  1438  1438 E CameraDeviceClient: notifyError: pid=14569, skipClientNotification=false
03-01 17:24:39.341  1272  1616 E ExynosCameraParametersSec: [CAM(1)][Front_0]-(getSize[9090]):Invalid outputPortId(-1)
03-01 17:24:39.341  1272  1616 E ExynosCameraRequestManager: [CAM(-1)][]-(getAcquireFenceDone[588]):[R8 F0] m_pop failed, handle is not EXIST
03-01 17:24:39.341  1438  1438 I Camera3-Status: markComponent: Component 0 is now idle - InflightRequests
03-01 17:24:39.341  1438  1438 E Camera3-OutputStream: returnBufferCheckedLocked: A frame is dropped for stream 0 frame 8 , due to buffer error.
03-01 17:24:39.342 15905 16409 I eljv    : Scheduling next periodic WorkManager workers
03-01 17:24:39.342  1438  1438 I Camera3-Status: markComponent: Component 2 is now idle - streamId = 0, format = 0x23(YUV_420_888), width = 320, height = 240, option = 0x0, type = OUTPUT
03-01 17:24:39.342  1438  1438 I Camera3-IOStreamBase: FpsStats: stream 0, requested=9, received=9, valid=2, invalid=7
03-01 17:24:39.342  1438 16331 I CameraService: finishCameraStreamingOps: finish camera streaming ops, package name = com.samsung.android.smartface, client UID = 1000
03-01 17:24:39.342  1438 16331 D CameraService: finishCameraStreamingOps: finishDataDelivery for uid 1000
03-01 17:24:39.342  1272  1616 I ExynosCameraRequestManagerSec: [CAM(1)][CB NOTIFY]-(flush[3028]):key size(7) result Size(0)
03-01 17:24:39.342  1272  1616 I ExynosCameraRequestManagerSec: [CAM(1)][]-(flush[1751]): OUT---
03-01 17:24:39.342  1272  1616 I ExynosCamera: [CAM(1)][Front_0]-(m_clearRequestList[248]):remaining request(2), we remove them all
03-01 17:24:39.342  1272  1616 I ExynosCamera: [CAM(1)][Front_0]-(m_clearRequestList[248]):remaining request(0), we remove them all
03-01 17:24:39.342  1272  1616 I ExynosCamera: [CAM(1)][Front_0]-(m_clearRequestList[248]):remaining request(1), we remove them all
03-01 17:24:39.342  1272  1616 I ExynosCameraBufferManagerVendor: [CAM(1)][PREVIEW_CB_STREAM_BUF]-(resetBuffers[1538]):IN..
03-01 17:24:39.343  1272  1616 I ExynosCameraBufferManagerVendor: [CAM(1)][FLITE_BUF]-(resetBuffers[1055]):IN..
03-01 17:24:39.343  1272  1616 I ExynosCameraBufferManagerVendor: [CAM(1)][3AA_IN_BUF]-(resetBuffers[1055]):IN..
03-01 17:24:39.343  1272  1616 I ExynosCameraBufferManagerVendor: [CAM(1)][ISP_BUF]-(resetBuffers[1055]):IN..
03-01 17:24:39.343  1272  1616 I ExynosCameraBufferManagerVendor: [CAM(1)][DRC_BUF]-(resetBuffers[1055]):IN..
03-01 17:24:39.343  1272  1616 I ExynosCameraBufferManagerVendor: [CAM(1)][DRC_RE_BUF]-(resetBuffers[1055]):IN..
03-01 17:24:39.343  1272  1616 I ExynosCameraBufferManagerVendor: [CAM(1)][LME_BUF]-(resetBuffers[1055]):IN..
03-01 17:24:39.343  1272  1616 I ExynosCameraBufferManagerVendor: [CAM(1)][ME_BUF]-(resetBuffers[1055]):IN..
03-01 17:24:39.343  1272  1616 I ExynosCameraBufferManagerVendor: [CAM(1)][LME_SW_BUF]-(resetBuffers[1055]):IN..
03-01 17:24:39.343  1272  1616 I ExynosCameraBufferManagerVendor: [CAM(1)][MERTA_BUF]-(resetBuffers[1055]):IN..
03-01 17:24:39.343  1272  1616 I ExynosCameraBufferManagerVendor: [CAM(1)][VRA_BUF]-(resetBuffers[1055]):IN..
03-01 17:24:39.343  1272  1616 I ExynosCameraBufferManagerVendor: [CAM(1)][MCFP_RE_BAYER_BUF]-(resetBuffers[1055]):IN..
03-01 17:24:39.343  1272  1616 I ExynosCameraBufferManagerVendor: [CAM(1)][ME_RE_BUF]-(resetBuffers[1055]):IN..
03-01 17:24:39.343  1272  1616 I ExynosCameraBufferManagerVendor: [CAM(1)][LME_SW_RE_BUF]-(resetBuffers[1051]):OUT.. Buffer is not allocated
03-01 17:24:39.343  1272  1616 I ExynosCameraBufferManagerVendor: [CAM(1)][MERTA_DST_BUF]-(resetBuffers[1055]):IN..
03-01 17:24:39.343  1272  1616 I ExynosCameraBufferManagerVendor: [CAM(1)][LME_CPU_BUF]-(resetBuffers[1055]):IN..
03-01 17:24:39.343  1272  1616 I ExynosCameraBufferManagerVendor: [CAM(1)][CAPTURE_CB_BUF]-(resetBuffers[1055]):IN..
03-01 17:24:39.343  1272  1616 I ExynosCameraBufferManagerVendor: [CAM(1)][YUV_CAP_BUF]-(resetBuffers[1055]):IN..
03-01 17:24:39.343  1272  1616 I ExynosCameraBufferManagerVendor: [CAM(1)][SKIP_BUF]-(resetBuffers[1051]):OUT.. Buffer is not allocated
03-01 17:24:39.343  1272  1616 I ExynosCameraSec: [CAM(1)][Front_0]-(m_clearList[2721]):remaining frame(5), we remove them all
03-01 17:24:39.344  1272  1616 I ExynosCameraSec: [CAM(1)][Front_0]-(m_clearList[2721]):remaining frame(0), we remove them all
03-01 17:24:39.344  1272  1616 I ExynosCameraUtilsVendor: [CAM(-1)][]-(setPreviewProperty[1344]):DEBUG:Set persist.vendor.sys.camera.preview 0
03-01 17:24:39.345  1438 16331 I CameraServiceProxyWrapper: updateProxyDeviceState: notifyCameraState for Camera ID 1, newState 2, facing 1, clientName com.samsung.android.smartface, apiLevel 2
03-01 17:24:39.346  5190  5314 I CameraManagerGlobal: Camera 1 facing CAMERA_FACING_FRONT state now CAMERA_STATE_IDLE for client com.samsung.android.smartface API Level 2 User Id 0Device Id 0
03-01 17:24:39.347 27746 28503 I CameraManagerGlobal: Camera 1 facing CAMERA_FACING_FRONT state now CAMERA_STATE_IDLE for client com.samsung.android.smartface API Level 2 User Id 0Device Id 0
03-01 17:24:39.347 15570 15579 I CameraManagerGlobal: Camera 1 facing CAMERA_FACING_FRONT state now CAMERA_STATE_IDLE for client com.samsung.android.smartface API Level 2 User Id 0Device Id 0
03-01 17:24:39.347  4356 14438 I CameraManagerGlobal: Camera 1 facing CAMERA_FACING_FRONT state now CAMERA_STATE_IDLE for client com.samsung.android.smartface API Level 2 User Id 0Device Id 0
03-01 17:24:39.347  4356 14438 I CameraManagerGlobal: onCameraDeviceStateChangedLocked: post device state update
03-01 17:24:39.348  4356 14438 I CameraManagerGlobal: onCameraDeviceStateChangedLocked: post device state update
03-01 17:24:39.350  8129  8468 I CameraManagerGlobal: Camera 1 facing CAMERA_FACING_FRONT state now CAMERA_STATE_IDLE for client com.samsung.android.smartface API Level 2 User Id 0Device Id 0
03-01 17:24:39.350  6611  6965 I CameraManagerGlobal: Camera 1 facing CAMERA_FACING_FRONT state now CAMERA_STATE_IDLE for client com.samsung.android.smartface API Level 2 User Id 0Device Id 0
03-01 17:24:39.350  8129  8468 I CameraManagerGlobal: onCameraDeviceStateChangedLocked: post device state update
03-01 17:24:39.351  1272  1616 I ExynosCameraUtilsVendor: [CAM(-1)][]-(setPreviewProperty[1352]):DEBUG:Set persist.vendor.sys.camera.preview 0 completed
03-01 17:24:39.351 14569 15979 I CameraManagerGlobal: Camera 1 facing CAMERA_FACING_FRONT state now CAMERA_STATE_IDLE for client com.samsung.android.smartface API Level 2 User Id 0Device Id 0
03-01 17:24:39.351  1272  1616 I ExynosCameraVendorOps: [CAM(1)][Front_0]-(flush[4969]): : OUT---
03-01 17:24:39.351  1272  1616 I ExynosCameraInterface: [CAM(-1)][]-(HAL3_camera_device_flush[668]):INFO :out =====
03-01 17:24:39.351  1272  1616 I ExynosCameraInterface: DEBUG:duration time(   90 msec):(HAL3_camera_device_flush)
03-01 17:24:39.351  1272  1616 I Unihal  : CameraHalUnit.cpp: Flush: 549: HAL flush - End
03-01 17:24:39.351  1272  1616 I Unihal  : UniState.cpp: transitState: 101: Transiting to state 4
03-01 17:24:39.351  1272  1616 I Unihal  : UniHal3InterfaceEntry.cpp: uni_flush: 415: X (0)
03-01 17:24:39.347  2593  2606 I CameraManagerGlobal: Camera 1 facing CAMERA_FACING_FRONT state now CAMERA_STATE_IDLE for client com.samsung.android.smartface API Level 2 User Id 0Device Id 0
03-01 17:24:39.351  1438  1438 D HidlCamera3-Device: CameraPerf: flush X (90ms)
03-01 17:24:39.351  1438  1438 D Camera3-Device: waitUntilDrainedLocked: Camera 1: Waiting until idle (5000000000ns)
03-01 17:24:39.351  1438  1438 D Camera3-Device: waitUntilDrained: mInterfaceLock.unlock()
03-01 17:24:39.351  1438  1438 I Camera3-Device: setDeviceInjector
03-01 17:24:39.351  1438  1438 I Camera3-Device: disconnectImpl: E
03-01 17:24:39.351  1438  1438 I CameraLatencyHistogram: ProcessCaptureRequest latency histogram (9) samples:
03-01 17:24:39.351  1438  1438 I CameraLatencyHistogram:        20     40     60     80    100    120    140    160    180    inf (max ms)
03-01 17:24:39.351  1438  1438 I CameraLatencyHistogram:      22.22   0.00   55.56   0.00   0.00   11.11   0.00   0.00   0.00   11.11 (%)
03-01 17:24:39.351  1438  1438 I Camera3-Device: CameraServiceWatchDog::watchThread for disconnectImpl with cycles=550, cycleLength=100ms, timer=55000ms
03-01 17:24:39.351  1438  1438 D HidlCamera3-Device: CameraPerf: close E
03-01 17:24:39.352  1272  1615 I Unihal  : UniHal3InterfaceEntry.cpp: uni_close_camera_hardware: 483: E
03-01 17:24:39.352  1272  1615 I Unihal  : UniState.cpp: transitState: 101: Transiting to state 7
03-01 17:24:39.352  1272  1615 I Unihal  : CameraHalManager.cpp: CloseCamera: 275: HAL close - Start
03-01 17:24:39.352  1272  1615 I ExynosCameraInterface: [CAM(-1)][]-(HAL3_camera_device_close[443]):INFO :in =====
03-01 17:24:39.352  1272  1615 I ExynosCameraInterface: [CAM(-1)][]-(m_resetMultiDeviceCamId[950]): cameraId(1)
03-01 17:24:39.352  1272  1615 I ExynosCameraInterface: [CAM(-1)][]-(m_resetMultiDeviceCamId[975]): multiCamId[0] = 1, idx(-1, 0), numActiveCams(1)
03-01 17:24:39.352  1272  1615 I ExynosCameraSec: [CAM(1)][Front_0]-(releaseDevice[8997]):
03-01 17:24:39.352  1658  2834 I CameraManagerGlobal: Camera 1 facing CAMERA_FACING_FRONT state now CAMERA_STATE_IDLE for client com.samsung.android.smartface API Level 2 User Id 0Device Id 0
03-01 17:24:39.352  1272  1615 I ExynosCameraUtilsVendor: [CAM(-1)][]-(setPreviewProperty[1344]):DEBUG:Set persist.vendor.sys.camera.preview 0
03-01 17:24:39.353  1272  1615 I ExynosCameraUtilsVendor: [CAM(-1)][]-(setPreviewProperty[1352]):DEBUG:Set persist.vendor.sys.camera.preview 0 completed
03-01 17:24:39.352  1658  2834 I CameraManagerGlobal: onCameraDeviceStateChangedLocked: post device state update
03-01 17:24:39.354  1658  2834 I CameraManagerGlobal: onCameraDeviceStateChangedLocked: post device state update
03-01 17:24:39.354  1272  1615 I ExynosCameraSec: [CAM(1)][Front_0]-(releaseDevice[9038]):Deinit Buffer Supplier Thread created
03-01 17:24:39.355  1272 16339 I ExynosCameraFrameManager: [CAM(1)][CREATE FRAME WORKER]-(workerMain[333]): Create worker stopped delete current frame(283)
03-01 17:24:39.355  8129  8468 I CameraManagerGlobal: onCameraDeviceStateChangedLocked: post device state update
03-01 17:24:39.356  1658  1826 I RequestInjectorService: Samsung Camera is opened. ignore VT Camera Setting.
03-01 17:24:39.356  1272 16411 I ExynosCameraBufferManager: [CAM(1)][PREVIEW_CB_STREAM_BUF]-(deinit[56]):IN..
03-01 17:24:39.356  1272 16411 I ExynosCameraBufferManagerVendor: [CAM(1)][PREVIEW_CB_STREAM_BUF]-(m_free[69]):Free the buffer (m_allocatedBufCount=64) --- dumpBufferInfo ---
03-01 17:24:39.356  1272 16411 I ExynosCameraBufferManagerVendor: [CAM(1)][PREVIEW_CB_STREAM_BUF]-(m_free[1977]):IN
03-01 17:24:39.356  1272 16411 I ExynosCameraBufferManager: [CAM(1)][PREVIEW_CB_STREAM_BUF]-(dump[364]):----- dump buffer status -----
03-01 17:24:39.360  1272 16411 I ExynosCameraBufferManagerVendor: [CAM(1)][PREVIEW_CB_STREAM_BUF]-(m_free[99]):Free the buffer succeeded (m_allocatedBufCount=0)
03-01 17:24:39.360  1272 16411 I ExynosCameraBufferManagerVendor: DEBUG:duration time(    4 msec):(m_free)
03-01 17:24:39.360  1272 16411 I ExynosCameraBufferManager: [CAM(1)][PREVIEW_CB_STREAM_BUF]-(deinit[83]):OUT..
03-01 17:24:39.360  1272 16411 I ExynosCameraBufferManager: [CAM(1)][PREVIEW_CB_STREAM_BUF]-(deinit[52]):OUT.. Buffer is not allocated
03-01 17:24:39.360  1272 16411 I ExynosCameraBufferManager: [CAM(1)][FLITE_BUF]-(deinit[56]):IN..
03-01 17:24:39.360  1272 16411 I ExynosCameraBufferManagerVendor: [CAM(1)][FLITE_BUF]-(m_free[69]):Free the buffer (m_allocatedBufCount=0) --- dumpBufferInfo ---
03-01 17:24:39.360  1272 16411 I ExynosCameraBufferManagerVendor: [CAM(1)][FLITE_BUF]-(m_free[99]):Free the buffer succeeded (m_allocatedBufCount=0)
03-01 17:24:39.360  1272 16411 I ExynosCameraBufferManagerVendor: DEBUG:duration time(    0 msec):(m_free)
03-01 17:24:39.360  1272 16411 I ExynosCameraBufferManager: [CAM(1)][FLITE_BUF]-(deinit[83]):OUT..
03-01 17:24:39.360  1272 16411 I ExynosCameraBufferManager: [CAM(1)][FLITE_BUF]-(deinit[52]):OUT.. Buffer is not allocated
03-01 17:24:39.360  1272 16411 I ExynosCameraBufferManager: [CAM(1)][3AA_IN_BUF]-(deinit[56]):IN..
03-01 17:24:39.360  1272 16411 I ExynosCameraBufferManagerVendor: [CAM(1)][3AA_IN_BUF]-(m_free[69]):Free the buffer (m_allocatedBufCount=8) --- dumpBufferInfo ---
03-01 17:24:39.360  1272 16411 I ExynosCameraBufferManagerVendor: [CAM(1)][3AA_IN_BUF]-(m_free[99]):Free the buffer succeeded (m_allocatedBufCount=0)
03-01 17:24:39.360  1272 16411 I ExynosCameraBufferManagerVendor: DEBUG:duration time(    0 msec):(m_free)
03-01 17:24:39.360  1272 16411 I ExynosCameraBufferManager: [CAM(1)][3AA_IN_BUF]-(deinit[83]):OUT..
03-01 17:24:39.360  1272 16411 I ExynosCameraBufferManager: [CAM(1)][3AA_IN_BUF]-(deinit[52]):OUT.. Buffer is not allocated
03-01 17:24:39.360  1272 16411 I ExynosCameraBufferManager: [CAM(1)][ISP_BUF]-(deinit[56]):IN..
03-01 17:24:39.360  1272 16411 I ExynosCameraBufferManagerVendor: [CAM(1)][ISP_BUF]-(m_free[69]):Free the buffer (m_allocatedBufCount=8) --- dumpBufferInfo ---
03-01 17:24:39.363 15905 15922 D WM-GreedyScheduler: Cancelling work ID 0d4cc00b-60ba-4351-a939-17cad79212ef
03-01 17:24:39.368  1272 16411 I ExynosCameraBufferManagerVendor: [CAM(1)][ISP_BUF]-(m_free[99]):Free the buffer succeeded (m_allocatedBufCount=0)
03-01 17:24:39.368  1272 16411 I ExynosCameraBufferManagerVendor: DEBUG:duration time(    8 msec):(m_free)
03-01 17:24:39.368  1272 16411 I ExynosCameraBufferManager: [CAM(1)][ISP_BUF]-(deinit[83]):OUT..
03-01 17:24:39.368  1272 16411 I ExynosCameraBufferManager: [CAM(1)][ISP_BUF]-(deinit[52]):OUT.. Buffer is not allocated
03-01 17:24:39.368  1272 16411 I ExynosCameraBufferManager: [CAM(1)][DRC_BUF]-(deinit[56]):IN..
03-01 17:24:39.368  1272 16411 I ExynosCameraBufferManagerVendor: [CAM(1)][DRC_BUF]-(m_free[69]):Free the buffer (m_allocatedBufCount=8) --- dumpBufferInfo ---
03-01 17:24:39.369  1272 16411 I ExynosCameraBufferManagerVendor: [CAM(1)][DRC_BUF]-(m_free[99]):Free the buffer succeeded (m_allocatedBufCount=0)
03-01 17:24:39.369  1272 16411 I ExynosCameraBufferManagerVendor: DEBUG:duration time(    1 msec):(m_free)
03-01 17:24:39.369  1272 16411 I ExynosCameraBufferManager: [CAM(1)][DRC_BUF]-(deinit[83]):OUT..
03-01 17:24:39.369  1272 16411 I ExynosCameraBufferManager: [CAM(1)][DRC_BUF]-(deinit[52]):OUT.. Buffer is not allocated
03-01 17:24:39.369  1272 16411 I ExynosCameraBufferManager: [CAM(1)][DRC_RE_BUF]-(deinit[56]):IN..
03-01 17:24:39.369  1272 16411 I ExynosCameraBufferManagerVendor: [CAM(1)][DRC_RE_BUF]-(m_free[69]):Free the buffer (m_allocatedBufCount=8) --- dumpBufferInfo ---
03-01 17:24:39.370  1272 16411 I ExynosCameraBufferManagerVendor: [CAM(1)][DRC_RE_BUF]-(m_free[99]):Free the buffer succeeded (m_allocatedBufCount=0)
03-01 17:24:39.370  1272 16411 I ExynosCameraBufferManagerVendor: DEBUG:duration time(    1 msec):(m_free)
03-01 17:24:39.370  1272 16411 I ExynosCameraBufferManager: [CAM(1)][DRC_RE_BUF]-(deinit[83]):OUT..
03-01 17:24:39.370  1272 16411 I ExynosCameraBufferManager: [CAM(1)][DRC_RE_BUF]-(deinit[52]):OUT.. Buffer is not allocated
03-01 17:24:39.370  1272 16411 I ExynosCameraBufferManager: [CAM(1)][LME_BUF]-(deinit[56]):IN..
03-01 17:24:39.370  1272 16411 I ExynosCameraBufferManagerVendor: [CAM(1)][LME_BUF]-(m_free[69]):Free the buffer (m_allocatedBufCount=8) --- dumpBufferInfo ---
03-01 17:24:39.375  1272 16411 I ExynosCameraBufferManagerVendor: [CAM(1)][LME_BUF]-(m_free[99]):Free the buffer succeeded (m_allocatedBufCount=0)
03-01 17:24:39.375  1272 16411 I ExynosCameraBufferManagerVendor: DEBUG:duration time(    5 msec):(m_free)
03-01 17:24:39.375  1272 16411 I ExynosCameraBufferManager: [CAM(1)][LME_BUF]-(deinit[83]):OUT..
03-01 17:24:39.375  1272 16411 I ExynosCameraBufferManager: [CAM(1)][LME_BUF]-(deinit[52]):OUT.. Buffer is not allocated
03-01 17:24:39.375  1272 16411 I ExynosCameraBufferManager: [CAM(1)][ME_BUF]-(deinit[56]):IN..
03-01 17:24:39.375  1272 16411 I ExynosCameraBufferManagerVendor: [CAM(1)][ME_BUF]-(m_free[69]):Free the buffer (m_allocatedBufCount=8) --- dumpBufferInfo ---
03-01 17:24:39.377  1272 16411 I ExynosCameraBufferManagerVendor: [CAM(1)][ME_BUF]-(m_free[99]):Free the buffer succeeded (m_allocatedBufCount=0)
03-01 17:24:39.377  1272 16411 I ExynosCameraBufferManagerVendor: DEBUG:duration time(    2 msec):(m_free)
03-01 17:24:39.377  1272 16411 I ExynosCameraBufferManager: [CAM(1)][ME_BUF]-(deinit[83]):OUT..
03-01 17:24:39.377  1272 16411 I ExynosCameraBufferManager: [CAM(1)][ME_BUF]-(deinit[52]):OUT.. Buffer is not allocated
03-01 17:24:39.377  1272 16411 I ExynosCameraBufferManager: [CAM(1)][LME_SW_BUF]-(deinit[56]):IN..
03-01 17:24:39.377  1272 16411 I ExynosCameraBufferManagerVendor: [CAM(1)][LME_SW_BUF]-(m_free[69]):Free the buffer (m_allocatedBufCount=8) --- dumpBufferInfo ---
03-01 17:24:39.378  1272 16411 I ExynosCameraBufferManagerVendor: [CAM(1)][LME_SW_BUF]-(m_free[99]):Free the buffer succeeded (m_allocatedBufCount=0)
03-01 17:24:39.378  1272 16411 I ExynosCameraBufferManagerVendor: DEBUG:duration time(    1 msec):(m_free)
03-01 17:24:39.378  1272 16411 I ExynosCameraBufferManager: [CAM(1)][LME_SW_BUF]-(deinit[83]):OUT..
03-01 17:24:39.378  1272 16411 I ExynosCameraBufferManager: [CAM(1)][LME_SW_BUF]-(deinit[52]):OUT.. Buffer is not allocated
03-01 17:24:39.378  1272 16411 I ExynosCameraBufferManager: [CAM(1)][MERTA_BUF]-(deinit[56]):IN..
03-01 17:24:39.378  1272 16411 I ExynosCameraBufferManagerVendor: [CAM(1)][MERTA_BUF]-(m_free[69]):Free the buffer (m_allocatedBufCount=8) --- dumpBufferInfo ---
03-01 17:24:39.379  1272 16411 I ExynosCameraBufferManagerVendor: [CAM(1)][MERTA_BUF]-(m_free[99]):Free the buffer succeeded (m_allocatedBufCount=0)
03-01 17:24:39.379  1272 16411 I ExynosCameraBufferManagerVendor: DEBUG:duration time(    1 msec):(m_free)
03-01 17:24:39.379  1272 16411 I ExynosCameraBufferManager: [CAM(1)][MERTA_BUF]-(deinit[83]):OUT..
03-01 17:24:39.379  1272 16411 I ExynosCameraBufferManager: [CAM(1)][MERTA_BUF]-(deinit[52]):OUT.. Buffer is not allocated
03-01 17:24:39.379  1272 16411 I ExynosCameraBufferManager: [CAM(1)][VRA_BUF]-(deinit[56]):IN..
03-01 17:24:39.379  1272 16411 I ExynosCameraBufferManagerVendor: [CAM(1)][VRA_BUF]-(m_free[69]):Free the buffer (m_allocatedBufCount=6) --- dumpBufferInfo ---
03-01 17:24:39.381  1272 16411 I ExynosCameraBufferManagerVendor: [CAM(1)][VRA_BUF]-(m_free[99]):Free the buffer succeeded (m_allocatedBufCount=0)
03-01 17:24:39.381  1272 16411 I ExynosCameraBufferManagerVendor: DEBUG:duration time(    2 msec):(m_free)
03-01 17:24:39.381  1272 16411 I ExynosCameraBufferManager: [CAM(1)][VRA_BUF]-(deinit[83]):OUT..
03-01 17:24:39.381  1272 16411 I ExynosCameraBufferManager: [CAM(1)][VRA_BUF]-(deinit[52]):OUT.. Buffer is not allocated
03-01 17:24:39.381  1272 16411 I ExynosCameraBufferManager: [CAM(1)][MCFP_RE_BAYER_BUF]-(deinit[56]):IN..
03-01 17:24:39.381  1272 16411 I ExynosCameraBufferManagerVendor: [CAM(1)][MCFP_RE_BAYER_BUF]-(m_free[69]):Free the buffer (m_allocatedBufCount=1) --- dumpBufferInfo ---
03-01 17:24:39.381  1272 16411 I ExynosCameraBufferManagerVendor: [CAM(1)][MCFP_RE_BAYER_BUF]-(m_free[99]):Free the buffer succeeded (m_allocatedBufCount=0)
03-01 17:24:39.381  1272 16411 I ExynosCameraBufferManagerVendor: DEBUG:duration time(    0 msec):(m_free)
03-01 17:24:39.381  1272 16411 I ExynosCameraBufferManager: [CAM(1)][MCFP_RE_BAYER_BUF]-(deinit[83]):OUT..
03-01 17:24:39.381  1272 16411 I ExynosCameraBufferManager: [CAM(1)][MCFP_RE_BAYER_BUF]-(deinit[52]):OUT.. Buffer is not allocated
03-01 17:24:39.381  1272 16411 I ExynosCameraBufferManager: [CAM(1)][ME_RE_BUF]-(deinit[56]):IN..
03-01 17:24:39.381  1272 16411 I ExynosCameraBufferManagerVendor: [CAM(1)][ME_RE_BUF]-(m_free[69]):Free the buffer (m_allocatedBufCount=7) --- dumpBufferInfo ---
03-01 17:24:39.382  1272 16411 I ExynosCameraBufferManagerVendor: [CAM(1)][ME_RE_BUF]-(m_free[99]):Free the buffer succeeded (m_allocatedBufCount=0)
03-01 17:24:39.382  1272 16411 I ExynosCameraBufferManagerVendor: DEBUG:duration time(    1 msec):(m_free)
03-01 17:24:39.382  1272 16411 I ExynosCameraBufferManager: [CAM(1)][ME_RE_BUF]-(deinit[83]):OUT..
03-01 17:24:39.382  1272 16411 I ExynosCameraBufferManager: [CAM(1)][ME_RE_BUF]-(deinit[52]):OUT.. Buffer is not allocated
03-01 17:24:39.382  1272 16411 I ExynosCameraBufferManager: [CAM(1)][LME_SW_RE_BUF]-(deinit[52]):OUT.. Buffer is not allocated
03-01 17:24:39.382  1272 16411 I ExynosCameraBufferManager: [CAM(1)][LME_SW_RE_BUF]-(deinit[52]):OUT.. Buffer is not allocated
03-01 17:24:39.382  1272 16411 I ExynosCameraBufferManager: [CAM(1)][MERTA_DST_BUF]-(deinit[56]):IN..
03-01 17:24:39.382  1272 16411 I ExynosCameraBufferManagerVendor: [CAM(1)][MERTA_DST_BUF]-(m_free[69]):Free the buffer (m_allocatedBufCount=7) --- dumpBufferInfo ---
03-01 17:24:39.383 15905 15922 D WM-SystemJobScheduler: Scheduling work ID 0d4cc00b-60ba-4351-a939-17cad79212efJob ID 1826
03-01 17:24:39.384  1272 16411 I ExynosCameraBufferManagerVendor: [CAM(1)][MERTA_DST_BUF]-(m_free[99]):Free the buffer succeeded (m_allocatedBufCount=0)
03-01 17:24:39.384  1272 16411 I ExynosCameraBufferManagerVendor: DEBUG:duration time(    2 msec):(m_free)
03-01 17:24:39.384  1272 16411 I ExynosCameraBufferManager: [CAM(1)][MERTA_DST_BUF]-(deinit[83]):OUT..
03-01 17:24:39.384  1272 16411 I ExynosCameraBufferManager: [CAM(1)][MERTA_DST_BUF]-(deinit[52]):OUT.. Buffer is not allocated
03-01 17:24:39.384  1272 16411 I ExynosCameraBufferManager: [CAM(1)][LME_CPU_BUF]-(deinit[56]):IN..
03-01 17:24:39.384  1272 16411 I ExynosCameraBufferManagerVendor: [CAM(1)][LME_CPU_BUF]-(m_free[69]):Free the buffer (m_allocatedBufCount=7) --- dumpBufferInfo ---
03-01 17:24:39.385  1272 16411 I ExynosCameraBufferManagerVendor: [CAM(1)][LME_CPU_BUF]-(m_free[99]):Free the buffer succeeded (m_allocatedBufCount=0)
03-01 17:24:39.385  1272 16411 I ExynosCameraBufferManagerVendor: DEBUG:duration time(    1 msec):(m_free)
03-01 17:24:39.385  1272 16411 I ExynosCameraBufferManager: [CAM(1)][LME_CPU_BUF]-(deinit[83]):OUT..
03-01 17:24:39.385  1272 16411 I ExynosCameraBufferManager: [CAM(1)][LME_CPU_BUF]-(deinit[52]):OUT.. Buffer is not allocated
03-01 17:24:39.385  1272 16411 I ExynosCameraBufferManager: [CAM(1)][CAPTURE_CB_BUF]-(deinit[56]):IN..
03-01 17:24:39.385  1272 16411 I ExynosCameraBufferManagerVendor: [CAM(1)][CAPTURE_CB_BUF]-(m_free[69]):Free the buffer (m_allocatedBufCount=1) --- dumpBufferInfo ---
03-01 17:24:39.385  1272 16411 I ExynosCameraBufferManagerVendor: [CAM(1)][CAPTURE_CB_BUF]-(m_free[99]):Free the buffer succeeded (m_allocatedBufCount=0)
03-01 17:24:39.385  1272 16411 I ExynosCameraBufferManagerVendor: DEBUG:duration time(    0 msec):(m_free)
03-01 17:24:39.385  1272 16411 I ExynosCameraBufferManager: [CAM(1)][CAPTURE_CB_BUF]-(deinit[83]):OUT..
03-01 17:24:39.385  1272 16411 I ExynosCameraBufferManager: [CAM(1)][CAPTURE_CB_BUF]-(deinit[52]):OUT.. Buffer is not allocated
03-01 17:24:39.386  1272 16411 I ExynosCameraBufferManager: [CAM(1)][YUV_CAP_BUF]-(deinit[56]):IN..
